 Image Kiini: One Hub. Total Control-app Building 
#1 [internal] load local bake definitions
#1 reading from stdin 733B done
#1 DONE 0.0s

#2 [internal] load build definition from Dockerfile
#2 transferring dockerfile: 1.23kB 0.0s done
#2 DONE 0.1s

#3 [internal] load metadata for docker.io/library/node:22-bookworm-slim
#3 DONE 5.7s

#4 [internal] load .dockerignore
#4 transferring context: 193B 0.0s done
#4 DONE 0.1s

#5 [internal] load build context
#5 DONE 0.0s

#6 [1/9] FROM docker.io/library/node:22-bookworm-slim@sha256:83f487e0a63425e5b4d146fb5e5be574bcbe1b7b843d3ebafdd95eaf7767a7e5
#6 resolve docker.io/library/node:22-bookworm-slim@sha256:83f487e0a63425e5b4d146fb5e5be574bcbe1b7b843d3ebafdd95eaf7767a7e5
#6 resolve docker.io/library/node:22-bookworm-slim@sha256:83f487e0a63425e5b4d146fb5e5be574bcbe1b7b843d3ebafdd95eaf7767a7e5 0.0s done
#6 DONE 0.0s

#5 [internal] load build context
#5 transferring context: 36.97MB 2.3s done
#5 DONE 2.3s

#7 [2/9] WORKDIR /app
#7 CACHED

#8 [3/9] RUN corepack enable
#8 CACHED

#9 [4/9] RUN apt-get update  && apt-get install -y --no-install-recommends chromium  && rm -rf /var/lib/apt/lists/*
#9 CACHED

#10 [5/9] COPY package.json pnpm-lock.yaml ./
#10 CACHED

#11 [6/9] RUN PNPM_VERSION=$(node -p "require('./package.json').packageManager.replace('pnpm@', '')")  && corepack prepare pnpm@$PNPM_VERSION --activate  && pnpm config set --location=project --json allowBuilds '{"better-sqlite3":true,"core-js":true,"esbuild":true,"sqlite3":true}'  && pnpm config set fetch-timeout 600000  && pnpm install --frozen-lockfile
#11 CACHED

#12 [7/9] COPY . .
#12 DONE 6.9s

#13 [8/9] RUN pnpm build
#13 1.647 Ô£ô Lockfile passes supply-chain policies (verified 16h ago)
#13 1.657 Lockfile is up to date, resolution step is skipped
#13 1.889 Already up to date
#13 3.726 
#13 3.897 Done in 3.1s using pnpm v11.22.0
#13 3.912 $ vite build && esbuild server/_core/index.ts --platform=node --packages=external --bundle --format=esm --outdir=dist
#13 4.316 vite v7.3.1 building client environment for production...
#13 4.351 (!) %VITE_ANALYTICS_ENDPOINT% is not defined in env variables found in /index.html. Is the variable mistyped?
#13 4.351 (!) %VITE_ANALYTICS_WEBSITE_ID% is not defined in env variables found in /index.html. Is the variable mistyped?
#13 4.383 transforming...
#13 17.76 Ô£ô 3786 modules transformed.
#13 19.19 rendering chunks...
#13 19.90 computing gzip size...
#13 20.02 ../dist/public/index.html                                        3.99 kB Ôöé gzip:   1.67 kB
#13 20.02 ../dist/public/assets/OrgSettings-Bx3OTr2t.css                  29.89 kB Ôöé gzip:   5.84 kB
#13 20.02 ../dist/public/assets/index-CY8zV1SM.css                       401.34 kB Ôöé gzip:  49.40 kB
#13 20.02 ../dist/public/assets/trpc-DGOfIRhv.js                           0.07 kB Ôöé gzip:   0.09 kB
#13 20.02 ../dist/public/assets/tableSort-B6IToDRb.js                      0.14 kB Ôöé gzip:   0.12 kB
#13 20.02 ../dist/public/assets/AreaChart-DlmXLx3r.js                      0.23 kB Ôöé gzip:   0.19 kB
#13 20.02 ../dist/public/assets/LineChart-B2Twk7aB.js                      0.23 kB Ôöé gzip:   0.19 kB
#13 20.02 ../dist/public/assets/use-toast-DC_3yzx8.js                      0.24 kB Ôöé gzip:   0.20 kB
#13 20.02 ../dist/public/assets/skeleton-Bt_SXJOw.js                       0.24 kB Ôöé gzip:   0.20 kB
#13 20.02 ../dist/public/assets/communications-DPNzK-66.js                 0.27 kB Ôöé gzip:   0.21 kB
#13 20.02 ../dist/public/assets/spinner-CDuuv9w3.js                        0.28 kB Ôöé gzip:   0.22 kB
#13 20.02 ../dist/public/assets/BarChart-CklrQ2J6.js                       0.30 kB Ôöé gzip:   0.22 kB
#13 20.02 ../dist/public/assets/paymentMethods-r32LliAe.js                 0.31 kB Ôöé gzip:   0.24 kB
#13 20.02 ../dist/public/assets/collapsible-DaZGlMFo.js                    0.32 kB Ôöé gzip:   0.19 kB
#13 20.02 ../dist/public/assets/label-BwRYI-GQ.js                          0.33 kB Ôöé gzip:   0.25 kB
#13 20.02 ../dist/public/assets/useUserLookup-Dy0v6dip.js                  0.40 kB Ôöé gzip:   0.31 kB
#13 20.02 ../dist/public/assets/exportCsv-CNzVNdz4.js                      0.44 kB Ôöé gzip:   0.33 kB
#13 20.02 ../dist/public/assets/useRequireFeature-DU9-wGHE.js              0.44 kB Ôöé gzip:   0.32 kB
#13 20.02 ../dist/public/assets/csvGenerator-BbTLt5yV.js                   0.45 kB Ôöé gzip:   0.29 kB
#13 20.02 ../dist/public/assets/textarea-ClI7MUiV.js                       0.50 kB Ôöé gzip:   0.34 kB
#13 20.02 ../dist/public/assets/useCompanyInfo-DHjucwRF.js                 0.51 kB Ôöé gzip:   0.35 kB
#13 20.02 ../dist/public/assets/export-utils-BTuMVsSk.js                   0.57 kB Ôöé gzip:   0.40 kB
#13 20.02 ../dist/public/assets/useOrgPermission-C1-3E4Ob.js               0.59 kB Ôöé gzip:   0.40 kB
#13 20.02 ../dist/public/assets/useFavorite-D6UtyKoj.js                    0.59 kB Ôöé gzip:   0.36 kB
#13 20.02 ../dist/public/assets/documentTemplateHelpers-CduNLrpb.js        0.59 kB Ôöé gzip:   0.33 kB
#13 20.02 ../dist/public/assets/payslipPdf-CY1hDyz6.js                     0.63 kB Ôöé gzip:   0.44 kB
#13 20.02 ../dist/public/assets/activityLog-B-yh0W2G.js                    0.75 kB Ôöé gzip:   0.36 kB
#13 20.02 ../dist/public/assets/popover-CHKXYqD0.js                        0.83 kB Ôöé gzip:   0.45 kB
#13 20.02 ../dist/public/assets/DeleteConfirmationModal-Bi1NebxC.js        0.85 kB Ôöé gzip:   0.49 kB
#13 20.02 ../dist/public/assets/healthScore-hLzRzKdj.js                    0.89 kB Ôöé gzip:   0.52 kB
#13 20.02 ../dist/public/assets/switch-BjS81hvE.js                         0.90 kB Ôöé gzip:   0.47 kB
#13 20.02 ../dist/public/assets/checkbox-atTocJ_j.js                       0.92 kB Ôöé gzip:   0.47 kB
#13 20.02 ../dist/public/assets/UserSelector-B6fj8_Bx.js                   0.96 kB Ôöé gzip:   0.55 kB
#13 20.02 ../dist/public/assets/CustomPage-C138l8t_.js                     1.04 kB Ôöé gzip:   0.60 kB
#13 20.02 ../dist/public/assets/PermissionGuard-DmzIqMoL.js                1.05 kB Ôöé gzip:   0.59 kB
#13 20.02 ../dist/public/assets/EmployeeSelector-D5CarrBX.js               1.10 kB Ôöé gzip:   0.62 kB
#13 20.02 ../dist/public/assets/format-XyXgtmZc.js                         1.15 kB Ôöé gzip:   0.55 kB
#13 20.02 ../dist/public/assets/Messages-CoxH6ilL.js                       1.18 kB Ôöé gzip:   0.63 kB
#13 20.02 ../dist/public/assets/ModuleLayout-BltWapa8.js                   1.25 kB Ôöé gzip:   0.62 kB
#13 20.02 ../dist/public/assets/accordion-DCAbYpAS.js                      1.27 kB Ôöé gzip:   0.62 kB
#13 20.02 ../dist/public/assets/OrgAssets-Bdl4ZKUq.js                      1.28 kB Ôöé gzip:   0.62 kB
#13 20.02 ../dist/public/assets/OrgDocuments-CQV2IHbU.js                   1.29 kB Ôöé gzip:   0.62 kB
#13 20.02 ../dist/public/assets/OrgPurchaseOrders-CUG2NP4o.js              1.31 kB Ôöé gzip:   0.63 kB
#13 20.02 ../dist/public/assets/PhoneInput-CsEinf9y.js                     1.40 kB Ôöé gzip:   0.73 kB
#13 20.02 ../dist/public/assets/TenantAdminDetails-DiIOyog8.js             1.56 kB Ôöé gzip:   0.68 kB
#13 20.02 ../dist/public/assets/TenantUserDetails-ORm1hxyZ.js              1.69 kB Ôöé gzip:   0.71 kB
#13 20.02 ../dist/public/assets/RoleBasedDashboard-CIx5tDAl.js             1.71 kB Ôöé gzip:   0.74 kB
#13 20.02 ../dist/public/assets/JobGroupPayrollItems-CUqz1Blc.js           1.72 kB Ôöé gzip:   0.81 kB
#13 20.02 ../dist/public/assets/RowActionsMenu-bC_Yf4xE.js                 1.73 kB Ôöé gzip:   0.74 kB
#13 20.02 ../dist/public/assets/designSystem-BjMWY9N5.js                   1.76 kB Ôöé gzip:   0.66 kB
#13 20.02 ../dist/public/assets/OrgBreadcrumb-CzOkKu5R.js                  1.76 kB Ôöé gzip:   0.74 kB
#13 20.02 ../dist/public/assets/SmsQueue-DanG6NY_.js                       1.78 kB Ôöé gzip:   0.91 kB
#13 20.02 ../dist/public/assets/ServiceSearchFilter-Dzik_kAv.js            1.90 kB Ôöé gzip:   0.77 kB
#13 20.02 ../dist/public/assets/NotFound-DqYn0oFA.js                       1.92 kB Ôöé gzip:   0.91 kB
#13 20.02 ../dist/public/assets/SummaryStatCards-CH16zkp_.js               1.92 kB Ôöé gzip:   0.84 kB
#13 20.02 ../dist/public/assets/ModuleAnalyticsStrip-DRT_HNpc.js           1.98 kB Ôöé gzip:   0.90 kB
#13 20.02 ../dist/public/assets/CustomFields--b7XlzqW.js                   2.00 kB Ôöé gzip:   0.93 kB
#13 20.02 ../dist/public/assets/VerifyEmail-JUPE44Mo.js                    2.00 kB Ôöé gzip:   1.09 kB
#13 20.02 ../dist/public/assets/alert-dialog-CQ7D4SFS.js                   2.04 kB Ôöé gzip:   0.74 kB
#13 20.02 ../dist/public/assets/table-CnDLYVpp.js                          2.06 kB Ôöé gzip:   0.77 kB
#13 20.02 ../dist/public/assets/LocationSelects-CHMGtcUW.js                2.07 kB Ôöé gzip:   0.58 kB
#13 20.02 ../dist/public/assets/CreateImprest-uBANjTGl.js                  2.13 kB Ôöé gzip:   1.03 kB
#13 20.02 ../dist/public/assets/useOrgAccess-DIVKmdHe.js                   2.18 kB Ôöé gzip:   1.09 kB
#13 20.02 ../dist/public/assets/PageHeader-BgEmzC17.js                     2.21 kB Ôöé gzip:   0.94 kB
#13 20.02 ../dist/public/assets/data-table-controls-DE3kJpOa.js            2.30 kB Ôöé gzip:   0.97 kB
#13 20.02 ../dist/public/assets/OrgModulePage-CDU6oUAU.js                  2.36 kB Ôöé gzip:   1.02 kB
#13 20.02 ../dist/public/assets/UnifiedModuleLayout-1EoU7rjd.js            2.42 kB Ôöé gzip:   1.05 kB
#13 20.02 ../dist/public/assets/EmployeeAccountSection-DTc6Q18d.js         2.55 kB Ôöé gzip:   0.95 kB
#13 20.02 ../dist/public/assets/BiTools-BZCVYnwN.js                        2.68 kB Ôöé gzip:   1.18 kB
#13 20.02 ../dist/public/assets/CreateClient-WN977GOD.js                   2.70 kB Ôöé gzip:   1.36 kB
#13 20.02 ../dist/public/assets/OrgCreateClient-xtM2pqxp.js                2.70 kB Ôöé gzip:   1.36 kB
#13 20.02 ../dist/public/assets/OrgSuperAdminDashboard-SXgTRJf_.js         2.76 kB Ôöé gzip:   1.21 kB
#13 20.02 ../dist/public/assets/CreateBudget-Bmn5dasy.js                   2.80 kB Ôöé gzip:   1.32 kB
#13 20.02 ../dist/public/assets/ICTSystemSettings-Vedi-D5h.js              2.81 kB Ôöé gzip:   1.18 kB
#13 20.02 ../dist/public/assets/CreateReceipt-BHeaFndk.js                  2.83 kB Ôöé gzip:   1.18 kB
#13 20.02 ../dist/public/assets/CreateProduct-CqLRUrG9.js                  2.84 kB Ôöé gzip:   1.28 kB
#13 20.02 ../dist/public/assets/OrgCreateProduct-BPlQ71d_.js               2.84 kB Ôöé gzip:   1.28 kB
#13 20.02 ../dist/public/assets/DashboardBuilderPro-DZTi5uuR.js            2.86 kB Ôöé gzip:   1.18 kB
#13 20.02 ../dist/public/assets/EnhancedBulkActions-nGusa356.js            2.89 kB Ôöé gzip:   1.21 kB
#13 20.02 ../dist/public/assets/MyPayslips-0dh2MOD-.js                     2.95 kB Ôöé gzip:   1.24 kB
#13 20.02 ../dist/public/assets/actions-CipYG3-s.js                        3.01 kB Ôöé gzip:   1.34 kB
#13 20.02 ../dist/public/assets/FinancialReports-BcGLH_6N.js               3.03 kB Ôöé gzip:   1.23 kB
#13 20.02 ../dist/public/assets/Search-BgMtHLhJ.js                         3.20 kB Ôöé gzip:   1.47 kB
#13 20.02 ../dist/public/assets/CreditNotes-tJypaQN9.js                    3.20 kB Ôöé gzip:   1.32 kB
#13 20.02 ../dist/public/assets/OrgCreditNotes-BKCrnmaf.js                 3.20 kB Ôöé gzip:   1.32 kB
#13 20.02 ../dist/public/assets/privateChatUtils-Bv4qHQl7.js               3.20 kB Ôöé gzip:   1.23 kB
#13 20.02 ../dist/public/assets/SalesManagerDashboard-sIKClevr.js          3.24 kB Ôöé gzip:   1.16 kB
#13 20.02 ../dist/public/assets/ICTAnalytics-b3Vj71hy.js                   3.26 kB Ôöé gzip:   1.21 kB
#13 20.02 ../dist/public/assets/ReportsDetails-CuUpJV4d.js                 3.27 kB Ôöé gzip:   1.22 kB
#13 20.02 ../dist/public/assets/ProcurementManagerDashboard-QuwjoRoZ.js    3.27 kB Ôöé gzip:   1.15 kB
#13 20.02 ../dist/public/assets/FunnelAnalysis-Bcw0IAil.js                 3.33 kB Ôöé gzip:   1.26 kB
#13 20.02 ../dist/public/assets/TableColumnSettings-D75rE2UB.js            3.35 kB Ôöé gzip:   1.44 kB
#13 20.02 ../dist/public/assets/OrgCreateLPO-11FD4nCW.js                   3.36 kB Ôöé gzip:   1.44 kB
#13 20.02 ../dist/public/assets/CreateDepartment-Cn-lBq0V.js               3.38 kB Ôöé gzip:   1.40 kB
#13 20.02 ../dist/public/assets/OrgCreateDepartment-CVzRbr5m.js            3.38 kB Ôöé gzip:   1.40 kB
#13 20.02 ../dist/public/assets/CohortAnalysis-DwZJSV5z.js                 3.43 kB Ôöé gzip:   1.23 kB
#13 20.02 ../dist/public/assets/EditBudget-CNLCTRuU.js                     3.43 kB Ôöé gzip:   1.52 kB
#13 20.02 ../dist/public/assets/OrgEditBudget-NwaSvKpY.js                  3.43 kB Ôöé gzip:   1.52 kB
#13 20.02 ../dist/public/assets/OrgCreateReceipt-B_gACm6M.js               3.47 kB Ôöé gzip:   1.41 kB
#13 20.02 ../dist/public/assets/OrgPurchaseOrderDetail-Ctkd_1bI.js         3.49 kB Ôöé gzip:   1.25 kB
#13 20.02 ../dist/public/assets/CreatePurchaseOrder-CRTtV8Pw.js            3.49 kB Ôöé gzip:   1.26 kB
#13 20.02 ../dist/public/assets/OrgCreatePurchaseOrder-BEYeOORl.js         3.49 kB Ôöé gzip:   1.26 kB
#13 20.02 ../dist/public/assets/CreateSupplier-IdL41iSE.js                 3.56 kB Ôöé gzip:   1.61 kB
#13 20.02 ../dist/public/assets/OrgCreateSupplier-BgYMtsIu.js              3.56 kB Ôöé gzip:   1.61 kB
#13 20.02 ../dist/public/assets/ListPageToolbar-Cl-Tt2eq.js                3.56 kB Ôöé gzip:   1.00 kB
#13 20.02 ../dist/public/assets/CreateWarranty-CYKFGxLm.js                 3.57 kB Ôöé gzip:   1.36 kB
#13 20.02 ../dist/public/assets/EditDepartment-DPDGLEr9.js                 3.60 kB Ôöé gzip:   1.40 kB
#13 20.02 ../dist/public/assets/OrgEditDepartment-DNNOJMa8.js              3.60 kB Ôöé gzip:   1.40 kB
#13 20.02 ../dist/public/assets/WarrantyDetails-Dn-Sh_en.js                3.60 kB Ôöé gzip:   1.21 kB
#13 20.02 ../dist/public/assets/EmailQueue-DVkqA-Ts.js                     3.63 kB Ôöé gzip:   1.59 kB
#13 20.02 ../dist/public/assets/CreateEstimate-CiKLGkzQ.js                 3.67 kB Ôöé gzip:   1.58 kB
#13 20.02 ../dist/public/assets/DepartmentForm-7B18tjVI.js                 3.67 kB Ôöé gzip:   1.41 kB
#13 20.02 ../dist/public/assets/OrgContactDetail-BFept4We.js               3.68 kB Ôöé gzip:   1.24 kB
#13 20.02 ../dist/public/assets/CreateTicket-DqNnIBZ1.js                   3.70 kB Ôöé gzip:   1.47 kB
#13 20.02 ../dist/public/assets/OrgCreateTicket-DMbx4Jr4.js                3.70 kB Ôöé gzip:   1.47 kB
#13 20.02 ../dist/public/assets/ChartOfAccountsDetails-lLvwm2EE.js         3.72 kB Ôöé gzip:   1.29 kB
#13 20.02 ../dist/public/assets/ProductDetails-Dhr8lyzS.js                 3.76 kB Ôöé gzip:   1.39 kB
#13 20.02 ../dist/public/assets/ProposalDetails-BWBhL1ni.js                3.78 kB Ôöé gzip:   1.30 kB
#13 20.02 ../dist/public/assets/OrgServiceDetail-47qufZux.js               3.80 kB Ôöé gzip:   1.25 kB
#13 20.02 ../dist/public/assets/ConversionAnalytics-CN-49M3j.js            3.82 kB Ôöé gzip:   1.55 kB
#13 20.02 ../dist/public/assets/OrgEditApproval-BqACVAug.js                3.83 kB Ôöé gzip:   1.41 kB
#13 20.02 ../dist/public/assets/CreateLeaveRequest-BG1t-ldv.js             3.87 kB Ôöé gzip:   1.46 kB
#13 20.02 ../dist/public/assets/TenantAdmins-CDEVNGTV.js                   3.87 kB Ôöé gzip:   1.37 kB
#13 20.02 ../dist/public/assets/Home-BOSURrz3.js                           3.88 kB Ôöé gzip:   1.47 kB
#13 20.02 ../dist/public/assets/OrgReceiptDetail-DAO4oqg2.js               3.91 kB Ôöé gzip:   1.40 kB
#13 20.02 ../dist/public/assets/InvoiceSearchFilter-CR9uaZ2E.js            3.93 kB Ôöé gzip:   1.29 kB
#13 20.02 ../dist/public/assets/OrgPaymentDetail-8hk0Va41.js               3.95 kB Ôöé gzip:   1.41 kB
#13 20.02 ../dist/public/assets/OrgQuotationDetail-BzlF3EgO.js             3.95 kB Ôöé gzip:   1.40 kB
#13 20.02 ../dist/public/assets/CreateAttendance-CI-hiKjl.js               3.96 kB Ôöé gzip:   1.46 kB
#13 20.02 ../dist/public/assets/OrgCreateAttendance-DvrUbOCz.js            3.96 kB Ôöé gzip:   1.46 kB
#13 20.02 ../dist/public/assets/OrgProductDetail-CtpKYPAz.js               3.97 kB Ôöé gzip:   1.29 kB
#13 20.02 ../dist/public/assets/HRDetails-DO46pYpV.js                      3.97 kB Ôöé gzip:   1.44 kB
#13 20.02 ../dist/public/assets/TenantUsers-DbzBvkyn.js                    3.99 kB Ôöé gzip:   1.47 kB
#13 20.02 ../dist/public/assets/OrgLPODetail-Dv2cewfb.js                   4.00 kB Ôöé gzip:   1.55 kB
#13 20.02 ../dist/public/assets/ProjectAnalytics-CfPPf8UH.js               4.00 kB Ôöé gzip:   1.49 kB
#13 20.02 ../dist/public/assets/OrgLeadDetail-DuUypR1z.js                  4.01 kB Ôöé gzip:   1.43 kB
#13 20.02 ../dist/public/assets/OrgEstimateDetail-KvlVGgU3.js              4.02 kB Ôöé gzip:   1.44 kB
#13 20.02 ../dist/public/assets/Sales-CJQ-vUxI.js                          4.03 kB Ôöé gzip:   1.50 kB
#13 20.02 ../dist/public/assets/OrgApprovalDetail-iE2AJjSM.js              4.04 kB Ôöé gzip:   1.41 kB
#13 20.02 ../dist/public/assets/AIAssistantModal-CzoYh5Lx.js               4.14 kB Ôöé gzip:   1.72 kB
#13 20.02 ../dist/public/assets/OrgAttendanceDetail-CyytK9-k.js            4.14 kB Ôöé gzip:   1.43 kB
#13 20.02 ../dist/public/assets/EditAllowance-CCr271YT.js                  4.17 kB Ôöé gzip:   1.69 kB
#13 20.02 ../dist/public/assets/SalesReports-B-rk_woG.js                   4.21 kB Ôöé gzip:   1.40 kB
#13 20.02 ../dist/public/assets/OrgEditLead-DUHRIV-M.js                    4.21 kB Ôöé gzip:   1.48 kB
#13 20.02 ../dist/public/assets/OrgProcurementDetail-CAAL2RZA.js           4.22 kB Ôöé gzip:   1.45 kB
#13 20.02 ../dist/public/assets/BudgetDetails-SsfbXCM5.js                  4.22 kB Ôöé gzip:   1.39 kB
#13 20.02 ../dist/public/assets/EditSalaryStructure-BsGz6XrB.js            4.23 kB Ôöé gzip:   1.60 kB
#13 20.02 ../dist/public/assets/OrgEditSalaryStructure-PffLuxSO.js         4.23 kB Ôöé gzip:   1.60 kB
#13 20.02 ../dist/public/assets/OrgEditPurchaseOrder-DUDk1x1v.js           4.23 kB Ôöé gzip:   1.58 kB
#13 20.02 ../dist/public/assets/RevenueForecasting-DCx0_Aad.js             4.24 kB Ôöé gzip:   1.70 kB
#13 20.02 ../dist/public/assets/CreateAllowance-GfNNdM9m.js                4.24 kB Ôöé gzip:   1.64 kB
#13 20.02 ../dist/public/assets/EditTicket-BrZMfWNz.js                     4.33 kB Ôöé gzip:   1.62 kB
#13 20.02 ../dist/public/assets/OrgEditTicket-CETQhnUI.js                  4.33 kB Ôöé gzip:   1.62 kB
#13 20.02 ../dist/public/assets/AssetDetails--KoFV3bR.js                   4.34 kB Ôöé gzip:   1.28 kB
#13 20.02 ../dist/public/assets/OrgProposalDetail-pmpV5sXd.js              4.34 kB Ôöé gzip:   1.46 kB
#13 20.02 ../dist/public/assets/EditDeduction-CRwJPgvs.js                  4.42 kB Ôöé gzip:   1.77 kB
#13 20.02 ../dist/public/assets/Services-CjL3KjdI.js                       4.47 kB Ôöé gzip:   1.76 kB
#13 20.02 ../dist/public/assets/OrgEditProcurement-Oqsk4zwy.js             4.47 kB Ôöé gzip:   1.56 kB
#13 20.02 ../dist/public/assets/OrgDebitNoteDetail-wJ_X07px.js             4.48 kB Ôöé gzip:   1.54 kB
#13 20.02 ../dist/public/assets/AdvancedAnalytics-BSqTeWSr.js              4.51 kB Ôöé gzip:   1.38 kB
#13 20.02 ../dist/public/assets/EditReceipt-uzSAokJc.js                    4.59 kB Ôöé gzip:   1.68 kB
#13 20.02 ../dist/public/assets/OrgEditReceipt-CLXoOo1j.js                 4.59 kB Ôöé gzip:   1.68 kB
#13 20.02 ../dist/public/assets/EditBenefit-C0VtiW42.js                    4.59 kB Ôöé gzip:   1.79 kB
#13 20.02 ../dist/public/assets/Blog-DfGvuR21.js                           4.60 kB Ôöé gzip:   1.63 kB
#13 20.02 ../dist/public/assets/ContractDetails-CoJLwO0Y.js                4.60 kB Ôöé gzip:   1.37 kB
#13 20.03 ../dist/public/assets/WarrantyManagement-By2A3QOJ.js             4.74 kB Ôöé gzip:   1.84 kB
#13 20.03 ../dist/public/assets/ESignatures-D7ixkFwn.js                    4.74 kB Ôöé gzip:   1.82 kB
#13 20.03 ../dist/public/assets/SalaryStructureDetails-DOySqz8F.js         4.76 kB Ôöé gzip:   1.62 kB
#13 20.03 ../dist/public/assets/OrgSalaryStructureDetails-BXh7VJnx.js      4.76 kB Ôöé gzip:   1.62 kB
#13 20.03 ../dist/public/assets/OrgAI-B88PimDV.js                          4.77 kB Ôöé gzip:   1.89 kB
#13 20.03 ../dist/public/assets/CreateLPO-C-g0nVXt.js                      4.80 kB Ôöé gzip:   1.93 kB
#13 20.03 ../dist/public/assets/EditWarranty-DK6hPBmf.js                   4.83 kB Ôöé gzip:   1.71 kB
#13 20.03 ../dist/public/assets/TimesheetDetails-DjOuRe-4.js               4.83 kB Ôöé gzip:   1.42 kB
#13 20.03 ../dist/public/assets/OrgOrderDetail-B4bt7pl7.js                 4.86 kB Ôöé gzip:   1.62 kB
#13 20.03 ../dist/public/assets/CreateDebitNote-BFUGxrzf.js                4.86 kB Ôöé gzip:   1.91 kB
#13 20.03 ../dist/public/assets/OrgCreateDebitNote-BvwdrxYk.js             4.86 kB Ôöé gzip:   1.91 kB
#13 20.03 ../dist/public/assets/EditAttendance-DFkWamzx.js                 4.87 kB Ôöé gzip:   1.66 kB
#13 20.03 ../dist/public/assets/OrgEditAttendance-CLnOcKZc.js              4.87 kB Ôöé gzip:   1.66 kB
#13 20.03 ../dist/public/assets/BankReconciliationDetails-CM70Q-Li.js      4.91 kB Ôöé gzip:   1.51 kB
#13 20.03 ../dist/public/assets/OrgSubscriptions-pEFLBtfO.js               4.94 kB Ôöé gzip:   1.81 kB
#13 20.03 ../dist/public/assets/CustomerReports-ZH4Dt3EQ.js                4.96 kB Ôöé gzip:   2.01 kB
#13 20.03 ../dist/public/assets/OrgSupplierDetail-Brlmql34.js              4.96 kB Ôöé gzip:   1.57 kB
#13 20.03 ../dist/public/assets/EditClient-55eKwrM9.js                     4.99 kB Ôöé gzip:   1.95 kB
#13 20.03 ../dist/public/assets/ImprestDetails-CoslsCK5.js                 5.00 kB Ôöé gzip:   1.56 kB
#13 20.03 ../dist/public/assets/CreateWorkOrder-Dl9xxI8p.js                5.01 kB Ôöé gzip:   1.71 kB
#13 20.03 ../dist/public/assets/OrgCreateWorkOrder-DQFJESyG.js             5.01 kB Ôöé gzip:   1.71 kB
#13 20.03 ../dist/public/assets/ChangePassword-BLCdOx9L.js                 5.02 kB Ôöé gzip:   1.79 kB
#13 20.03 ../dist/public/assets/OrgEditQuotation-DN7X9THP.js               5.04 kB Ôöé gzip:   1.83 kB
#13 20.03 ../dist/public/assets/EditEstimate-Cm_1iCvp.js                   5.06 kB Ôöé gzip:   1.75 kB
#13 20.03 ../dist/public/assets/OrgEditEstimate-BwQm0evt.js                5.06 kB Ôöé gzip:   1.75 kB
#13 20.03 ../dist/public/assets/ChurnPrediction-BMKSa-A1.js                5.07 kB Ôöé gzip:   1.58 kB
#13 20.03 ../dist/public/assets/BankReconciliation-CqDWOjHK.js             5.09 kB Ôöé gzip:   2.00 kB
#13 20.03 ../dist/public/assets/SystemHealthDashboard-3PFGotWc.js          5.09 kB Ôöé gzip:   1.72 kB
#13 20.03 ../dist/public/assets/OrgBankReconciliation-BjaHqqcM.js          5.09 kB Ôöé gzip:   2.00 kB
#13 20.03 ../dist/public/assets/Activity-Laeryxgd.js                       5.09 kB Ôöé gzip:   2.14 kB
#13 20.03 ../dist/public/assets/OrgActivity-t8hXUQqk.js                    5.09 kB Ôöé gzip:   2.14 kB
#13 20.03 ../dist/public/assets/OrgProcurement-C2nvu5XH.js                 5.09 kB Ôöé gzip:   1.83 kB
#13 20.03 ../dist/public/assets/EditProduct-CinGTNr2.js                    5.12 kB Ôöé gzip:   1.90 kB
#13 20.03 ../dist/public/assets/OrgEditProduct-BitfP_qP.js                 5.12 kB Ôöé gzip:   1.90 kB
#13 20.03 ../dist/public/assets/OrgCreditNoteDetail-SCtEvcsI.js            5.14 kB Ôöé gzip:   1.61 kB
#13 20.03 ../dist/public/assets/EditLPO-D7GMNZyS.js                        5.15 kB Ôöé gzip:   1.91 kB
#13 20.03 ../dist/public/assets/OrgEditLPO-CCA-ga5N.js                     5.15 kB Ôöé gzip:   1.91 kB
#13 20.03 ../dist/public/assets/EditInvoice-DOuqfEWb.js                    5.20 kB Ôöé gzip:   1.80 kB
#13 20.03 ../dist/public/assets/OrgEditInvoice-BDGtVTRX.js                 5.20 kB Ôöé gzip:   1.80 kB
#13 20.03 ../dist/public/assets/ContactDetails-CyP16jdQ.js                 5.20 kB Ôöé gzip:   1.40 kB
#13 20.03 ../dist/public/assets/OrgCreateQuotation-DVfJ7kn7.js             5.20 kB Ôöé gzip:   1.79 kB
#13 20.03 ../dist/public/assets/QuotationDetails-CqvGLPvk.js               5.23 kB Ôöé gzip:   1.81 kB
#13 20.03 ../dist/public/assets/SessionManager-C-7guIsA.js                 5.26 kB Ôöé gzip:   1.95 kB
#13 20.03 ../dist/public/assets/ProductForm-DKyxFfMB.js                    5.30 kB Ôöé gzip:   1.59 kB
#13 20.03 ../dist/public/assets/ServiceTemplates-Cf4ZD3jX.js               5.31 kB Ôöé gzip:   2.16 kB
#13 20.03 ../dist/public/assets/OrgServiceTemplates-C0BB3TgZ.js            5.31 kB Ôöé gzip:   2.16 kB
#13 20.03 ../dist/public/assets/FinanceSettings-CRYtTgLR.js                5.32 kB Ôöé gzip:   1.78 kB
#13 20.03 ../dist/public/assets/Departments-0yBf1j2E.js                    5.34 kB Ôöé gzip:   2.03 kB
#13 20.03 ../dist/public/assets/TestPDFGeneration-DbNv3Xvz.js              5.37 kB Ôöé gzip:   1.89 kB
#13 20.03 ../dist/public/assets/Dashboard-Dwf5qcJh.js                      5.39 kB Ôöé gzip:   1.48 kB
#13 20.03 ../dist/public/assets/OrgServices-M2o_rsJj.js                    5.40 kB Ôöé gzip:   1.89 kB
#13 20.03 ../dist/public/assets/PaymentDetails-D446LxFg.js                 5.40 kB Ôöé gzip:   1.92 kB
#13 20.03 ../dist/public/assets/GRNDetails-CnEii6BB.js                     5.43 kB Ôöé gzip:   1.80 kB
#13 20.03 ../dist/public/assets/TaxComplianceReports-BzgNQvZ8.js           5.45 kB Ôöé gzip:   1.50 kB
#13 20.03 ../dist/public/assets/CreateDeduction-BmrtuCIs.js                5.45 kB Ôöé gzip:   2.02 kB
#13 20.03 ../dist/public/assets/PayslipDetails-BxOsCaJt.js                 5.49 kB Ôöé gzip:   2.07 kB
#13 20.03 ../dist/public/assets/OrderDetails-CSYWk6Ml.js                   5.53 kB Ôöé gzip:   1.63 kB
#13 20.03 ../dist/public/assets/OrgWarranty-Cr8ljf4E.js                    5.54 kB Ôöé gzip:   2.10 kB
#13 20.03 ../dist/public/assets/OrgDebitNotes-EW-nsnQ0.js                  5.57 kB Ôöé gzip:   2.34 kB
#13 20.03 ../dist/public/assets/OrgCreateProposal-CUwHpR07.js              5.57 kB Ôöé gzip:   1.93 kB
#13 20.03 ../dist/public/assets/DeliveryNoteDetails-CoWMnMdz.js            5.58 kB Ôöé gzip:   1.77 kB
#13 20.03 ../dist/public/assets/EditSupplier-B3GSmN50.js                   5.60 kB Ôöé gzip:   2.17 kB
#13 20.03 ../dist/public/assets/OrgEditSupplier-Cxr_jjY8.js                5.60 kB Ôöé gzip:   2.17 kB
#13 20.03 ../dist/public/assets/ProcurementMaster-fpJUboC8.js              5.61 kB Ôöé gzip:   1.73 kB
#13 20.03 ../dist/public/assets/Attendance-B8Hw5k2i.js                     5.63 kB Ôöé gzip:   2.00 kB
#13 20.03 ../dist/public/assets/OrgAttendance-b-UogKh5.js                  5.63 kB Ôöé gzip:   2.00 kB
#13 20.03 ../dist/public/assets/ForgotPassword-BC_BKDC5.js                 5.67 kB Ôöé gzip:   1.78 kB
#13 20.03 ../dist/public/assets/EditWorkOrder-DRQHUhwh.js                  5.70 kB Ôöé gzip:   1.86 kB
#13 20.03 ../dist/public/assets/OrgEditWorkOrder-DuRYCpzL.js               5.70 kB Ôöé gzip:   1.86 kB
#13 20.03 ../dist/public/assets/OrgTaxCompliance-BB-O7v6v.js               5.71 kB Ôöé gzip:   1.61 kB
#13 20.03 ../dist/public/assets/MFA-BCnJPWr4.js                            5.71 kB Ôöé gzip:   1.72 kB
#13 20.03 ../dist/public/assets/ServiceTemplateDetails-zbKW54pN.js         5.72 kB Ôöé gzip:   1.80 kB
#13 20.03 ../dist/public/assets/CreateContact-CiwpZr_8.js                  5.73 kB Ôöé gzip:   1.89 kB
#13 20.03 ../dist/public/assets/ClientPerformance-BmVxH42B.js              5.73 kB Ôöé gzip:   2.06 kB
#13 20.03 ../dist/public/assets/ProjectsManagement-rqWfr0xg.js             5.76 kB Ôöé gzip:   2.11 kB
#13 20.03 ../dist/public/assets/DebitNoteDetails-BGDuvrJu.js               5.77 kB Ôöé gzip:   1.99 kB
#13 20.03 ../dist/public/assets/DatabaseManagement-CpGinbga.js             5.80 kB Ôöé gzip:   1.74 kB
#13 20.03 ../dist/public/assets/OrgCreateSalaryStructure-DOyfzS_i.js       5.83 kB Ôöé gzip:   1.89 kB
#13 20.03 ../dist/public/assets/Holidays-CKSs_Kq-.js                       5.83 kB Ôöé gzip:   2.16 kB
#13 20.03 ../dist/public/assets/LeaveManagementDetails-BFLb8ukv.js         5.84 kB Ôöé gzip:   1.80 kB
#13 20.03 ../dist/public/assets/DebitNotes-Bagr8rwa.js                     5.85 kB Ôöé gzip:   2.42 kB
#13 20.03 ../dist/public/assets/CreateSalaryStructure-DmUjN3-T.js          5.89 kB Ôöé gzip:   1.92 kB
#13 20.03 ../dist/public/assets/ProjectReports-DMH6AFjg.js                 5.92 kB Ôöé gzip:   2.26 kB
#13 20.03 ../dist/public/assets/EnterpriseSettings-Bbqij76B.js             5.99 kB Ôöé gzip:   2.08 kB
#13 20.03 ../dist/public/assets/EditDebitNote-DIxavReo.js                  6.00 kB Ôöé gzip:   2.21 kB
#13 20.03 ../dist/public/assets/OrgEditDebitNote-DxxdK1WV.js               6.00 kB Ôöé gzip:   2.21 kB
#13 20.03 ../dist/public/assets/OrgCreateInvoice-BcVpGz-Y.js               6.04 kB Ôöé gzip:   2.39 kB
#13 20.03 ../dist/public/assets/EditLeave-rjwceTg5.js                      6.04 kB Ôöé gzip:   1.89 kB
#13 20.03 ../dist/public/assets/OrgEditLeave-DeePDUKS.js                   6.04 kB Ôöé gzip:   1.89 kB
#13 20.03 ../dist/public/assets/CreateInvoice-BnbxLoPD.js                  6.05 kB Ôöé gzip:   2.40 kB
#13 20.03 ../dist/public/assets/EditChartOfAccounts-sS61gl1t.js            6.06 kB Ôöé gzip:   2.09 kB
#13 20.03 ../dist/public/assets/OrgStaff-DKXefaBb.js                       6.07 kB Ôöé gzip:   2.32 kB
#13 20.03 ../dist/public/assets/EditBankReconciliation-ARsk2L3m.js         6.09 kB Ôöé gzip:   1.78 kB
#13 20.03 ../dist/public/assets/LeaveBalances-OlwXJbC0.js                  6.09 kB Ôöé gzip:   2.06 kB
#13 20.03 ../dist/public/assets/OrgCreateLeave-DxkQqzra.js                 6.09 kB Ôöé gzip:   1.98 kB
#13 20.03 ../dist/public/assets/OrgAccounting-CeEGCaQo.js                  6.11 kB Ôöé gzip:   2.13 kB
#13 20.03 ../dist/public/assets/Security-uJD8Jp_1.js                       6.18 kB Ôöé gzip:   1.71 kB
#13 20.03 ../dist/public/assets/OrgDepartments-FD14olde.js                 6.19 kB Ôöé gzip:   2.25 kB
#13 20.03 ../dist/public/assets/OpportunityDetails-BZprtzdb.js             6.20 kB Ôöé gzip:   1.89 kB
#13 20.03 ../dist/public/assets/OrgCreateProcurement-D4g_5_im.js           6.26 kB Ôöé gzip:   1.93 kB
#13 20.03 ../dist/public/assets/Budgets-DWM7Y-LR.js                        6.28 kB Ôöé gzip:   2.26 kB
#13 20.03 ../dist/public/assets/OrgBudgets-CkGyrLek.js                     6.28 kB Ôöé gzip:   2.26 kB
#13 20.03 ../dist/public/assets/OrgLeaveDetail-CJjXSKYJ.js                 6.32 kB Ôöé gzip:   1.83 kB
#13 20.03 ../dist/public/assets/HTMLEditor-DPM9w3iM.js                     6.37 kB Ôöé gzip:   2.47 kB
#13 20.03 ../dist/public/assets/Profile-55j3Sia1.js                        6.38 kB Ôöé gzip:   2.22 kB
#13 20.03 ../dist/public/assets/ServiceInvoices-BpWMh_45.js                6.40 kB Ôöé gzip:   2.59 kB
#13 20.03 ../dist/public/assets/OrgServiceInvoices-B1Jo6Rux.js             6.40 kB Ôöé gzip:   2.59 kB
#13 20.03 ../dist/public/assets/ProjectManagerDashboard-BhSGuFP-.js        6.46 kB Ôöé gzip:   2.11 kB
#13 20.03 ../dist/public/assets/CreditNoteDetails-BgxRFdx1.js              6.46 kB Ôöé gzip:   2.08 kB
#13 20.03 ../dist/public/assets/AttendanceDetails-DhFrTy9Q.js              6.50 kB Ôöé gzip:   1.97 kB
#13 20.03 ../dist/public/assets/CreateServiceInvoice-CSm1g_LU.js           6.50 kB Ôöé gzip:   2.23 kB
#13 20.03 ../dist/public/assets/OrgCreateServiceInvoice-BXwojnuA.js        6.50 kB Ôöé gzip:   2.23 kB
#13 20.03 ../dist/public/assets/Documentation-gMpgqYjX.js                  6.50 kB Ôöé gzip:   2.55 kB
#13 20.03 ../dist/public/assets/ExpenseBudgetReport-1dogUHr8.js            6.51 kB Ôöé gzip:   1.79 kB
#13 20.03 ../dist/public/assets/SystemLogsViewer-CduGBCmT.js               6.51 kB Ôöé gzip:   2.21 kB
#13 20.03 ../dist/public/assets/Notifications-DMNJe75c.js                  6.51 kB Ôöé gzip:   1.99 kB
#13 20.03 ../dist/public/assets/OrgContractDetail-CKQipA9a.js              6.55 kB Ôöé gzip:   1.80 kB
#13 20.03 ../dist/public/assets/EditContact-CYrqRtCr.js                    6.57 kB Ôöé gzip:   2.12 kB
#13 20.03 ../dist/public/assets/OrgEditContact-DkH5WY8O.js                 6.57 kB Ôöé gzip:   2.12 kB
#13 20.03 ../dist/public/assets/TaxInformation-D3iHyEUy.js                 6.60 kB Ôöé gzip:   2.22 kB
#13 20.03 ../dist/public/assets/CreateOrder-Dx2bTx2_.js                    6.62 kB Ôöé gzip:   2.21 kB
#13 20.03 ../dist/public/assets/EditOpportunity-xGdyiwIs.js                6.65 kB Ôöé gzip:   2.08 kB
#13 20.03 ../dist/public/assets/AuditLogs-BCdoHreB.js                      6.66 kB Ôöé gzip:   2.55 kB
#13 20.03 ../dist/public/assets/EditOrder-D39eIMoc.js                      6.68 kB Ôöé gzip:   2.33 kB
#13 20.03 ../dist/public/assets/OrgEditOrder-oy86NFCX.js                   6.68 kB Ôöé gzip:   2.33 kB
#13 20.03 ../dist/public/assets/LPODetails-j10XH6T3.js                     6.73 kB Ôöé gzip:   2.05 kB
#13 20.03 ../dist/public/assets/CreateService-B1yqi-Hw.js                  6.73 kB Ôöé gzip:   2.26 kB
#13 20.03 ../dist/public/assets/OrgCreateService-C3hJ2tFq.js               6.73 kB Ôöé gzip:   2.26 kB
#13 20.03 ../dist/public/assets/CreateBenefit-D_POYzWk.js                  6.73 kB Ôöé gzip:   2.27 kB
#13 20.03 ../dist/public/assets/Login-DoGJjWAl.js                          6.76 kB Ôöé gzip:   2.26 kB
#13 20.03 ../dist/public/assets/OrgLeave-C69g1rKh.js                       6.80 kB Ôöé gzip:   2.39 kB
#13 20.03 ../dist/public/assets/OrgEditContract-D7Ple9UM.js                6.80 kB Ôöé gzip:   2.13 kB
#13 20.03 ../dist/public/assets/Calendar-BvnFcLU2.js                       6.81 kB Ôöé gzip:   2.39 kB
#13 20.03 ../dist/public/assets/OrgCalendar-11_w0Y__.js                    6.81 kB Ôöé gzip:   2.39 kB
#13 20.03 ../dist/public/assets/Reminders-ERC-RPyg.js                      6.84 kB Ôöé gzip:   2.16 kB
#13 20.03 ../dist/public/assets/OrgServiceInvoiceDetails-CB-NN2-I.js       6.84 kB Ôöé gzip:   2.05 kB
#13 20.03 ../dist/public/assets/HRReports-DKU-K3pM.js                      6.86 kB Ôöé gzip:   2.41 kB
#13 20.03 ../dist/public/assets/UserDetails-BwNL_JEY.js                    6.87 kB Ôöé gzip:   1.68 kB
#13 20.03 ../dist/public/assets/EditProposal-CiVqgoLK.js                   6.90 kB Ôöé gzip:   2.13 kB
#13 20.03 ../dist/public/assets/OrgEditProposal-D0KY5vPj.js                6.90 kB Ôöé gzip:   2.13 kB
#13 20.03 ../dist/public/assets/OrgCreateOrder-DjBzL8mQ.js                 7.02 kB Ôöé gzip:   2.30 kB
#13 20.03 ../dist/public/assets/ResetPassword-DaFmQ1vY.js                  7.09 kB Ôöé gzip:   2.02 kB
#13 20.03 ../dist/public/assets/OrgContracts-DALoUqF4.js                   7.13 kB Ôöé gzip:   2.52 kB
#13 20.03 ../dist/public/assets/WorkOrders-Ztiu16yk.js                     7.16 kB Ôöé gzip:   2.60 kB
#13 20.03 ../dist/public/assets/OrgWorkOrders-DPePNrUm.js                  7.16 kB Ôöé gzip:   2.60 kB
#13 20.03 ../dist/public/assets/SalaryStructures-DFJf2J5q.js               7.18 kB Ôöé gzip:   2.27 kB
#13 20.03 ../dist/public/assets/OrgSalaryStructures-y4GesHfp.js            7.18 kB Ôöé gzip:   2.27 kB
#13 20.03 ../dist/public/assets/EditServiceInvoice-CZTE-oA2.js             7.19 kB Ôöé gzip:   2.38 kB
#13 20.03 ../dist/public/assets/OrgEditServiceInvoice-DIpGPnbb.js          7.19 kB Ôöé gzip:   2.38 kB
#13 20.03 ../dist/public/assets/OrgInvoiceDetail-C5gkTkgc.js               7.24 kB Ôöé gzip:   1.99 kB
#13 20.03 ../dist/public/assets/Benefits-BarcJFAG.js                       7.31 kB Ôöé gzip:   2.20 kB
#13 20.03 ../dist/public/assets/OrgCreateContract-efU-udgo.js              7.33 kB Ôöé gzip:   2.14 kB
#13 20.03 ../dist/public/assets/Signup-DgqoNKgH.js                         7.36 kB Ôöé gzip:   2.29 kB
#13 20.03 ../dist/public/assets/ChartOfAccountsHierarchy-Dbs9aMi5.js       7.45 kB Ôöé gzip:   2.02 kB
#13 20.03 ../dist/public/assets/ExpenseBudgetReport-Bas01V0-.js            7.51 kB Ôöé gzip:   2.64 kB
#13 20.03 ../dist/public/assets/OrgHR-DUIIIzNW.js                          7.51 kB Ôöé gzip:   2.39 kB
#13 20.03 ../dist/public/assets/OrgCreateProject-DXsAqmnP.js               7.53 kB Ôöé gzip:   2.41 kB
#13 20.03 ../dist/public/assets/Warehouses-teDcharw.js                     7.54 kB Ôöé gzip:   2.30 kB
#13 20.03 ../dist/public/assets/Contact-C08vznfg.js                        7.56 kB Ôöé gzip:   2.68 kB
#13 20.03 ../dist/public/assets/SystemHealth-Cq0nrhxV.js                   7.56 kB Ôöé gzip:   1.75 kB
#13 20.03 ../dist/public/assets/HRAnalyticsPage-UiJytWwS.js                7.57 kB Ôöé gzip:   2.07 kB
#13 20.03 ../dist/public/assets/Products-BbSyraJU.js                       7.68 kB Ôöé gzip:   2.64 kB
#13 20.03 ../dist/public/assets/OrgProducts-BIcbMH0l.js                    7.68 kB Ôöé gzip:   2.64 kB
#13 20.03 ../dist/public/assets/locations-CtzeVEdQ.js                      7.69 kB Ôöé gzip:   2.76 kB
#13 20.03 ../dist/public/assets/AllowancesDeductions-Gv2Ev2Fz.js           7.70 kB Ôöé gzip:   2.37 kB
#13 20.03 ../dist/public/assets/TermsAndConditions-CxXDXSTb.js             7.76 kB Ôöé gzip:   2.64 kB
#13 20.03 ../dist/public/assets/LeaveManagement-CjLBQCle.js                7.77 kB Ôöé gzip:   2.50 kB
#13 20.03 ../dist/public/assets/HR-G8RJT5wS.js                             7.79 kB Ôöé gzip:   2.51 kB
#13 20.03 ../dist/public/assets/ProposalTemplates-C5-zpl_2.js              7.79 kB Ôöé gzip:   2.50 kB
#13 20.03 ../dist/public/assets/OrgWorkOrderDetail-Df1WN9wo.js             7.80 kB Ôöé gzip:   1.95 kB
#13 20.03 ../dist/public/assets/EditService-DZxZN39F.js                    7.85 kB Ôöé gzip:   2.55 kB
#13 20.03 ../dist/public/assets/OrgEditService-B8jzpSGV.js                 7.85 kB Ôöé gzip:   2.55 kB
#13 20.03 ../dist/public/assets/PayrollDetails-Weq-hULh.js                 7.88 kB Ôöé gzip:   2.05 kB
#13 20.03 ../dist/public/assets/OrgPayrollDetails-B5nq0zdW.js              7.88 kB Ôöé gzip:   2.05 kB
#13 20.03 ../dist/public/assets/DisciplinaryRecords-BqL6db_E.js            7.88 kB Ôöé gzip:   2.43 kB
#13 20.03 ../dist/public/assets/OrgCRM-MU7Ibt3h.js                         7.93 kB Ôöé gzip:   2.50 kB
#13 20.03 ../dist/public/assets/HRAdminDashboard-Dbfxx3ym.js               7.95 kB Ôöé gzip:   2.35 kB
#13 20.03 ../dist/public/assets/OrgEditProject-CgqvyYnK.js                 7.99 kB Ôöé gzip:   2.35 kB
#13 20.03 ../dist/public/assets/EditCreditNote-PhO5izgJ.js                 8.00 kB Ôöé gzip:   2.59 kB
#13 20.03 ../dist/public/assets/OrgEditCreditNote-BfYEHb-3.js              8.00 kB Ôöé gzip:   2.59 kB
#13 20.03 ../dist/public/assets/FinancialDashboard-RFRbC-9o.js             8.03 kB Ôöé gzip:   2.55 kB
#13 20.03 ../dist/public/assets/Accounting-Bz0nxDPu.js                     8.04 kB Ôöé gzip:   2.56 kB
#13 20.03 ../dist/public/assets/OrgFinancialDashboard-C7GiKKJ_.js          8.05 kB Ôöé gzip:   2.52 kB
#13 20.03 ../dist/public/assets/ContractTemplates-DeQDUFTA.js              8.11 kB Ôöé gzip:   2.58 kB
#13 20.03 ../dist/public/assets/OrgContractTemplates-DNjQYlIp.js           8.11 kB Ôöé gzip:   2.58 kB
#13 20.03 ../dist/public/assets/UserGuide-5H_h_LZc.js                      8.15 kB Ôöé gzip:   3.04 kB
#13 20.03 ../dist/public/assets/PerformanceReviews-DYWgIvah.js             8.18 kB Ôöé gzip:   2.64 kB
#13 20.03 ../dist/public/assets/OrgPerformanceReviews-Gl3CEqYm.js          8.18 kB Ôöé gzip:   2.64 kB
#13 20.03 ../dist/public/assets/TaskDetails-Bt3DTqpL.js                    8.21 kB Ôöé gzip:   2.23 kB
#13 20.03 ../dist/public/assets/OrgProjects-D-OqA3WC.js                    8.25 kB Ôöé gzip:   2.71 kB
#13 20.03 ../dist/public/assets/Notes-N36tp86U.js                          8.38 kB Ôöé gzip:   2.71 kB
#13 20.03 ../dist/public/assets/IntegrationGuides-NL-IQ0SG.js              8.55 kB Ôöé gzip:   3.17 kB
#13 20.03 ../dist/public/assets/EstimateDetails-CNtOzcIJ.js                8.77 kB Ôöé gzip:   2.73 kB
#13 20.03 ../dist/public/assets/AccountingManagement-uKBzhwvx.js           8.81 kB Ôöé gzip:   2.32 kB
#13 20.03 ../dist/public/assets/UiElements-0THBQ1d-.js                     8.86 kB Ôöé gzip:   2.86 kB
#13 20.03 ../dist/public/assets/AssetManagement-BjLc09LY.js                8.90 kB Ôöé gzip:   2.80 kB
#13 20.03 ../dist/public/assets/CSVImportExport-BAD39EFQ.js                8.90 kB Ôöé gzip:   3.02 kB
#13 20.03 ../dist/public/assets/EnhancedReceiptManagement-C_RcWbtQ.js      8.91 kB Ôöé gzip:   3.16 kB
#13 20.03 ../dist/public/assets/LeadsDetails-hoe4LN3g.js                   8.93 kB Ôöé gzip:   2.54 kB
#13 20.03 ../dist/public/assets/OverduePayments-CCrIcOQS.js                8.98 kB Ôöé gzip:   2.64 kB
#13 20.03 ../dist/public/assets/Payments-B1hLgMSx.js                       9.04 kB Ôöé gzip:   3.33 kB
#13 20.03 ../dist/public/assets/OrgPayments-B34sy1IT.js                    9.04 kB Ôöé gzip:   3.33 kB
#13 20.03 ../dist/public/assets/ActivityTrail-DbBRyEx3.js                  9.05 kB Ôöé gzip:   2.70 kB
#13 20.03 ../dist/public/assets/RecurringInvoices-4jP3NXMv.js              9.06 kB Ôöé gzip:   2.77 kB
#13 20.03 ../dist/public/assets/CreateCreditNote-B6L4kQPO.js               9.08 kB Ôöé gzip:   2.82 kB
#13 20.03 ../dist/public/assets/OrgCreateCreditNote-DjFprSpc.js            9.08 kB Ôöé gzip:   2.82 kB
#13 20.03 ../dist/public/assets/PaymentReconciliation-CQ045ulV.js          9.20 kB Ôöé gzip:   2.93 kB
#13 20.03 ../dist/public/assets/PrivacyPolicy-JKDXqPai.js                  9.21 kB Ôöé gzip:   2.83 kB
#13 20.03 ../dist/public/assets/PayrollApprovals-Cvw0b7qu.js               9.21 kB Ôöé gzip:   2.70 kB
#13 20.03 ../dist/public/assets/Opportunities-BxYIlZCz.js                  9.23 kB Ôöé gzip:   3.27 kB
#13 20.03 ../dist/public/assets/BillingDashboard-9pqWdVPl.js               9.30 kB Ôöé gzip:   3.15 kB
#13 20.03 ../dist/public/assets/DepartmentPayrollReports-CuxRQ5cy.js       9.31 kB Ôöé gzip:   2.96 kB
#13 20.03 ../dist/public/assets/Quotes-B9Z3IOQe.js                         9.34 kB Ôöé gzip:   3.38 kB
#13 20.03 ../dist/public/assets/HRAnalytics-DuejaZXg.js                    9.37 kB Ôöé gzip:   2.74 kB
#13 20.03 ../dist/public/assets/About-D2oJJ0D9.js                          9.44 kB Ôöé gzip:   3.53 kB
#13 20.03 ../dist/public/assets/OrgPricing-BV8WhGw_.js                     9.50 kB Ôöé gzip:   3.40 kB
#13 20.03 ../dist/public/assets/CreatePayment-DMcNRYSM.js                  9.56 kB Ôöé gzip:   3.02 kB
#13 20.03 ../dist/public/assets/OrgTicketDetail-CYZg3n8q.js                9.59 kB Ôöé gzip:   2.25 kB
#13 20.03 ../dist/public/assets/OrgInventory-B6n991Qn.js                   9.60 kB Ôöé gzip:   3.07 kB
#13 20.03 ../dist/public/assets/OrgDeliveryNotes-DPgRQK52.js               9.72 kB Ôöé gzip:   3.30 kB
#13 20.03 ../dist/public/assets/Onboarding-Cg8MN7QX.js                     9.81 kB Ôöé gzip:   2.80 kB
#13 20.03 ../dist/public/assets/DeliveryNotes-DkmKeM3l.js                  9.81 kB Ôöé gzip:   3.31 kB
#13 20.03 ../dist/public/assets/EditUser-BexkVXjr.js                       9.84 kB Ôöé gzip:   2.98 kB
#13 20.03 ../dist/public/assets/CommunicationDetails-DxAV1EUO.js           9.88 kB Ôöé gzip:   2.87 kB
#13 20.03 ../dist/public/assets/AdminCronJobs-CGlpfkNF.js                  9.89 kB Ôöé gzip:   3.18 kB
#13 20.03 ../dist/public/assets/ProjectMilestones-DzkBG-v1.js              9.97 kB Ôöé gzip:   2.98 kB
#13 20.03 ../dist/public/assets/Estimates-C4Xe6al4.js                      9.98 kB Ôöé gzip:   3.65 kB
#13 20.03 ../dist/public/assets/CreateUser-7Z7ygwTL.js                    10.02 kB Ôöé gzip:   3.21 kB
#13 20.03 ../dist/public/assets/Expenses-Dsy6tb8c.js                      10.04 kB Ôöé gzip:   3.50 kB
#13 20.03 ../dist/public/assets/OrgExpenses-BfEtElMW.js                   10.04 kB Ôöé gzip:   3.50 kB
#13 20.03 ../dist/public/assets/Inventory-B4a7-SLu.js                     10.08 kB Ôöé gzip:   3.24 kB
#13 20.03 ../dist/public/assets/Receipts-BNjmKBLS.js                      10.14 kB Ôöé gzip:   3.58 kB
#13 20.03 ../dist/public/assets/ClientForm-DGCrcnZt.js                    10.15 kB Ôöé gzip:   2.41 kB
#13 20.03 ../dist/public/assets/OrgExpenseDetail-BIOGV8r3.js              10.25 kB Ôöé gzip:   2.76 kB
#13 20.03 ../dist/public/assets/AccountantDashboard-CGB_TE8w.js           10.26 kB Ôöé gzip:   3.09 kB
#13 20.03 ../dist/public/assets/Integrations--g80SzId.js                  10.33 kB Ôöé gzip:   3.08 kB
#13 20.03 ../dist/public/assets/HRAutomation-BUYUN_BH.js                  10.33 kB Ôöé gzip:   2.79 kB
#13 20.03 ../dist/public/assets/PaymentReports-C60qfCK7.js                10.37 kB Ôöé gzip:   2.97 kB
#13 20.03 ../dist/public/assets/SupplierForm-CfWxMDZs.js                  10.38 kB Ôöé gzip:   2.71 kB
#13 20.03 ../dist/public/assets/HRAnalyticsDashboard-HwD1JJ96.js          10.39 kB Ôöé gzip:   2.76 kB
#13 20.03 ../dist/public/assets/OrgEstimates-CJjlHqDW.js                  10.40 kB Ôöé gzip:   3.75 kB
#13 20.03 ../dist/public/assets/PaymentPlans-D1PcO7Xz.js                  10.48 kB Ôöé gzip:   3.22 kB
#13 20.03 ../dist/public/assets/GlobalSettings-BI_I7I2v.js                10.48 kB Ôöé gzip:   3.02 kB
#13 20.03 ../dist/public/assets/ReportBuilder-BNXBybqB.js                 10.49 kB Ôöé gzip:   2.77 kB
#13 20.03 ../dist/public/assets/OrgReceipts-DWOVj-Av.js                   10.57 kB Ôöé gzip:   3.67 kB
#13 20.03 ../dist/public/assets/CreateServiceTemplate-DrvEFuNl.js         10.58 kB Ôöé gzip:   2.98 kB
#13 20.03 ../dist/public/assets/GRN-Dambdyn8.js                           10.58 kB Ôöé gzip:   3.32 kB
#13 20.03 ../dist/public/assets/OrgGRN-oyOvumJ9.js                        10.58 kB Ôöé gzip:   3.32 kB
#13 20.03 ../dist/public/assets/CreateProject-DNkMx72j.js                 10.64 kB Ôöé gzip:   3.29 kB
#13 20.03 ../dist/public/assets/OrgQuotations-DdvZC5Ff.js                 10.64 kB Ôöé gzip:   3.56 kB
#13 20.03 ../dist/public/assets/CannedResponses-CzmOSbYe.js               10.64 kB Ôöé gzip:   3.08 kB
#13 20.03 ../dist/public/assets/OrgCannedResponses-LqNnCcXV.js            10.64 kB Ôöé gzip:   3.08 kB
#13 20.03 ../dist/public/assets/BudgetDetail-Jc4zHYBj.js                  10.67 kB Ôöé gzip:   3.34 kB
#13 20.03 ../dist/public/assets/OrgBudgetDetail-Oi8TPuTY.js               10.67 kB Ôöé gzip:   3.34 kB
#13 20.03 ../dist/public/assets/DashboardHome-MSTg-dPX.js                 10.69 kB Ôöé gzip:   3.10 kB
#13 20.03 ../dist/public/assets/EditPayment-DvGOeXe6.js                   10.73 kB Ôöé gzip:   3.22 kB
#13 20.03 ../dist/public/assets/OrgEditPayment-Rtt8IMD_.js                10.73 kB Ôöé gzip:   3.22 kB
#13 20.03 ../dist/public/assets/CreateOpportunity-D7HsUkdU.js             10.80 kB Ôöé gzip:   3.26 kB
#13 20.03 ../dist/public/assets/EmployeeContracts-CCdh9v0l.js             10.82 kB Ôöé gzip:   2.61 kB
#13 20.03 ../dist/public/assets/TenantCommunications-DaamO6wn.js          10.84 kB Ôöé gzip:   3.11 kB
#13 20.03 ../dist/public/assets/EditPayroll-C2bJSsHE.js                   10.90 kB Ôöé gzip:   3.18 kB
#13 20.03 ../dist/public/assets/OrgEditPayroll-CZJs-JA-.js                10.90 kB Ôöé gzip:   3.18 kB
#13 20.03 ../dist/public/assets/Payslips-BnfSq9iW.js                      10.93 kB Ôöé gzip:   3.27 kB
#13 20.03 ../dist/public/assets/OrgDashboardHome-BvLD2SKY.js              11.03 kB Ôöé gzip:   3.28 kB
#13 20.03 ../dist/public/assets/ProcurementLPOs-BU2peXfV.js               11.03 kB Ôöé gzip:   3.01 kB
#13 20.03 ../dist/public/assets/LPOs-CNz8q3Vs.js                          11.09 kB Ôöé gzip:   4.03 kB
#13 20.03 ../dist/public/assets/MaintenanceAdmin-BQn7gusZ.js              11.13 kB Ôöé gzip:   3.37 kB
#13 20.03 ../dist/public/assets/CustomReportBuilder-PH1fEj5D.js           11.16 kB Ôöé gzip:   3.31 kB
#13 20.03 ../dist/public/assets/Quotations-CoO37BEK.js                    11.23 kB Ôöé gzip:   3.73 kB
#13 20.03 ../dist/public/assets/TimeTracking-D8Iv8VbB.js                  11.30 kB Ôöé gzip:   3.34 kB
#13 20.03 ../dist/public/assets/ContractManagement-DI6GsJQM.js            11.36 kB Ôöé gzip:   3.28 kB
#13 20.03 ../dist/public/assets/OrgLPOs-MKLPBLeP.js                       11.37 kB Ôöé gzip:   4.07 kB
#13 20.03 ../dist/public/assets/OrgProjectDetail-Do8Eg86L.js              11.44 kB Ôöé gzip:   3.62 kB
#13 20.03 ../dist/public/assets/OrgContacts-CBDWUTHN.js                   11.45 kB Ôöé gzip:   3.67 kB
#13 20.03 ../dist/public/assets/QuoteDetails-Czbbuzlx.js                  11.46 kB Ôöé gzip:   3.15 kB
#13 20.03 ../dist/public/assets/Suppliers-xKcnJ2Lr.js                     11.49 kB Ôöé gzip:   4.20 kB
#13 20.03 ../dist/public/assets/Contacts-gV-ayvaz.js                      11.52 kB Ôöé gzip:   3.70 kB
#13 20.03 ../dist/public/assets/ProcurementImprests-BXhjkYWE.js           11.60 kB Ôöé gzip:   2.85 kB
#13 20.03 ../dist/public/assets/SystemSettings-7c0ZD3no.js                11.62 kB Ôöé gzip:   3.18 kB
#13 20.03 ../dist/public/assets/EnterpriseTenantsManagement-DKG3KmBX.js   11.63 kB Ôöé gzip:   3.31 kB
#13 20.03 ../dist/public/assets/FileManager-UkOMxKGq.js                   11.68 kB Ôöé gzip:   4.02 kB
#13 20.03 ../dist/public/assets/KPITracking-G1M8ily9.js                   11.69 kB Ôöé gzip:   3.11 kB
#13 20.03 ../dist/public/assets/EnhancedChangePassword-DjyX4GGB.js        11.73 kB Ôöé gzip:   2.95 kB
#13 20.03 ../dist/public/assets/UnifiedLanding-DSOdCZgY.js                11.89 kB Ôöé gzip:   3.15 kB
#13 20.03 ../dist/public/assets/WorkflowAutomation-iiEyI50P.js            11.97 kB Ôöé gzip:   3.37 kB
#13 20.03 ../dist/public/assets/Training-DXRCmN8m.js                      11.99 kB Ôöé gzip:   3.43 kB
#13 20.03 ../dist/public/assets/SubscriptionDetails-BEPKFTZ-.js           12.04 kB Ôöé gzip:   2.91 kB
#13 20.03 ../dist/public/assets/CustomerPortal-M7QvfBrL.js                12.06 kB Ôöé gzip:   2.91 kB
#13 20.03 ../dist/public/assets/RecurringExpenses-BgT5whqv.js             12.15 kB Ôöé gzip:   3.77 kB
#13 20.03 ../dist/public/assets/OrganizationUsersManagement-CmRd4f3o.js   12.18 kB Ôöé gzip:   3.45 kB
#13 20.03 ../dist/public/assets/SalesPipeline-BEa6LkFJ.js                 12.22 kB Ôöé gzip:   3.62 kB
#13 20.03 ../dist/public/assets/OrgSalesPipeline-Dvjq7z4q.js              12.22 kB Ôöé gzip:   3.62 kB
#13 20.03 ../dist/public/assets/Projects-Ce4UJXwE.js                      12.26 kB Ôöé gzip:   3.62 kB
#13 20.03 ../dist/public/assets/ServiceDetails-BR7bz4Yg.js                12.27 kB Ôöé gzip:   3.18 kB
#13 20.03 ../dist/public/assets/Demo-B807H9KH.js                          12.37 kB Ôöé gzip:   3.80 kB
#13 20.03 ../dist/public/assets/Features-BNisIqfb.js                      12.67 kB Ôöé gzip:   4.43 kB
#13 20.03 ../dist/public/assets/OrgTimesheets-DcmKh5VK.js                 12.84 kB Ôöé gzip:   3.88 kB
#13 20.03 ../dist/public/assets/Timesheets-Bv2qHEJF.js                    12.84 kB Ôöé gzip:   3.88 kB
#13 20.03 ../dist/public/assets/NotificationCenter-ZkwYLpII.js            12.87 kB Ôöé gzip:   3.33 kB
#13 20.03 ../dist/public/assets/Account-80sQSux1.js                       12.87 kB Ôöé gzip:   3.34 kB
#13 20.03 ../dist/public/assets/ExecutiveDashboard-CixdjpyS.js            12.88 kB Ôöé gzip:   3.37 kB
#13 20.03 ../dist/public/assets/OrgJobGroups-DEHGqUm-.js                  12.95 kB Ôöé gzip:   3.43 kB
#13 20.03 ../dist/public/assets/ReceiptDetails-C4pFHFfK.js                13.06 kB Ôöé gzip:   3.43 kB
#13 20.03 ../dist/public/assets/Proposals-Y7eIpqj6.js                     13.11 kB Ôöé gzip:   4.02 kB
#13 20.03 ../dist/public/assets/OrgProposals-CPbB3SSt.js                  13.11 kB Ôöé gzip:   4.02 kB
#13 20.03 ../dist/public/assets/OrgDashboard-BQhkNuHH.js                  13.20 kB Ôöé gzip:   3.91 kB
#13 20.03 ../dist/public/assets/ProcurementOrders-BYcZDuEd.js             13.25 kB Ôöé gzip:   3.29 kB
#13 20.03 ../dist/public/assets/Recruitment-7ivSg_jf.js                   13.36 kB Ôöé gzip:   3.23 kB
#13 20.03 ../dist/public/assets/EditProject-By3IiLbu.js                   13.42 kB Ôöé gzip:   3.93 kB
#13 20.03 ../dist/public/assets/OrgSuppliers-DrYX6XGx.js                  13.43 kB Ôöé gzip:   4.43 kB
#13 20.03 ../dist/public/assets/OrgLeads-CGf2Hno2.js                      13.45 kB Ôöé gzip:   3.75 kB
#13 20.03 ../dist/public/assets/OrgTasks-D6tXT3ZO.js                      13.45 kB Ôöé gzip:   3.79 kB
#13 20.03 ../dist/public/assets/Tasks-CVNgacXh.js                         13.45 kB Ôöé gzip:   3.79 kB
#13 20.03 ../dist/public/assets/Leads-BbeTMoOS.js                         13.45 kB Ôöé gzip:   3.75 kB
#13 20.03 ../dist/public/assets/OrgCommunications-BCvkQjrV.js             13.51 kB Ôöé gzip:   3.57 kB
#13 20.03 ../dist/public/assets/ChartOfAccounts-D-MgQRY4.js               13.59 kB Ôöé gzip:   4.09 kB
#13 20.03 ../dist/public/assets/OrgChartOfAccounts-C2IKusv0.js            13.59 kB Ôöé gzip:   4.09 kB
#13 20.03 ../dist/public/assets/CreatePayroll-DvOK5rkt.js                 13.64 kB Ôöé gzip:   3.11 kB
#13 20.03 ../dist/public/assets/OrgCreatePayroll-c9q7XbbV.js              13.64 kB Ôöé gzip:   3.11 kB
#13 20.03 ../dist/public/assets/ExpensesDetails-DVXBs3zF.js               13.64 kB Ôöé gzip:   3.97 kB
#13 20.03 ../dist/public/assets/Tickets-gP8FGIbU.js                       13.65 kB Ôöé gzip:   4.14 kB
#13 20.03 ../dist/public/assets/OrgTickets-BXeXf-lZ.js                    13.65 kB Ôöé gzip:   4.14 kB
#13 20.03 ../dist/public/assets/TroubleshootingGuide-DxZonKpi.js          13.85 kB Ôöé gzip:   4.85 kB
#13 20.03 ../dist/public/assets/BackupRestore-BMA7JBd7.js                 13.89 kB Ôöé gzip:   3.27 kB
#13 20.03 ../dist/public/assets/OrgBilling-CGD-PnUW.js                    13.94 kB Ôöé gzip:   4.04 kB
#13 20.03 ../dist/public/assets/ProfessionalBudgeting-qidvHzyY.js         13.96 kB Ôöé gzip:   4.00 kB
#13 20.03 ../dist/public/assets/Pricing-BXExfyEV.js                       14.20 kB Ôöé gzip:   4.56 kB
#13 20.03 ../dist/public/assets/Imprests-xI2GSUe1.js                      14.33 kB Ôöé gzip:   4.62 kB
#13 20.03 ../dist/public/assets/KenyanPayrollCalculator-BJeVbyIK.js       14.57 kB Ôöé gzip:   3.72 kB
#13 20.03 ../dist/public/assets/OrgImprests-CC_zMpvG.js                   14.63 kB Ôöé gzip:   4.68 kB
#13 20.03 ../dist/public/assets/ThemeCustomization-B3bJnu2y.js            14.81 kB Ôöé gzip:   3.82 kB
#13 20.03 ../dist/public/assets/Roles-DF3K_t_h.js                         15.06 kB Ôöé gzip:   3.60 kB
#13 20.03 ../dist/public/assets/Payroll-BLQ1Jje8.js                       15.06 kB Ôöé gzip:   4.15 kB
#13 20.03 ../dist/public/assets/OrgPayroll-9_7W1Zms.js                    15.06 kB Ôöé gzip:   4.15 kB
#13 20.03 ../dist/public/assets/Clients-CsAqd0fb.js                       15.13 kB Ôöé gzip:   4.54 kB
#13 20.03 ../dist/public/assets/Communications-Bueu5tpQ.js                15.14 kB Ôöé gzip:   4.33 kB
#13 20.03 ../dist/public/assets/SupplierDetails-C96SfUeN.js               15.21 kB Ôöé gzip:   3.26 kB
#13 20.03 ../dist/public/assets/JobGroupDetails-B61QeL6k.js               15.38 kB Ôöé gzip:   4.17 kB
#13 20.03 ../dist/public/assets/Forecasting-D1LYp0LA.js                   15.44 kB Ôöé gzip:   3.58 kB
#13 20.03 ../dist/public/assets/OrgForecasting-CYcD4kte.js                15.44 kB Ôöé gzip:   3.58 kB
#13 20.03 ../dist/public/assets/OrgInvoices-CiJazCpK.js                   15.99 kB Ôöé gzip:   5.03 kB
#13 20.03 ../dist/public/assets/Invoices-J3Bma9IO.js                      16.05 kB Ôöé gzip:   5.06 kB
#13 20.03 ../dist/public/assets/ClientPortal-C5ANq7sk.js                  16.08 kB Ôöé gzip:   4.03 kB
#13 20.03 ../dist/public/assets/JobGroups-CoGmTkxl.js                     16.21 kB Ôöé gzip:   3.90 kB
#13 20.03 ../dist/public/assets/DepartmentDetails-DnHtckQY.js             16.39 kB Ôöé gzip:   4.32 kB
#13 20.03 ../dist/public/assets/OrgDepartmentDetails-pA9dNwn_.js          16.39 kB Ôöé gzip:   4.32 kB
#13 20.03 ../dist/public/assets/OrgKnowledgeBase-o3Cu1sTQ.js              16.40 kB Ôöé gzip:   4.26 kB
#13 20.03 ../dist/public/assets/KnowledgeBase-DFBlBa6_.js                 16.40 kB Ôöé gzip:   4.26 kB
#13 20.03 ../dist/public/assets/OrgClientDetail-TGRaIApU.js               16.62 kB Ôöé gzip:   4.35 kB
#13 20.03 ../dist/public/assets/Orders-AGwmqMcQ.js                        16.74 kB Ôöé gzip:   4.95 kB
#13 20.03 ../dist/public/assets/OrgOrders-JL6Huda5.js                     16.74 kB Ôöé gzip:   4.95 kB
#13 20.03 ../dist/public/assets/SuperAdminDashboard-CNLZy5QC.js           16.89 kB Ôöé gzip:   4.48 kB
#13 20.03 ../dist/public/assets/WebsiteFooter-DgtOR76e.js                 16.93 kB Ôöé gzip:   4.60 kB
#13 20.03 ../dist/public/assets/AdminDashboard-tKPPqovh.js                16.98 kB Ôöé gzip:   4.03 kB
#13 20.03 ../dist/public/assets/DocumentManagement-DEb9cHEA.js            17.04 kB Ôöé gzip:   4.84 kB
#13 20.03 ../dist/public/assets/Subscriptions-DwFMhfCG.js                 17.14 kB Ôöé gzip:   4.30 kB
#13 20.03 ../dist/public/assets/StaffDashboard-DOZ1TTe5.js                17.27 kB Ôöé gzip:   4.33 kB
#13 20.03 ../dist/public/assets/BackupManagement-BUmKgyCU.js              17.31 kB Ôöé gzip:   4.83 kB
#13 20.03 ../dist/public/assets/documentTemplate-C1To6Bzg.js              17.35 kB Ôöé gzip:   4.20 kB
#13 20.03 ../dist/public/assets/BecomeAPartner-DoC4VA07.js                17.41 kB Ôöé gzip:   5.28 kB
#13 20.03 ../dist/public/assets/AccountSettings-Qn3DhL8f.js               18.19 kB Ôöé gzip:   4.47 kB
#13 20.03 ../dist/public/assets/AIHub-DFjtbdqn.js                         18.65 kB Ôöé gzip:   4.64 kB
#13 20.03 ../dist/public/assets/CustomHomepageBuilder-BjPRYpqp.js         18.87 kB Ôöé gzip:   5.08 kB
#13 20.03 ../dist/public/assets/BrandCustomization-CmiuaIzE.js            18.93 kB Ôöé gzip:   4.36 kB
#13 20.03 ../dist/public/assets/BookADemo-DlgBnCjB.js                     19.11 kB Ôöé gzip:   5.12 kB
#13 20.03 ../dist/public/assets/EditExpense-DSYOe4Md.js                   19.35 kB Ôöé gzip:   5.26 kB
#13 20.03 ../dist/public/assets/OrgEditExpense-B_Orb02E.js                19.35 kB Ôöé gzip:   5.26 kB
#13 20.03 ../dist/public/assets/Approvals-DkfZ63Nd.js                     19.97 kB Ôöé gzip:   4.89 kB
#13 20.03 ../dist/public/assets/OrgApprovals-ChtCknpe.js                  19.97 kB Ôöé gzip:   4.89 kB
#13 20.03 ../dist/public/assets/CreateEmployee-BHIv-8S4.js                20.76 kB Ôöé gzip:   5.05 kB
#13 20.03 ../dist/public/assets/OrgReports-BbqCtUkG.js                    20.77 kB Ôöé gzip:   5.26 kB
#13 20.03 ../dist/public/assets/OrgStaffChat-D7LKwOvl.js                  20.90 kB Ôöé gzip:   6.40 kB
#13 20.03 ../dist/public/assets/ICTDashboard-C4wYBEpv.js                  21.11 kB Ôöé gzip:   5.16 kB
#13 20.03 ../dist/public/assets/EditEmployee-DJspUg3j.js                  21.17 kB Ôöé gzip:   5.00 kB
#13 20.03 ../dist/public/assets/SuperAdminPricingTiers-ez_fujJe.js        21.43 kB Ôöé gzip:   5.20 kB
#13 20.03 ../dist/public/assets/HRPayrollManagement-BK1Kq2U1.js           21.46 kB Ôöé gzip:   5.05 kB
#13 20.03 ../dist/public/assets/PayslipManagement-BYVeFRrs.js             21.67 kB Ôöé gzip:   6.93 kB
#13 20.03 ../dist/public/assets/DocumentForm-IAcH4_w-.js                  21.87 kB Ôöé gzip:   5.90 kB
#13 20.03 ../dist/public/assets/CreateExpense-B8vU9lGi.js                 22.03 kB Ôöé gzip:   6.10 kB
#13 20.03 ../dist/public/assets/OrgCreateExpense-BMwmUUkA.js              22.03 kB Ôöé gzip:   6.10 kB
#13 20.03 ../dist/public/assets/Employees-oLZsLuQ0.js                     22.08 kB Ôöé gzip:   5.81 kB
#13 20.03 ../dist/public/assets/OrgEmployees-CKi7aaj0.js                  22.08 kB Ôöé gzip:   5.81 kB
#13 20.03 ../dist/public/assets/Checkout-CdskRHUI.js                      23.41 kB Ôöé gzip:   7.82 kB
#13 20.03 ../dist/public/assets/InvoiceDetails-BPdFZNRc.js                23.48 kB Ôöé gzip:   6.05 kB
#13 20.03 ../dist/public/assets/FeatureDetail-wxoWr2Pd.js                 23.79 kB Ôöé gzip:   7.47 kB
#13 20.03 ../dist/public/assets/StaffChat-ccD8aijf.js                     24.37 kB Ôöé gzip:   7.01 kB
#13 20.03 ../dist/public/assets/date-utils-COA5zMcC.js                    25.29 kB Ôöé gzip:   7.51 kB
#13 20.03 ../dist/public/assets/Reports-BUxt3Fmt.js                       25.84 kB Ôöé gzip:   6.59 kB
#13 20.03 ../dist/public/assets/purify.es-4eNOHKSq.js                     28.74 kB Ôöé gzip:  11.02 kB
#13 20.03 ../dist/public/assets/CreateCommunication-6koIXqY1.js           30.73 kB Ôöé gzip:  10.18 kB
#13 20.03 ../dist/public/assets/HRDashboard-UD1Un9yu.js                   30.93 kB Ôöé gzip:   6.60 kB
#13 20.03 ../dist/public/assets/ClientDetails-DnQzegg-.js                 31.37 kB Ôöé gzip:   6.57 kB
#13 20.03 ../dist/public/assets/DocumentTemplates-DShvO5Mf.js             31.39 kB Ôöé gzip:   6.59 kB
#13 20.03 ../dist/public/assets/pdfGenerator-C56RwpJI.js                  37.65 kB Ôöé gzip:  11.12 kB
#13 20.03 ../dist/public/assets/LandingPage-CD6LAxqb.js                   37.92 kB Ôöé gzip:  10.06 kB
#13 20.03 ../dist/public/assets/RichTextEditor-V5mn9YAU.js                37.96 kB Ôöé gzip:   8.43 kB
#13 20.03 ../dist/public/assets/OrgEmployeeDetails-CmLUf3Za.js            41.96 kB Ôöé gzip:   8.45 kB
#13 20.03 ../dist/public/assets/AdminManagement-V-u1iPRD.js               42.17 kB Ôöé gzip:   9.95 kB
#13 20.03 ../dist/public/assets/EmployeeDetails-CwqP6u-f.js               42.71 kB Ôöé gzip:   8.55 kB
#13 20.03 ../dist/public/assets/OrgLayout-C3RmnP-F.js                     44.28 kB Ôöé gzip:  11.13 kB
#13 20.03 ../dist/public/assets/ProjectDetails-wbtcQplY.js                45.29 kB Ôöé gzip:   9.42 kB
#13 20.03 ../dist/public/assets/AdminEmailTemplates-hqVVZbHC.js           51.49 kB Ôöé gzip:  12.43 kB
#13 20.03 ../dist/public/assets/lucide-react-BFIjfoL5.js                  61.58 kB Ôöé gzip:  18.04 kB
#13 20.03 ../dist/public/assets/DocumentBlockEditor-Bp9ODj1B.js           68.90 kB Ôöé gzip:  15.76 kB
#13 20.03 ../dist/public/assets/MultiTenancy-Csb5NoQr.js                  69.67 kB Ôöé gzip:  13.96 kB
#13 20.03 ../dist/public/assets/CreateQuote-Do8paFbX.js                   71.71 kB Ôöé gzip:  19.54 kB
#13 20.03 ../dist/public/assets/WebsiteAdmin-uG5pmByf.js                  75.47 kB Ôöé gzip:  14.38 kB
#13 20.03 ../dist/public/assets/api-client-BvX2riSn.js                    81.61 kB Ôöé gzip:  22.27 kB
#13 20.03 ../dist/public/assets/index.es-CzHmHxzJ.js                     158.79 kB Ôöé gzip:  53.05 kB
#13 20.03 ../dist/public/assets/html2canvas-DXEQVQnt.js                  201.04 kB Ôöé gzip:  47.43 kB
#13 20.03 ../dist/public/assets/Settings-gXXa2pUm.js                     284.76 kB Ôöé gzip:  53.90 kB
#13 20.03 ../dist/public/assets/vendor-react-ui-BcLy8Tpi.js              314.57 kB Ôöé gzip: 100.19 kB
#13 20.03 ../dist/public/assets/OrgSettings-ceic6eRw.js                  326.36 kB Ôöé gzip:  65.41 kB
#13 20.03 ../dist/public/assets/jspdf.es.min-C52qyMCg.js                 384.80 kB Ôöé gzip: 125.62 kB
#13 20.03 ../dist/public/assets/rich-editor-DQKc7IGv.js                  414.84 kB Ôöé gzip: 130.90 kB
#13 20.03 ../dist/public/assets/xlsx-BojT3SgY.js                         424.38 kB Ôöé gzip: 141.60 kB
#13 20.03 ../dist/public/assets/index-Brg316sJ.js                        873.90 kB Ôöé gzip: 224.32 kB
#13 20.03 Ô£ô built in 15.69s
#13 20.55 
#13 20.55   dist/index.js  3.6mb ÔÜá´©Å
#13 20.55 
#13 20.55 ÔÜí Done in 66ms
#13 DONE 21.0s

#14 [9/9] RUN chmod +x /app/docker/entrypoint.sh
#14 DONE 0.3s

#15 exporting to image
#15 exporting layers
#15 exporting layers 7.9s done
#15 exporting manifest sha256:26df929857bb0efcf2d5e693ac16210ad194f58eb5c967233705e24961991eab 0.0s done
#15 exporting config sha256:72a2b2555a4e68d679642c88751edca5d021a6e7d043f67928ca178dce4dfac7 0.0s done
#15 exporting attestation manifest sha256:9630667bd233f0092b99492bdbc7f8d9dd50efa6a1591f467f85d3dfab97cbac 0.0s done
#15 exporting manifest list sha256:4bf83cd56ef1a751b0d7d33584926a1712c1c6967ecb19deb7f23f4d3ea6a832 0.0s done
#15 naming to docker.io/library/Kiini: One Hub. Total Control-app:latest
#15 naming to docker.io/library/Kiini: One Hub. Total Control-app:latest done
#15 unpacking to docker.io/library/Kiini: One Hub. Total Control-app:latest
#15 unpacking to docker.io/library/Kiini: One Hub. Total Control-app:latest 1.3s done
#15 DONE 9.3s

#16 resolving provenance for metadata file
#16 DONE 0.0s
 Image Kiini: One Hub. Total Control-app Built 
 Container Kiini: One Hub. Total Control-db-1 Running 
 Container Kiini: One Hub. Total Control-app-1 Recreate 
 Container Kiini: One Hub. Total Control-app-1 Recreated 
 Container Kiini: One Hub. Total Control-db-1 Waiting 
 Container Kiini: One Hub. Total Control-db-1 Healthy 
 Container Kiini: One Hub. Total Control-app-1 Starting 
 Container Kiini: One Hub. Total Control-app-1 Started 
