
> kiini-one-hub-total-control@1.0.0 build
> vite build && esbuild server/_core/index.ts --platform=node --packages=external --bundle --format=esm --outdir=dist

[36mvite v7.3.1 [32mbuilding client environment for production...[36m[39m
(node:16968) [DEP0205] DeprecationWarning: `module.register()` is deprecated. Use `module.registerHooks()` instead.
(Use `node --trace-deprecation ...` to show where the warning was created)
(!) %VITE_APP_TITLE% is not defined in env variables found in /index.html. Is the variable mistyped?
(!) %VITE_ANALYTICS_ENDPOINT% is not defined in env variables found in /index.html. Is the variable mistyped?
(!) %VITE_ANALYTICS_WEBSITE_ID% is not defined in env variables found in /index.html. Is the variable mistyped?
transforming...
[plugin vite:esbuild] client/src/pages/org/OrgSettings.tsx: This case clause will never be evaluated because it duplicates an earlier case clause
2321 |            </Card>
2322 |          );
2323 |        case "theme": {
     |             ^
2324 |          const { config: themeConfig, updateThemeConfig, applyThemeToDOM } = useOrgThemeCustomization();
2325 |          const saveThemeConfig = trpc.orgThemeCustomization.saveConfig.useMutation({

[32mÔ£ô[39m 3740 modules transformed.
rendering chunks...
computing gzip size...
[2m../dist/public/[22m[32mindex.html                                      [39m[1m[2m  4.00 kB[22m[1m[22m[2m Ôöé gzip:   1.68 kB[22m
[2m../dist/public/[22m[35massets/index-DeiOLFtA.css                       [39m[1m[2m374.96 kB[22m[1m[22m[2m Ôöé gzip:  46.20 kB[22m
[2m../dist/public/[22m[36massets/MaterialTailwindContext-DlOraGTm.js      [39m[1m[2m  0.07 kB[22m[1m[22m[2m Ôöé gzip:   0.09 kB[22m
[2m../dist/public/[22m[36massets/trpc-bA_zHGMf.js                         [39m[1m[2m  0.07 kB[22m[1m[22m[2m Ôöé gzip:   0.09 kB[22m
[2m../dist/public/[22m[36massets/use-toast-DytHfzqB.js                    [39m[1m[2m  0.10 kB[22m[1m[22m[2m Ôöé gzip:   0.11 kB[22m
[2m../dist/public/[22m[36massets/LineChart-CG85H6Fz.js                    [39m[1m[2m  0.26 kB[22m[1m[22m[2m Ôöé gzip:   0.21 kB[22m
[2m../dist/public/[22m[36massets/AreaChart-t0uzl-eo.js                    [39m[1m[2m  0.26 kB[22m[1m[22m[2m Ôöé gzip:   0.21 kB[22m
[2m../dist/public/[22m[36massets/communications-DPNzK-66.js               [39m[1m[2m  0.27 kB[22m[1m[22m[2m Ôöé gzip:   0.21 kB[22m
[2m../dist/public/[22m[36massets/paymentMethods-r32LliAe.js               [39m[1m[2m  0.31 kB[22m[1m[22m[2m Ôöé gzip:   0.24 kB[22m
[2m../dist/public/[22m[36massets/ComposedChart-Bl6jdbC6.js                [39m[1m[2m  0.40 kB[22m[1m[22m[2m Ôöé gzip:   0.27 kB[22m
[2m../dist/public/[22m[36massets/useUserLookup-CV5iT9KN.js                [39m[1m[2m  0.41 kB[22m[1m[22m[2m Ôöé gzip:   0.32 kB[22m
[2m../dist/public/[22m[36massets/skeleton-C8VMNriW.js                     [39m[1m[2m  0.42 kB[22m[1m[22m[2m Ôöé gzip:   0.31 kB[22m
[2m../dist/public/[22m[36massets/exportCsv-CNzVNdz4.js                    [39m[1m[2m  0.44 kB[22m[1m[22m[2m Ôöé gzip:   0.33 kB[22m
[2m../dist/public/[22m[36massets/spinner-B2e0Uwmd.js                      [39m[1m[2m  0.46 kB[22m[1m[22m[2m Ôöé gzip:   0.33 kB[22m
[2m../dist/public/[22m[36massets/documentTemplateHelpers-CWDhKcZ_.js      [39m[1m[2m  0.47 kB[22m[1m[22m[2m Ôöé gzip:   0.27 kB[22m
[2m../dist/public/[22m[36massets/label-DP5RCBpp.js                        [39m[1m[2m  0.52 kB[22m[1m[22m[2m Ôöé gzip:   0.37 kB[22m
[2m../dist/public/[22m[36massets/useCompanyInfo-rDNVK2Pl.js               [39m[1m[2m  0.52 kB[22m[1m[22m[2m Ôöé gzip:   0.36 kB[22m
[2m../dist/public/[22m[36massets/export-utils-Ch8zy1ax.js                 [39m[1m[2m  0.57 kB[22m[1m[22m[2m Ôöé gzip:   0.40 kB[22m
[2m../dist/public/[22m[36massets/useOrgPermission-CJtLPS-8.js             [39m[1m[2m  0.59 kB[22m[1m[22m[2m Ôöé gzip:   0.40 kB[22m
[2m../dist/public/[22m[36massets/useFavorite-Cnqcy7me.js                  [39m[1m[2m  0.59 kB[22m[1m[22m[2m Ôöé gzip:   0.35 kB[22m
[2m../dist/public/[22m[36massets/textarea-QmDdVf-a.js                     [39m[1m[2m  0.69 kB[22m[1m[22m[2m Ôöé gzip:   0.46 kB[22m
[2m../dist/public/[22m[36massets/activityLog-B-yh0W2G.js                  [39m[1m[2m  0.75 kB[22m[1m[22m[2m Ôöé gzip:   0.36 kB[22m
[2m../dist/public/[22m[36massets/progress-DtffGW9E.js                     [39m[1m[2m  0.82 kB[22m[1m[22m[2m Ôöé gzip:   0.44 kB[22m
[2m../dist/public/[22m[36massets/healthScore-hLzRzKdj.js                  [39m[1m[2m  0.89 kB[22m[1m[22m[2m Ôöé gzip:   0.52 kB[22m
[2m../dist/public/[22m[36massets/collapsible-VmTcP-v4.js                  [39m[1m[2m  0.90 kB[22m[1m[22m[2m Ôöé gzip:   0.33 kB[22m
[2m../dist/public/[22m[36massets/format-XyXgtmZc.js                       [39m[1m[2m  1.15 kB[22m[1m[22m[2m Ôöé gzip:   0.55 kB[22m
[2m../dist/public/[22m[36massets/popover-DtWPRUKD.js                      [39m[1m[2m  1.20 kB[22m[1m[22m[2m Ôöé gzip:   0.58 kB[22m
[2m../dist/public/[22m[36massets/switch-N-WRF84X.js                       [39m[1m[2m  1.27 kB[22m[1m[22m[2m Ôöé gzip:   0.60 kB[22m
[2m../dist/public/[22m[36massets/checkbox-D7pCcpQQ.js                     [39m[1m[2m  1.48 kB[22m[1m[22m[2m Ôöé gzip:   0.61 kB[22m
[2m../dist/public/[22m[36massets/alert-ChYIm1Md.js                        [39m[1m[2m  1.61 kB[22m[1m[22m[2m Ôöé gzip:   0.68 kB[22m
[2m../dist/public/[22m[36massets/designSystem-BjMWY9N5.js                 [39m[1m[2m  1.76 kB[22m[1m[22m[2m Ôöé gzip:   0.66 kB[22m
[2m../dist/public/[22m[36massets/OrgModuleLayout-BtMIn-7R.js              [39m[1m[2m  1.91 kB[22m[1m[22m[2m Ôöé gzip:   0.60 kB[22m
[2m../dist/public/[22m[36massets/SummaryStatCards-CuF_yPfd.js             [39m[1m[2m  2.43 kB[22m[1m[22m[2m Ôöé gzip:   0.77 kB[22m
[2m../dist/public/[22m[36massets/accordion-DgiWGZRJ.js                    [39m[1m[2m  2.59 kB[22m[1m[22m[2m Ôöé gzip:   0.81 kB[22m
[2m../dist/public/[22m[36massets/ModuleLayout-_Wqd5wzw.js                 [39m[1m[2m  2.64 kB[22m[1m[22m[2m Ôöé gzip:   0.75 kB[22m
[2m../dist/public/[22m[36massets/PermissionGuard-Bn76InLg.js              [39m[1m[2m  2.71 kB[22m[1m[22m[2m Ôöé gzip:   0.79 kB[22m
[2m../dist/public/[22m[36massets/Messages-BS8iN0zD.js                     [39m[1m[2m  2.74 kB[22m[1m[22m[2m Ôöé gzip:   0.85 kB[22m
[2m../dist/public/[22m[36massets/actions-CWH4iZI1.js                      [39m[1m[2m  3.06 kB[22m[1m[22m[2m Ôöé gzip:   1.31 kB[22m
[2m../dist/public/[22m[36massets/DeleteConfirmationModal-D5i-COWh.js      [39m[1m[2m  3.07 kB[22m[1m[22m[2m Ôöé gzip:   0.72 kB[22m
[2m../dist/public/[22m[36massets/RoleBasedDashboard-DDh7EbIi.js           [39m[1m[2m  3.13 kB[22m[1m[22m[2m Ôöé gzip:   0.90 kB[22m
[2m../dist/public/[22m[36massets/PhoneInput-xzt6hqCJ.js                   [39m[1m[2m  3.19 kB[22m[1m[22m[2m Ôöé gzip:   0.94 kB[22m
[2m../dist/public/[22m[36massets/table-BMJGJwVC.js                        [39m[1m[2m  3.38 kB[22m[1m[22m[2m Ôöé gzip:   0.83 kB[22m
[2m../dist/public/[22m[36massets/stats-card-DOILOxLn.js                   [39m[1m[2m  3.78 kB[22m[1m[22m[2m Ôöé gzip:   1.02 kB[22m
[2m../dist/public/[22m[36massets/alert-dialog-kou5aJNm.js                 [39m[1m[2m  3.99 kB[22m[1m[22m[2m Ôöé gzip:   0.96 kB[22m
[2m../dist/public/[22m[36massets/OrgAssets-mUOwclxd.js                    [39m[1m[2m  4.11 kB[22m[1m[22m[2m Ôöé gzip:   0.86 kB[22m
[2m../dist/public/[22m[36massets/OrgImprests-C9Xl4cKe.js                  [39m[1m[2m  4.18 kB[22m[1m[22m[2m Ôöé gzip:   0.87 kB[22m
[2m../dist/public/[22m[36massets/dialog-BgNxaTb6.js                       [39m[1m[2m  4.21 kB[22m[1m[22m[2m Ôöé gzip:   1.09 kB[22m
[2m../dist/public/[22m[36massets/OrgStaffChat-CkZomQa9.js                 [39m[1m[2m  4.22 kB[22m[1m[22m[2m Ôöé gzip:   0.88 kB[22m
[2m../dist/public/[22m[36massets/OrgDocuments-CAmBtFKr.js                 [39m[1m[2m  4.22 kB[22m[1m[22m[2m Ôöé gzip:   0.87 kB[22m
[2m../dist/public/[22m[36massets/OrgTimesheets-BA4fn7hD.js                [39m[1m[2m  4.26 kB[22m[1m[22m[2m Ôöé gzip:   0.88 kB[22m
[2m../dist/public/[22m[36massets/OrgForecasting-lzZySEp7.js               [39m[1m[2m  4.30 kB[22m[1m[22m[2m Ôöé gzip:   0.87 kB[22m
[2m../dist/public/[22m[36massets/OrgDeliveryNotes-CEiOBwzF.js             [39m[1m[2m  4.37 kB[22m[1m[22m[2m Ôöé gzip:   0.88 kB[22m
[2m../dist/public/[22m[36massets/OrgKnowledgebase-DrPS-QY5.js             [39m[1m[2m  4.37 kB[22m[1m[22m[2m Ôöé gzip:   0.88 kB[22m
[2m../dist/public/[22m[36massets/OrgTaxCompliance-CjSz7Q5t.js             [39m[1m[2m  4.38 kB[22m[1m[22m[2m Ôöé gzip:   0.88 kB[22m
[2m../dist/public/[22m[36massets/CreateReceipt-B_CbAAr3.js                [39m[1m[2m  4.39 kB[22m[1m[22m[2m Ôöé gzip:   1.58 kB[22m
[2m../dist/public/[22m[36massets/OrgSubscriptions-BmbIMd0I.js             [39m[1m[2m  4.39 kB[22m[1m[22m[2m Ôöé gzip:   0.86 kB[22m
[2m../dist/public/[22m[36massets/OrgPurchaseOrders-DGEY0JVR.js            [39m[1m[2m  4.40 kB[22m[1m[22m[2m Ôöé gzip:   0.88 kB[22m
[2m../dist/public/[22m[36massets/SmsQueue-DGVhSfYe.js                     [39m[1m[2m  4.40 kB[22m[1m[22m[2m Ôöé gzip:   1.21 kB[22m
[2m../dist/public/[22m[36massets/OrgCannedResponses-C_VRxlbu.js           [39m[1m[2m  4.44 kB[22m[1m[22m[2m Ôöé gzip:   0.88 kB[22m
[2m../dist/public/[22m[36massets/CreateClient-BdEMaWzs.js                 [39m[1m[2m  4.50 kB[22m[1m[22m[2m Ôöé gzip:   1.59 kB[22m
[2m../dist/public/[22m[36massets/OrgContractTemplates-UX5xnXAd.js         [39m[1m[2m  4.52 kB[22m[1m[22m[2m Ôöé gzip:   0.89 kB[22m
[2m../dist/public/[22m[36massets/OrgPerformanceReviews-CaaG3wA8.js        [39m[1m[2m  4.56 kB[22m[1m[22m[2m Ôöé gzip:   0.89 kB[22m
[2m../dist/public/[22m[36massets/CreateProduct-APbgLAC-.js                [39m[1m[2m  4.69 kB[22m[1m[22m[2m Ôöé gzip:   1.53 kB[22m
[2m../dist/public/[22m[36massets/OrgCreateProduct-C9FZbPZt.js             [39m[1m[2m  4.86 kB[22m[1m[22m[2m Ôöé gzip:   1.53 kB[22m
[2m../dist/public/[22m[36massets/CreateEstimate-AH9hCRKr.js               [39m[1m[2m  4.86 kB[22m[1m[22m[2m Ôöé gzip:   1.93 kB[22m
[2m../dist/public/[22m[36massets/OrgBreadcrumb-D51vZ1q3.js                [39m[1m[2m  4.90 kB[22m[1m[22m[2m Ôöé gzip:   1.05 kB[22m
[2m../dist/public/[22m[36massets/NotFound-B-PM_EKR.js                     [39m[1m[2m  5.11 kB[22m[1m[22m[2m Ôöé gzip:   1.19 kB[22m
[2m../dist/public/[22m[36massets/OrgModulePage-C8hfkotL.js                [39m[1m[2m  5.30 kB[22m[1m[22m[2m Ôöé gzip:   1.30 kB[22m
[2m../dist/public/[22m[36massets/CreateSupplier-QW64nz4d.js               [39m[1m[2m  5.32 kB[22m[1m[22m[2m Ôöé gzip:   1.78 kB[22m
[2m../dist/public/[22m[36massets/OrgLPOs-D4GxyJXV.js                      [39m[1m[2m  5.34 kB[22m[1m[22m[2m Ôöé gzip:   1.24 kB[22m
[2m../dist/public/[22m[36massets/CreateImprest-XXI_xf_h.js                [39m[1m[2m  5.57 kB[22m[1m[22m[2m Ôöé gzip:   1.34 kB[22m
[2m../dist/public/[22m[36massets/PageHeader-D9mkwI30.js                   [39m[1m[2m  5.85 kB[22m[1m[22m[2m Ôöé gzip:   1.27 kB[22m
[2m../dist/public/[22m[36massets/BiTools-DhEJdNL0.js                      [39m[1m[2m  5.87 kB[22m[1m[22m[2m Ôöé gzip:   1.51 kB[22m
[2m../dist/public/[22m[36massets/RowActionsMenu-KYm6mxvY.js               [39m[1m[2m  5.97 kB[22m[1m[22m[2m Ôöé gzip:   1.09 kB[22m
[2m../dist/public/[22m[36massets/TenantAdminDetails-DxnJCZZS.js           [39m[1m[2m  6.04 kB[22m[1m[22m[2m Ôöé gzip:   1.01 kB[22m
[2m../dist/public/[22m[36massets/data-table-controls-D9vI09XT.js          [39m[1m[2m  6.23 kB[22m[1m[22m[2m Ôöé gzip:   1.29 kB[22m
[2m../dist/public/[22m[36massets/OrgFinancialDashboard-CxWHN52p.js        [39m[1m[2m  6.33 kB[22m[1m[22m[2m Ôöé gzip:   1.69 kB[22m
[2m../dist/public/[22m[36massets/TenantUserDetails-CHR5nqYu.js            [39m[1m[2m  6.52 kB[22m[1m[22m[2m Ôöé gzip:   1.06 kB[22m
[2m../dist/public/[22m[36massets/ListPageToolbar-D98S6UoY.js              [39m[1m[2m  6.94 kB[22m[1m[22m[2m Ôöé gzip:   1.23 kB[22m
[2m../dist/public/[22m[36massets/ICTSystemSettings-BNCsUXon.js            [39m[1m[2m  6.94 kB[22m[1m[22m[2m Ôöé gzip:   1.54 kB[22m
[2m../dist/public/[22m[36massets/EditReceipt-CqW5uzLT.js                  [39m[1m[2m  7.25 kB[22m[1m[22m[2m Ôöé gzip:   1.95 kB[22m
[2m../dist/public/[22m[36massets/OrgEditProduct-CiZKxv2b.js               [39m[1m[2m  7.28 kB[22m[1m[22m[2m Ôöé gzip:   1.97 kB[22m
[2m../dist/public/[22m[36massets/useOrgAccess-Cvu5CpA_.js                 [39m[1m[2m  7.34 kB[22m[1m[22m[2m Ôöé gzip:   1.63 kB[22m
[2m../dist/public/[22m[36massets/CustomFields-Dl8ab5fz.js                 [39m[1m[2m  7.34 kB[22m[1m[22m[2m Ôöé gzip:   1.34 kB[22m
[2m../dist/public/[22m[36massets/EditEstimate-bnfiiNT-.js                 [39m[1m[2m  7.39 kB[22m[1m[22m[2m Ôöé gzip:   2.00 kB[22m
[2m../dist/public/[22m[36massets/EnhancedBulkActions-_fgCy4iM.js          [39m[1m[2m  7.48 kB[22m[1m[22m[2m Ôöé gzip:   1.59 kB[22m
[2m../dist/public/[22m[36massets/Sales-DV4uHg92.js                        [39m[1m[2m  7.52 kB[22m[1m[22m[2m Ôöé gzip:   1.70 kB[22m
[2m../dist/public/[22m[36massets/Search-CTidAvSe.js                       [39m[1m[2m  7.54 kB[22m[1m[22m[2m Ôöé gzip:   1.88 kB[22m
[2m../dist/public/[22m[36massets/locations-CtzeVEdQ.js                    [39m[1m[2m  7.69 kB[22m[1m[22m[2m Ôöé gzip:   2.76 kB[22m
[2m../dist/public/[22m[36massets/EditInvoice-C1i4E6FF.js                  [39m[1m[2m  7.86 kB[22m[1m[22m[2m Ôöé gzip:   2.08 kB[22m
[2m../dist/public/[22m[36massets/TableColumnSettings-DHk-78Af.js          [39m[1m[2m  7.87 kB[22m[1m[22m[2m Ôöé gzip:   1.67 kB[22m
[2m../dist/public/[22m[36massets/Home-B-3A0o26.js                         [39m[1m[2m  7.97 kB[22m[1m[22m[2m Ôöé gzip:   1.85 kB[22m
[2m../dist/public/[22m[36massets/CreateBudget-BpkIyUfK.js                 [39m[1m[2m  7.97 kB[22m[1m[22m[2m Ôöé gzip:   1.76 kB[22m
[2m../dist/public/[22m[36massets/LocationSelects-DiN9FQyB.js              [39m[1m[2m  8.22 kB[22m[1m[22m[2m Ôöé gzip:   1.02 kB[22m
[2m../dist/public/[22m[36massets/OrgCreateSupplier-BBDBK4bc.js            [39m[1m[2m  8.66 kB[22m[1m[22m[2m Ôöé gzip:   2.18 kB[22m
[2m../dist/public/[22m[36massets/DashboardBuilderPro-7uL_fiTZ.js          [39m[1m[2m  9.00 kB[22m[1m[22m[2m Ôöé gzip:   1.64 kB[22m
[2m../dist/public/[22m[36massets/EditDepartment-DA3wW7GX.js               [39m[1m[2m  9.11 kB[22m[1m[22m[2m Ôöé gzip:   1.84 kB[22m
[2m../dist/public/[22m[36massets/EditClient-E319L-kX.js                   [39m[1m[2m  9.16 kB[22m[1m[22m[2m Ôöé gzip:   2.30 kB[22m
[2m../dist/public/[22m[36massets/EditBudget-DTgeDZre.js                   [39m[1m[2m  9.19 kB[22m[1m[22m[2m Ôöé gzip:   1.98 kB[22m
[2m../dist/public/[22m[36massets/CreditNotes-BOCa8tCO.js                  [39m[1m[2m  9.35 kB[22m[1m[22m[2m Ôöé gzip:   1.79 kB[22m
[2m../dist/public/[22m[36massets/CreateDepartment-BDj7FGhS.js             [39m[1m[2m  9.36 kB[22m[1m[22m[2m Ôöé gzip:   1.88 kB[22m
[2m../dist/public/[22m[36massets/ICTAnalytics-D3p9XB_p.js                 [39m[1m[2m  9.82 kB[22m[1m[22m[2m Ôöé gzip:   1.73 kB[22m
[2m../dist/public/[22m[36massets/EditProduct-BI0x8Qiw.js                  [39m[1m[2m  9.93 kB[22m[1m[22m[2m Ôöé gzip:   2.31 kB[22m
[2m../dist/public/[22m[36massets/CreateLPO-azVJwlHI.js                    [39m[1m[2m 10.07 kB[22m[1m[22m[2m Ôöé gzip:   1.98 kB[22m
[2m../dist/public/[22m[36massets/EditSupplier-C-9Q2hiW.js                 [39m[1m[2m 10.10 kB[22m[1m[22m[2m Ôöé gzip:   2.57 kB[22m
[2m../dist/public/[22m[36massets/ReportsDetails-Do9H74zj.js               [39m[1m[2m 10.12 kB[22m[1m[22m[2m Ôöé gzip:   1.70 kB[22m
[2m../dist/public/[22m[36massets/OrgAI-B2RRBwvi.js                        [39m[1m[2m 10.37 kB[22m[1m[22m[2m Ôöé gzip:   2.34 kB[22m
[2m../dist/public/[22m[36massets/CreatePurchaseOrder-Bstpwvfr.js          [39m[1m[2m 10.41 kB[22m[1m[22m[2m Ôöé gzip:   1.74 kB[22m
[2m../dist/public/[22m[36massets/FinancialReports-Ch-6bj4A.js             [39m[1m[2m 10.46 kB[22m[1m[22m[2m Ôöé gzip:   1.76 kB[22m
[2m../dist/public/[22m[36massets/EmailQueue-xJbvMbjB.js                   [39m[1m[2m 10.48 kB[22m[1m[22m[2m Ôöé gzip:   2.13 kB[22m
[2m../dist/public/[22m[36massets/ProjectAnalytics-iZ5-Vn5N.js             [39m[1m[2m 10.60 kB[22m[1m[22m[2m Ôöé gzip:   1.99 kB[22m
[2m../dist/public/[22m[36massets/Area-BlFcsP1Q.js                         [39m[1m[2m 10.80 kB[22m[1m[22m[2m Ôöé gzip:   3.98 kB[22m
[2m../dist/public/[22m[36massets/ProductDetails-t4Qu0uO2.js               [39m[1m[2m 10.88 kB[22m[1m[22m[2m Ôöé gzip:   1.91 kB[22m
[2m../dist/public/[22m[36massets/ChartOfAccountsDetails-Dnx9_8Bx.js       [39m[1m[2m 10.89 kB[22m[1m[22m[2m Ôöé gzip:   1.77 kB[22m
[2m../dist/public/[22m[36massets/FunnelAnalysis-CfPeA0_z.js               [39m[1m[2m 10.94 kB[22m[1m[22m[2m Ôöé gzip:   1.80 kB[22m
[2m../dist/public/[22m[36massets/Line-clC_RC1A.js                         [39m[1m[2m 10.95 kB[22m[1m[22m[2m Ôöé gzip:   4.21 kB[22m
[2m../dist/public/[22m[36massets/OrgEditSupplier-CaD7cFUz.js              [39m[1m[2m 11.02 kB[22m[1m[22m[2m Ôöé gzip:   2.63 kB[22m
[2m../dist/public/[22m[36massets/OrgPurchaseOrderDetail-DkpFfiwg.js       [39m[1m[2m 11.06 kB[22m[1m[22m[2m Ôöé gzip:   1.71 kB[22m
[2m../dist/public/[22m[36massets/AuditLogs-CCDw-Kcu.js                    [39m[1m[2m 11.13 kB[22m[1m[22m[2m Ôöé gzip:   2.01 kB[22m
[2m../dist/public/[22m[36massets/OrgEditBudget-DeNCFOP0.js                [39m[1m[2m 11.22 kB[22m[1m[22m[2m Ôöé gzip:   1.88 kB[22m
[2m../dist/public/[22m[36massets/HRDetails-DaWA4cE3.js                    [39m[1m[2m 11.24 kB[22m[1m[22m[2m Ôöé gzip:   1.98 kB[22m
[2m../dist/public/[22m[36massets/OrgCreateLPO-Bv1RTB5R.js                 [39m[1m[2m 11.28 kB[22m[1m[22m[2m Ôöé gzip:   2.08 kB[22m
[2m../dist/public/[22m[36massets/OrgCreatePurchaseOrder-xr2o_53h.js       [39m[1m[2m 11.32 kB[22m[1m[22m[2m Ôöé gzip:   1.77 kB[22m
[2m../dist/public/[22m[36massets/OrgLPODetail-BjwxeXQM.js                 [39m[1m[2m 11.40 kB[22m[1m[22m[2m Ôöé gzip:   2.05 kB[22m
[2m../dist/public/[22m[36massets/Activity-obyMb9Jo.js                     [39m[1m[2m 11.43 kB[22m[1m[22m[2m Ôöé gzip:   2.68 kB[22m
[2m../dist/public/[22m[36massets/EditSalaryStructure-ygVfXPZj.js          [39m[1m[2m 11.45 kB[22m[1m[22m[2m Ôöé gzip:   2.10 kB[22m
[2m../dist/public/[22m[36massets/CreateTicket-BFOYJN6X.js                 [39m[1m[2m 11.74 kB[22m[1m[22m[2m Ôöé gzip:   2.05 kB[22m
[2m../dist/public/[22m[36massets/CreateWarranty-CJwBQkrd.js               [39m[1m[2m 11.78 kB[22m[1m[22m[2m Ôöé gzip:   1.94 kB[22m
[2m../dist/public/[22m[36massets/OrgEditPayment-CP2aHlWf.js               [39m[1m[2m 11.79 kB[22m[1m[22m[2m Ôöé gzip:   1.95 kB[22m
[2m../dist/public/[22m[36massets/Scatter-DB5fnN0R.js                      [39m[1m[2m 11.80 kB[22m[1m[22m[2m Ôöé gzip:   3.78 kB[22m
[2m../dist/public/[22m[36massets/DebitNotes-CPmu0wNT.js                   [39m[1m[2m 11.86 kB[22m[1m[22m[2m Ôöé gzip:   2.86 kB[22m
[2m../dist/public/[22m[36massets/OrgEditApproval-B3kp5EzJ.js              [39m[1m[2m 11.88 kB[22m[1m[22m[2m Ôöé gzip:   1.92 kB[22m
[2m../dist/public/[22m[36massets/OrgEditContact-DRyxwurV.js               [39m[1m[2m 11.97 kB[22m[1m[22m[2m Ôöé gzip:   1.92 kB[22m
[2m../dist/public/[22m[36massets/Login-DGWtCy42.js                        [39m[1m[2m 11.99 kB[22m[1m[22m[2m Ôöé gzip:   2.54 kB[22m
[2m../dist/public/[22m[36massets/OrgEditPurchaseOrder-BvD9nDDl.js         [39m[1m[2m 12.08 kB[22m[1m[22m[2m Ôöé gzip:   2.02 kB[22m
[2m../dist/public/[22m[36massets/ServiceTemplates-DTzyUTfK.js             [39m[1m[2m 12.13 kB[22m[1m[22m[2m Ôöé gzip:   2.68 kB[22m
[2m../dist/public/[22m[36massets/OrgReceiptDetail-Cwnocadh.js             [39m[1m[2m 12.23 kB[22m[1m[22m[2m Ôöé gzip:   1.94 kB[22m
[2m../dist/public/[22m[36massets/WarrantyDetails-C8YIM-H5.js              [39m[1m[2m 12.24 kB[22m[1m[22m[2m Ôöé gzip:   1.80 kB[22m
[2m../dist/public/[22m[36massets/ChangePassword-DfP5lb9r.js               [39m[1m[2m 12.24 kB[22m[1m[22m[2m Ôöé gzip:   2.33 kB[22m
[2m../dist/public/[22m[36massets/CreateAttendance-B48Fowwd.js             [39m[1m[2m 12.36 kB[22m[1m[22m[2m Ôöé gzip:   2.07 kB[22m
[2m../dist/public/[22m[36massets/EditAllowance-t4KMPeKT.js                [39m[1m[2m 12.40 kB[22m[1m[22m[2m Ôöé gzip:   2.27 kB[22m
[2m../dist/public/[22m[36massets/OrgQuotationDetail-OHPRAa3Z.js           [39m[1m[2m 12.44 kB[22m[1m[22m[2m Ôöé gzip:   1.94 kB[22m
[2m../dist/public/[22m[36massets/CreateLeaveRequest-DlbSMxLu.js           [39m[1m[2m 12.45 kB[22m[1m[22m[2m Ôöé gzip:   2.06 kB[22m
[2m../dist/public/[22m[36massets/EditBenefit-C56UIpZL.js                  [39m[1m[2m 12.47 kB[22m[1m[22m[2m Ôöé gzip:   2.36 kB[22m
[2m../dist/public/[22m[36massets/CohortAnalysis-GBolbPQp.js               [39m[1m[2m 12.48 kB[22m[1m[22m[2m Ôöé gzip:   1.84 kB[22m
[2m../dist/public/[22m[36massets/SalesManagerDashboard-BVAQfUMC.js        [39m[1m[2m 12.53 kB[22m[1m[22m[2m Ôöé gzip:   1.59 kB[22m
[2m../dist/public/[22m[36massets/CreateInvoice-CGkP6Dxj.js                [39m[1m[2m 12.61 kB[22m[1m[22m[2m Ôöé gzip:   3.03 kB[22m
[2m../dist/public/[22m[36massets/Blog-xyUQk-le.js                         [39m[1m[2m 12.78 kB[22m[1m[22m[2m Ôöé gzip:   2.25 kB[22m
[2m../dist/public/[22m[36massets/OrgContacts-Cs2ZxkYV.js                  [39m[1m[2m 12.79 kB[22m[1m[22m[2m Ôöé gzip:   2.48 kB[22m
[2m../dist/public/[22m[36massets/ProposalDetails-6O_BkjL4.js              [39m[1m[2m 12.91 kB[22m[1m[22m[2m Ôöé gzip:   1.91 kB[22m
[2m../dist/public/[22m[36massets/OrgEditEstimate-ypQWcNte.js              [39m[1m[2m 13.02 kB[22m[1m[22m[2m Ôöé gzip:   2.07 kB[22m
[2m../dist/public/[22m[36massets/OrgActivity-C-uhOTPy.js                  [39m[1m[2m 13.07 kB[22m[1m[22m[2m Ôöé gzip:   2.91 kB[22m
[2m../dist/public/[22m[36massets/OrgCreateAttendance-BOZ2m5KR.js          [39m[1m[2m 13.16 kB[22m[1m[22m[2m Ôöé gzip:   1.90 kB[22m
[2m../dist/public/[22m[36massets/EditDeduction-D4sWRA3H.js                [39m[1m[2m 13.19 kB[22m[1m[22m[2m Ôöé gzip:   2.38 kB[22m
[2m../dist/public/[22m[36massets/CreateAllowance-DE-6xR-O.js              [39m[1m[2m 13.20 kB[22m[1m[22m[2m Ôöé gzip:   2.29 kB[22m
[2m../dist/public/[22m[36massets/OrgEditLead-LhXeqJBx.js                  [39m[1m[2m 13.24 kB[22m[1m[22m[2m Ôöé gzip:   2.07 kB[22m
[2m../dist/public/[22m[36massets/BudgetDetails-BSSBfoNU.js                [39m[1m[2m 13.26 kB[22m[1m[22m[2m Ôöé gzip:   2.02 kB[22m
[2m../dist/public/[22m[36massets/ProcurementManagerDashboard-BXZdwYG5.js  [39m[1m[2m 13.31 kB[22m[1m[22m[2m Ôöé gzip:   1.58 kB[22m
[2m../dist/public/[22m[36massets/TenantAdmins-ChCn1xUo.js                 [39m[1m[2m 13.44 kB[22m[1m[22m[2m Ôöé gzip:   2.03 kB[22m
[2m../dist/public/[22m[36massets/OrgInvoices-CEBfIwdr.js                  [39m[1m[2m 13.44 kB[22m[1m[22m[2m Ôöé gzip:   2.69 kB[22m
[2m../dist/public/[22m[36massets/WarrantyManagement-W1FO7YIj.js           [39m[1m[2m 13.47 kB[22m[1m[22m[2m Ôöé gzip:   2.21 kB[22m
[2m../dist/public/[22m[36massets/ConversionAnalytics-gAIR-_Nx.js          [39m[1m[2m 13.52 kB[22m[1m[22m[2m Ôöé gzip:   2.23 kB[22m
[2m../dist/public/[22m[36massets/OrgPayments-WF-wOV8C.js                  [39m[1m[2m 13.55 kB[22m[1m[22m[2m Ôöé gzip:   2.51 kB[22m
[2m../dist/public/[22m[36massets/OrgProducts-DE_PxQjm.js                  [39m[1m[2m 13.62 kB[22m[1m[22m[2m Ôöé gzip:   2.72 kB[22m
[2m../dist/public/[22m[36massets/OrgStaff-CIyVB7TU.js                     [39m[1m[2m 13.79 kB[22m[1m[22m[2m Ôöé gzip:   2.77 kB[22m
[2m../dist/public/[22m[36massets/TenantUsers-BO8H1vNW.js                  [39m[1m[2m 13.84 kB[22m[1m[22m[2m Ôöé gzip:   2.15 kB[22m
[2m../dist/public/[22m[36massets/EditAttendance-DNbw3ffl.js               [39m[1m[2m 13.84 kB[22m[1m[22m[2m Ôöé gzip:   2.31 kB[22m
[2m../dist/public/[22m[36massets/Accounting-C9og8NKE.js                   [39m[1m[2m 13.85 kB[22m[1m[22m[2m Ôöé gzip:   2.63 kB[22m
[2m../dist/public/[22m[36massets/EditTicket-BHMhiUy3.js                   [39m[1m[2m 13.96 kB[22m[1m[22m[2m Ôöé gzip:   2.30 kB[22m
[2m../dist/public/[22m[36massets/RevenueForecasting-BTxIEIW_.js           [39m[1m[2m 13.99 kB[22m[1m[22m[2m Ôöé gzip:   2.36 kB[22m
[2m../dist/public/[22m[36massets/OrgEditProcurement-BKWyAA25.js           [39m[1m[2m 14.18 kB[22m[1m[22m[2m Ôöé gzip:   2.14 kB[22m
[2m../dist/public/[22m[36massets/QuotationDetails-CbojfGG-.js             [39m[1m[2m 14.21 kB[22m[1m[22m[2m Ôöé gzip:   2.44 kB[22m
[2m../dist/public/[22m[36massets/OrgEditAttendance-DSpGni8n.js            [39m[1m[2m 14.25 kB[22m[1m[22m[2m Ôöé gzip:   2.12 kB[22m
[2m../dist/public/[22m[36massets/OrgInventory-CeLrGMKa.js                 [39m[1m[2m 14.26 kB[22m[1m[22m[2m Ôöé gzip:   2.47 kB[22m
[2m../dist/public/[22m[36massets/PaymentDetails-B2WauSfb.js               [39m[1m[2m 14.31 kB[22m[1m[22m[2m Ôöé gzip:   2.54 kB[22m
[2m../dist/public/[22m[36massets/OrgProposalDetail-DUfRJB_m.js            [39m[1m[2m 14.33 kB[22m[1m[22m[2m Ôöé gzip:   2.09 kB[22m
[2m../dist/public/[22m[36massets/EditWarranty-BsRi-R3d.js                 [39m[1m[2m 14.40 kB[22m[1m[22m[2m Ôöé gzip:   2.36 kB[22m
[2m../dist/public/[22m[36massets/OrgServiceDetail-DsvLksXt.js             [39m[1m[2m 14.43 kB[22m[1m[22m[2m Ôöé gzip:   1.87 kB[22m
[2m../dist/public/[22m[36massets/OrgContactDetail-DYDZ5anu.js             [39m[1m[2m 14.48 kB[22m[1m[22m[2m Ôöé gzip:   1.89 kB[22m
[2m../dist/public/[22m[36massets/OrgLeadDetail-Bl8kGBzN.js                [39m[1m[2m 14.50 kB[22m[1m[22m[2m Ôöé gzip:   2.08 kB[22m
[2m../dist/public/[22m[36massets/SalesReports-BmCxf4Dp.js                 [39m[1m[2m 14.56 kB[22m[1m[22m[2m Ôöé gzip:   2.12 kB[22m
[2m../dist/public/[22m[36massets/OrgPaymentDetail-_F-RlC0o.js             [39m[1m[2m 14.56 kB[22m[1m[22m[2m Ôöé gzip:   2.05 kB[22m
[2m../dist/public/[22m[36massets/OrgBudgets-CN0GuVVo.js                   [39m[1m[2m 14.57 kB[22m[1m[22m[2m Ôöé gzip:   2.62 kB[22m
[2m../dist/public/[22m[36massets/OrgEditQuotation-BlIp6TWr.js             [39m[1m[2m 14.57 kB[22m[1m[22m[2m Ôöé gzip:   2.42 kB[22m
[2m../dist/public/[22m[36massets/OrgServices-B98qEc_a.js                  [39m[1m[2m 14.58 kB[22m[1m[22m[2m Ôöé gzip:   2.57 kB[22m
[2m../dist/public/[22m[36massets/Documentation-BeWCZsVV.js                [39m[1m[2m 14.60 kB[22m[1m[22m[2m Ôöé gzip:   3.11 kB[22m
[2m../dist/public/[22m[36massets/GRNDetails-CWatGBui.js                   [39m[1m[2m 14.70 kB[22m[1m[22m[2m Ôöé gzip:   2.46 kB[22m
[2m../dist/public/[22m[36massets/OrgEstimateDetail-BdGC-wDb.js            [39m[1m[2m 14.74 kB[22m[1m[22m[2m Ôöé gzip:   2.08 kB[22m
[2m../dist/public/[22m[36massets/OrgEditOrder-ot1cTZjF.js                 [39m[1m[2m 14.88 kB[22m[1m[22m[2m Ôöé gzip:   2.48 kB[22m
[2m../dist/public/[22m[36massets/OrgCreateService-BeZ5yjBO.js             [39m[1m[2m 14.95 kB[22m[1m[22m[2m Ôöé gzip:   2.09 kB[22m
[2m../dist/public/[22m[36massets/HTMLEditor-DE0dXswO.js                   [39m[1m[2m 14.96 kB[22m[1m[22m[2m Ôöé gzip:   3.07 kB[22m
[2m../dist/public/[22m[36massets/OrgApprovalDetail-DO9Dzmne.js            [39m[1m[2m 14.96 kB[22m[1m[22m[2m Ôöé gzip:   2.06 kB[22m
[2m../dist/public/[22m[36massets/OrgDashboardHome-ChpdQMXg.js             [39m[1m[2m 14.97 kB[22m[1m[22m[2m Ôöé gzip:   2.93 kB[22m
[2m../dist/public/[22m[36massets/OrgProductDetail-CNlbyuUb.js             [39m[1m[2m 14.99 kB[22m[1m[22m[2m Ôöé gzip:   1.93 kB[22m
[2m../dist/public/[22m[36massets/OrgAttendance-Cgxi-RKL.js                [39m[1m[2m 15.03 kB[22m[1m[22m[2m Ôöé gzip:   2.59 kB[22m
[2m../dist/public/[22m[36massets/AssetDetails-BgC0or66.js                 [39m[1m[2m 15.04 kB[22m[1m[22m[2m Ôöé gzip:   2.02 kB[22m
[2m../dist/public/[22m[36massets/OrgJobGroups-DMAD91tQ.js                 [39m[1m[2m 15.08 kB[22m[1m[22m[2m Ôöé gzip:   2.61 kB[22m
[2m../dist/public/[22m[36massets/OrgEditProposal-DrQPn2xd.js              [39m[1m[2m 15.10 kB[22m[1m[22m[2m Ôöé gzip:   2.49 kB[22m
[2m../dist/public/[22m[36massets/OrgEditLPO-D4WbX3Gg.js                   [39m[1m[2m 15.21 kB[22m[1m[22m[2m Ôöé gzip:   2.53 kB[22m
[2m../dist/public/[22m[36massets/OrgDepartments-DGfUGIMu.js               [39m[1m[2m 15.30 kB[22m[1m[22m[2m Ôöé gzip:   2.58 kB[22m
[2m../dist/public/[22m[36massets/OrgCreateOrder-BUXCCGIf.js               [39m[1m[2m 15.35 kB[22m[1m[22m[2m Ôöé gzip:   2.47 kB[22m
[2m../dist/public/[22m[36massets/TestPDFGeneration-DkSw3gWP.js            [39m[1m[2m 15.37 kB[22m[1m[22m[2m Ôöé gzip:   2.49 kB[22m
[2m../dist/public/[22m[36massets/DepartmentDetails-C37SBZc8.js            [39m[1m[2m 15.43 kB[22m[1m[22m[2m Ôöé gzip:   2.42 kB[22m
[2m../dist/public/[22m[36massets/ContractDetails-CgJnmWUu.js              [39m[1m[2m 15.46 kB[22m[1m[22m[2m Ôöé gzip:   2.07 kB[22m
[2m../dist/public/[22m[36massets/OrgAttendanceDetail-ZGJ8HdQT.js          [39m[1m[2m 15.49 kB[22m[1m[22m[2m Ôöé gzip:   2.11 kB[22m
[2m../dist/public/[22m[36massets/OrgExpenses-XLWN9mrf.js                  [39m[1m[2m 15.55 kB[22m[1m[22m[2m Ôöé gzip:   3.07 kB[22m
[2m../dist/public/[22m[36massets/EditLPO-CfCvZ-M8.js                      [39m[1m[2m 15.78 kB[22m[1m[22m[2m Ôöé gzip:   2.68 kB[22m
[2m../dist/public/[22m[36massets/DeliveryNoteDetails-DSnGRO52.js          [39m[1m[2m 15.81 kB[22m[1m[22m[2m Ôöé gzip:   2.44 kB[22m
[2m../dist/public/[22m[36massets/OrgProcurementDetail-CR2qnmZX.js         [39m[1m[2m 15.88 kB[22m[1m[22m[2m Ôöé gzip:   2.12 kB[22m
[2m../dist/public/[22m[36massets/OrgOrderDetail-CqxaAxfU.js               [39m[1m[2m 15.88 kB[22m[1m[22m[2m Ôöé gzip:   2.31 kB[22m
[2m../dist/public/[22m[36massets/OrgCreateQuotation-BDwbFzf0.js           [39m[1m[2m 15.91 kB[22m[1m[22m[2m Ôöé gzip:   2.44 kB[22m
[2m../dist/public/[22m[36massets/ProcurementMaster-BBte9S9E.js            [39m[1m[2m 16.04 kB[22m[1m[22m[2m Ôöé gzip:   2.44 kB[22m
[2m../dist/public/[22m[36massets/HR-L11TMSa7.js                           [39m[1m[2m 16.09 kB[22m[1m[22m[2m Ôöé gzip:   3.09 kB[22m
[2m../dist/public/[22m[36massets/OrgDebitNoteDetail-w5Dkh7_U.js           [39m[1m[2m 16.12 kB[22m[1m[22m[2m Ôöé gzip:   2.18 kB[22m
[2m../dist/public/[22m[36massets/BankReconciliation-CA-mpI9D.js           [39m[1m[2m 16.14 kB[22m[1m[22m[2m Ôöé gzip:   2.67 kB[22m
[2m../dist/public/[22m[36massets/EditUser-DBEIVqJu.js                     [39m[1m[2m 16.14 kB[22m[1m[22m[2m Ôöé gzip:   2.82 kB[22m
[2m../dist/public/[22m[36massets/MFA-CE1fw4uC.js                          [39m[1m[2m 16.18 kB[22m[1m[22m[2m Ôöé gzip:   2.51 kB[22m
[2m../dist/public/[22m[36massets/UserDetails-Bynza-ZP.js                  [39m[1m[2m 16.21 kB[22m[1m[22m[2m Ôöé gzip:   2.18 kB[22m
[2m../dist/public/[22m[36massets/EditBankReconciliation-kXoX24m4.js       [39m[1m[2m 16.26 kB[22m[1m[22m[2m Ôöé gzip:   2.43 kB[22m
[2m../dist/public/[22m[36massets/ProjectsManagement-D60TGfrN.js           [39m[1m[2m 16.27 kB[22m[1m[22m[2m Ôöé gzip:   2.81 kB[22m
[2m../dist/public/[22m[36massets/OrgBudgetDetail-Dzj3XyKm.js              [39m[1m[2m 16.31 kB[22m[1m[22m[2m Ôöé gzip:   2.08 kB[22m
[2m../dist/public/[22m[36massets/TimesheetDetails-7qJgoRFP.js             [39m[1m[2m 16.42 kB[22m[1m[22m[2m Ôöé gzip:   2.17 kB[22m
[2m../dist/public/[22m[36massets/CustomerReports-C7Q27WJQ.js              [39m[1m[2m 16.43 kB[22m[1m[22m[2m Ôöé gzip:   2.76 kB[22m
[2m../dist/public/[22m[36massets/ImprestDetails-wNCVp527.js               [39m[1m[2m 16.50 kB[22m[1m[22m[2m Ôöé gzip:   2.33 kB[22m
[2m../dist/public/[22m[36massets/OrgCreateLeave-BEJcIGW0.js               [39m[1m[2m 16.56 kB[22m[1m[22m[2m Ôöé gzip:   2.64 kB[22m
[2m../dist/public/[22m[36massets/SalaryStructures-TJHteCHM.js             [39m[1m[2m 16.56 kB[22m[1m[22m[2m Ôöé gzip:   2.68 kB[22m
[2m../dist/public/[22m[36massets/ForgotPassword-HIddWFSE.js               [39m[1m[2m 16.60 kB[22m[1m[22m[2m Ôöé gzip:   2.45 kB[22m
[2m../dist/public/[22m[36massets/OrgEditReceipt-DQez3iBz.js               [39m[1m[2m 16.61 kB[22m[1m[22m[2m Ôöé gzip:   2.61 kB[22m
[2m../dist/public/[22m[36massets/OrgDebitNotes-BHqBVhxl.js                [39m[1m[2m 16.75 kB[22m[1m[22m[2m Ôöé gzip:   2.86 kB[22m
[2m../dist/public/[22m[36massets/Products-CSw7hOAF.js                     [39m[1m[2m 16.75 kB[22m[1m[22m[2m Ôöé gzip:   3.22 kB[22m
[2m../dist/public/[22m[36massets/OrgEmployees-BExVdkh_.js                 [39m[1m[2m 16.76 kB[22m[1m[22m[2m Ôöé gzip:   3.03 kB[22m
[2m../dist/public/[22m[36massets/CreateWorkOrder-DzFRs84c.js              [39m[1m[2m 16.77 kB[22m[1m[22m[2m Ôöé gzip:   2.55 kB[22m
[2m../dist/public/[22m[36massets/OrgLeave-Cd0bJeIt.js                     [39m[1m[2m 16.89 kB[22m[1m[22m[2m Ôöé gzip:   3.07 kB[22m
[2m../dist/public/[22m[36massets/CreateSalaryStructure-D-hujEik.js        [39m[1m[2m 16.91 kB[22m[1m[22m[2m Ôöé gzip:   2.59 kB[22m
[2m../dist/public/[22m[36massets/documentTemplate-BYblEFVk.js             [39m[1m[2m 16.93 kB[22m[1m[22m[2m Ôöé gzip:   4.13 kB[22m
[2m../dist/public/[22m[36massets/OrgEditService-NE38dLXl.js               [39m[1m[2m 16.97 kB[22m[1m[22m[2m Ôöé gzip:   2.45 kB[22m
[2m../dist/public/[22m[36massets/DebitNoteDetails-B9mVx-5C.js             [39m[1m[2m 16.99 kB[22m[1m[22m[2m Ôöé gzip:   2.73 kB[22m
[2m../dist/public/[22m[36massets/Calendar-CDL35hjY.js                     [39m[1m[2m 17.01 kB[22m[1m[22m[2m Ôöé gzip:   3.19 kB[22m
[2m../dist/public/[22m[36massets/OrgServiceTemplates-CRNPa-BI.js          [39m[1m[2m 17.06 kB[22m[1m[22m[2m Ôöé gzip:   2.83 kB[22m
[2m../dist/public/[22m[36massets/OrgGRN-B-xRTU-3.js                       [39m[1m[2m 17.08 kB[22m[1m[22m[2m Ôöé gzip:   2.99 kB[22m
[2m../dist/public/[22m[36massets/OrgTasks-BOCoMVqw.js                     [39m[1m[2m 17.09 kB[22m[1m[22m[2m Ôöé gzip:   2.95 kB[22m
[2m../dist/public/[22m[36massets/Profile-Cr5TIsMz.js                      [39m[1m[2m 17.11 kB[22m[1m[22m[2m Ôöé gzip:   3.04 kB[22m
[2m../dist/public/[22m[36massets/EditLeave-yZ2CEetQ.js                    [39m[1m[2m 17.12 kB[22m[1m[22m[2m Ôöé gzip:   2.71 kB[22m
[2m../dist/public/[22m[36massets/OrgCreditNotes-C6DdY5fo.js               [39m[1m[2m 17.12 kB[22m[1m[22m[2m Ôöé gzip:   2.88 kB[22m
[2m../dist/public/[22m[36massets/EditWorkOrder-D4sy04eK.js                [39m[1m[2m 17.13 kB[22m[1m[22m[2m Ôöé gzip:   2.65 kB[22m
[2m../dist/public/[22m[36massets/CreateDebitNote-C9vaAisP.js              [39m[1m[2m 17.15 kB[22m[1m[22m[2m Ôöé gzip:   2.71 kB[22m
[2m../dist/public/[22m[36massets/OrgPayroll-DunaW5x6.js                   [39m[1m[2m 17.16 kB[22m[1m[22m[2m Ôöé gzip:   2.94 kB[22m
[2m../dist/public/[22m[36massets/ChurnPrediction-B3hIc6cN.js              [39m[1m[2m 17.17 kB[22m[1m[22m[2m Ôöé gzip:   2.33 kB[22m
[2m../dist/public/[22m[36massets/EditChartOfAccounts-BbjtnQRP.js          [39m[1m[2m 17.24 kB[22m[1m[22m[2m Ôöé gzip:   2.86 kB[22m
[2m../dist/public/[22m[36massets/AdvancedAnalytics-9PBtz_o5.js            [39m[1m[2m 17.29 kB[22m[1m[22m[2m Ôöé gzip:   2.17 kB[22m
[2m../dist/public/[22m[36massets/OrgCreateProposal-MoNNosbp.js            [39m[1m[2m 17.35 kB[22m[1m[22m[2m Ôöé gzip:   2.62 kB[22m
[2m../dist/public/[22m[36massets/ServiceTemplateDetails-DGeZKkU9.js       [39m[1m[2m 17.36 kB[22m[1m[22m[2m Ôöé gzip:   2.55 kB[22m
[2m../dist/public/[22m[36massets/Projects-64yZdEOn.js                     [39m[1m[2m 17.44 kB[22m[1m[22m[2m Ôöé gzip:   3.28 kB[22m
[2m../dist/public/[22m[36massets/OpportunityDetails-BauAiuPj.js           [39m[1m[2m 17.49 kB[22m[1m[22m[2m Ôöé gzip:   2.60 kB[22m
[2m../dist/public/[22m[36massets/CreateDeduction-Cs1LQpi1.js              [39m[1m[2m 17.53 kB[22m[1m[22m[2m Ôöé gzip:   2.82 kB[22m
[2m../dist/public/[22m[36massets/OrgWarranty-BCYDHynw.js                  [39m[1m[2m 17.60 kB[22m[1m[22m[2m Ôöé gzip:   2.87 kB[22m
[2m../dist/public/[22m[36massets/BankReconciliationDetails-CYMAzva7.js    [39m[1m[2m 17.70 kB[22m[1m[22m[2m Ôöé gzip:   2.27 kB[22m
[2m../dist/public/[22m[36massets/OrgSupplierDetail-CT93i14r.js            [39m[1m[2m 17.70 kB[22m[1m[22m[2m Ôöé gzip:   2.33 kB[22m
[2m../dist/public/[22m[36massets/FinanceSettings-nWPjcIMv.js              [39m[1m[2m 17.74 kB[22m[1m[22m[2m Ôöé gzip:   2.57 kB[22m
[2m../dist/public/[22m[36massets/UserGuide-QQHyLTIz.js                    [39m[1m[2m 17.77 kB[22m[1m[22m[2m Ôöé gzip:   3.76 kB[22m
[2m../dist/public/[22m[36massets/OrgProposals-D0zwfrag.js                 [39m[1m[2m 17.78 kB[22m[1m[22m[2m Ôöé gzip:   3.10 kB[22m
[2m../dist/public/[22m[36massets/OrgBankReconciliation-DC9ThYbm.js        [39m[1m[2m 17.87 kB[22m[1m[22m[2m Ôöé gzip:   2.66 kB[22m
[2m../dist/public/[22m[36massets/OrgTickets-ZZQ0PJ5U.js                   [39m[1m[2m 17.89 kB[22m[1m[22m[2m Ôöé gzip:   3.08 kB[22m
[2m../dist/public/[22m[36massets/OrgContracts-p1TFtcHh.js                 [39m[1m[2m 17.95 kB[22m[1m[22m[2m Ôöé gzip:   3.24 kB[22m
[2m../dist/public/[22m[36massets/OrgChartOfAccounts-CkXqcrkX.js           [39m[1m[2m 17.98 kB[22m[1m[22m[2m Ôöé gzip:   3.05 kB[22m
[2m../dist/public/[22m[36massets/OrgCreateProcurement-B5IuPW6m.js         [39m[1m[2m 18.00 kB[22m[1m[22m[2m Ôöé gzip:   2.62 kB[22m
[2m../dist/public/[22m[36massets/OrderDetails-x3A1OTPf.js                 [39m[1m[2m 18.03 kB[22m[1m[22m[2m Ôöé gzip:   2.47 kB[22m
[2m../dist/public/[22m[36massets/SessionManager-Dv9BUwdR.js               [39m[1m[2m 18.09 kB[22m[1m[22m[2m Ôöé gzip:   2.78 kB[22m
[2m../dist/public/[22m[36massets/OrgProcurement-Dcw9FDzf.js               [39m[1m[2m 18.14 kB[22m[1m[22m[2m Ôöé gzip:   3.13 kB[22m
[2m../dist/public/[22m[36massets/LeaveManagementDetails-8Zc_E0zk.js       [39m[1m[2m 18.18 kB[22m[1m[22m[2m Ôöé gzip:   2.58 kB[22m
[2m../dist/public/[22m[36massets/AttendanceDetails-CZAqLNgv.js            [39m[1m[2m 18.22 kB[22m[1m[22m[2m Ôöé gzip:   2.74 kB[22m
[2m../dist/public/[22m[36massets/Signup-C2U-cG3h.js                       [39m[1m[2m 18.27 kB[22m[1m[22m[2m Ôöé gzip:   3.07 kB[22m
[2m../dist/public/[22m[36massets/OrgWorkOrders-6GTMEu8U.js                [39m[1m[2m 18.31 kB[22m[1m[22m[2m Ôöé gzip:   3.11 kB[22m
[2m../dist/public/[22m[36massets/OrgSuppliers-B9E4EBf0.js                 [39m[1m[2m 18.44 kB[22m[1m[22m[2m Ôöé gzip:   2.93 kB[22m
[2m../dist/public/[22m[36massets/OrgServiceInvoices-CaLCK1lo.js           [39m[1m[2m 18.44 kB[22m[1m[22m[2m Ôöé gzip:   2.97 kB[22m
[2m../dist/public/[22m[36massets/OrgCreateDebitNote-B4EgVsLS.js           [39m[1m[2m 18.45 kB[22m[1m[22m[2m Ôöé gzip:   2.74 kB[22m
[2m../dist/public/[22m[36massets/OrgOrders-BB1zPN4b.js                    [39m[1m[2m 18.49 kB[22m[1m[22m[2m Ôöé gzip:   3.14 kB[22m
[2m../dist/public/[22m[36massets/OrgCreditNoteDetail-Cc8Gkgxe.js          [39m[1m[2m 18.49 kB[22m[1m[22m[2m Ôöé gzip:   2.35 kB[22m
[2m../dist/public/[22m[36massets/Holidays-BWHp4zBv.js                     [39m[1m[2m 18.53 kB[22m[1m[22m[2m Ôöé gzip:   3.06 kB[22m
[2m../dist/public/[22m[36massets/Benefits-CsWgBfS1.js                     [39m[1m[2m 18.56 kB[22m[1m[22m[2m Ôöé gzip:   2.85 kB[22m
[2m../dist/public/[22m[36massets/Attendance-Be6Lw77Y.js                   [39m[1m[2m 18.64 kB[22m[1m[22m[2m Ôöé gzip:   2.88 kB[22m
[2m../dist/public/[22m[36massets/SystemHealthDashboard-6zB0EmbE.js        [39m[1m[2m 18.64 kB[22m[1m[22m[2m Ôöé gzip:   2.63 kB[22m
[2m../dist/public/[22m[36massets/OrgAccounting-KL97FZxC.js                [39m[1m[2m 18.67 kB[22m[1m[22m[2m Ôöé gzip:   3.34 kB[22m
[2m../dist/public/[22m[36massets/EnterpriseSettings-DCPSIAHi.js           [39m[1m[2m 18.72 kB[22m[1m[22m[2m Ôöé gzip:   2.93 kB[22m
[2m../dist/public/[22m[36massets/OrgCreateTicket-Di8owE8h.js              [39m[1m[2m 18.75 kB[22m[1m[22m[2m Ôöé gzip:   2.71 kB[22m
[2m../dist/public/[22m[36massets/OrgCalendar-CyRDOsEh.js                  [39m[1m[2m 18.82 kB[22m[1m[22m[2m Ôöé gzip:   3.34 kB[22m
[2m../dist/public/[22m[36massets/OrgHR-6oOD8Wdi.js                        [39m[1m[2m 18.84 kB[22m[1m[22m[2m Ôöé gzip:   3.33 kB[22m
[2m../dist/public/[22m[36massets/OrgCreateReceipt-DgnbC8j_.js             [39m[1m[2m 18.87 kB[22m[1m[22m[2m Ôöé gzip:   2.77 kB[22m
[2m../dist/public/[22m[36massets/EditOpportunity-qsyDUClE.js              [39m[1m[2m 18.87 kB[22m[1m[22m[2m Ôöé gzip:   2.90 kB[22m
[2m../dist/public/[22m[36massets/ContactDetails-lHoiprqk.js               [39m[1m[2m 18.87 kB[22m[1m[22m[2m Ôöé gzip:   2.30 kB[22m
[2m../dist/public/[22m[36massets/LPODetails-Dem8bJUL.js                   [39m[1m[2m 18.98 kB[22m[1m[22m[2m Ôöé gzip:   2.91 kB[22m
[2m../dist/public/[22m[36massets/OrgQuotations-Cw-vdNMv.js                [39m[1m[2m 18.98 kB[22m[1m[22m[2m Ôöé gzip:   3.10 kB[22m
[2m../dist/public/[22m[36massets/OrgCommunications-Bz8kSLeQ.js            [39m[1m[2m 18.99 kB[22m[1m[22m[2m Ôöé gzip:   3.02 kB[22m
[2m../dist/public/[22m[36massets/Services-zVo7AP64.js                     [39m[1m[2m 19.13 kB[22m[1m[22m[2m Ôöé gzip:   3.10 kB[22m
[2m../dist/public/[22m[36massets/Budgets-DBXWut7f.js                      [39m[1m[2m 19.15 kB[22m[1m[22m[2m Ôöé gzip:   3.23 kB[22m
[2m../dist/public/[22m[36massets/CreditNoteDetails-CPGWg0QL.js            [39m[1m[2m 19.30 kB[22m[1m[22m[2m Ôöé gzip:   2.90 kB[22m
[2m../dist/public/[22m[36massets/OrgProjects-CtDEInTJ.js                  [39m[1m[2m 19.36 kB[22m[1m[22m[2m Ôöé gzip:   3.26 kB[22m
[2m../dist/public/[22m[36massets/CreateService-Br4gWeN2.js                [39m[1m[2m 19.53 kB[22m[1m[22m[2m Ôöé gzip:   3.00 kB[22m
[2m../dist/public/[22m[36massets/ProductForm-DTNjiukT.js                  [39m[1m[2m 19.64 kB[22m[1m[22m[2m Ôöé gzip:   2.48 kB[22m
[2m../dist/public/[22m[36massets/ProjectReports-TN3lxU39.js               [39m[1m[2m 19.67 kB[22m[1m[22m[2m Ôöé gzip:   3.19 kB[22m
[2m../dist/public/[22m[36massets/EditOrder-ClF9CNpp.js                    [39m[1m[2m 19.71 kB[22m[1m[22m[2m Ôöé gzip:   3.25 kB[22m
[2m../dist/public/[22m[36massets/EditDebitNote-Bb4uBQe0.js                [39m[1m[2m 19.77 kB[22m[1m[22m[2m Ôöé gzip:   3.07 kB[22m
[2m../dist/public/[22m[36massets/CreateContact-D7h4qi6k.js                [39m[1m[2m 19.84 kB[22m[1m[22m[2m Ôöé gzip:   2.76 kB[22m
[2m../dist/public/[22m[36massets/ClientPerformance-DIB3rsod.js            [39m[1m[2m 19.89 kB[22m[1m[22m[2m Ôöé gzip:   2.95 kB[22m
[2m../dist/public/[22m[36massets/OrgEditLeave-CTzDmAmS.js                 [39m[1m[2m 19.90 kB[22m[1m[22m[2m Ôöé gzip:   2.92 kB[22m
[2m../dist/public/[22m[36massets/OrgEditContract--icmUgCY.js              [39m[1m[2m 19.93 kB[22m[1m[22m[2m Ôöé gzip:   2.94 kB[22m
[2m../dist/public/[22m[36massets/LeaveBalances-DvSoxZb2.js                [39m[1m[2m 20.05 kB[22m[1m[22m[2m Ôöé gzip:   3.01 kB[22m
[2m../dist/public/[22m[36massets/Contact-BtzJNm2Q.js                      [39m[1m[2m 20.14 kB[22m[1m[22m[2m Ôöé gzip:   3.40 kB[22m
[2m../dist/public/[22m[36massets/TaxComplianceReports-DevVdw0k.js         [39m[1m[2m 20.18 kB[22m[1m[22m[2m Ôöé gzip:   2.44 kB[22m
[2m../dist/public/[22m[36massets/EditService-BDC-FgbK.js                  [39m[1m[2m 20.23 kB[22m[1m[22m[2m Ôöé gzip:   3.45 kB[22m
[2m../dist/public/[22m[36massets/CreateServiceInvoice-Dy6bfzk_.js         [39m[1m[2m 20.29 kB[22m[1m[22m[2m Ôöé gzip:   3.17 kB[22m
[2m../dist/public/[22m[36massets/CreateBenefit-BXNYVxBR.js                [39m[1m[2m 20.37 kB[22m[1m[22m[2m Ôöé gzip:   3.17 kB[22m
[2m../dist/public/[22m[36massets/IntegrationGuides-D24N5lMw.js            [39m[1m[2m 20.48 kB[22m[1m[22m[2m Ôöé gzip:   3.99 kB[22m
[2m../dist/public/[22m[36massets/EditServiceInvoice-4DZ44vLg.js           [39m[1m[2m 20.57 kB[22m[1m[22m[2m Ôöé gzip:   3.27 kB[22m
[2m../dist/public/[22m[36massets/ProjectManagerDashboard-CVKa__9k.js      [39m[1m[2m 20.66 kB[22m[1m[22m[2m Ôöé gzip:   2.90 kB[22m
[2m../dist/public/[22m[36massets/OrgCreateContract-CMxpfjDS.js            [39m[1m[2m 20.70 kB[22m[1m[22m[2m Ôöé gzip:   2.93 kB[22m
[2m../dist/public/[22m[36massets/OrgReceipts-B7ev_MU1.js                  [39m[1m[2m 20.78 kB[22m[1m[22m[2m Ôöé gzip:   3.38 kB[22m
[2m../dist/public/[22m[36massets/CreateOrder-CtztGD9E.js                  [39m[1m[2m 20.94 kB[22m[1m[22m[2m Ôöé gzip:   3.24 kB[22m
[2m../dist/public/[22m[36massets/Payments-B9yVJmIk.js                     [39m[1m[2m 21.01 kB[22m[1m[22m[2m Ôöé gzip:   4.15 kB[22m
[2m../dist/public/[22m[36massets/ResetPassword-qHo22dCs.js                [39m[1m[2m 21.02 kB[22m[1m[22m[2m Ôöé gzip:   2.98 kB[22m
[2m../dist/public/[22m[36massets/Security-CBeN_Pgl.js                     [39m[1m[2m 21.03 kB[22m[1m[22m[2m Ôöé gzip:   2.72 kB[22m
[2m../dist/public/[22m[36massets/OrgCRM-cyowv20F.js                       [39m[1m[2m 21.08 kB[22m[1m[22m[2m Ôöé gzip:   3.35 kB[22m
[2m../dist/public/[22m[36massets/EditContact-CbEVmww8.js                  [39m[1m[2m 21.09 kB[22m[1m[22m[2m Ôöé gzip:   3.02 kB[22m
[2m../dist/public/[22m[36massets/OrgEstimates-gXxsWtUT.js                 [39m[1m[2m 21.19 kB[22m[1m[22m[2m Ôöé gzip:   3.17 kB[22m
[2m../dist/public/[22m[36massets/OrgEditDebitNote-BHKC0xok.js             [39m[1m[2m 21.22 kB[22m[1m[22m[2m Ôöé gzip:   3.08 kB[22m
[2m../dist/public/[22m[36massets/OrgEditTicket-CPIaKuqF.js                [39m[1m[2m 21.30 kB[22m[1m[22m[2m Ôöé gzip:   3.09 kB[22m
[2m../dist/public/[22m[36massets/AccountingManagement-CnQj6D-d.js         [39m[1m[2m 21.32 kB[22m[1m[22m[2m Ôöé gzip:   3.08 kB[22m
[2m../dist/public/[22m[36massets/EditPayment-BqsXR7Qq.js                  [39m[1m[2m 21.33 kB[22m[1m[22m[2m Ôöé gzip:   3.88 kB[22m
[2m../dist/public/[22m[36massets/HRReports-CZiQPjdg.js                    [39m[1m[2m 21.39 kB[22m[1m[22m[2m Ôöé gzip:   3.29 kB[22m
[2m../dist/public/[22m[36massets/Estimates-CFIuND3P.js                    [39m[1m[2m 21.39 kB[22m[1m[22m[2m Ôöé gzip:   4.38 kB[22m
[2m../dist/public/[22m[36massets/TaxInformation-BWgfbS3b.js               [39m[1m[2m 21.49 kB[22m[1m[22m[2m Ôöé gzip:   3.17 kB[22m
[2m../dist/public/[22m[36massets/Dashboard-CLJ_JJWQ.js                    [39m[1m[2m 21.52 kB[22m[1m[22m[2m Ôöé gzip:   2.47 kB[22m
[2m../dist/public/[22m[36massets/EditPayroll-GTBSb3XY.js                  [39m[1m[2m 21.53 kB[22m[1m[22m[2m Ôöé gzip:   3.95 kB[22m
[2m../dist/public/[22m[36massets/EditProposal-BTQkb2BU.js                 [39m[1m[2m 21.58 kB[22m[1m[22m[2m Ôöé gzip:   3.09 kB[22m
[2m../dist/public/[22m[36massets/OrgCreateClient-BOhvy0W3.js              [39m[1m[2m 21.69 kB[22m[1m[22m[2m Ôöé gzip:   3.01 kB[22m
[2m../dist/public/[22m[36massets/TermsAndConditions-JwhC3oIF.js           [39m[1m[2m 21.76 kB[22m[1m[22m[2m Ôöé gzip:   3.55 kB[22m
[2m../dist/public/[22m[36massets/Notifications-CbjGktdD.js                [39m[1m[2m 21.94 kB[22m[1m[22m[2m Ôöé gzip:   2.96 kB[22m
[2m../dist/public/[22m[36massets/OrgCreateExpense-DKHwSM4b.js             [39m[1m[2m 22.12 kB[22m[1m[22m[2m Ôöé gzip:   3.15 kB[22m
[2m../dist/public/[22m[36massets/Notes-BOLQTZkx.js                        [39m[1m[2m 22.26 kB[22m[1m[22m[2m Ôöé gzip:   3.75 kB[22m
[2m../dist/public/[22m[36massets/OrgCreateInvoice-CYLDgb3h.js             [39m[1m[2m 22.30 kB[22m[1m[22m[2m Ôöé gzip:   3.32 kB[22m
[2m../dist/public/[22m[36massets/CreatePayment-DU9CcODi.js                [39m[1m[2m 22.49 kB[22m[1m[22m[2m Ôöé gzip:   3.84 kB[22m
[2m../dist/public/[22m[36massets/OrgLeaveDetail-0-PKmvnz.js               [39m[1m[2m 22.52 kB[22m[1m[22m[2m Ôöé gzip:   2.78 kB[22m
[2m../dist/public/[22m[36massets/SystemLogsViewer-Dbwo7eBt.js             [39m[1m[2m 22.72 kB[22m[1m[22m[2m Ôöé gzip:   3.17 kB[22m
[2m../dist/public/[22m[36massets/Quotes-CMljgU-q.js                       [39m[1m[2m 22.81 kB[22m[1m[22m[2m Ôöé gzip:   4.33 kB[22m
[2m../dist/public/[22m[36massets/SystemHealth-BX2NllSc.js                 [39m[1m[2m 22.88 kB[22m[1m[22m[2m Ôöé gzip:   2.75 kB[22m
[2m../dist/public/[22m[36massets/Features-BK2DxbAc.js                     [39m[1m[2m 23.05 kB[22m[1m[22m[2m Ôöé gzip:   5.15 kB[22m
[2m../dist/public/[22m[36massets/WorkOrders-C3cvbfEc.js                   [39m[1m[2m 23.07 kB[22m[1m[22m[2m Ôöé gzip:   3.85 kB[22m
[2m../dist/public/[22m[36massets/CreateUser-D9daCxk6.js                   [39m[1m[2m 23.12 kB[22m[1m[22m[2m Ôöé gzip:   3.71 kB[22m
[2m../dist/public/[22m[36massets/ProposalTemplates-zL7w9zJd.js            [39m[1m[2m 23.14 kB[22m[1m[22m[2m Ôöé gzip:   3.44 kB[22m
[2m../dist/public/[22m[36massets/Opportunities-BBanmu1U.js                [39m[1m[2m 23.32 kB[22m[1m[22m[2m Ôöé gzip:   4.20 kB[22m
[2m../dist/public/[22m[36massets/OrgEditCreditNote-DiiU4gxr.js            [39m[1m[2m 23.34 kB[22m[1m[22m[2m Ôöé gzip:   3.46 kB[22m
[2m../dist/public/[22m[36massets/ContractTemplates-CCJbrZ2f.js            [39m[1m[2m 23.45 kB[22m[1m[22m[2m Ôöé gzip:   3.54 kB[22m
[2m../dist/public/[22m[36massets/ActivityTrail-Bpz43jaD.js                [39m[1m[2m 23.56 kB[22m[1m[22m[2m Ôöé gzip:   3.59 kB[22m
[2m../dist/public/[22m[36massets/AllowancesDeductions-j8SOsA-9.js         [39m[1m[2m 23.62 kB[22m[1m[22m[2m Ôöé gzip:   3.36 kB[22m
[2m../dist/public/[22m[36massets/OrgContractDetail-BwB3RIDF.js            [39m[1m[2m 23.86 kB[22m[1m[22m[2m Ôöé gzip:   2.79 kB[22m
[2m../dist/public/[22m[36massets/EditCreditNote-DeOuI_dg.js               [39m[1m[2m 23.92 kB[22m[1m[22m[2m Ôöé gzip:   3.61 kB[22m
[2m../dist/public/[22m[36massets/About-MhlHJ48j.js                        [39m[1m[2m 23.97 kB[22m[1m[22m[2m Ôöé gzip:   4.52 kB[22m
[2m../dist/public/[22m[36massets/OrgCreateWorkOrder-mcDrqdC7.js           [39m[1m[2m 24.10 kB[22m[1m[22m[2m Ôöé gzip:   3.12 kB[22m
[2m../dist/public/[22m[36massets/PayrollDetails-DZF7IZ3a.js               [39m[1m[2m 24.34 kB[22m[1m[22m[2m Ôöé gzip:   3.09 kB[22m
[2m../dist/public/[22m[36massets/DatabaseManagement-BeQkck9J.js           [39m[1m[2m 24.84 kB[22m[1m[22m[2m Ôöé gzip:   2.86 kB[22m
[2m../dist/public/[22m[36massets/date-utils-xHAU_Fw7.js                   [39m[1m[2m 24.87 kB[22m[1m[22m[2m Ôöé gzip:   7.41 kB[22m
[2m../dist/public/[22m[36massets/Warehouses-BYGj-VZ4.js                   [39m[1m[2m 24.88 kB[22m[1m[22m[2m Ôöé gzip:   3.41 kB[22m
[2m../dist/public/[22m[36massets/OrgEditWorkOrder-LxwN1yJm.js             [39m[1m[2m 24.89 kB[22m[1m[22m[2m Ôöé gzip:   3.31 kB[22m
[2m../dist/public/[22m[36massets/OrgDashboardShell-Covz1o4A.js            [39m[1m[2m 25.13 kB[22m[1m[22m[2m Ôöé gzip:   3.25 kB[22m
[2m../dist/public/[22m[36massets/FinancialDashboard-D3-9JNmu.js           [39m[1m[2m 25.45 kB[22m[1m[22m[2m Ôöé gzip:   3.61 kB[22m
[2m../dist/public/[22m[36massets/ExpenseBudgetReport-D72uaUEm.js          [39m[1m[2m 25.55 kB[22m[1m[22m[2m Ôöé gzip:   3.74 kB[22m
[2m../dist/public/[22m[36massets/OrgApprovals-CZ4df55a.js                 [39m[1m[2m 25.71 kB[22m[1m[22m[2m Ôöé gzip:   4.19 kB[22m
[2m../dist/public/[22m[36massets/OrgInvoiceDetail-BLXXszIh.js             [39m[1m[2m 25.73 kB[22m[1m[22m[2m Ôöé gzip:   3.04 kB[22m
[2m../dist/public/[22m[36massets/EstimateDetails-B4SaaA-0.js              [39m[1m[2m 25.99 kB[22m[1m[22m[2m Ôöé gzip:   3.80 kB[22m
[2m../dist/public/[22m[36massets/EditProject-BkSU4KsD.js                  [39m[1m[2m 26.07 kB[22m[1m[22m[2m Ôöé gzip:   3.63 kB[22m
[2m../dist/public/[22m[36massets/BillingDashboard-Bnu4PiaB.js             [39m[1m[2m 26.22 kB[22m[1m[22m[2m Ôöé gzip:   4.25 kB[22m
[2m../dist/public/[22m[36massets/OrgEditExpense-Bb-xvQKV.js               [39m[1m[2m 26.27 kB[22m[1m[22m[2m Ôöé gzip:   3.70 kB[22m
[2m../dist/public/[22m[36massets/PrivacyPolicy-D_-HC6Wb.js                [39m[1m[2m 26.41 kB[22m[1m[22m[2m Ôöé gzip:   3.94 kB[22m
[2m../dist/public/[22m[36massets/AccountantDashboard-Cv-GiL6c.js          [39m[1m[2m 26.45 kB[22m[1m[22m[2m Ôöé gzip:   3.91 kB[22m
[2m../dist/public/[22m[36massets/Departments-DqWKNf9S.js                  [39m[1m[2m 26.58 kB[22m[1m[22m[2m Ôöé gzip:   4.03 kB[22m
[2m../dist/public/[22m[36massets/OrgCreateCreditNote-D0FEGy-g.js          [39m[1m[2m 26.65 kB[22m[1m[22m[2m Ôöé gzip:   3.78 kB[22m
[2m../dist/public/[22m[36massets/LeaveManagement-BDeBbBVG.js              [39m[1m[2m 26.87 kB[22m[1m[22m[2m Ôöé gzip:   3.72 kB[22m
[2m../dist/public/[22m[36massets/DisciplinaryRecords--nr66PMD.js          [39m[1m[2m 26.90 kB[22m[1m[22m[2m Ôöé gzip:   3.51 kB[22m
[2m../dist/public/[22m[36massets/CreateCreditNote-CoWTR96K.js             [39m[1m[2m 27.20 kB[22m[1m[22m[2m Ôöé gzip:   3.98 kB[22m
[2m../dist/public/[22m[36massets/JobGroups-D2TLVXC7.js                    [39m[1m[2m 27.24 kB[22m[1m[22m[2m Ôöé gzip:   3.91 kB[22m
[2m../dist/public/[22m[36massets/OrgWorkOrderDetail-CGwPHPNz.js           [39m[1m[2m 27.28 kB[22m[1m[22m[2m Ôöé gzip:   3.03 kB[22m
[2m../dist/public/[22m[36massets/Receipts-D_R2keW4.js                     [39m[1m[2m 27.30 kB[22m[1m[22m[2m Ôöé gzip:   4.82 kB[22m
[2m../dist/public/[22m[36massets/LPOs-BgiME01r.js                         [39m[1m[2m 27.33 kB[22m[1m[22m[2m Ôöé gzip:   5.31 kB[22m
[2m../dist/public/[22m[36massets/CreateServiceTemplate-VBY0nxaO.js        [39m[1m[2m 27.34 kB[22m[1m[22m[2m Ôöé gzip:   4.05 kB[22m
[2m../dist/public/[22m[36massets/GlobalSettings-DjUDQ0Fk.js               [39m[1m[2m 27.35 kB[22m[1m[22m[2m Ôöé gzip:   3.73 kB[22m
[2m../dist/public/[22m[36massets/TroubleshootingGuide-BAHB0Njd.js         [39m[1m[2m 27.63 kB[22m[1m[22m[2m Ôöé gzip:   5.74 kB[22m
[2m../dist/public/[22m[36massets/AssetManagement-DreYXLuz.js              [39m[1m[2m 27.66 kB[22m[1m[22m[2m Ôöé gzip:   3.64 kB[22m
[2m../dist/public/[22m[36massets/OrgCreateProject-CB1zFBud.js             [39m[1m[2m 27.76 kB[22m[1m[22m[2m Ôöé gzip:   3.60 kB[22m
[2m../dist/public/[22m[36massets/HRAdminDashboard-JBZ75QBT.js             [39m[1m[2m 27.77 kB[22m[1m[22m[2m Ôöé gzip:   3.52 kB[22m
[2m../dist/public/[22m[36massets/ReportBuilder-BqBccXJ7.js                [39m[1m[2m 27.79 kB[22m[1m[22m[2m Ôöé gzip:   3.88 kB[22m
[2m../dist/public/[22m[36massets/ProjectMilestones-CKbhGbXX.js            [39m[1m[2m 27.92 kB[22m[1m[22m[2m Ôöé gzip:   4.13 kB[22m
[2m../dist/public/[22m[36massets/RecurringInvoices-BOzN_EvX.js            [39m[1m[2m 28.02 kB[22m[1m[22m[2m Ôöé gzip:   3.96 kB[22m
[2m../dist/public/[22m[36massets/OrgReports-BTJFyl7C.js                   [39m[1m[2m 28.04 kB[22m[1m[22m[2m Ôöé gzip:   4.03 kB[22m
[2m../dist/public/[22m[36massets/OverduePayments-yBa495oO.js              [39m[1m[2m 28.18 kB[22m[1m[22m[2m Ôöé gzip:   3.80 kB[22m
[2m../dist/public/[22m[36massets/UnifiedLanding-6QrjTEDb.js               [39m[1m[2m 28.51 kB[22m[1m[22m[2m Ôöé gzip:   4.21 kB[22m
[2m../dist/public/[22m[36massets/OrgEditInvoice-DtAfC2tB.js               [39m[1m[2m 28.58 kB[22m[1m[22m[2m Ôöé gzip:   4.03 kB[22m
[2m../dist/public/[22m[36massets/OrgSalesPipeline-DDs2Zxol.js             [39m[1m[2m 28.96 kB[22m[1m[22m[2m Ôöé gzip:   4.66 kB[22m
[2m../dist/public/[22m[36massets/CreateProject-CfrG5HZB.js                [39m[1m[2m 29.14 kB[22m[1m[22m[2m Ôöé gzip:   3.77 kB[22m
[2m../dist/public/[22m[36massets/Pricing-D6k-YM2R.js                      [39m[1m[2m 29.18 kB[22m[1m[22m[2m Ôöé gzip:   5.45 kB[22m
[2m../dist/public/[22m[36massets/MaintenanceAdmin-DtqHRN1F.js             [39m[1m[2m 29.45 kB[22m[1m[22m[2m Ôöé gzip:   4.51 kB[22m
[2m../dist/public/[22m[36massets/PerformanceReviews-D1uekgq_.js           [39m[1m[2m 29.92 kB[22m[1m[22m[2m Ôöé gzip:   4.23 kB[22m
[2m../dist/public/[22m[36massets/OrgEditProject-CNy7Un00.js               [39m[1m[2m 29.95 kB[22m[1m[22m[2m Ôöé gzip:   3.97 kB[22m
[2m../dist/public/[22m[36massets/EnhancedReceiptManagement-Bvgm8Bp2.js    [39m[1m[2m 30.13 kB[22m[1m[22m[2m Ôöé gzip:   4.42 kB[22m
[2m../dist/public/[22m[36massets/HRAnalyticsPage-CnVJxeKR.js              [39m[1m[2m 30.33 kB[22m[1m[22m[2m Ôöé gzip:   3.44 kB[22m
[2m../dist/public/[22m[36massets/Inventory-B3dzZDjR.js                    [39m[1m[2m 30.38 kB[22m[1m[22m[2m Ôöé gzip:   4.46 kB[22m
[2m../dist/public/[22m[36massets/PayrollApprovals-Q2Xfs7al.js             [39m[1m[2m 30.74 kB[22m[1m[22m[2m Ôöé gzip:   4.06 kB[22m
[2m../dist/public/[22m[36massets/ServiceInvoices-CUlLzMfu.js              [39m[1m[2m 30.83 kB[22m[1m[22m[2m Ôöé gzip:   4.77 kB[22m
[2m../dist/public/[22m[36massets/Invoices-DILqT7AR.js                     [39m[1m[2m 30.88 kB[22m[1m[22m[2m Ôöé gzip:   5.76 kB[22m
[2m../dist/public/[22m[36massets/LeadsDetails-DGY5Up6c.js                 [39m[1m[2m 30.96 kB[22m[1m[22m[2m Ôöé gzip:   3.94 kB[22m
[2m../dist/public/[22m[36massets/OrgProjectDetail-BGjTzZBR.js             [39m[1m[2m 31.13 kB[22m[1m[22m[2m Ôöé gzip:   4.85 kB[22m
[2m../dist/public/[22m[36massets/OrgLeads-DUHAQr7s.js                     [39m[1m[2m 31.18 kB[22m[1m[22m[2m Ôöé gzip:   4.53 kB[22m
[2m../dist/public/[22m[36massets/UnifiedModuleLayout-gMgikr3q.js          [39m[1m[2m 31.43 kB[22m[1m[22m[2m Ôöé gzip:   4.46 kB[22m
[2m../dist/public/[22m[36massets/SupplierForm-CqV9GGic.js                 [39m[1m[2m 31.47 kB[22m[1m[22m[2m Ôöé gzip:   3.60 kB[22m
[2m../dist/public/[22m[36massets/Contacts-4RhgDGMg.js                     [39m[1m[2m 31.64 kB[22m[1m[22m[2m Ôöé gzip:   5.01 kB[22m
[2m../dist/public/[22m[36massets/Integrations-BxtFQfy7.js                 [39m[1m[2m 31.74 kB[22m[1m[22m[2m Ôöé gzip:   4.48 kB[22m
[2m../dist/public/[22m[36massets/AdminCronJobs-vT6NGY-N.js                [39m[1m[2m 32.01 kB[22m[1m[22m[2m Ôöé gzip:   4.42 kB[22m
[2m../dist/public/[22m[36massets/HRAnalytics-D5ufpkFZ.js                  [39m[1m[2m 32.01 kB[22m[1m[22m[2m Ôöé gzip:   4.24 kB[22m
[2m../dist/public/[22m[36massets/Clients-DJEcl1NY.js                      [39m[1m[2m 32.10 kB[22m[1m[22m[2m Ôöé gzip:   5.67 kB[22m
[2m../dist/public/[22m[36massets/Payslips-BjkAFaG4.js                     [39m[1m[2m 32.13 kB[22m[1m[22m[2m Ôöé gzip:   4.36 kB[22m
[2m../dist/public/[22m[36massets/CannedResponses-B88DRV56.js              [39m[1m[2m 32.28 kB[22m[1m[22m[2m Ôöé gzip:   4.50 kB[22m
[2m../dist/public/[22m[36massets/CreatePayroll-B83xY_bW.js                [39m[1m[2m 32.34 kB[22m[1m[22m[2m Ôöé gzip:   3.97 kB[22m
[2m../dist/public/[22m[36massets/DeliveryNotes-DugfGAr1.js                [39m[1m[2m 32.41 kB[22m[1m[22m[2m Ôöé gzip:   4.83 kB[22m
[2m../dist/public/[22m[36massets/KPITracking-Boe3gP_N.js                  [39m[1m[2m 32.43 kB[22m[1m[22m[2m Ôöé gzip:   4.49 kB[22m
[2m../dist/public/[22m[36massets/QuoteDetails-BTgK-6DV.js                 [39m[1m[2m 32.63 kB[22m[1m[22m[2m Ôöé gzip:   4.45 kB[22m
[2m../dist/public/[22m[36massets/PaymentReconciliation-DdH5mBRO.js        [39m[1m[2m 32.86 kB[22m[1m[22m[2m Ôöé gzip:   4.31 kB[22m
[2m../dist/public/[22m[36massets/TimeTracking-B0TqSs5W.js                 [39m[1m[2m 32.91 kB[22m[1m[22m[2m Ôöé gzip:   4.82 kB[22m
[2m../dist/public/[22m[36massets/SystemSettings-DOQWJHuR.js               [39m[1m[2m 33.17 kB[22m[1m[22m[2m Ôöé gzip:   4.52 kB[22m
[2m../dist/public/[22m[36massets/ClientForm-hdSIKtOT.js                   [39m[1m[2m 33.57 kB[22m[1m[22m[2m Ôöé gzip:   3.71 kB[22m
[2m../dist/public/[22m[36massets/Onboarding-DJ46e91G.js                   [39m[1m[2m 33.62 kB[22m[1m[22m[2m Ôöé gzip:   4.32 kB[22m
[2m../dist/public/[22m[36massets/Quotations-CYulxCp2.js                   [39m[1m[2m 33.83 kB[22m[1m[22m[2m Ôöé gzip:   5.25 kB[22m
[2m../dist/public/[22m[36massets/OrgTicketDetail-DY0ZVZSD.js              [39m[1m[2m 34.11 kB[22m[1m[22m[2m Ôöé gzip:   3.68 kB[22m
[2m../dist/public/[22m[36massets/DepartmentPayrollReports-DHX-hX6Q.js     [39m[1m[2m 34.34 kB[22m[1m[22m[2m Ôöé gzip:   4.34 kB[22m
[2m../dist/public/[22m[36massets/PaymentPlans-sJPyFIEj.js                 [39m[1m[2m 34.48 kB[22m[1m[22m[2m Ôöé gzip:   4.69 kB[22m
[2m../dist/public/[22m[36massets/Timesheets---xYm3--.js                   [39m[1m[2m 35.05 kB[22m[1m[22m[2m Ôöé gzip:   5.42 kB[22m
[2m../dist/public/[22m[36massets/OrgExpenseDetail-Cx9NRYMC.js             [39m[1m[2m 35.07 kB[22m[1m[22m[2m Ôöé gzip:   4.28 kB[22m
[2m../dist/public/[22m[36massets/Leads-3ngNFly2.js                        [39m[1m[2m 35.16 kB[22m[1m[22m[2m Ôöé gzip:   5.29 kB[22m
[2m../dist/public/[22m[36massets/DashboardHome-DHT9NLP-.js                [39m[1m[2m 35.19 kB[22m[1m[22m[2m Ôöé gzip:   5.75 kB[22m
[2m../dist/public/[22m[36massets/EnhancedChangePassword-BBqZYGe7.js       [39m[1m[2m 35.34 kB[22m[1m[22m[2m Ôöé gzip:   4.40 kB[22m
[2m../dist/public/[22m[36massets/SalesPipeline-9F0qamEx.js                [39m[1m[2m 35.37 kB[22m[1m[22m[2m Ôöé gzip:   5.17 kB[22m
[2m../dist/public/[22m[36massets/Suppliers-B-d_R63k.js                    [39m[1m[2m 35.72 kB[22m[1m[22m[2m Ôöé gzip:   5.94 kB[22m
[2m../dist/public/[22m[36massets/ExecutiveDashboard-CpEgvSgz.js           [39m[1m[2m 35.85 kB[22m[1m[22m[2m Ôöé gzip:   4.78 kB[22m
[2m../dist/public/[22m[36massets/NotificationCenter-xAvZ7B0Q.js           [39m[1m[2m 35.90 kB[22m[1m[22m[2m Ôöé gzip:   4.71 kB[22m
[2m../dist/public/[22m[36massets/PaymentReports-DWqo3E5g.js               [39m[1m[2m 36.24 kB[22m[1m[22m[2m Ôöé gzip:   4.54 kB[22m
[2m../dist/public/[22m[36massets/EmployeeDetails-C70-WN05.js              [39m[1m[2m 36.27 kB[22m[1m[22m[2m Ôöé gzip:   4.23 kB[22m
[2m../dist/public/[22m[36massets/GRN-D7QxN6_6.js                          [39m[1m[2m 37.07 kB[22m[1m[22m[2m Ôöé gzip:   5.24 kB[22m
[2m../dist/public/[22m[36massets/RecurringExpenses-DNBxUrj3.js            [39m[1m[2m 37.15 kB[22m[1m[22m[2m Ôöé gzip:   5.32 kB[22m
[2m../dist/public/[22m[36massets/CreateOpportunity-CFLrnhYI.js            [39m[1m[2m 37.17 kB[22m[1m[22m[2m Ôöé gzip:   4.89 kB[22m
[2m../dist/public/[22m[36massets/EmployeeContracts-BxZOOGyN.js            [39m[1m[2m 37.24 kB[22m[1m[22m[2m Ôöé gzip:   4.20 kB[22m
[2m../dist/public/[22m[36massets/Training-DILY-ydu.js                     [39m[1m[2m 37.52 kB[22m[1m[22m[2m Ôöé gzip:   5.04 kB[22m
[2m../dist/public/[22m[36massets/Demo-BulY4SPw.js                         [39m[1m[2m 37.66 kB[22m[1m[22m[2m Ôöé gzip:   5.46 kB[22m
[2m../dist/public/[22m[36massets/Tasks-CoiJUYnH.js                        [39m[1m[2m 38.04 kB[22m[1m[22m[2m Ôöé gzip:   5.46 kB[22m
[2m../dist/public/[22m[36massets/Proposals-Cm9NBlo5.js                    [39m[1m[2m 38.09 kB[22m[1m[22m[2m Ôöé gzip:   5.71 kB[22m
[2m../dist/public/[22m[36massets/Checkout-BB1ZWGTF.js                     [39m[1m[2m 38.20 kB[22m[1m[22m[2m Ôöé gzip:   5.56 kB[22m
[2m../dist/public/[22m[36massets/ReceiptDetails-DS41pShf.js               [39m[1m[2m 38.49 kB[22m[1m[22m[2m Ôöé gzip:   4.91 kB[22m
[2m../dist/public/[22m[36massets/CustomReportBuilder-B65BJ-zq.js          [39m[1m[2m 38.67 kB[22m[1m[22m[2m Ôöé gzip:   5.02 kB[22m
[2m../dist/public/[22m[36massets/WorkflowAutomation-DVeBG5Hs.js           [39m[1m[2m 39.06 kB[22m[1m[22m[2m Ôöé gzip:   5.04 kB[22m
[2m../dist/public/[22m[36massets/Tickets-DTttbI1i.js                      [39m[1m[2m 39.15 kB[22m[1m[22m[2m Ôöé gzip:   5.94 kB[22m
[2m../dist/public/[22m[36massets/ExpensesDetails-DmIOfi3x.js              [39m[1m[2m 39.30 kB[22m[1m[22m[2m Ôöé gzip:   5.58 kB[22m
[2m../dist/public/[22m[36massets/SubscriptionDetails-Bo8Er42V.js          [39m[1m[2m 39.39 kB[22m[1m[22m[2m Ôöé gzip:   4.51 kB[22m
[2m../dist/public/[22m[36massets/Account-Zo9qZQOk.js                      [39m[1m[2m 39.58 kB[22m[1m[22m[2m Ôöé gzip:   5.11 kB[22m
[2m../dist/public/[22m[36massets/FeatureDetail-DvWFBqLt.js                [39m[1m[2m 39.96 kB[22m[1m[22m[2m Ôöé gzip:   7.09 kB[22m
[2m../dist/public/[22m[36massets/JobGroupDetails-BFoChz0R.js              [39m[1m[2m 40.23 kB[22m[1m[22m[2m Ôöé gzip:   5.12 kB[22m
[2m../dist/public/[22m[36massets/TenantCommunications-BrZ8dqFo.js         [39m[1m[2m 40.30 kB[22m[1m[22m[2m Ôöé gzip:   4.72 kB[22m
[2m../dist/public/[22m[36massets/WebsiteFooter-DEVeoBZ_.js                [39m[1m[2m 40.36 kB[22m[1m[22m[2m Ôöé gzip:   6.00 kB[22m
[2m../dist/public/[22m[36massets/ClientPortal-KWC5JlcL.js                 [39m[1m[2m 40.40 kB[22m[1m[22m[2m Ôöé gzip:   4.92 kB[22m
[2m../dist/public/[22m[36massets/ProcurementLPOs-BSkehccc.js              [39m[1m[2m 40.49 kB[22m[1m[22m[2m Ôöé gzip:   4.70 kB[22m
[2m../dist/public/[22m[36massets/ContractManagement-h_c3Kizv.js           [39m[1m[2m 40.76 kB[22m[1m[22m[2m Ôöé gzip:   4.99 kB[22m
[2m../dist/public/[22m[36massets/HRAutomation-C83YCvJB.js                 [39m[1m[2m 40.92 kB[22m[1m[22m[2m Ôöé gzip:   4.74 kB[22m
[2m../dist/public/[22m[36massets/BecomeAPartner-B-kzJkIU.js               [39m[1m[2m 41.05 kB[22m[1m[22m[2m Ôöé gzip:   6.90 kB[22m
[2m../dist/public/[22m[36massets/OrgBilling-PwjMaB8I.js                   [39m[1m[2m 41.67 kB[22m[1m[22m[2m Ôöé gzip:   5.80 kB[22m
[2m../dist/public/[22m[36massets/Imprests-C_RGTsIG.js                     [39m[1m[2m 41.93 kB[22m[1m[22m[2m Ôöé gzip:   6.71 kB[22m
[2m../dist/public/[22m[36massets/DocumentTemplates-B8rl6MDy.js            [39m[1m[2m 42.41 kB[22m[1m[22m[2m Ôöé gzip:   6.49 kB[22m
[2m../dist/public/[22m[36massets/OrganizationUsersManagement-CuB2MMJf.js  [39m[1m[2m 42.92 kB[22m[1m[22m[2m Ôöé gzip:   5.11 kB[22m
[2m../dist/public/[22m[36massets/ThemeCustomization-DNOMrBwY.js           [39m[1m[2m 43.13 kB[22m[1m[22m[2m Ôöé gzip:   5.53 kB[22m
[2m../dist/public/[22m[36massets/EditExpense-COCiHhfd.js                  [39m[1m[2m 43.42 kB[22m[1m[22m[2m Ôöé gzip:   6.58 kB[22m
[2m../dist/public/[22m[36massets/Payroll-Bm3QyyRx.js                      [39m[1m[2m 43.51 kB[22m[1m[22m[2m Ôöé gzip:   6.16 kB[22m
[2m../dist/public/[22m[36massets/ServiceDetails-IeAoUWtM.js               [39m[1m[2m 43.53 kB[22m[1m[22m[2m Ôöé gzip:   5.07 kB[22m
[2m../dist/public/[22m[36massets/ProcurementImprests-BPRKuyOZ.js          [39m[1m[2m 43.87 kB[22m[1m[22m[2m Ôöé gzip:   4.61 kB[22m
[2m../dist/public/[22m[36massets/SuperAdminDashboard-zyosa88G.js          [39m[1m[2m 44.74 kB[22m[1m[22m[2m Ôöé gzip:   6.08 kB[22m
[2m../dist/public/[22m[36massets/Forecasting-CT1vQa3x.js                  [39m[1m[2m 44.78 kB[22m[1m[22m[2m Ôöé gzip:   5.48 kB[22m
[2m../dist/public/[22m[36massets/Roles-CZgMs9Ie.js                        [39m[1m[2m 44.90 kB[22m[1m[22m[2m Ôöé gzip:   5.75 kB[22m
[2m../dist/public/[22m[36massets/Recruitment-SdPV_jtv.js                  [39m[1m[2m 45.06 kB[22m[1m[22m[2m Ôöé gzip:   5.14 kB[22m
[2m../dist/public/[22m[36massets/ProfessionalBudgeting-BbkvKUl9.js        [39m[1m[2m 45.14 kB[22m[1m[22m[2m Ôöé gzip:   5.58 kB[22m
[2m../dist/public/[22m[36massets/HRAnalyticsDashboard-DUjSYxFO.js         [39m[1m[2m 45.15 kB[22m[1m[22m[2m Ôöé gzip:   4.78 kB[22m
[2m../dist/public/[22m[36massets/Orders-BvVZJRNG.js                       [39m[1m[2m 45.30 kB[22m[1m[22m[2m Ôöé gzip:   6.99 kB[22m
[2m../dist/public/[22m[36massets/CustomerPortal-CA0kNT-6.js               [39m[1m[2m 45.62 kB[22m[1m[22m[2m Ôöé gzip:   4.95 kB[22m
[2m../dist/public/[22m[36massets/BookADemo-BbXV1Q7Y.js                    [39m[1m[2m 45.86 kB[22m[1m[22m[2m Ôöé gzip:   6.94 kB[22m
[2m../dist/public/[22m[36massets/ICTDashboard-CozeLRMe.js                 [39m[1m[2m 46.37 kB[22m[1m[22m[2m Ôöé gzip:   6.09 kB[22m
[2m../dist/public/[22m[36massets/CustomHomepageBuilder-CbdyMNgG.js        [39m[1m[2m 47.57 kB[22m[1m[22m[2m Ôöé gzip:   6.64 kB[22m
[2m../dist/public/[22m[36massets/Communications-C7uiq4Xp.js               [39m[1m[2m 48.48 kB[22m[1m[22m[2m Ôöé gzip:   5.69 kB[22m
[2m../dist/public/[22m[36massets/Expenses-CIgVl8ts.js                     [39m[1m[2m 48.54 kB[22m[1m[22m[2m Ôöé gzip:   6.87 kB[22m
[2m../dist/public/[22m[36massets/ProcurementOrders-DjQ0xTTF.js            [39m[1m[2m 48.68 kB[22m[1m[22m[2m Ôöé gzip:   5.27 kB[22m
[2m../dist/public/[22m[36massets/KenyanPayrollCalculator-DAEzYeR5.js      [39m[1m[2m 48.69 kB[22m[1m[22m[2m Ôöé gzip:   5.77 kB[22m
[2m../dist/public/[22m[36massets/EnterpriseTenantsManagement-BUmXtE7U.js  [39m[1m[2m 48.75 kB[22m[1m[22m[2m Ôöé gzip:   5.29 kB[22m
[2m../dist/public/[22m[36massets/StaffChat-CpEfJyP9.js                    [39m[1m[2m 49.07 kB[22m[1m[22m[2m Ôöé gzip:   7.93 kB[22m
[2m../dist/public/[22m[36massets/Approvals-De7BPBJG.js                    [39m[1m[2m 49.47 kB[22m[1m[22m[2m Ôöé gzip:   6.55 kB[22m
[2m../dist/public/[22m[36massets/KnowledgeBase-NsxeoBtF.js                [39m[1m[2m 49.80 kB[22m[1m[22m[2m Ôöé gzip:   6.34 kB[22m
[2m../dist/public/[22m[36massets/ImportExcel-DuILIKWP.js                  [39m[1m[2m 50.21 kB[22m[1m[22m[2m Ôöé gzip:   8.51 kB[22m
[2m../dist/public/[22m[36massets/OrgClientDetail-C92RKo-G.js              [39m[1m[2m 50.24 kB[22m[1m[22m[2m Ôöé gzip:   6.35 kB[22m
[2m../dist/public/[22m[36massets/CreateCommunication-Bih1UpZN.js          [39m[1m[2m 50.36 kB[22m[1m[22m[2m Ôöé gzip:  11.29 kB[22m
[2m../dist/public/[22m[36massets/PayslipManagement-C9mZDRqR.js            [39m[1m[2m 50.47 kB[22m[1m[22m[2m Ôöé gzip:   8.71 kB[22m
[2m../dist/public/[22m[36massets/Reports-CkQuCg9I.js                      [39m[1m[2m 51.00 kB[22m[1m[22m[2m Ôöé gzip:   7.24 kB[22m
[2m../dist/public/[22m[36massets/AdminDashboard-D0CvWldg.js               [39m[1m[2m 51.10 kB[22m[1m[22m[2m Ôöé gzip:   5.96 kB[22m
[2m../dist/public/[22m[36massets/SupplierDetails-B4ZXndJC.js              [39m[1m[2m 51.87 kB[22m[1m[22m[2m Ôöé gzip:   5.24 kB[22m
[2m../dist/public/[22m[36massets/EditEmployee-CQ6crKm9.js                 [39m[1m[2m 52.60 kB[22m[1m[22m[2m Ôöé gzip:   6.60 kB[22m
[2m../dist/public/[22m[36massets/Employees-pNj4QR6a.js                    [39m[1m[2m 52.65 kB[22m[1m[22m[2m Ôöé gzip:   7.69 kB[22m
[2m../dist/public/[22m[36massets/CreateExpense-B4FyJ-OX.js                [39m[1m[2m 52.84 kB[22m[1m[22m[2m Ôöé gzip:   7.84 kB[22m
[2m../dist/public/[22m[36massets/Subscriptions-Pr1enBz6.js                [39m[1m[2m 54.08 kB[22m[1m[22m[2m Ôöé gzip:   6.46 kB[22m
[2m../dist/public/[22m[36massets/DocumentForm-Dn78cVw2.js                 [39m[1m[2m 56.05 kB[22m[1m[22m[2m Ôöé gzip:   7.92 kB[22m
[2m../dist/public/[22m[36massets/StaffDashboard-BbkJIyBS.js               [39m[1m[2m 56.20 kB[22m[1m[22m[2m Ôöé gzip:   6.53 kB[22m
[2m../dist/public/[22m[36massets/DocumentManagement-BABhf8PB.js           [39m[1m[2m 56.32 kB[22m[1m[22m[2m Ôöé gzip:   7.20 kB[22m
[2m../dist/public/[22m[36massets/BrandCustomization-BW7UYUaw.js           [39m[1m[2m 56.58 kB[22m[1m[22m[2m Ôöé gzip:   6.60 kB[22m
[2m../dist/public/[22m[36massets/ChartOfAccounts-B5mxtEPY.js              [39m[1m[2m 57.56 kB[22m[1m[22m[2m Ôöé gzip:   6.83 kB[22m
[2m../dist/public/[22m[36massets/lucide-react-C2aNKTHp.js                 [39m[1m[2m 61.04 kB[22m[1m[22m[2m Ôöé gzip:  18.03 kB[22m
[2m../dist/public/[22m[36massets/BackupManagement-CdSouvPv.js             [39m[1m[2m 61.10 kB[22m[1m[22m[2m Ôöé gzip:   7.49 kB[22m
[2m../dist/public/[22m[36massets/AccountSettings-DIqceuRg.js              [39m[1m[2m 62.46 kB[22m[1m[22m[2m Ôöé gzip:   7.06 kB[22m
[2m../dist/public/[22m[36massets/AIHub-D13v3ow0.js                        [39m[1m[2m 63.02 kB[22m[1m[22m[2m Ôöé gzip:   7.47 kB[22m
[2m../dist/public/[22m[36massets/CreateEmployee-DIKaR2iF.js               [39m[1m[2m 64.71 kB[22m[1m[22m[2m Ôöé gzip:   7.44 kB[22m
[2m../dist/public/[22m[36massets/OrgDashboard-BBqw5SJo.js                 [39m[1m[2m 65.18 kB[22m[1m[22m[2m Ôöé gzip:   8.97 kB[22m
[2m../dist/public/[22m[36massets/InvoiceDetails-BCy6_tNF.js               [39m[1m[2m 70.11 kB[22m[1m[22m[2m Ôöé gzip:   9.13 kB[22m
[2m../dist/public/[22m[36massets/SuperAdminPricingTiers-7ql56W9f.js       [39m[1m[2m 70.21 kB[22m[1m[22m[2m Ôöé gzip:   7.93 kB[22m
[2m../dist/public/[22m[36massets/HRPayrollManagement-BfUPZzxE.js          [39m[1m[2m 71.34 kB[22m[1m[22m[2m Ôöé gzip:   7.88 kB[22m
[2m../dist/public/[22m[36massets/RichTextEditor-C7nV8AIq.js               [39m[1m[2m 80.52 kB[22m[1m[22m[2m Ôöé gzip:  11.25 kB[22m
[2m../dist/public/[22m[36massets/api-client-VZ2Dc6k6.js                   [39m[1m[2m 85.23 kB[22m[1m[22m[2m Ôöé gzip:  23.74 kB[22m
[2m../dist/public/[22m[36massets/CreateQuote-DIatKZvw.js                  [39m[1m[2m 87.22 kB[22m[1m[22m[2m Ôöé gzip:  20.61 kB[22m
[2m../dist/public/[22m[36massets/LandingPage-6l_NVyOn.js                  [39m[1m[2m 95.13 kB[22m[1m[22m[2m Ôöé gzip:  13.36 kB[22m
[2m../dist/public/[22m[36massets/AdminManagement-DU_uhjIf.js              [39m[1m[2m 99.18 kB[22m[1m[22m[2m Ôöé gzip:  12.52 kB[22m
[2m../dist/public/[22m[36massets/HRDashboard-CLpFsGH2.js                  [39m[1m[2m 99.24 kB[22m[1m[22m[2m Ôöé gzip:  10.66 kB[22m
[2m../dist/public/[22m[36massets/OrgLayout-D8yPFxQK.js                    [39m[1m[2m106.73 kB[22m[1m[22m[2m Ôöé gzip:  14.79 kB[22m
[2m../dist/public/[22m[36massets/ClientDetails-4Zes35Tj.js                [39m[1m[2m111.32 kB[22m[1m[22m[2m Ôöé gzip:  11.22 kB[22m
[2m../dist/public/[22m[36massets/AdminEmailTemplates--rJHxKah.js          [39m[1m[2m124.81 kB[22m[1m[22m[2m Ôöé gzip:  15.68 kB[22m
[2m../dist/public/[22m[36massets/ProjectDetails-hCyRITvK.js               [39m[1m[2m156.67 kB[22m[1m[22m[2m Ôöé gzip:  16.36 kB[22m
[2m../dist/public/[22m[36massets/index.es-FljP_HP8.js                     [39m[1m[2m158.79 kB[22m[1m[22m[2m Ôöé gzip:  53.05 kB[22m
[2m../dist/public/[22m[36massets/DocumentBlockEditor-DZfiH7lD.js          [39m[1m[2m170.27 kB[22m[1m[22m[2m Ôöé gzip:  22.11 kB[22m
[2m../dist/public/[22m[36massets/html2canvas-DXEQVQnt.js                  [39m[1m[2m201.04 kB[22m[1m[22m[2m Ôöé gzip:  47.43 kB[22m
[2m../dist/public/[22m[36massets/MultiTenancy-D7neXHBd.js                 [39m[1m[2m207.73 kB[22m[1m[22m[2m Ôöé gzip:  22.91 kB[22m
[2m../dist/public/[22m[36massets/WebsiteAdmin--X-T1ALp.js                 [39m[1m[2m231.28 kB[22m[1m[22m[2m Ôöé gzip:  22.42 kB[22m
[2m../dist/public/[22m[36massets/OrgSettings-Go0Bw4wY.js                  [39m[1m[2m278.69 kB[22m[1m[22m[2m Ôöé gzip:  28.50 kB[22m
[2m../dist/public/[22m[36massets/rich-editor-reQhc5QM.js                  [39m[1m[2m414.87 kB[22m[1m[22m[2m Ôöé gzip: 130.94 kB[22m
[2m../dist/public/[22m[36massets/pdfGenerator-CqRLWHzp.js                 [39m[1m[2m422.52 kB[22m[1m[22m[2m Ôöé gzip: 136.46 kB[22m
[2m../dist/public/[22m[36massets/xlsx-BojT3SgY.js                         [39m[1m[2m424.38 kB[22m[1m[22m[2m Ôöé gzip: 141.60 kB[22m
[2m../dist/public/[22m[36massets/vendor-react-ui-CJ1D-xcQ.js              [39m[1m[2m517.32 kB[22m[1m[22m[2m Ôöé gzip: 157.74 kB[22m
[2m../dist/public/[22m[36massets/Settings-MO0-QJ6y.js                     [39m[1m[2m825.93 kB[22m[1m[22m[2m Ôöé gzip:  96.65 kB[22m
[2m../dist/public/[22m[36massets/index-BVcUI9KD.js                        [39m[1m[2m993.88 kB[22m[1m[22m[2m Ôöé gzip: 210.36 kB[22m
[32mÔ£ô built in 38.29s[39m

  dist\index.js  3.1mb

Done in 418ms
