
> kiini-one-hub-total-control@1.0.0 build
> vite build && esbuild server/_core/index.ts --platform=node --packages=external --bundle --format=esm --outdir=dist

NODE_ENV=production is not supported in the .env file. Only NODE_ENV=development is supported to create a development build of your project. If you need to set process.env.NODE_ENV, you can set it in the Vite config instead.
[36mvite v7.3.1 [32mbuilding client environment for production...[36m[39m
(node:11788) [DEP0205] DeprecationWarning: `module.register()` is deprecated. Use `module.registerHooks()` instead.
(Use `node --trace-deprecation ...` to show where the warning was created)
transforming...
[32mÔ£ô[39m 3804 modules transformed.
rendering chunks...
computing gzip size...
[2m../dist/public/[22m[32mindex.html                                      [39m[1m[2m  3.96 kB[22m[1m[22m[2m Ôöé gzip:   1.65 kB[22m
[2m../dist/public/[22m[35massets/CustomFieldsManager-Bx3OTr2t.css         [39m[1m[2m 29.89 kB[22m[1m[22m[2m Ôöé gzip:   5.84 kB[22m
[2m../dist/public/[22m[35massets/index-51dDQDOb.css                       [39m[1m[2m408.02 kB[22m[1m[22m[2m Ôöé gzip:  50.26 kB[22m
[2m../dist/public/[22m[36massets/trpc-DKi1omQP.js                         [39m[1m[2m  0.07 kB[22m[1m[22m[2m Ôöé gzip:   0.09 kB[22m
[2m../dist/public/[22m[36massets/tableSort-B6IToDRb.js                    [39m[1m[2m  0.14 kB[22m[1m[22m[2m Ôöé gzip:   0.12 kB[22m
[2m../dist/public/[22m[36massets/AreaChart-C5SMvPay.js                    [39m[1m[2m  0.23 kB[22m[1m[22m[2m Ôöé gzip:   0.19 kB[22m
[2m../dist/public/[22m[36massets/LineChart-DpHnhpON.js                    [39m[1m[2m  0.23 kB[22m[1m[22m[2m Ôöé gzip:   0.19 kB[22m
[2m../dist/public/[22m[36massets/use-toast-CWENyOb-.js                    [39m[1m[2m  0.24 kB[22m[1m[22m[2m Ôöé gzip:   0.20 kB[22m
[2m../dist/public/[22m[36massets/skeleton-7hCg4eRo.js                     [39m[1m[2m  0.24 kB[22m[1m[22m[2m Ôöé gzip:   0.20 kB[22m
[2m../dist/public/[22m[36massets/communications-DPNzK-66.js               [39m[1m[2m  0.27 kB[22m[1m[22m[2m Ôöé gzip:   0.21 kB[22m
[2m../dist/public/[22m[36massets/spinner-DNHYWt2p.js                      [39m[1m[2m  0.28 kB[22m[1m[22m[2m Ôöé gzip:   0.22 kB[22m
[2m../dist/public/[22m[36massets/BarChart-Gs8tYZrJ.js                     [39m[1m[2m  0.30 kB[22m[1m[22m[2m Ôöé gzip:   0.22 kB[22m
[2m../dist/public/[22m[36massets/paymentMethods-r32LliAe.js               [39m[1m[2m  0.31 kB[22m[1m[22m[2m Ôöé gzip:   0.24 kB[22m
[2m../dist/public/[22m[36massets/collapsible-Bu1M_S6E.js                  [39m[1m[2m  0.32 kB[22m[1m[22m[2m Ôöé gzip:   0.19 kB[22m
[2m../dist/public/[22m[36massets/label-d3PvPaTM.js                        [39m[1m[2m  0.33 kB[22m[1m[22m[2m Ôöé gzip:   0.25 kB[22m
[2m../dist/public/[22m[36massets/TableItemLink-BJr8Hxu9.js                [39m[1m[2m  0.40 kB[22m[1m[22m[2m Ôöé gzip:   0.27 kB[22m
[2m../dist/public/[22m[36massets/invoiceCarryForward-DYkc7-FL.js          [39m[1m[2m  0.40 kB[22m[1m[22m[2m Ôöé gzip:   0.25 kB[22m
[2m../dist/public/[22m[36massets/useUserLookup-BKhfb_yx.js                [39m[1m[2m  0.40 kB[22m[1m[22m[2m Ôöé gzip:   0.31 kB[22m
[2m../dist/public/[22m[36massets/useRequireFeature-Dky__vrX.js            [39m[1m[2m  0.44 kB[22m[1m[22m[2m Ôöé gzip:   0.32 kB[22m
[2m../dist/public/[22m[36massets/exportCsv-CNzVNdz4.js                    [39m[1m[2m  0.44 kB[22m[1m[22m[2m Ôöé gzip:   0.33 kB[22m
[2m../dist/public/[22m[36massets/csvGenerator-BbTLt5yV.js                 [39m[1m[2m  0.45 kB[22m[1m[22m[2m Ôöé gzip:   0.29 kB[22m
[2m../dist/public/[22m[36massets/textarea-BLQeTdEH.js                     [39m[1m[2m  0.50 kB[22m[1m[22m[2m Ôöé gzip:   0.34 kB[22m
[2m../dist/public/[22m[36massets/useCompanyInfo-x5_ry-yE.js               [39m[1m[2m  0.52 kB[22m[1m[22m[2m Ôöé gzip:   0.36 kB[22m
[2m../dist/public/[22m[36massets/companyExport-BjKJuyHC.js                [39m[1m[2m  0.54 kB[22m[1m[22m[2m Ôöé gzip:   0.37 kB[22m
[2m../dist/public/[22m[36massets/ProjectCoverImage-FF-Vktz8.js            [39m[1m[2m  0.55 kB[22m[1m[22m[2m Ôöé gzip:   0.37 kB[22m
[2m../dist/public/[22m[36massets/export-utils-BB0oG03F.js                 [39m[1m[2m  0.57 kB[22m[1m[22m[2m Ôöé gzip:   0.40 kB[22m
[2m../dist/public/[22m[36massets/useOrgPermission-Bs98HYRJ.js             [39m[1m[2m  0.59 kB[22m[1m[22m[2m Ôöé gzip:   0.40 kB[22m
[2m../dist/public/[22m[36massets/useFavorite-DiaewoAC.js                  [39m[1m[2m  0.59 kB[22m[1m[22m[2m Ôöé gzip:   0.35 kB[22m
[2m../dist/public/[22m[36massets/documentTemplateHelpers-CduNLrpb.js      [39m[1m[2m  0.59 kB[22m[1m[22m[2m Ôöé gzip:   0.33 kB[22m
[2m../dist/public/[22m[36massets/FinancialDashboard-B3eEZO12.js           [39m[1m[2m  0.60 kB[22m[1m[22m[2m Ôöé gzip:   0.37 kB[22m
[2m../dist/public/[22m[36massets/OrgFinancialDashboard-Df49k6lE.js        [39m[1m[2m  0.61 kB[22m[1m[22m[2m Ôöé gzip:   0.38 kB[22m
[2m../dist/public/[22m[36massets/payslipPdf-4E7gB00S.js                   [39m[1m[2m  0.63 kB[22m[1m[22m[2m Ôöé gzip:   0.44 kB[22m
[2m../dist/public/[22m[36massets/activityLog-B-yh0W2G.js                  [39m[1m[2m  0.75 kB[22m[1m[22m[2m Ôöé gzip:   0.36 kB[22m
[2m../dist/public/[22m[36massets/popover-XVxQg417.js                      [39m[1m[2m  0.83 kB[22m[1m[22m[2m Ôöé gzip:   0.45 kB[22m
[2m../dist/public/[22m[36massets/DeleteConfirmationModal-2JIOkhd_.js      [39m[1m[2m  0.85 kB[22m[1m[22m[2m Ôöé gzip:   0.49 kB[22m
[2m../dist/public/[22m[36massets/healthScore-hLzRzKdj.js                  [39m[1m[2m  0.89 kB[22m[1m[22m[2m Ôöé gzip:   0.52 kB[22m
[2m../dist/public/[22m[36massets/switch-CopcZO6T.js                       [39m[1m[2m  0.90 kB[22m[1m[22m[2m Ôöé gzip:   0.47 kB[22m
[2m../dist/public/[22m[36massets/checkbox-CDFUCOqi.js                     [39m[1m[2m  0.92 kB[22m[1m[22m[2m Ôöé gzip:   0.47 kB[22m
[2m../dist/public/[22m[36massets/UserSelector-26e_Pjaa.js                 [39m[1m[2m  0.97 kB[22m[1m[22m[2m Ôöé gzip:   0.55 kB[22m
[2m../dist/public/[22m[36massets/CustomPage-Br0Hx7oT.js                   [39m[1m[2m  1.04 kB[22m[1m[22m[2m Ôöé gzip:   0.60 kB[22m
[2m../dist/public/[22m[36massets/PermissionGuard-D9seuUWM.js              [39m[1m[2m  1.05 kB[22m[1m[22m[2m Ôöé gzip:   0.59 kB[22m
[2m../dist/public/[22m[36massets/EmployeeSelector-DsS3Erai.js             [39m[1m[2m  1.10 kB[22m[1m[22m[2m Ôöé gzip:   0.62 kB[22m
[2m../dist/public/[22m[36massets/Messages-DciydGfO.js                     [39m[1m[2m  1.18 kB[22m[1m[22m[2m Ôöé gzip:   0.64 kB[22m
[2m../dist/public/[22m[36massets/ModuleLayout-Cr_CrvrV.js                 [39m[1m[2m  1.25 kB[22m[1m[22m[2m Ôöé gzip:   0.63 kB[22m
[2m../dist/public/[22m[36massets/accordion-DK2oqRHb.js                    [39m[1m[2m  1.27 kB[22m[1m[22m[2m Ôöé gzip:   0.62 kB[22m
[2m../dist/public/[22m[36massets/OrgAssets-CBqiMDEJ.js                    [39m[1m[2m  1.28 kB[22m[1m[22m[2m Ôöé gzip:   0.63 kB[22m
[2m../dist/public/[22m[36massets/OrgDocuments-CDS1yP-E.js                 [39m[1m[2m  1.29 kB[22m[1m[22m[2m Ôöé gzip:   0.63 kB[22m
[2m../dist/public/[22m[36massets/OrgPurchaseOrders-Dl_61HaF.js            [39m[1m[2m  1.31 kB[22m[1m[22m[2m Ôöé gzip:   0.64 kB[22m
[2m../dist/public/[22m[36massets/ReportNavigation-CyVmzoaS.js             [39m[1m[2m  1.33 kB[22m[1m[22m[2m Ôöé gzip:   0.68 kB[22m
[2m../dist/public/[22m[36massets/format-BwoUWGmH.js                       [39m[1m[2m  1.34 kB[22m[1m[22m[2m Ôöé gzip:   0.59 kB[22m
[2m../dist/public/[22m[36massets/PhoneInput-D5gg2pQu.js                   [39m[1m[2m  1.40 kB[22m[1m[22m[2m Ôöé gzip:   0.72 kB[22m
[2m../dist/public/[22m[36massets/KiiniTagSelector-CgLnIY6S.js             [39m[1m[2m  1.53 kB[22m[1m[22m[2m Ôöé gzip:   0.83 kB[22m
[2m../dist/public/[22m[36massets/TenantAdminDetails-xxf4uOy7.js           [39m[1m[2m  1.56 kB[22m[1m[22m[2m Ôöé gzip:   0.68 kB[22m
[2m../dist/public/[22m[36massets/TenantUserDetails-Cd_2EGIh.js            [39m[1m[2m  1.69 kB[22m[1m[22m[2m Ôöé gzip:   0.72 kB[22m
[2m../dist/public/[22m[36massets/RoleBasedDashboard-NrsZThj6.js           [39m[1m[2m  1.71 kB[22m[1m[22m[2m Ôöé gzip:   0.74 kB[22m
[2m../dist/public/[22m[36massets/designSystem-BjMWY9N5.js                 [39m[1m[2m  1.76 kB[22m[1m[22m[2m Ôöé gzip:   0.66 kB[22m
[2m../dist/public/[22m[36massets/OrgBreadcrumb-K7v7eabe.js                [39m[1m[2m  1.77 kB[22m[1m[22m[2m Ôöé gzip:   0.74 kB[22m
[2m../dist/public/[22m[36massets/SmsQueue-Bp0fFB4i.js                     [39m[1m[2m  1.78 kB[22m[1m[22m[2m Ôöé gzip:   0.91 kB[22m
[2m../dist/public/[22m[36massets/RowActionsMenu-DvOqM-6p.js               [39m[1m[2m  1.86 kB[22m[1m[22m[2m Ôöé gzip:   0.81 kB[22m
[2m../dist/public/[22m[36massets/ServiceSearchFilter-CImkvzRp.js          [39m[1m[2m  1.90 kB[22m[1m[22m[2m Ôöé gzip:   0.77 kB[22m
[2m../dist/public/[22m[36massets/SummaryStatCards-B3AMRR5r.js             [39m[1m[2m  1.95 kB[22m[1m[22m[2m Ôöé gzip:   0.86 kB[22m
[2m../dist/public/[22m[36massets/JobGroupPayrollItems-DKMkQyqM.js         [39m[1m[2m  1.96 kB[22m[1m[22m[2m Ôöé gzip:   0.90 kB[22m
[2m../dist/public/[22m[36massets/ModuleAnalyticsStrip-CcJprC9_.js         [39m[1m[2m  1.98 kB[22m[1m[22m[2m Ôöé gzip:   0.91 kB[22m
[2m../dist/public/[22m[36massets/CustomFields-BtgpQw6x.js                 [39m[1m[2m  2.00 kB[22m[1m[22m[2m Ôöé gzip:   0.94 kB[22m
[2m../dist/public/[22m[36massets/table-BglMHyTW.js                        [39m[1m[2m  2.02 kB[22m[1m[22m[2m Ôöé gzip:   0.75 kB[22m
[2m../dist/public/[22m[36massets/alert-dialog-DBG0c1Ku.js                 [39m[1m[2m  2.04 kB[22m[1m[22m[2m Ôöé gzip:   0.74 kB[22m
[2m../dist/public/[22m[36massets/LocationSelects-PmEKCnOA.js              [39m[1m[2m  2.07 kB[22m[1m[22m[2m Ôöé gzip:   0.58 kB[22m
[2m../dist/public/[22m[36massets/NotFound-_4JTRuBW.js                     [39m[1m[2m  2.12 kB[22m[1m[22m[2m Ôöé gzip:   1.03 kB[22m
[2m../dist/public/[22m[36massets/CreateImprest-8qRvYUyQ.js                [39m[1m[2m  2.13 kB[22m[1m[22m[2m Ôöé gzip:   1.03 kB[22m
[2m../dist/public/[22m[36massets/useOrgAccess-RqyF0UGJ.js                 [39m[1m[2m  2.18 kB[22m[1m[22m[2m Ôöé gzip:   1.10 kB[22m
[2m../dist/public/[22m[36massets/PageHeader-BNOF1AYh.js                   [39m[1m[2m  2.21 kB[22m[1m[22m[2m Ôöé gzip:   0.94 kB[22m
[2m../dist/public/[22m[36massets/data-table-controls-BetyxJRw.js          [39m[1m[2m  2.32 kB[22m[1m[22m[2m Ôöé gzip:   0.99 kB[22m
[2m../dist/public/[22m[36massets/OrgModulePage-CXQ3zQVF.js                [39m[1m[2m  2.36 kB[22m[1m[22m[2m Ôöé gzip:   1.03 kB[22m
[2m../dist/public/[22m[36massets/UnifiedModuleLayout-CZufbq-1.js          [39m[1m[2m  2.44 kB[22m[1m[22m[2m Ôöé gzip:   1.06 kB[22m
[2m../dist/public/[22m[36massets/EmployeeAccountSection-DOoh-zXc.js       [39m[1m[2m  2.55 kB[22m[1m[22m[2m Ôöé gzip:   0.95 kB[22m
[2m../dist/public/[22m[36massets/BiTools-CrKgLQYy.js                      [39m[1m[2m  2.68 kB[22m[1m[22m[2m Ôöé gzip:   1.18 kB[22m
[2m../dist/public/[22m[36massets/OrgCreateClient-CVGeTi2c.js              [39m[1m[2m  2.70 kB[22m[1m[22m[2m Ôöé gzip:   1.36 kB[22m
[2m../dist/public/[22m[36massets/CreateClient-Bgf16pvQ.js                 [39m[1m[2m  2.72 kB[22m[1m[22m[2m Ôöé gzip:   1.37 kB[22m
[2m../dist/public/[22m[36massets/OrgSuperAdminDashboard-Ba_Jr7gd.js       [39m[1m[2m  2.75 kB[22m[1m[22m[2m Ôöé gzip:   1.21 kB[22m
[2m../dist/public/[22m[36massets/ICTSystemSettings-BrV1BtXx.js            [39m[1m[2m  2.79 kB[22m[1m[22m[2m Ôöé gzip:   1.18 kB[22m
[2m../dist/public/[22m[36massets/CreateBudget-Bl9s35Fi.js                 [39m[1m[2m  2.81 kB[22m[1m[22m[2m Ôöé gzip:   1.32 kB[22m
[2m../dist/public/[22m[36massets/CreateReceipt-Co4KpU1H.js                [39m[1m[2m  2.83 kB[22m[1m[22m[2m Ôöé gzip:   1.18 kB[22m
[2m../dist/public/[22m[36massets/CreateProduct-S9lacGKD.js                [39m[1m[2m  2.85 kB[22m[1m[22m[2m Ôöé gzip:   1.28 kB[22m
[2m../dist/public/[22m[36massets/OrgCreateProduct-DS5avhxB.js             [39m[1m[2m  2.85 kB[22m[1m[22m[2m Ôöé gzip:   1.28 kB[22m
[2m../dist/public/[22m[36massets/EnhancedBulkActions-I1kus1k3.js          [39m[1m[2m  2.89 kB[22m[1m[22m[2m Ôöé gzip:   1.21 kB[22m
[2m../dist/public/[22m[36massets/DashboardBuilderPro-CN6vvvk1.js          [39m[1m[2m  2.94 kB[22m[1m[22m[2m Ôöé gzip:   1.21 kB[22m
[2m../dist/public/[22m[36massets/MyPayslips-BuFsi7oe.js                   [39m[1m[2m  2.95 kB[22m[1m[22m[2m Ôöé gzip:   1.24 kB[22m
[2m../dist/public/[22m[36massets/actions-jfEheW-i.js                      [39m[1m[2m  3.01 kB[22m[1m[22m[2m Ôöé gzip:   1.34 kB[22m
[2m../dist/public/[22m[36massets/VerifyEmail-DVixTHkW.js                  [39m[1m[2m  3.09 kB[22m[1m[22m[2m Ôöé gzip:   1.52 kB[22m
[2m../dist/public/[22m[36massets/privateChatUtils-BCU6O5u0.js             [39m[1m[2m  3.19 kB[22m[1m[22m[2m Ôöé gzip:   1.22 kB[22m
[2m../dist/public/[22m[36massets/CreditNotes-DS2Wezee.js                  [39m[1m[2m  3.19 kB[22m[1m[22m[2m Ôöé gzip:   1.32 kB[22m
[2m../dist/public/[22m[36massets/OrgCreditNotes-D4goI_Bw.js               [39m[1m[2m  3.19 kB[22m[1m[22m[2m Ôöé gzip:   1.32 kB[22m
[2m../dist/public/[22m[36massets/Search-DQ8h_dPr.js                       [39m[1m[2m  3.20 kB[22m[1m[22m[2m Ôöé gzip:   1.47 kB[22m
[2m../dist/public/[22m[36massets/SalesManagerDashboard-B0Cz-nIm.js        [39m[1m[2m  3.24 kB[22m[1m[22m[2m Ôöé gzip:   1.17 kB[22m
[2m../dist/public/[22m[36massets/ICTAnalytics-Bzb8GaNL.js                 [39m[1m[2m  3.25 kB[22m[1m[22m[2m Ôöé gzip:   1.22 kB[22m
[2m../dist/public/[22m[36massets/ReportsDetails-IKVRFg6p.js               [39m[1m[2m  3.27 kB[22m[1m[22m[2m Ôöé gzip:   1.22 kB[22m
[2m../dist/public/[22m[36massets/ProcurementManagerDashboard-znD30zAE.js  [39m[1m[2m  3.27 kB[22m[1m[22m[2m Ôöé gzip:   1.16 kB[22m
[2m../dist/public/[22m[36massets/FunnelAnalysis-D8lkKOHj.js               [39m[1m[2m  3.33 kB[22m[1m[22m[2m Ôöé gzip:   1.27 kB[22m
[2m../dist/public/[22m[36massets/TableColumnSettings-TJIV0jZR.js          [39m[1m[2m  3.35 kB[22m[1m[22m[2m Ôöé gzip:   1.44 kB[22m
[2m../dist/public/[22m[36massets/OrgCreateLPO-DbWzC6Od.js                 [39m[1m[2m  3.36 kB[22m[1m[22m[2m Ôöé gzip:   1.44 kB[22m
[2m../dist/public/[22m[36massets/CreateDepartment-CpYEC7j-.js             [39m[1m[2m  3.38 kB[22m[1m[22m[2m Ôöé gzip:   1.40 kB[22m
[2m../dist/public/[22m[36massets/OrgCreateDepartment-C9smE68I.js          [39m[1m[2m  3.38 kB[22m[1m[22m[2m Ôöé gzip:   1.40 kB[22m
[2m../dist/public/[22m[36massets/CohortAnalysis--Qi5NJ7l.js               [39m[1m[2m  3.43 kB[22m[1m[22m[2m Ôöé gzip:   1.24 kB[22m
[2m../dist/public/[22m[36massets/EditBudget-gEOaVzML.js                   [39m[1m[2m  3.43 kB[22m[1m[22m[2m Ôöé gzip:   1.52 kB[22m
[2m../dist/public/[22m[36massets/OrgEditBudget-BS1yFYW-.js                [39m[1m[2m  3.43 kB[22m[1m[22m[2m Ôöé gzip:   1.52 kB[22m
[2m../dist/public/[22m[36massets/CreateSupplier-DVLEI8o2.js               [39m[1m[2m  3.46 kB[22m[1m[22m[2m Ôöé gzip:   1.55 kB[22m
[2m../dist/public/[22m[36massets/OrgCreateSupplier-CU6QKaS1.js            [39m[1m[2m  3.46 kB[22m[1m[22m[2m Ôöé gzip:   1.55 kB[22m
[2m../dist/public/[22m[36massets/OrgCreateReceipt-DNIPYKMS.js             [39m[1m[2m  3.47 kB[22m[1m[22m[2m Ôöé gzip:   1.41 kB[22m
[2m../dist/public/[22m[36massets/OrgPurchaseOrderDetail-LZxBTOQl.js       [39m[1m[2m  3.49 kB[22m[1m[22m[2m Ôöé gzip:   1.25 kB[22m
[2m../dist/public/[22m[36massets/CreatePurchaseOrder-BIrwpkwp.js          [39m[1m[2m  3.49 kB[22m[1m[22m[2m Ôöé gzip:   1.26 kB[22m
[2m../dist/public/[22m[36massets/OrgCreatePurchaseOrder-CpilwHkS.js       [39m[1m[2m  3.49 kB[22m[1m[22m[2m Ôöé gzip:   1.26 kB[22m
[2m../dist/public/[22m[36massets/CreateLeaveRequest-CCJt1nGu.js           [39m[1m[2m  3.56 kB[22m[1m[22m[2m Ôöé gzip:   1.39 kB[22m
[2m../dist/public/[22m[36massets/CreateWarranty-DUW1_sRN.js               [39m[1m[2m  3.57 kB[22m[1m[22m[2m Ôöé gzip:   1.36 kB[22m
[2m../dist/public/[22m[36massets/EditDepartment-B14akQPR.js               [39m[1m[2m  3.60 kB[22m[1m[22m[2m Ôöé gzip:   1.40 kB[22m
[2m../dist/public/[22m[36massets/OrgEditDepartment-DUqtt41c.js            [39m[1m[2m  3.60 kB[22m[1m[22m[2m Ôöé gzip:   1.40 kB[22m
[2m../dist/public/[22m[36massets/WarrantyDetails-BEw3TCoH.js              [39m[1m[2m  3.66 kB[22m[1m[22m[2m Ôöé gzip:   1.23 kB[22m
[2m../dist/public/[22m[36massets/OrgContactDetail-DkC-q3F5.js             [39m[1m[2m  3.68 kB[22m[1m[22m[2m Ôöé gzip:   1.24 kB[22m
[2m../dist/public/[22m[36massets/CreateTicket-C-sjjZuq.js                 [39m[1m[2m  3.70 kB[22m[1m[22m[2m Ôöé gzip:   1.47 kB[22m
[2m../dist/public/[22m[36massets/OrgCreateTicket-xty-7vsI.js              [39m[1m[2m  3.70 kB[22m[1m[22m[2m Ôöé gzip:   1.47 kB[22m
[2m../dist/public/[22m[36massets/ProductDetails-CeGN2F65.js               [39m[1m[2m  3.76 kB[22m[1m[22m[2m Ôöé gzip:   1.39 kB[22m
[2m../dist/public/[22m[36massets/ConversionAnalytics-qN2djJ2E.js          [39m[1m[2m  3.82 kB[22m[1m[22m[2m Ôöé gzip:   1.56 kB[22m
[2m../dist/public/[22m[36massets/OrgEditApproval-BvSibxUK.js              [39m[1m[2m  3.83 kB[22m[1m[22m[2m Ôöé gzip:   1.41 kB[22m
[2m../dist/public/[22m[36massets/TenantAdmins-A7dPyWSS.js                 [39m[1m[2m  3.87 kB[22m[1m[22m[2m Ôöé gzip:   1.37 kB[22m
[2m../dist/public/[22m[36massets/Home-D-cx5M-u.js                         [39m[1m[2m  3.88 kB[22m[1m[22m[2m Ôöé gzip:   1.47 kB[22m
[2m../dist/public/[22m[36massets/OrgReceiptDetail-qsGwhH35.js             [39m[1m[2m  3.91 kB[22m[1m[22m[2m Ôöé gzip:   1.40 kB[22m
[2m../dist/public/[22m[36massets/ListPageToolbar-Cvo7jzsT.js              [39m[1m[2m  3.91 kB[22m[1m[22m[2m Ôöé gzip:   1.15 kB[22m
[2m../dist/public/[22m[36massets/CreateEstimate-Do4OCTXq.js               [39m[1m[2m  3.92 kB[22m[1m[22m[2m Ôöé gzip:   1.62 kB[22m
[2m../dist/public/[22m[36massets/InvoiceSearchFilter-CHVT2KPq.js          [39m[1m[2m  3.93 kB[22m[1m[22m[2m Ôöé gzip:   1.29 kB[22m
[2m../dist/public/[22m[36massets/OrgQuotationDetail-CchJpOd5.js           [39m[1m[2m  3.95 kB[22m[1m[22m[2m Ôöé gzip:   1.40 kB[22m
[2m../dist/public/[22m[36massets/CreateAttendance-DL_B4grJ.js             [39m[1m[2m  3.96 kB[22m[1m[22m[2m Ôöé gzip:   1.46 kB[22m
[2m../dist/public/[22m[36massets/OrgCreateAttendance-C5NCn8cj.js          [39m[1m[2m  3.96 kB[22m[1m[22m[2m Ôöé gzip:   1.46 kB[22m
[2m../dist/public/[22m[36massets/OrgProductDetail-vuX4LQKk.js             [39m[1m[2m  3.97 kB[22m[1m[22m[2m Ôöé gzip:   1.30 kB[22m
[2m../dist/public/[22m[36massets/TenantUsers-B7Evy0zC.js                  [39m[1m[2m  3.99 kB[22m[1m[22m[2m Ôöé gzip:   1.47 kB[22m
[2m../dist/public/[22m[36massets/OrgPaymentDetail-_0XNGcit.js             [39m[1m[2m  3.99 kB[22m[1m[22m[2m Ôöé gzip:   1.44 kB[22m
[2m../dist/public/[22m[36massets/OrgLPODetail-k1-3xbYK.js                 [39m[1m[2m  4.00 kB[22m[1m[22m[2m Ôöé gzip:   1.56 kB[22m
[2m../dist/public/[22m[36massets/ProjectAnalytics-BhV0KwLE.js             [39m[1m[2m  4.00 kB[22m[1m[22m[2m Ôöé gzip:   1.49 kB[22m
[2m../dist/public/[22m[36massets/OrgEstimateDetail-CQ2_V_Ge.js            [39m[1m[2m  4.02 kB[22m[1m[22m[2m Ôöé gzip:   1.44 kB[22m
[2m../dist/public/[22m[36massets/OrgLeadDetail-C8_co6LP.js                [39m[1m[2m  4.02 kB[22m[1m[22m[2m Ôöé gzip:   1.44 kB[22m
[2m../dist/public/[22m[36massets/HRDetails-C-RMC740.js                    [39m[1m[2m  4.03 kB[22m[1m[22m[2m Ôöé gzip:   1.46 kB[22m
[2m../dist/public/[22m[36massets/Sales-Bd1H-5eV.js                        [39m[1m[2m  4.03 kB[22m[1m[22m[2m Ôöé gzip:   1.50 kB[22m
[2m../dist/public/[22m[36massets/OrgApprovalDetail-DKuoK_VN.js            [39m[1m[2m  4.04 kB[22m[1m[22m[2m Ôöé gzip:   1.41 kB[22m
[2m../dist/public/[22m[36massets/AIAssistantModal-Dd-GXEEb.js             [39m[1m[2m  4.14 kB[22m[1m[22m[2m Ôöé gzip:   1.72 kB[22m
[2m../dist/public/[22m[36massets/OrgAttendanceDetail-Bli03t6c.js          [39m[1m[2m  4.14 kB[22m[1m[22m[2m Ôöé gzip:   1.43 kB[22m
[2m../dist/public/[22m[36massets/EditAllowance-ClY_xqvf.js                [39m[1m[2m  4.17 kB[22m[1m[22m[2m Ôöé gzip:   1.69 kB[22m
[2m../dist/public/[22m[36massets/OrgEditLead-DTmKqqhD.js                  [39m[1m[2m  4.21 kB[22m[1m[22m[2m Ôöé gzip:   1.49 kB[22m
[2m../dist/public/[22m[36massets/OrgProcurementDetail-PmVppZrI.js         [39m[1m[2m  4.22 kB[22m[1m[22m[2m Ôöé gzip:   1.45 kB[22m
[2m../dist/public/[22m[36massets/OrgEditPurchaseOrder-Cd5yiyVh.js         [39m[1m[2m  4.23 kB[22m[1m[22m[2m Ôöé gzip:   1.58 kB[22m
[2m../dist/public/[22m[36massets/RevenueForecasting-DqUjwcWr.js           [39m[1m[2m  4.24 kB[22m[1m[22m[2m Ôöé gzip:   1.70 kB[22m
[2m../dist/public/[22m[36massets/BudgetDetails-D3whTZmD.js                [39m[1m[2m  4.24 kB[22m[1m[22m[2m Ôöé gzip:   1.40 kB[22m
[2m../dist/public/[22m[36massets/CreateAllowance-DPc60G6c.js              [39m[1m[2m  4.25 kB[22m[1m[22m[2m Ôöé gzip:   1.65 kB[22m
[2m../dist/public/[22m[36massets/EditSalaryStructure-8IloF-GL.js          [39m[1m[2m  4.25 kB[22m[1m[22m[2m Ôöé gzip:   1.62 kB[22m
[2m../dist/public/[22m[36massets/OrgEditSalaryStructure-CvF54qJO.js       [39m[1m[2m  4.25 kB[22m[1m[22m[2m Ôöé gzip:   1.62 kB[22m
[2m../dist/public/[22m[36massets/EditTicket-BrXMQ-ti.js                   [39m[1m[2m  4.33 kB[22m[1m[22m[2m Ôöé gzip:   1.62 kB[22m
[2m../dist/public/[22m[36massets/OrgEditTicket-BCk3xzEA.js                [39m[1m[2m  4.33 kB[22m[1m[22m[2m Ôöé gzip:   1.62 kB[22m
[2m../dist/public/[22m[36massets/AssetDetails-ldRDrv1i.js                 [39m[1m[2m  4.35 kB[22m[1m[22m[2m Ôöé gzip:   1.29 kB[22m
[2m../dist/public/[22m[36massets/DepartmentForm-nuNE2jId.js               [39m[1m[2m  4.40 kB[22m[1m[22m[2m Ôöé gzip:   1.53 kB[22m
[2m../dist/public/[22m[36massets/SalesReports-CS91BsSc.js                 [39m[1m[2m  4.41 kB[22m[1m[22m[2m Ôöé gzip:   1.56 kB[22m
[2m../dist/public/[22m[36massets/EditDeduction-rSstQ_bx.js                [39m[1m[2m  4.42 kB[22m[1m[22m[2m Ôöé gzip:   1.76 kB[22m
[2m../dist/public/[22m[36massets/OrgEditProcurement-VL9fmtSq.js           [39m[1m[2m  4.47 kB[22m[1m[22m[2m Ôöé gzip:   1.56 kB[22m
[2m../dist/public/[22m[36massets/OrgDebitNoteDetail-CJLlve7k.js           [39m[1m[2m  4.48 kB[22m[1m[22m[2m Ôöé gzip:   1.54 kB[22m
[2m../dist/public/[22m[36massets/AdvancedAnalytics-CXyNLPJf.js            [39m[1m[2m  4.51 kB[22m[1m[22m[2m Ôöé gzip:   1.39 kB[22m
[2m../dist/public/[22m[36massets/Services-g2jaBF08.js                     [39m[1m[2m  4.56 kB[22m[1m[22m[2m Ôöé gzip:   1.80 kB[22m
[2m../dist/public/[22m[36massets/EditReceipt-C0TH1VYr.js                  [39m[1m[2m  4.58 kB[22m[1m[22m[2m Ôöé gzip:   1.68 kB[22m
[2m../dist/public/[22m[36massets/OrgEditReceipt-DvXzsYNI.js               [39m[1m[2m  4.58 kB[22m[1m[22m[2m Ôöé gzip:   1.68 kB[22m
[2m../dist/public/[22m[36massets/EditBenefit-Bu3gObdA.js                  [39m[1m[2m  4.59 kB[22m[1m[22m[2m Ôöé gzip:   1.79 kB[22m
[2m../dist/public/[22m[36massets/Blog-3tduilyb.js                         [39m[1m[2m  4.60 kB[22m[1m[22m[2m Ôöé gzip:   1.64 kB[22m
[2m../dist/public/[22m[36massets/ContractDetails-DV_lYZo4.js              [39m[1m[2m  4.62 kB[22m[1m[22m[2m Ôöé gzip:   1.38 kB[22m
[2m../dist/public/[22m[36massets/WarrantyManagement-BZRY4jXp.js           [39m[1m[2m  4.74 kB[22m[1m[22m[2m Ôöé gzip:   1.84 kB[22m
[2m../dist/public/[22m[36massets/SalaryStructureDetails-C2ryMOPa.js       [39m[1m[2m  4.76 kB[22m[1m[22m[2m Ôöé gzip:   1.62 kB[22m
[2m../dist/public/[22m[36massets/OrgSalaryStructureDetails-Cp9unMUu.js    [39m[1m[2m  4.76 kB[22m[1m[22m[2m Ôöé gzip:   1.62 kB[22m
[2m../dist/public/[22m[36massets/OrgAI-D7-HsGqk.js                        [39m[1m[2m  4.77 kB[22m[1m[22m[2m Ôöé gzip:   1.90 kB[22m
[2m../dist/public/[22m[36massets/CreateLPO-KIskNC7A.js                    [39m[1m[2m  4.80 kB[22m[1m[22m[2m Ôöé gzip:   1.93 kB[22m
[2m../dist/public/[22m[36massets/EditWarranty-C3QwnB6e.js                 [39m[1m[2m  4.83 kB[22m[1m[22m[2m Ôöé gzip:   1.71 kB[22m
[2m../dist/public/[22m[36massets/TimesheetDetails-UeAuNx0l.js             [39m[1m[2m  4.84 kB[22m[1m[22m[2m Ôöé gzip:   1.43 kB[22m
[2m../dist/public/[22m[36massets/OrgOrderDetail-BiRy5vH6.js               [39m[1m[2m  4.86 kB[22m[1m[22m[2m Ôöé gzip:   1.62 kB[22m
[2m../dist/public/[22m[36massets/CreateDebitNote-DmQmph_-.js              [39m[1m[2m  4.86 kB[22m[1m[22m[2m Ôöé gzip:   1.91 kB[22m
[2m../dist/public/[22m[36massets/OrgCreateDebitNote-BCrUaiv5.js           [39m[1m[2m  4.86 kB[22m[1m[22m[2m Ôöé gzip:   1.91 kB[22m
[2m../dist/public/[22m[36massets/EditAttendance-qeOAr_1q.js               [39m[1m[2m  4.87 kB[22m[1m[22m[2m Ôöé gzip:   1.66 kB[22m
[2m../dist/public/[22m[36massets/OrgEditAttendance-DlE5IEJQ.js            [39m[1m[2m  4.87 kB[22m[1m[22m[2m Ôöé gzip:   1.66 kB[22m
[2m../dist/public/[22m[36massets/BankReconciliationDetails-DpkbvHz7.js    [39m[1m[2m  4.91 kB[22m[1m[22m[2m Ôöé gzip:   1.51 kB[22m
[2m../dist/public/[22m[36massets/EditLeave-X5WmmaK2.js                    [39m[1m[2m  4.92 kB[22m[1m[22m[2m Ôöé gzip:   1.67 kB[22m
[2m../dist/public/[22m[36massets/OrgEditLeave-CH4Ex_MN.js                 [39m[1m[2m  4.92 kB[22m[1m[22m[2m Ôöé gzip:   1.67 kB[22m
[2m../dist/public/[22m[36massets/OrgSubscriptions-Duxa9UzD.js             [39m[1m[2m  4.94 kB[22m[1m[22m[2m Ôöé gzip:   1.81 kB[22m
[2m../dist/public/[22m[36massets/EditClient-C0Y9D9Sr.js                   [39m[1m[2m  4.99 kB[22m[1m[22m[2m Ôöé gzip:   1.95 kB[22m
[2m../dist/public/[22m[36massets/OrgSupplierDetail-C935xm4O.js            [39m[1m[2m  4.99 kB[22m[1m[22m[2m Ôöé gzip:   1.60 kB[22m
[2m../dist/public/[22m[36massets/ESignatures-nHzZYYWL.js                  [39m[1m[2m  5.00 kB[22m[1m[22m[2m Ôöé gzip:   1.93 kB[22m
[2m../dist/public/[22m[36massets/CreateWorkOrder-CkNJm3jz.js              [39m[1m[2m  5.01 kB[22m[1m[22m[2m Ôöé gzip:   1.71 kB[22m
[2m../dist/public/[22m[36massets/OrgCreateWorkOrder-NopjBSFP.js           [39m[1m[2m  5.01 kB[22m[1m[22m[2m Ôöé gzip:   1.71 kB[22m
[2m../dist/public/[22m[36massets/ImprestDetails-Ct0p3vX_.js               [39m[1m[2m  5.02 kB[22m[1m[22m[2m Ôöé gzip:   1.57 kB[22m
[2m../dist/public/[22m[36massets/ChangePassword-6_ul4Rw-.js               [39m[1m[2m  5.03 kB[22m[1m[22m[2m Ôöé gzip:   1.80 kB[22m
[2m../dist/public/[22m[36massets/OrgEditQuotation-hm5kdscP.js             [39m[1m[2m  5.04 kB[22m[1m[22m[2m Ôöé gzip:   1.83 kB[22m
[2m../dist/public/[22m[36massets/ChurnPrediction-BlPeN8Gw.js              [39m[1m[2m  5.08 kB[22m[1m[22m[2m Ôöé gzip:   1.59 kB[22m
[2m../dist/public/[22m[36massets/SystemHealthDashboard-DYzCtB2Q.js        [39m[1m[2m  5.08 kB[22m[1m[22m[2m Ôöé gzip:   1.73 kB[22m
[2m../dist/public/[22m[36massets/BankReconciliation-D9uoBvNN.js           [39m[1m[2m  5.09 kB[22m[1m[22m[2m Ôöé gzip:   2.00 kB[22m
[2m../dist/public/[22m[36massets/OrgBankReconciliation-BFxQM2F_.js        [39m[1m[2m  5.09 kB[22m[1m[22m[2m Ôöé gzip:   2.00 kB[22m
[2m../dist/public/[22m[36massets/Activity-xkTbOksS.js                     [39m[1m[2m  5.09 kB[22m[1m[22m[2m Ôöé gzip:   2.15 kB[22m
[2m../dist/public/[22m[36massets/OrgActivity-BFMHH0KF.js                  [39m[1m[2m  5.09 kB[22m[1m[22m[2m Ôöé gzip:   2.15 kB[22m
[2m../dist/public/[22m[36massets/OrgProcurement-97PtOfAg.js               [39m[1m[2m  5.09 kB[22m[1m[22m[2m Ôöé gzip:   1.83 kB[22m
[2m../dist/public/[22m[36massets/EditProduct-9awAZaKl.js                  [39m[1m[2m  5.13 kB[22m[1m[22m[2m Ôöé gzip:   1.90 kB[22m
[2m../dist/public/[22m[36massets/OrgEditProduct-EiIYkyh4.js               [39m[1m[2m  5.13 kB[22m[1m[22m[2m Ôöé gzip:   1.90 kB[22m
[2m../dist/public/[22m[36massets/OrgCreditNoteDetail-BR_niOEI.js          [39m[1m[2m  5.14 kB[22m[1m[22m[2m Ôöé gzip:   1.62 kB[22m
[2m../dist/public/[22m[36massets/EditLPO-DVhIeuvm.js                      [39m[1m[2m  5.15 kB[22m[1m[22m[2m Ôöé gzip:   1.91 kB[22m
[2m../dist/public/[22m[36massets/OrgEditLPO-DXSKTXo8.js                   [39m[1m[2m  5.15 kB[22m[1m[22m[2m Ôöé gzip:   1.91 kB[22m
[2m../dist/public/[22m[36massets/CustomerReports-DtElMXkf.js              [39m[1m[2m  5.16 kB[22m[1m[22m[2m Ôöé gzip:   2.10 kB[22m
[2m../dist/public/[22m[36massets/EmailQueue-BHdkd_xL.js                   [39m[1m[2m  5.18 kB[22m[1m[22m[2m Ôöé gzip:   1.96 kB[22m
[2m../dist/public/[22m[36massets/OrgCreateQuotation-BnrXx2Ov.js           [39m[1m[2m  5.20 kB[22m[1m[22m[2m Ôöé gzip:   1.79 kB[22m
[2m../dist/public/[22m[36massets/ContactDetails-BHVy74_m.js               [39m[1m[2m  5.22 kB[22m[1m[22m[2m Ôöé gzip:   1.40 kB[22m
[2m../dist/public/[22m[36massets/QuotationDetails-CIecYkJS.js             [39m[1m[2m  5.25 kB[22m[1m[22m[2m Ôöé gzip:   1.82 kB[22m
[2m../dist/public/[22m[36massets/SessionManager-BcFAGEZ7.js               [39m[1m[2m  5.25 kB[22m[1m[22m[2m Ôöé gzip:   1.96 kB[22m
[2m../dist/public/[22m[36massets/ServiceTemplates-nZF547h-.js             [39m[1m[2m  5.32 kB[22m[1m[22m[2m Ôöé gzip:   2.17 kB[22m
[2m../dist/public/[22m[36massets/OrgServiceTemplates-B14W1wUv.js          [39m[1m[2m  5.32 kB[22m[1m[22m[2m Ôöé gzip:   2.17 kB[22m
[2m../dist/public/[22m[36massets/FinanceSettings-BrnosynR.js              [39m[1m[2m  5.33 kB[22m[1m[22m[2m Ôöé gzip:   1.79 kB[22m
[2m../dist/public/[22m[36massets/OrgCreateLeave-Bir5wE-y.js               [39m[1m[2m  5.36 kB[22m[1m[22m[2m Ôöé gzip:   1.77 kB[22m
[2m../dist/public/[22m[36massets/EditEstimate-OzCJ0A_S.js                 [39m[1m[2m  5.38 kB[22m[1m[22m[2m Ôöé gzip:   1.82 kB[22m
[2m../dist/public/[22m[36massets/OrgEditEstimate-qDFY_06g.js              [39m[1m[2m  5.38 kB[22m[1m[22m[2m Ôöé gzip:   1.82 kB[22m
[2m../dist/public/[22m[36massets/TestPDFGeneration-Ctgj0o_f.js            [39m[1m[2m  5.39 kB[22m[1m[22m[2m Ôöé gzip:   1.91 kB[22m
[2m../dist/public/[22m[36massets/GRNDetails-DX-iJ_pF.js                   [39m[1m[2m  5.45 kB[22m[1m[22m[2m Ôöé gzip:   1.81 kB[22m
[2m../dist/public/[22m[36massets/Dashboard-C_G2y1mz.js                    [39m[1m[2m  5.45 kB[22m[1m[22m[2m Ôöé gzip:   1.51 kB[22m
[2m../dist/public/[22m[36massets/CreateDeduction-DvaqxgsI.js              [39m[1m[2m  5.45 kB[22m[1m[22m[2m Ôöé gzip:   2.02 kB[22m
[2m../dist/public/[22m[36massets/PayslipDetails-CGYn8U9H.js               [39m[1m[2m  5.49 kB[22m[1m[22m[2m Ôöé gzip:   2.07 kB[22m
[2m../dist/public/[22m[36massets/OrgServices-Bb_QVfW2.js                  [39m[1m[2m  5.49 kB[22m[1m[22m[2m Ôöé gzip:   1.92 kB[22m
[2m../dist/public/[22m[36massets/Departments-SRo1OmhH.js                  [39m[1m[2m  5.51 kB[22m[1m[22m[2m Ôöé gzip:   2.08 kB[22m
[2m../dist/public/[22m[36massets/EditInvoice-g8kPV8qW.js                  [39m[1m[2m  5.52 kB[22m[1m[22m[2m Ôöé gzip:   1.86 kB[22m
[2m../dist/public/[22m[36massets/OrgEditInvoice-G-Grobow.js               [39m[1m[2m  5.52 kB[22m[1m[22m[2m Ôöé gzip:   1.86 kB[22m
[2m../dist/public/[22m[36massets/NetworkConfiguration-D1hdnOID.js         [39m[1m[2m  5.52 kB[22m[1m[22m[2m Ôöé gzip:   1.55 kB[22m
[2m../dist/public/[22m[36massets/ForgotPassword-DDAXrd_1.js               [39m[1m[2m  5.54 kB[22m[1m[22m[2m Ôöé gzip:   1.76 kB[22m
[2m../dist/public/[22m[36massets/OrgWarranty-Cppmd4LF.js                  [39m[1m[2m  5.54 kB[22m[1m[22m[2m Ôöé gzip:   2.10 kB[22m
[2m../dist/public/[22m[36massets/OrderDetails-BJhLJzbG.js                 [39m[1m[2m  5.55 kB[22m[1m[22m[2m Ôöé gzip:   1.64 kB[22m
[2m../dist/public/[22m[36massets/PaymentDetails-nmjVDRzD.js               [39m[1m[2m  5.56 kB[22m[1m[22m[2m Ôöé gzip:   1.98 kB[22m
[2m../dist/public/[22m[36massets/OrgCreateProposal-Bkh3ta-j.js            [39m[1m[2m  5.56 kB[22m[1m[22m[2m Ôöé gzip:   1.93 kB[22m
[2m../dist/public/[22m[36massets/DeliveryNoteDetails-D0F8TVHO.js          [39m[1m[2m  5.60 kB[22m[1m[22m[2m Ôöé gzip:   1.78 kB[22m
[2m../dist/public/[22m[36massets/EditSupplier-Og0tC81m.js                 [39m[1m[2m  5.60 kB[22m[1m[22m[2m Ôöé gzip:   2.18 kB[22m
[2m../dist/public/[22m[36massets/OrgEditSupplier-B8escxQB.js              [39m[1m[2m  5.60 kB[22m[1m[22m[2m Ôöé gzip:   2.18 kB[22m
[2m../dist/public/[22m[36massets/ProcurementMaster-C-lb6xKD.js            [39m[1m[2m  5.61 kB[22m[1m[22m[2m Ôöé gzip:   1.73 kB[22m
[2m../dist/public/[22m[36massets/OrgDebitNotes-CQYPAf7u.js                [39m[1m[2m  5.61 kB[22m[1m[22m[2m Ôöé gzip:   2.35 kB[22m
[2m../dist/public/[22m[36massets/Attendance-DnJQi5Q9.js                   [39m[1m[2m  5.63 kB[22m[1m[22m[2m Ôöé gzip:   2.00 kB[22m
[2m../dist/public/[22m[36massets/OrgAttendance-17Zb65rQ.js                [39m[1m[2m  5.63 kB[22m[1m[22m[2m Ôöé gzip:   2.00 kB[22m
[2m../dist/public/[22m[36massets/EditWorkOrder-BySDzBlf.js                [39m[1m[2m  5.70 kB[22m[1m[22m[2m Ôöé gzip:   1.86 kB[22m
[2m../dist/public/[22m[36massets/OrgEditWorkOrder-CbaCOmCF.js             [39m[1m[2m  5.70 kB[22m[1m[22m[2m Ôöé gzip:   1.86 kB[22m
[2m../dist/public/[22m[36massets/OrgTaxCompliance-CtvH9i47.js             [39m[1m[2m  5.71 kB[22m[1m[22m[2m Ôöé gzip:   1.61 kB[22m
[2m../dist/public/[22m[36massets/MFA-De-2h7Ru.js                          [39m[1m[2m  5.72 kB[22m[1m[22m[2m Ôöé gzip:   1.72 kB[22m
[2m../dist/public/[22m[36massets/LeadDetails-BllKxojZ.js                  [39m[1m[2m  5.72 kB[22m[1m[22m[2m Ôöé gzip:   1.61 kB[22m
[2m../dist/public/[22m[36massets/CreateContact-Crkscb78.js                [39m[1m[2m  5.73 kB[22m[1m[22m[2m Ôöé gzip:   1.89 kB[22m
[2m../dist/public/[22m[36massets/ClientPerformance-8bNivM2g.js            [39m[1m[2m  5.74 kB[22m[1m[22m[2m Ôöé gzip:   2.07 kB[22m
[2m../dist/public/[22m[36massets/ProjectsManagement-bngaBZQi.js           [39m[1m[2m  5.76 kB[22m[1m[22m[2m Ôöé gzip:   2.11 kB[22m
[2m../dist/public/[22m[36massets/DebitNoteDetails-CNPcUBiI.js             [39m[1m[2m  5.77 kB[22m[1m[22m[2m Ôöé gzip:   1.99 kB[22m
[2m../dist/public/[22m[36massets/DatabaseManagement-DvC1nSxS.js           [39m[1m[2m  5.80 kB[22m[1m[22m[2m Ôöé gzip:   1.75 kB[22m
[2m../dist/public/[22m[36massets/Holidays-BrLemctL.js                     [39m[1m[2m  5.83 kB[22m[1m[22m[2m Ôöé gzip:   2.16 kB[22m
[2m../dist/public/[22m[36massets/OrgCreateSalaryStructure-TInvvpar.js     [39m[1m[2m  5.83 kB[22m[1m[22m[2m Ôöé gzip:   1.89 kB[22m
[2m../dist/public/[22m[36massets/ApiKeysManagement-LxDJR89e.js            [39m[1m[2m  5.84 kB[22m[1m[22m[2m Ôöé gzip:   2.18 kB[22m
[2m../dist/public/[22m[36massets/CreateSalaryStructure-B__tDugX.js        [39m[1m[2m  5.89 kB[22m[1m[22m[2m Ôöé gzip:   1.92 kB[22m
[2m../dist/public/[22m[36massets/ServiceTemplateDetails-B5RZpG_Q.js       [39m[1m[2m  5.93 kB[22m[1m[22m[2m Ôöé gzip:   1.87 kB[22m
[2m../dist/public/[22m[36massets/DebitNotes-CCZiBCHS.js                   [39m[1m[2m  5.99 kB[22m[1m[22m[2m Ôöé gzip:   2.47 kB[22m
[2m../dist/public/[22m[36massets/EnterpriseSettings-BWN8sWNo.js           [39m[1m[2m  5.99 kB[22m[1m[22m[2m Ôöé gzip:   2.08 kB[22m
[2m../dist/public/[22m[36massets/EditDebitNote-Dw0drdBS.js                [39m[1m[2m  6.00 kB[22m[1m[22m[2m Ôöé gzip:   2.21 kB[22m
[2m../dist/public/[22m[36massets/OrgEditDebitNote-BnGEC0lv.js             [39m[1m[2m  6.00 kB[22m[1m[22m[2m Ôöé gzip:   2.21 kB[22m
[2m../dist/public/[22m[36massets/EditChartOfAccounts-BTz007s7.js          [39m[1m[2m  6.06 kB[22m[1m[22m[2m Ôöé gzip:   2.09 kB[22m
[2m../dist/public/[22m[36massets/LeaveBalances-Cy62YGx7.js                [39m[1m[2m  6.09 kB[22m[1m[22m[2m Ôöé gzip:   2.06 kB[22m
[2m../dist/public/[22m[36massets/EditBankReconciliation-CQFKp4wF.js       [39m[1m[2m  6.09 kB[22m[1m[22m[2m Ôöé gzip:   1.79 kB[22m
[2m../dist/public/[22m[36massets/ProjectReports-CD_bNN8j.js               [39m[1m[2m  6.13 kB[22m[1m[22m[2m Ôöé gzip:   2.35 kB[22m
[2m../dist/public/[22m[36massets/OrgServiceDetail-CpWikng8.js             [39m[1m[2m  6.15 kB[22m[1m[22m[2m Ôöé gzip:   1.74 kB[22m
[2m../dist/public/[22m[36massets/OrgStaff-YJi1YNwB.js                     [39m[1m[2m  6.15 kB[22m[1m[22m[2m Ôöé gzip:   2.36 kB[22m
[2m../dist/public/[22m[36massets/OrgAccounting-Czbe6Fuo.js                [39m[1m[2m  6.17 kB[22m[1m[22m[2m Ôöé gzip:   2.17 kB[22m
[2m../dist/public/[22m[36massets/Security-23WJyCPx.js                     [39m[1m[2m  6.18 kB[22m[1m[22m[2m Ôöé gzip:   1.71 kB[22m
[2m../dist/public/[22m[36massets/LeaveManagementDetails-B1ZNgTrt.js       [39m[1m[2m  6.20 kB[22m[1m[22m[2m Ôöé gzip:   1.88 kB[22m
[2m../dist/public/[22m[36massets/OrgCreateProcurement-A1clf2L2.js         [39m[1m[2m  6.26 kB[22m[1m[22m[2m Ôöé gzip:   1.93 kB[22m
[2m../dist/public/[22m[36massets/Budgets-EztU3xh1.js                      [39m[1m[2m  6.28 kB[22m[1m[22m[2m Ôöé gzip:   2.26 kB[22m
[2m../dist/public/[22m[36massets/OrgBudgets-E9La1Apt.js                   [39m[1m[2m  6.28 kB[22m[1m[22m[2m Ôöé gzip:   2.26 kB[22m
[2m../dist/public/[22m[36massets/ERPControls-BJt2Xgci.js                  [39m[1m[2m  6.28 kB[22m[1m[22m[2m Ôöé gzip:   1.94 kB[22m
[2m../dist/public/[22m[36massets/OrgCreateInvoice-CdylGGaM.js             [39m[1m[2m  6.32 kB[22m[1m[22m[2m Ôöé gzip:   2.44 kB[22m
[2m../dist/public/[22m[36massets/OrgDepartments-NV-1Yw3P.js               [39m[1m[2m  6.36 kB[22m[1m[22m[2m Ôöé gzip:   2.31 kB[22m
[2m../dist/public/[22m[36massets/HTMLEditor-Vw_Ms8YW.js                   [39m[1m[2m  6.37 kB[22m[1m[22m[2m Ôöé gzip:   2.47 kB[22m
[2m../dist/public/[22m[36massets/Profile-Bgt0sURK.js                      [39m[1m[2m  6.38 kB[22m[1m[22m[2m Ôöé gzip:   2.23 kB[22m
[2m../dist/public/[22m[36massets/OrgServiceInvoices-XiD3Ny2t.js           [39m[1m[2m  6.40 kB[22m[1m[22m[2m Ôöé gzip:   2.59 kB[22m
[2m../dist/public/[22m[36massets/OrgLeaveDetail-jWDZ9ZIw.js               [39m[1m[2m  6.42 kB[22m[1m[22m[2m Ôöé gzip:   1.87 kB[22m
[2m../dist/public/[22m[36massets/ProjectManagerDashboard-DkTmM1ah.js      [39m[1m[2m  6.46 kB[22m[1m[22m[2m Ôöé gzip:   2.11 kB[22m
[2m../dist/public/[22m[36massets/CreditNoteDetails-eOvCaU1-.js            [39m[1m[2m  6.47 kB[22m[1m[22m[2m Ôöé gzip:   2.08 kB[22m
[2m../dist/public/[22m[36massets/AttendanceDetails-DDabbSpL.js            [39m[1m[2m  6.50 kB[22m[1m[22m[2m Ôöé gzip:   1.98 kB[22m
[2m../dist/public/[22m[36massets/ExpenseBudgetReport-B68MZLFt.js          [39m[1m[2m  6.51 kB[22m[1m[22m[2m Ôöé gzip:   1.80 kB[22m
[2m../dist/public/[22m[36massets/Notifications-C97VJHXN.js                [39m[1m[2m  6.51 kB[22m[1m[22m[2m Ôöé gzip:   1.99 kB[22m
[2m../dist/public/[22m[36massets/OrgContractDetail-D4IRY0iS.js            [39m[1m[2m  6.55 kB[22m[1m[22m[2m Ôöé gzip:   1.81 kB[22m
[2m../dist/public/[22m[36massets/EditContact-Cuk2g7A0.js                  [39m[1m[2m  6.56 kB[22m[1m[22m[2m Ôöé gzip:   2.12 kB[22m
[2m../dist/public/[22m[36massets/OrgEditContact-W8bfGam8.js               [39m[1m[2m  6.56 kB[22m[1m[22m[2m Ôöé gzip:   2.12 kB[22m
[2m../dist/public/[22m[36massets/SystemLogsViewer-oClwcfoZ.js             [39m[1m[2m  6.57 kB[22m[1m[22m[2m Ôöé gzip:   2.24 kB[22m
[2m../dist/public/[22m[36massets/ServiceInvoices-i-02VtTI.js              [39m[1m[2m  6.59 kB[22m[1m[22m[2m Ôöé gzip:   2.62 kB[22m
[2m../dist/public/[22m[36massets/TaxInformation-BHNPiUl7.js               [39m[1m[2m  6.59 kB[22m[1m[22m[2m Ôöé gzip:   2.23 kB[22m
[2m../dist/public/[22m[36massets/CreateOrder-C9pbyKNd.js                  [39m[1m[2m  6.62 kB[22m[1m[22m[2m Ôöé gzip:   2.22 kB[22m
[2m../dist/public/[22m[36massets/PerformanceMetrics-iarDi4MH.js           [39m[1m[2m  6.64 kB[22m[1m[22m[2m Ôöé gzip:   1.82 kB[22m
[2m../dist/public/[22m[36massets/EditOpportunity-CFdtNePO.js              [39m[1m[2m  6.65 kB[22m[1m[22m[2m Ôöé gzip:   2.09 kB[22m
[2m../dist/public/[22m[36massets/AuditLogs-B61TNArd.js                    [39m[1m[2m  6.66 kB[22m[1m[22m[2m Ôöé gzip:   2.55 kB[22m
[2m../dist/public/[22m[36massets/EditOrder-f-dBv7l5.js                    [39m[1m[2m  6.68 kB[22m[1m[22m[2m Ôöé gzip:   2.33 kB[22m
[2m../dist/public/[22m[36massets/OrgEditOrder-Bgg8VSH3.js                 [39m[1m[2m  6.68 kB[22m[1m[22m[2m Ôöé gzip:   2.33 kB[22m
[2m../dist/public/[22m[36massets/CreateBenefit-C5pMf-oI.js                [39m[1m[2m  6.73 kB[22m[1m[22m[2m Ôöé gzip:   2.27 kB[22m
[2m../dist/public/[22m[36massets/CreateService-DuW81frH.js                [39m[1m[2m  6.74 kB[22m[1m[22m[2m Ôöé gzip:   2.26 kB[22m
[2m../dist/public/[22m[36massets/OrgCreateService-9TGM4J-G.js             [39m[1m[2m  6.74 kB[22m[1m[22m[2m Ôöé gzip:   2.26 kB[22m
[2m../dist/public/[22m[36massets/LPODetails-1JGeCSjN.js                   [39m[1m[2m  6.75 kB[22m[1m[22m[2m Ôöé gzip:   2.06 kB[22m
[2m../dist/public/[22m[36massets/OrgEditContract-DamDhAVF.js              [39m[1m[2m  6.80 kB[22m[1m[22m[2m Ôöé gzip:   2.13 kB[22m
[2m../dist/public/[22m[36massets/Calendar-so6O5Wwu.js                     [39m[1m[2m  6.81 kB[22m[1m[22m[2m Ôöé gzip:   2.40 kB[22m
[2m../dist/public/[22m[36massets/OrgCalendar-Ddy1GzCx.js                  [39m[1m[2m  6.81 kB[22m[1m[22m[2m Ôöé gzip:   2.40 kB[22m
[2m../dist/public/[22m[36massets/Reminders-Ckhepk_H.js                    [39m[1m[2m  6.84 kB[22m[1m[22m[2m Ôöé gzip:   2.15 kB[22m
[2m../dist/public/[22m[36massets/OrgServiceInvoiceDetails-fcmoAPKX.js     [39m[1m[2m  6.84 kB[22m[1m[22m[2m Ôöé gzip:   2.06 kB[22m
[2m../dist/public/[22m[36massets/EditProposal-C5FeRAOI.js                 [39m[1m[2m  6.89 kB[22m[1m[22m[2m Ôöé gzip:   2.13 kB[22m
[2m../dist/public/[22m[36massets/OrgEditProposal-B_NREtOP.js              [39m[1m[2m  6.89 kB[22m[1m[22m[2m Ôöé gzip:   2.13 kB[22m
[2m../dist/public/[22m[36massets/Login-CK5w-d3Q.js                        [39m[1m[2m  6.92 kB[22m[1m[22m[2m Ôöé gzip:   2.30 kB[22m
[2m../dist/public/[22m[36massets/CreateInvoice-0apVA-qe.js                [39m[1m[2m  6.99 kB[22m[1m[22m[2m Ôöé gzip:   2.67 kB[22m
[2m../dist/public/[22m[36massets/OrgCreateOrder-Do10gvZ_.js               [39m[1m[2m  7.02 kB[22m[1m[22m[2m Ôöé gzip:   2.30 kB[22m
[2m../dist/public/[22m[36massets/ResetPassword-DVojPByS.js                [39m[1m[2m  7.02 kB[22m[1m[22m[2m Ôöé gzip:   2.00 kB[22m
[2m../dist/public/[22m[36massets/CreateServiceInvoice-DNXyrJHC.js         [39m[1m[2m  7.04 kB[22m[1m[22m[2m Ôöé gzip:   2.40 kB[22m
[2m../dist/public/[22m[36massets/OrgCreateServiceInvoice-07L7EgEO.js      [39m[1m[2m  7.04 kB[22m[1m[22m[2m Ôöé gzip:   2.40 kB[22m
[2m../dist/public/[22m[36massets/HRReports-DmQ5RsY7.js                    [39m[1m[2m  7.05 kB[22m[1m[22m[2m Ôöé gzip:   2.50 kB[22m
[2m../dist/public/[22m[36massets/OrgContracts-CjnekkUS.js                 [39m[1m[2m  7.13 kB[22m[1m[22m[2m Ôöé gzip:   2.52 kB[22m
[2m../dist/public/[22m[36massets/pdfGenerator-DX-a4zEu.js                 [39m[1m[2m  7.15 kB[22m[1m[22m[2m Ôöé gzip:   1.63 kB[22m
[2m../dist/public/[22m[36massets/WorkOrders-BzS91eg2.js                   [39m[1m[2m  7.18 kB[22m[1m[22m[2m Ôöé gzip:   2.63 kB[22m
[2m../dist/public/[22m[36massets/OrgWorkOrders-C4tBxhQ-.js                [39m[1m[2m  7.18 kB[22m[1m[22m[2m Ôöé gzip:   2.62 kB[22m
[2m../dist/public/[22m[36massets/SalaryStructures-rQ4WbDsm.js             [39m[1m[2m  7.19 kB[22m[1m[22m[2m Ôöé gzip:   2.28 kB[22m
[2m../dist/public/[22m[36massets/OrgSalaryStructures-R_ZWmRcl.js          [39m[1m[2m  7.20 kB[22m[1m[22m[2m Ôöé gzip:   2.28 kB[22m
[2m../dist/public/[22m[36massets/UserDetails-Cfu2-TPr.js                  [39m[1m[2m  7.20 kB[22m[1m[22m[2m Ôöé gzip:   1.81 kB[22m
[2m../dist/public/[22m[36massets/OrgInvoiceDetail-B_o0aSSX.js             [39m[1m[2m  7.24 kB[22m[1m[22m[2m Ôöé gzip:   1.99 kB[22m
[2m../dist/public/[22m[36massets/Benefits-CCeprFmv.js                     [39m[1m[2m  7.31 kB[22m[1m[22m[2m Ôöé gzip:   2.20 kB[22m
[2m../dist/public/[22m[36massets/ChartOfAccountsHierarchy-CelkQM43.js     [39m[1m[2m  7.45 kB[22m[1m[22m[2m Ôöé gzip:   2.02 kB[22m
[2m../dist/public/[22m[36massets/ExpenseBudgetReport-DZ-xGoyP.js          [39m[1m[2m  7.51 kB[22m[1m[22m[2m Ôöé gzip:   2.65 kB[22m
[2m../dist/public/[22m[36massets/OrgHR-08HYNHGn.js                        [39m[1m[2m  7.51 kB[22m[1m[22m[2m Ôöé gzip:   2.40 kB[22m
[2m../dist/public/[22m[36massets/OrgCreateProject-JUCi9cYt.js             [39m[1m[2m  7.52 kB[22m[1m[22m[2m Ôöé gzip:   2.41 kB[22m
[2m../dist/public/[22m[36massets/Warehouses-BCIHKXbf.js                   [39m[1m[2m  7.54 kB[22m[1m[22m[2m Ôöé gzip:   2.31 kB[22m
[2m../dist/public/[22m[36massets/SystemHealth-Otn3oRUZ.js                 [39m[1m[2m  7.56 kB[22m[1m[22m[2m Ôöé gzip:   1.75 kB[22m
[2m../dist/public/[22m[36massets/HRAnalyticsPage-BOTcy22P.js              [39m[1m[2m  7.57 kB[22m[1m[22m[2m Ôöé gzip:   2.07 kB[22m
[2m../dist/public/[22m[36massets/OrgCreateContract-C455lbR2.js            [39m[1m[2m  7.64 kB[22m[1m[22m[2m Ôöé gzip:   2.33 kB[22m
[2m../dist/public/[22m[36massets/AllowancesDeductions-7ugAXAsh.js         [39m[1m[2m  7.69 kB[22m[1m[22m[2m Ôöé gzip:   2.37 kB[22m
[2m../dist/public/[22m[36massets/locations-CtzeVEdQ.js                    [39m[1m[2m  7.69 kB[22m[1m[22m[2m Ôöé gzip:   2.76 kB[22m
[2m../dist/public/[22m[36massets/TermsAndConditions-CU_HcJLv.js           [39m[1m[2m  7.75 kB[22m[1m[22m[2m Ôöé gzip:   2.64 kB[22m
[2m../dist/public/[22m[36massets/EditServiceInvoice-zfgTz3va.js           [39m[1m[2m  7.77 kB[22m[1m[22m[2m Ôöé gzip:   2.56 kB[22m
[2m../dist/public/[22m[36massets/OrgEditServiceInvoice-DA3ljSnX.js        [39m[1m[2m  7.77 kB[22m[1m[22m[2m Ôöé gzip:   2.56 kB[22m
[2m../dist/public/[22m[36massets/OrgProducts-Cgy06_Y7.js                  [39m[1m[2m  7.77 kB[22m[1m[22m[2m Ôöé gzip:   2.68 kB[22m
[2m../dist/public/[22m[36massets/Products-BweN9ZZU.js                     [39m[1m[2m  7.78 kB[22m[1m[22m[2m Ôöé gzip:   2.68 kB[22m
[2m../dist/public/[22m[36massets/ProposalTemplates-BYe-aT7A.js            [39m[1m[2m  7.79 kB[22m[1m[22m[2m Ôöé gzip:   2.50 kB[22m
[2m../dist/public/[22m[36massets/HR-DrUq1Scq.js                           [39m[1m[2m  7.80 kB[22m[1m[22m[2m Ôöé gzip:   2.52 kB[22m
[2m../dist/public/[22m[36massets/OrgWorkOrderDetail-BDxtqBqK.js           [39m[1m[2m  7.80 kB[22m[1m[22m[2m Ôöé gzip:   1.95 kB[22m
[2m../dist/public/[22m[36massets/FinancialReports-BXWpcQPB.js             [39m[1m[2m  7.81 kB[22m[1m[22m[2m Ôöé gzip:   2.59 kB[22m
[2m../dist/public/[22m[36massets/EditService-b2Mhs2en.js                  [39m[1m[2m  7.85 kB[22m[1m[22m[2m Ôöé gzip:   2.55 kB[22m
[2m../dist/public/[22m[36massets/OrgEditService-BLgi5TM_.js               [39m[1m[2m  7.85 kB[22m[1m[22m[2m Ôöé gzip:   2.55 kB[22m
[2m../dist/public/[22m[36massets/DisciplinaryRecords-BTW0vt6O.js          [39m[1m[2m  7.87 kB[22m[1m[22m[2m Ôöé gzip:   2.43 kB[22m
[2m../dist/public/[22m[36massets/PayrollDetails-ByLZ1qKN.js               [39m[1m[2m  7.88 kB[22m[1m[22m[2m Ôöé gzip:   2.05 kB[22m
[2m../dist/public/[22m[36massets/OrgPayrollDetails-Dstrcut1.js            [39m[1m[2m  7.88 kB[22m[1m[22m[2m Ôöé gzip:   2.05 kB[22m
[2m../dist/public/[22m[36massets/OrgCRM-RawyfCIO.js                       [39m[1m[2m  7.93 kB[22m[1m[22m[2m Ôöé gzip:   2.50 kB[22m
[2m../dist/public/[22m[36massets/HRAdminDashboard-BlmmJak4.js             [39m[1m[2m  7.94 kB[22m[1m[22m[2m Ôöé gzip:   2.35 kB[22m
[2m../dist/public/[22m[36massets/Contact--otbhQTt.js                      [39m[1m[2m  7.98 kB[22m[1m[22m[2m Ôöé gzip:   2.85 kB[22m
[2m../dist/public/[22m[36massets/OrgEditProject-CatUAvL3.js               [39m[1m[2m  7.99 kB[22m[1m[22m[2m Ôöé gzip:   2.35 kB[22m
[2m../dist/public/[22m[36massets/EditCreditNote-DpKteH60.js               [39m[1m[2m  8.00 kB[22m[1m[22m[2m Ôöé gzip:   2.59 kB[22m
[2m../dist/public/[22m[36massets/OrgEditCreditNote-ymgdtvj-.js            [39m[1m[2m  8.00 kB[22m[1m[22m[2m Ôöé gzip:   2.59 kB[22m
[2m../dist/public/[22m[36massets/Accounting-BDJYgte6.js                   [39m[1m[2m  8.10 kB[22m[1m[22m[2m Ôöé gzip:   2.60 kB[22m
[2m../dist/public/[22m[36massets/ContractTemplates-D_27VjFx.js            [39m[1m[2m  8.11 kB[22m[1m[22m[2m Ôöé gzip:   2.59 kB[22m
[2m../dist/public/[22m[36massets/OrgContractTemplates-B5Pq95Lz.js         [39m[1m[2m  8.11 kB[22m[1m[22m[2m Ôöé gzip:   2.59 kB[22m
[2m../dist/public/[22m[36massets/UserGuide-BKTjWPcY.js                    [39m[1m[2m  8.15 kB[22m[1m[22m[2m Ôöé gzip:   3.05 kB[22m
[2m../dist/public/[22m[36massets/TaxComplianceReports-bFxmS6F-.js         [39m[1m[2m  8.17 kB[22m[1m[22m[2m Ôöé gzip:   2.80 kB[22m
[2m../dist/public/[22m[36massets/PerformanceReviews-Dau4JdVh.js           [39m[1m[2m  8.17 kB[22m[1m[22m[2m Ôöé gzip:   2.64 kB[22m
[2m../dist/public/[22m[36massets/OrgPerformanceReviews-ChU90XOW.js        [39m[1m[2m  8.17 kB[22m[1m[22m[2m Ôöé gzip:   2.64 kB[22m
[2m../dist/public/[22m[36massets/TaskDetails-DKm0ebK1.js                  [39m[1m[2m  8.21 kB[22m[1m[22m[2m Ôöé gzip:   2.24 kB[22m
[2m../dist/public/[22m[36massets/ChartOfAccountsDetails-BcV_Pgoi.js       [39m[1m[2m  8.32 kB[22m[1m[22m[2m Ôöé gzip:   2.58 kB[22m
[2m../dist/public/[22m[36massets/Notes-BEGa7mMo.js                        [39m[1m[2m  8.38 kB[22m[1m[22m[2m Ôöé gzip:   2.71 kB[22m
[2m../dist/public/[22m[36massets/IntegrationGuides-BuB8PLzb.js            [39m[1m[2m  8.55 kB[22m[1m[22m[2m Ôöé gzip:   3.17 kB[22m
[2m../dist/public/[22m[36massets/Signup--ix8zYLQ.js                       [39m[1m[2m  8.58 kB[22m[1m[22m[2m Ôöé gzip:   2.62 kB[22m
[2m../dist/public/[22m[36massets/ERPOperations-Bbuk34Ka.js                [39m[1m[2m  8.64 kB[22m[1m[22m[2m Ôöé gzip:   2.66 kB[22m
[2m../dist/public/[22m[36massets/OrgProjects-ZXN63Lf4.js                  [39m[1m[2m  8.65 kB[22m[1m[22m[2m Ôöé gzip:   2.85 kB[22m
[2m../dist/public/[22m[36massets/ProductForm-CTFnBbZM.js                  [39m[1m[2m  8.82 kB[22m[1m[22m[2m Ôöé gzip:   2.90 kB[22m
[2m../dist/public/[22m[36massets/UiElements-mYXxC_sY.js                   [39m[1m[2m  8.86 kB[22m[1m[22m[2m Ôöé gzip:   2.86 kB[22m
[2m../dist/public/[22m[36massets/AccountingManagement-CZ7S-9jG.js         [39m[1m[2m  8.86 kB[22m[1m[22m[2m Ôöé gzip:   2.36 kB[22m
[2m../dist/public/[22m[36massets/EstimateDetails-Qnl_xGyA.js              [39m[1m[2m  8.87 kB[22m[1m[22m[2m Ôöé gzip:   2.78 kB[22m
[2m../dist/public/[22m[36massets/EnhancedReceiptManagement-CHCZ1Ib3.js    [39m[1m[2m  8.91 kB[22m[1m[22m[2m Ôöé gzip:   3.16 kB[22m
[2m../dist/public/[22m[36massets/ActivityTrail-CJfal2h0.js                [39m[1m[2m  8.92 kB[22m[1m[22m[2m Ôöé gzip:   2.61 kB[22m
[2m../dist/public/[22m[36massets/OverduePayments-DPqZQKQQ.js              [39m[1m[2m  8.98 kB[22m[1m[22m[2m Ôöé gzip:   2.63 kB[22m
[2m../dist/public/[22m[36massets/AssetManagement-JrbnDCNn.js              [39m[1m[2m  8.99 kB[22m[1m[22m[2m Ôöé gzip:   2.83 kB[22m
[2m../dist/public/[22m[36massets/OrgPayments-DRS5D-rX.js                  [39m[1m[2m  9.04 kB[22m[1m[22m[2m Ôöé gzip:   3.33 kB[22m
[2m../dist/public/[22m[36massets/RecurringInvoices-ByEnH2XL.js            [39m[1m[2m  9.06 kB[22m[1m[22m[2m Ôöé gzip:   2.77 kB[22m
[2m../dist/public/[22m[36massets/CreateCreditNote-CfNUTSjo.js             [39m[1m[2m  9.08 kB[22m[1m[22m[2m Ôöé gzip:   2.82 kB[22m
[2m../dist/public/[22m[36massets/OrgCreateCreditNote-oCU549j4.js          [39m[1m[2m  9.08 kB[22m[1m[22m[2m Ôöé gzip:   2.82 kB[22m
[2m../dist/public/[22m[36massets/PrivacyPolicy-FiDxzwIC.js                [39m[1m[2m  9.17 kB[22m[1m[22m[2m Ôöé gzip:   2.83 kB[22m
[2m../dist/public/[22m[36massets/PaymentReconciliation-BDHSM_so.js        [39m[1m[2m  9.20 kB[22m[1m[22m[2m Ôöé gzip:   2.94 kB[22m
[2m../dist/public/[22m[36massets/PayrollApprovals-D4WbWeod.js             [39m[1m[2m  9.21 kB[22m[1m[22m[2m Ôöé gzip:   2.71 kB[22m
[2m../dist/public/[22m[36massets/Payments-CLMaRkLb.js                     [39m[1m[2m  9.23 kB[22m[1m[22m[2m Ôöé gzip:   3.39 kB[22m
[2m../dist/public/[22m[36massets/Quotes-fE3Tr0to.js                       [39m[1m[2m  9.34 kB[22m[1m[22m[2m Ôöé gzip:   3.38 kB[22m
[2m../dist/public/[22m[36massets/BillingDashboard-CSI4SkFw.js             [39m[1m[2m  9.41 kB[22m[1m[22m[2m Ôöé gzip:   3.21 kB[22m
[2m../dist/public/[22m[36massets/HRAnalytics-DqYE0o5b.js                  [39m[1m[2m  9.45 kB[22m[1m[22m[2m Ôöé gzip:   2.76 kB[22m
[2m../dist/public/[22m[36massets/Opportunities-Dd-hL0RX.js                [39m[1m[2m  9.45 kB[22m[1m[22m[2m Ôöé gzip:   3.35 kB[22m
[2m../dist/public/[22m[36massets/OrgLeave-DlncEDHg.js                     [39m[1m[2m  9.45 kB[22m[1m[22m[2m Ôöé gzip:   3.13 kB[22m
[2m../dist/public/[22m[36massets/OrgPricing-_dhgJDcR.js                   [39m[1m[2m  9.49 kB[22m[1m[22m[2m Ôöé gzip:   3.41 kB[22m
[2m../dist/public/[22m[36massets/DepartmentPayrollReports-BRDVANIk.js     [39m[1m[2m  9.53 kB[22m[1m[22m[2m Ôöé gzip:   3.05 kB[22m
[2m../dist/public/[22m[36massets/CreatePayment-CVNbE00l.js                [39m[1m[2m  9.53 kB[22m[1m[22m[2m Ôöé gzip:   3.01 kB[22m
[2m../dist/public/[22m[36massets/OrgInventory-CtAeNjOb.js                 [39m[1m[2m  9.59 kB[22m[1m[22m[2m Ôöé gzip:   3.07 kB[22m
[2m../dist/public/[22m[36massets/OrgTicketDetail-D0WXY4EH.js              [39m[1m[2m  9.60 kB[22m[1m[22m[2m Ôöé gzip:   2.26 kB[22m
[2m../dist/public/[22m[36massets/About-WIJ4RHkh.js                        [39m[1m[2m  9.60 kB[22m[1m[22m[2m Ôöé gzip:   3.42 kB[22m
[2m../dist/public/[22m[36massets/OrgDeliveryNotes-DYYkqtWs.js             [39m[1m[2m  9.72 kB[22m[1m[22m[2m Ôöé gzip:   3.29 kB[22m
[2m../dist/public/[22m[36massets/Onboarding-CzYh5cmf.js                   [39m[1m[2m  9.80 kB[22m[1m[22m[2m Ôöé gzip:   2.79 kB[22m
[2m../dist/public/[22m[36massets/DeliveryNotes-Dkq_JaR5.js                [39m[1m[2m  9.81 kB[22m[1m[22m[2m Ôöé gzip:   3.31 kB[22m
[2m../dist/public/[22m[36massets/EditUser-uv2-TnID.js                     [39m[1m[2m  9.84 kB[22m[1m[22m[2m Ôöé gzip:   2.98 kB[22m
[2m../dist/public/[22m[36massets/CommunicationDetails-CdzAGNRr.js         [39m[1m[2m  9.88 kB[22m[1m[22m[2m Ôöé gzip:   2.87 kB[22m
[2m../dist/public/[22m[36massets/ProjectMilestones-CYW_XHuc.js            [39m[1m[2m  9.97 kB[22m[1m[22m[2m Ôöé gzip:   2.99 kB[22m
[2m../dist/public/[22m[36massets/CreateUser-Dv0pAoK9.js                   [39m[1m[2m 10.02 kB[22m[1m[22m[2m Ôöé gzip:   3.21 kB[22m
[2m../dist/public/[22m[36massets/Expenses-CGYcfzUX.js                     [39m[1m[2m 10.04 kB[22m[1m[22m[2m Ôöé gzip:   3.50 kB[22m
[2m../dist/public/[22m[36massets/OrgExpenses-C1BlZ4BO.js                  [39m[1m[2m 10.04 kB[22m[1m[22m[2m Ôöé gzip:   3.50 kB[22m
[2m../dist/public/[22m[36massets/Inventory-CLnqn59f.js                    [39m[1m[2m 10.07 kB[22m[1m[22m[2m Ôöé gzip:   3.24 kB[22m
[2m../dist/public/[22m[36massets/Estimates-DjExBWCF.js                    [39m[1m[2m 10.16 kB[22m[1m[22m[2m Ôöé gzip:   3.71 kB[22m
[2m../dist/public/[22m[36massets/OrgExpenseDetail-COjM_Yas.js             [39m[1m[2m 10.25 kB[22m[1m[22m[2m Ôöé gzip:   2.77 kB[22m
[2m../dist/public/[22m[36massets/HRAutomation-D9i1k3ba.js                 [39m[1m[2m 10.33 kB[22m[1m[22m[2m Ôöé gzip:   2.79 kB[22m
[2m../dist/public/[22m[36massets/HRAnalyticsDashboard-BTWs8ub8.js         [39m[1m[2m 10.39 kB[22m[1m[22m[2m Ôöé gzip:   2.76 kB[22m
[2m../dist/public/[22m[36massets/OrgEstimates-OjJ0loSW.js                 [39m[1m[2m 10.40 kB[22m[1m[22m[2m Ôöé gzip:   3.75 kB[22m
[2m../dist/public/[22m[36massets/AccountantDashboard-DEE-LrCj.js          [39m[1m[2m 10.46 kB[22m[1m[22m[2m Ôöé gzip:   3.17 kB[22m
[2m../dist/public/[22m[36massets/Receipts-DClSKGzr.js                     [39m[1m[2m 10.46 kB[22m[1m[22m[2m Ôöé gzip:   3.69 kB[22m
[2m../dist/public/[22m[36massets/LeaveManagement-O06m01QF.js              [39m[1m[2m 10.46 kB[22m[1m[22m[2m Ôöé gzip:   3.22 kB[22m
[2m../dist/public/[22m[36massets/GlobalSettings-Bz9_PI-f.js               [39m[1m[2m 10.48 kB[22m[1m[22m[2m Ôöé gzip:   3.03 kB[22m
[2m../dist/public/[22m[36massets/PaymentPlans-D26xnMzY.js                 [39m[1m[2m 10.48 kB[22m[1m[22m[2m Ôöé gzip:   3.22 kB[22m
[2m../dist/public/[22m[36massets/ReportBuilder-C2RZelQm.js                [39m[1m[2m 10.49 kB[22m[1m[22m[2m Ôöé gzip:   2.77 kB[22m
[2m../dist/public/[22m[36massets/GRN-Ev4AK4-N.js                          [39m[1m[2m 10.58 kB[22m[1m[22m[2m Ôöé gzip:   3.32 kB[22m
[2m../dist/public/[22m[36massets/OrgGRN-BE69EIsd.js                       [39m[1m[2m 10.58 kB[22m[1m[22m[2m Ôöé gzip:   3.32 kB[22m
[2m../dist/public/[22m[36massets/CreateServiceTemplate-C8CUlWaj.js        [39m[1m[2m 10.60 kB[22m[1m[22m[2m Ôöé gzip:   2.99 kB[22m
[2m../dist/public/[22m[36massets/supplierDate-BPzkiqhO.js                 [39m[1m[2m 10.63 kB[22m[1m[22m[2m Ôöé gzip:   2.82 kB[22m
[2m../dist/public/[22m[36massets/OrgQuotations-B4zxp7Ef.js                [39m[1m[2m 10.64 kB[22m[1m[22m[2m Ôöé gzip:   3.56 kB[22m
[2m../dist/public/[22m[36massets/CannedResponses-e8hWxTnl.js              [39m[1m[2m 10.65 kB[22m[1m[22m[2m Ôöé gzip:   3.09 kB[22m
[2m../dist/public/[22m[36massets/OrgCannedResponses-CvXImXnz.js           [39m[1m[2m 10.65 kB[22m[1m[22m[2m Ôöé gzip:   3.09 kB[22m
[2m../dist/public/[22m[36massets/OrgReceipts-CltnuF7l.js                  [39m[1m[2m 10.65 kB[22m[1m[22m[2m Ôöé gzip:   3.69 kB[22m
[2m../dist/public/[22m[36massets/BudgetDetail-5UdA8nTx.js                 [39m[1m[2m 10.70 kB[22m[1m[22m[2m Ôöé gzip:   3.34 kB[22m
[2m../dist/public/[22m[36massets/OrgBudgetDetail-CW80kap4.js              [39m[1m[2m 10.70 kB[22m[1m[22m[2m Ôöé gzip:   3.34 kB[22m
[2m../dist/public/[22m[36massets/DashboardHome-DFeee2PC.js                [39m[1m[2m 10.70 kB[22m[1m[22m[2m Ôöé gzip:   3.10 kB[22m
[2m../dist/public/[22m[36massets/EditPayment-DF4YtfsE.js                  [39m[1m[2m 10.70 kB[22m[1m[22m[2m Ôöé gzip:   3.21 kB[22m
[2m../dist/public/[22m[36massets/OrgEditPayment-DCGlvjVu.js               [39m[1m[2m 10.70 kB[22m[1m[22m[2m Ôöé gzip:   3.21 kB[22m
[2m../dist/public/[22m[36massets/CreateOpportunity-ptUDRzel.js            [39m[1m[2m 10.81 kB[22m[1m[22m[2m Ôöé gzip:   3.26 kB[22m
[2m../dist/public/[22m[36massets/EmployeeContracts-BGCVFlfk.js            [39m[1m[2m 10.82 kB[22m[1m[22m[2m Ôöé gzip:   2.61 kB[22m
[2m../dist/public/[22m[36massets/TenantCommunications-BNS32bVD.js         [39m[1m[2m 10.83 kB[22m[1m[22m[2m Ôöé gzip:   3.11 kB[22m
[2m../dist/public/[22m[36massets/PaymentReports-BZIDfItr.js               [39m[1m[2m 10.84 kB[22m[1m[22m[2m Ôöé gzip:   3.05 kB[22m
[2m../dist/public/[22m[36massets/CSVImportExport-ZvyTPaJI.js              [39m[1m[2m 10.85 kB[22m[1m[22m[2m Ôöé gzip:   3.53 kB[22m
[2m../dist/public/[22m[36massets/EditPayroll-BrJdkfQr.js                  [39m[1m[2m 10.90 kB[22m[1m[22m[2m Ôöé gzip:   3.18 kB[22m
[2m../dist/public/[22m[36massets/OrgEditPayroll-tneVzXmq.js               [39m[1m[2m 10.90 kB[22m[1m[22m[2m Ôöé gzip:   3.18 kB[22m
[2m../dist/public/[22m[36massets/Payslips-JyZKmyg2.js                     [39m[1m[2m 10.92 kB[22m[1m[22m[2m Ôöé gzip:   3.27 kB[22m
[2m../dist/public/[22m[36massets/ProcurementLPOs-DRmA4jBO.js              [39m[1m[2m 11.02 kB[22m[1m[22m[2m Ôöé gzip:   3.00 kB[22m
[2m../dist/public/[22m[36massets/OrgDashboardHome-DXfYs6XS.js             [39m[1m[2m 11.03 kB[22m[1m[22m[2m Ôöé gzip:   3.28 kB[22m
[2m../dist/public/[22m[36massets/ClientForm-Bz8xaqlQ.js                   [39m[1m[2m 11.03 kB[22m[1m[22m[2m Ôöé gzip:   2.71 kB[22m
[2m../dist/public/[22m[36massets/MaintenanceAdmin-Ci4lqGJp.js             [39m[1m[2m 11.13 kB[22m[1m[22m[2m Ôöé gzip:   3.37 kB[22m
[2m../dist/public/[22m[36massets/CustomReportBuilder-DJr2iccf.js          [39m[1m[2m 11.16 kB[22m[1m[22m[2m Ôöé gzip:   3.31 kB[22m
[2m../dist/public/[22m[36massets/LPOs-_PUb9vUl.js                         [39m[1m[2m 11.22 kB[22m[1m[22m[2m Ôöé gzip:   4.08 kB[22m
[2m../dist/public/[22m[36massets/Integrations-BBZvCqME.js                 [39m[1m[2m 11.25 kB[22m[1m[22m[2m Ôöé gzip:   3.24 kB[22m
[2m../dist/public/[22m[36massets/UnifiedOpportunityDetails-eJbKNt73.js    [39m[1m[2m 11.27 kB[22m[1m[22m[2m Ôöé gzip:   3.53 kB[22m
[2m../dist/public/[22m[36massets/CreateProject-Cd5FEhpA.js                [39m[1m[2m 11.27 kB[22m[1m[22m[2m Ôöé gzip:   3.50 kB[22m
[2m../dist/public/[22m[36massets/TimeTracking-CnPtnF4X.js                 [39m[1m[2m 11.30 kB[22m[1m[22m[2m Ôöé gzip:   3.34 kB[22m
[2m../dist/public/[22m[36massets/Quotations-sJhn81Lc.js                   [39m[1m[2m 11.34 kB[22m[1m[22m[2m Ôöé gzip:   3.74 kB[22m
[2m../dist/public/[22m[36massets/OrgLPOs-BRphdMpk.js                      [39m[1m[2m 11.42 kB[22m[1m[22m[2m Ôöé gzip:   4.09 kB[22m
[2m../dist/public/[22m[36massets/OrgContacts-DElzAI3p.js                  [39m[1m[2m 11.57 kB[22m[1m[22m[2m Ôöé gzip:   3.70 kB[22m
[2m../dist/public/[22m[36massets/Suppliers-D_7TMAIg.js                    [39m[1m[2m 11.59 kB[22m[1m[22m[2m Ôöé gzip:   4.23 kB[22m
[2m../dist/public/[22m[36massets/ProcurementImprests-BlPQyLZn.js          [39m[1m[2m 11.61 kB[22m[1m[22m[2m Ôöé gzip:   2.85 kB[22m
[2m../dist/public/[22m[36massets/SystemSettings-Db_CyI3i.js               [39m[1m[2m 11.62 kB[22m[1m[22m[2m Ôöé gzip:   3.18 kB[22m
[2m../dist/public/[22m[36massets/EnterpriseTenantsManagement-C1TsBReG.js  [39m[1m[2m 11.63 kB[22m[1m[22m[2m Ôöé gzip:   3.31 kB[22m
[2m../dist/public/[22m[36massets/Contacts-BDqI42TY.js                     [39m[1m[2m 11.64 kB[22m[1m[22m[2m Ôöé gzip:   3.73 kB[22m
[2m../dist/public/[22m[36massets/KPITracking-uPcKS93N.js                  [39m[1m[2m 11.69 kB[22m[1m[22m[2m Ôöé gzip:   3.11 kB[22m
[2m../dist/public/[22m[36massets/EnhancedChangePassword-Dk7YN1KM.js       [39m[1m[2m 11.73 kB[22m[1m[22m[2m Ôöé gzip:   2.95 kB[22m
[2m../dist/public/[22m[36massets/QuoteDetails-AqGEmEc3.js                 [39m[1m[2m 11.74 kB[22m[1m[22m[2m Ôöé gzip:   3.29 kB[22m
[2m../dist/public/[22m[36massets/ContractManagement-DUdA2wJ2.js           [39m[1m[2m 11.77 kB[22m[1m[22m[2m Ôöé gzip:   3.47 kB[22m
[2m../dist/public/[22m[36massets/UnifiedLanding-wqR856lh.js               [39m[1m[2m 11.90 kB[22m[1m[22m[2m Ôöé gzip:   3.16 kB[22m
[2m../dist/public/[22m[36massets/WorkflowAutomation-Dp8bS03k.js           [39m[1m[2m 11.97 kB[22m[1m[22m[2m Ôöé gzip:   3.37 kB[22m
[2m../dist/public/[22m[36massets/Training-Bw-d8WYR.js                     [39m[1m[2m 11.99 kB[22m[1m[22m[2m Ôöé gzip:   3.43 kB[22m
[2m../dist/public/[22m[36massets/SubscriptionDetails-C-blM44_.js          [39m[1m[2m 12.06 kB[22m[1m[22m[2m Ôöé gzip:   2.93 kB[22m
[2m../dist/public/[22m[36massets/CustomerPortal-DbTpXDbJ.js               [39m[1m[2m 12.06 kB[22m[1m[22m[2m Ôöé gzip:   2.92 kB[22m
[2m../dist/public/[22m[36massets/RecurringExpenses-B6cP419a.js            [39m[1m[2m 12.15 kB[22m[1m[22m[2m Ôöé gzip:   3.77 kB[22m
[2m../dist/public/[22m[36massets/OrganizationUsersManagement-CHrJx1CG.js  [39m[1m[2m 12.18 kB[22m[1m[22m[2m Ôöé gzip:   3.46 kB[22m
[2m../dist/public/[22m[36massets/SalesPipeline-Cm79_ivu.js                [39m[1m[2m 12.22 kB[22m[1m[22m[2m Ôöé gzip:   3.63 kB[22m
[2m../dist/public/[22m[36massets/OrgSalesPipeline-C5r42y6C.js             [39m[1m[2m 12.22 kB[22m[1m[22m[2m Ôöé gzip:   3.63 kB[22m
[2m../dist/public/[22m[36massets/AdminCronJobs-Iz2z4ZFG.js                [39m[1m[2m 12.33 kB[22m[1m[22m[2m Ôöé gzip:   3.67 kB[22m
[2m../dist/public/[22m[36massets/Demo-DS64RPN4.js                         [39m[1m[2m 12.34 kB[22m[1m[22m[2m Ôöé gzip:   3.79 kB[22m
[2m../dist/public/[22m[36massets/Features-P-4ov4zF.js                     [39m[1m[2m 12.65 kB[22m[1m[22m[2m Ôöé gzip:   4.43 kB[22m
[2m../dist/public/[22m[36massets/OrgProjectDetail-CwmzcfyP.js             [39m[1m[2m 12.83 kB[22m[1m[22m[2m Ôöé gzip:   4.18 kB[22m
[2m../dist/public/[22m[36massets/OrgTimesheets-CxyZapvd.js                [39m[1m[2m 12.84 kB[22m[1m[22m[2m Ôöé gzip:   3.88 kB[22m
[2m../dist/public/[22m[36massets/Timesheets-rmhrAxnU.js                   [39m[1m[2m 12.84 kB[22m[1m[22m[2m Ôöé gzip:   3.88 kB[22m
[2m../dist/public/[22m[36massets/Account-CiuU_GrY.js                      [39m[1m[2m 12.86 kB[22m[1m[22m[2m Ôöé gzip:   3.34 kB[22m
[2m../dist/public/[22m[36massets/NotificationCenter-kRWV8djH.js           [39m[1m[2m 12.87 kB[22m[1m[22m[2m Ôöé gzip:   3.34 kB[22m
[2m../dist/public/[22m[36massets/ExecutiveDashboard-BLDxTpyp.js           [39m[1m[2m 12.88 kB[22m[1m[22m[2m Ôöé gzip:   3.37 kB[22m
[2m../dist/public/[22m[36massets/OrgJobGroups-C2R6CGO6.js                 [39m[1m[2m 12.91 kB[22m[1m[22m[2m Ôöé gzip:   3.42 kB[22m
[2m../dist/public/[22m[36massets/ReceiptDetails-DCoaFsqJ.js               [39m[1m[2m 13.06 kB[22m[1m[22m[2m Ôöé gzip:   3.43 kB[22m
[2m../dist/public/[22m[36massets/OrgDashboard-D7aFC6ki.js                 [39m[1m[2m 13.20 kB[22m[1m[22m[2m Ôöé gzip:   3.91 kB[22m
[2m../dist/public/[22m[36massets/ProcurementOrders-D-rVs-q_.js            [39m[1m[2m 13.25 kB[22m[1m[22m[2m Ôöé gzip:   3.29 kB[22m
[2m../dist/public/[22m[36massets/Recruitment-DwJGeVFd.js                  [39m[1m[2m 13.36 kB[22m[1m[22m[2m Ôöé gzip:   3.23 kB[22m
[2m../dist/public/[22m[36massets/EditProject-BwrQ_Rc1.js                  [39m[1m[2m 13.44 kB[22m[1m[22m[2m Ôöé gzip:   3.95 kB[22m
[2m../dist/public/[22m[36massets/OrgTasks-FhzdV-A8.js                     [39m[1m[2m 13.44 kB[22m[1m[22m[2m Ôöé gzip:   3.81 kB[22m
[2m../dist/public/[22m[36massets/Tasks-8PbmPwqp.js                        [39m[1m[2m 13.48 kB[22m[1m[22m[2m Ôöé gzip:   3.83 kB[22m
[2m../dist/public/[22m[36massets/OrgCommunications-DRQVfQ-u.js            [39m[1m[2m 13.51 kB[22m[1m[22m[2m Ôöé gzip:   3.58 kB[22m
[2m../dist/public/[22m[36massets/OrgSuppliers-ispIX6-j.js                 [39m[1m[2m 13.53 kB[22m[1m[22m[2m Ôöé gzip:   4.46 kB[22m
[2m../dist/public/[22m[36massets/ServiceDetails-Cmx1YpIs.js               [39m[1m[2m 13.55 kB[22m[1m[22m[2m Ôöé gzip:   3.40 kB[22m
[2m../dist/public/[22m[36massets/ChartOfAccounts-DIucrJCA.js              [39m[1m[2m 13.59 kB[22m[1m[22m[2m Ôöé gzip:   4.10 kB[22m
[2m../dist/public/[22m[36massets/OrgChartOfAccounts-V38oSPRI.js           [39m[1m[2m 13.59 kB[22m[1m[22m[2m Ôöé gzip:   4.10 kB[22m
[2m../dist/public/[22m[36massets/CreatePayroll-CS_nOsKW.js                [39m[1m[2m 13.64 kB[22m[1m[22m[2m Ôöé gzip:   3.11 kB[22m
[2m../dist/public/[22m[36massets/OrgCreatePayroll-Dz-G0RUS.js             [39m[1m[2m 13.64 kB[22m[1m[22m[2m Ôöé gzip:   3.11 kB[22m
[2m../dist/public/[22m[36massets/ExpensesDetails-B3rssJQm.js              [39m[1m[2m 13.70 kB[22m[1m[22m[2m Ôöé gzip:   4.00 kB[22m
[2m../dist/public/[22m[36massets/OrgLeads-BdLRL7rG.js                     [39m[1m[2m 13.70 kB[22m[1m[22m[2m Ôöé gzip:   3.92 kB[22m
[2m../dist/public/[22m[36massets/Leads-DX9CARzF.js                        [39m[1m[2m 13.70 kB[22m[1m[22m[2m Ôöé gzip:   3.92 kB[22m
[2m../dist/public/[22m[36massets/OrgProposals-B3ToMITk.js                 [39m[1m[2m 13.74 kB[22m[1m[22m[2m Ôöé gzip:   4.22 kB[22m
[2m../dist/public/[22m[36massets/Proposals-BPHrsF8v.js                    [39m[1m[2m 13.84 kB[22m[1m[22m[2m Ôöé gzip:   4.26 kB[22m
[2m../dist/public/[22m[36massets/TroubleshootingGuide-ERU_fQb5.js         [39m[1m[2m 13.86 kB[22m[1m[22m[2m Ôöé gzip:   4.86 kB[22m
[2m../dist/public/[22m[36massets/OrgBilling-B4Fe_lWz.js                   [39m[1m[2m 13.94 kB[22m[1m[22m[2m Ôöé gzip:   4.04 kB[22m
[2m../dist/public/[22m[36massets/ProfessionalBudgeting-DPgSV3ri.js        [39m[1m[2m 13.96 kB[22m[1m[22m[2m Ôöé gzip:   4.00 kB[22m
[2m../dist/public/[22m[36massets/OrgTickets-BjCTROiy.js                   [39m[1m[2m 13.98 kB[22m[1m[22m[2m Ôöé gzip:   4.38 kB[22m
[2m../dist/public/[22m[36massets/Tickets-CQCMDBfw.js                      [39m[1m[2m 14.27 kB[22m[1m[22m[2m Ôöé gzip:   4.41 kB[22m
[2m../dist/public/[22m[36massets/Imprests-CNC3cRRA.js                     [39m[1m[2m 14.32 kB[22m[1m[22m[2m Ôöé gzip:   4.62 kB[22m
[2m../dist/public/[22m[36massets/Documentation-j8RD6FHS.js                [39m[1m[2m 14.57 kB[22m[1m[22m[2m Ôöé gzip:   5.17 kB[22m
[2m../dist/public/[22m[36massets/KenyanPayrollCalculator-BGujmri-.js      [39m[1m[2m 14.57 kB[22m[1m[22m[2m Ôöé gzip:   3.72 kB[22m
[2m../dist/public/[22m[36massets/OrgImprests-BTPDZ07D.js                  [39m[1m[2m 14.63 kB[22m[1m[22m[2m Ôöé gzip:   4.68 kB[22m
[2m../dist/public/[22m[36massets/ThemeCustomization-DN4B3xcY.js           [39m[1m[2m 14.80 kB[22m[1m[22m[2m Ôöé gzip:   3.83 kB[22m
[2m../dist/public/[22m[36massets/Roles-DqTAX020.js                        [39m[1m[2m 15.05 kB[22m[1m[22m[2m Ôöé gzip:   3.60 kB[22m
[2m../dist/public/[22m[36massets/Payroll-CP3hNcnL.js                      [39m[1m[2m 15.06 kB[22m[1m[22m[2m Ôöé gzip:   4.15 kB[22m
[2m../dist/public/[22m[36massets/OrgPayroll-DrRZ2Q-9.js                   [39m[1m[2m 15.06 kB[22m[1m[22m[2m Ôöé gzip:   4.15 kB[22m
[2m../dist/public/[22m[36massets/Communications-PQoWPTWK.js               [39m[1m[2m 15.14 kB[22m[1m[22m[2m Ôöé gzip:   4.33 kB[22m
[2m../dist/public/[22m[36massets/ICTDashboard-DiT-Jw-x.js                 [39m[1m[2m 15.16 kB[22m[1m[22m[2m Ôöé gzip:   4.20 kB[22m
[2m../dist/public/[22m[36massets/SupplierDetails-DKQcFQAR.js              [39m[1m[2m 15.23 kB[22m[1m[22m[2m Ôöé gzip:   3.28 kB[22m
[2m../dist/public/[22m[36massets/Clients-RleXx8wx.js                      [39m[1m[2m 15.32 kB[22m[1m[22m[2m Ôöé gzip:   4.64 kB[22m
[2m../dist/public/[22m[36massets/FileManager-DJCbyjnh.js                  [39m[1m[2m 15.34 kB[22m[1m[22m[2m Ôöé gzip:   5.06 kB[22m
[2m../dist/public/[22m[36massets/JobGroupDetails-C56t7jfX.js              [39m[1m[2m 15.35 kB[22m[1m[22m[2m Ôöé gzip:   4.16 kB[22m
[2m../dist/public/[22m[36massets/Pricing-Bz-0FDYp.js                      [39m[1m[2m 15.43 kB[22m[1m[22m[2m Ôöé gzip:   5.16 kB[22m
[2m../dist/public/[22m[36massets/OrgForecasting-BnKtEReJ.js               [39m[1m[2m 15.44 kB[22m[1m[22m[2m Ôöé gzip:   3.59 kB[22m
[2m../dist/public/[22m[36massets/Forecasting-DH8xul3r.js                  [39m[1m[2m 15.54 kB[22m[1m[22m[2m Ôöé gzip:   3.73 kB[22m
[2m../dist/public/[22m[36massets/Projects-BZg5FAUV.js                     [39m[1m[2m 15.74 kB[22m[1m[22m[2m Ôöé gzip:   4.64 kB[22m
[2m../dist/public/[22m[36massets/OrgInvoices-Db6pKCwg.js                  [39m[1m[2m 16.06 kB[22m[1m[22m[2m Ôöé gzip:   5.08 kB[22m
[2m../dist/public/[22m[36massets/ClientPortal-DD8pcXeL.js                 [39m[1m[2m 16.17 kB[22m[1m[22m[2m Ôöé gzip:   4.05 kB[22m
[2m../dist/public/[22m[36massets/JobGroups-BZpZH7_J.js                    [39m[1m[2m 16.28 kB[22m[1m[22m[2m Ôöé gzip:   3.94 kB[22m
[2m../dist/public/[22m[36massets/OrgKnowledgeBase-bmZqCZLW.js             [39m[1m[2m 16.39 kB[22m[1m[22m[2m Ôöé gzip:   4.26 kB[22m
[2m../dist/public/[22m[36massets/KnowledgeBase-Bbs4jTzP.js                [39m[1m[2m 16.39 kB[22m[1m[22m[2m Ôöé gzip:   4.26 kB[22m
[2m../dist/public/[22m[36massets/OrgClientDetail-kBaTacFw.js              [39m[1m[2m 16.62 kB[22m[1m[22m[2m Ôöé gzip:   4.35 kB[22m
[2m../dist/public/[22m[36massets/DepartmentDetails-X94Q_bnV.js            [39m[1m[2m 16.69 kB[22m[1m[22m[2m Ôöé gzip:   4.39 kB[22m
[2m../dist/public/[22m[36massets/OrgDepartmentDetails-C5k6KQ7P.js         [39m[1m[2m 16.69 kB[22m[1m[22m[2m Ôöé gzip:   4.39 kB[22m
[2m../dist/public/[22m[36massets/WebsiteFooter-Di6JI9j7.js                [39m[1m[2m 16.83 kB[22m[1m[22m[2m Ôöé gzip:   4.61 kB[22m
[2m../dist/public/[22m[36massets/OrgOrders-C573d3_7.js                    [39m[1m[2m 16.87 kB[22m[1m[22m[2m Ôöé gzip:   4.97 kB[22m
[2m../dist/public/[22m[36massets/SuperAdminDashboard-CcHxejXG.js          [39m[1m[2m 16.89 kB[22m[1m[22m[2m Ôöé gzip:   4.48 kB[22m
[2m../dist/public/[22m[36massets/Invoices-HJc6BIHq.js                     [39m[1m[2m 16.91 kB[22m[1m[22m[2m Ôöé gzip:   5.43 kB[22m
[2m../dist/public/[22m[36massets/Orders-BRW9EJA6.js                       [39m[1m[2m 16.96 kB[22m[1m[22m[2m Ôöé gzip:   5.00 kB[22m
[2m../dist/public/[22m[36massets/AdminDashboard-DfsSZZV5.js               [39m[1m[2m 16.99 kB[22m[1m[22m[2m Ôöé gzip:   4.04 kB[22m
[2m../dist/public/[22m[36massets/DocumentManagement-BV3jcdTq.js           [39m[1m[2m 17.04 kB[22m[1m[22m[2m Ôöé gzip:   4.84 kB[22m
[2m../dist/public/[22m[36massets/Subscriptions-DxuDxiEU.js                [39m[1m[2m 17.13 kB[22m[1m[22m[2m Ôöé gzip:   4.29 kB[22m
[2m../dist/public/[22m[36massets/StaffDashboard-BWM_Bb-Q.js               [39m[1m[2m 17.27 kB[22m[1m[22m[2m Ôöé gzip:   4.33 kB[22m
[2m../dist/public/[22m[36massets/BackupManagement-BiiZN6Sl.js             [39m[1m[2m 17.31 kB[22m[1m[22m[2m Ôöé gzip:   4.83 kB[22m
[2m../dist/public/[22m[36massets/documentTemplate-C1To6Bzg.js             [39m[1m[2m 17.35 kB[22m[1m[22m[2m Ôöé gzip:   4.20 kB[22m
[2m../dist/public/[22m[36massets/BecomeAPartner-ByYpTa3S.js               [39m[1m[2m 17.39 kB[22m[1m[22m[2m Ôöé gzip:   5.29 kB[22m
[2m../dist/public/[22m[36massets/AccountSettings-DNJwqDe6.js              [39m[1m[2m 18.20 kB[22m[1m[22m[2m Ôöé gzip:   4.47 kB[22m
[2m../dist/public/[22m[36massets/FinancialReportingWorkspace-Vm-a4DKg.js  [39m[1m[2m 18.29 kB[22m[1m[22m[2m Ôöé gzip:   5.43 kB[22m
[2m../dist/public/[22m[36massets/AIHub-Ckrk7qJZ.js                        [39m[1m[2m 18.65 kB[22m[1m[22m[2m Ôöé gzip:   4.64 kB[22m
[2m../dist/public/[22m[36massets/CustomHomepageBuilder-D2hKIpqg.js        [39m[1m[2m 18.86 kB[22m[1m[22m[2m Ôöé gzip:   5.09 kB[22m
[2m../dist/public/[22m[36massets/BrandCustomization-Y2xdCbfi.js           [39m[1m[2m 18.93 kB[22m[1m[22m[2m Ôöé gzip:   4.36 kB[22m
[2m../dist/public/[22m[36massets/BookADemo-CVApduK4.js                    [39m[1m[2m 19.10 kB[22m[1m[22m[2m Ôöé gzip:   5.12 kB[22m
[2m../dist/public/[22m[36massets/EditExpense-DWLjHBCg.js                  [39m[1m[2m 19.38 kB[22m[1m[22m[2m Ôöé gzip:   5.28 kB[22m
[2m../dist/public/[22m[36massets/OrgEditExpense-xBcZR42u.js               [39m[1m[2m 19.38 kB[22m[1m[22m[2m Ôöé gzip:   5.28 kB[22m
[2m../dist/public/[22m[36massets/Approvals-DGhmu_2Q.js                    [39m[1m[2m 20.31 kB[22m[1m[22m[2m Ôöé gzip:   4.96 kB[22m
[2m../dist/public/[22m[36massets/OrgApprovals-BnP5EJbk.js                 [39m[1m[2m 20.31 kB[22m[1m[22m[2m Ôöé gzip:   4.96 kB[22m
[2m../dist/public/[22m[36massets/CreateEmployee-D6XMn2jV.js               [39m[1m[2m 20.76 kB[22m[1m[22m[2m Ôöé gzip:   5.04 kB[22m
[2m../dist/public/[22m[36massets/OrgStaffChat-S_novXiu.js                 [39m[1m[2m 20.90 kB[22m[1m[22m[2m Ôöé gzip:   6.40 kB[22m
[2m../dist/public/[22m[36massets/EditEmployee-bJ4rq_Ki.js                 [39m[1m[2m 21.18 kB[22m[1m[22m[2m Ôöé gzip:   4.99 kB[22m
[2m../dist/public/[22m[36massets/OrgReports-C71otS-w.js                   [39m[1m[2m 21.20 kB[22m[1m[22m[2m Ôöé gzip:   5.34 kB[22m
[2m../dist/public/[22m[36massets/HRPayrollManagement-CK__e5jq.js          [39m[1m[2m 21.46 kB[22m[1m[22m[2m Ôöé gzip:   5.05 kB[22m
[2m../dist/public/[22m[36massets/PayslipManagement-BIbdThye.js            [39m[1m[2m 21.67 kB[22m[1m[22m[2m Ôöé gzip:   6.93 kB[22m
[2m../dist/public/[22m[36massets/CreateExpense-Cuwv89cw.js                [39m[1m[2m 21.94 kB[22m[1m[22m[2m Ôöé gzip:   6.08 kB[22m
[2m../dist/public/[22m[36massets/OrgCreateExpense-QB5tm9fY.js             [39m[1m[2m 21.94 kB[22m[1m[22m[2m Ôöé gzip:   6.08 kB[22m
[2m../dist/public/[22m[36massets/Employees-MlzBY8oZ.js                    [39m[1m[2m 22.19 kB[22m[1m[22m[2m Ôöé gzip:   5.85 kB[22m
[2m../dist/public/[22m[36massets/OrgEmployees-zdY1CyKD.js                 [39m[1m[2m 22.19 kB[22m[1m[22m[2m Ôöé gzip:   5.85 kB[22m
[2m../dist/public/[22m[36massets/SuperAdminPricingTiers-pS-WOeQF.js       [39m[1m[2m 22.87 kB[22m[1m[22m[2m Ôöé gzip:   5.51 kB[22m
[2m../dist/public/[22m[36massets/Reports-BB3kZemH.js                      [39m[1m[2m 23.04 kB[22m[1m[22m[2m Ôöé gzip:   7.24 kB[22m
[2m../dist/public/[22m[36massets/DocumentForm-BGDKG6Iw.js                 [39m[1m[2m 23.31 kB[22m[1m[22m[2m Ôöé gzip:   6.36 kB[22m
[2m../dist/public/[22m[36massets/Checkout-BPREdTWv.js                     [39m[1m[2m 23.52 kB[22m[1m[22m[2m Ôöé gzip:   7.87 kB[22m
[2m../dist/public/[22m[36massets/FeatureDetail-DYzmZqgm.js                [39m[1m[2m 23.78 kB[22m[1m[22m[2m Ôöé gzip:   7.47 kB[22m
[2m../dist/public/[22m[36massets/InvoiceDetails-CIVsGSsB.js               [39m[1m[2m 24.05 kB[22m[1m[22m[2m Ôöé gzip:   6.19 kB[22m
[2m../dist/public/[22m[36massets/StaffChat-D_A7fEFj.js                    [39m[1m[2m 24.37 kB[22m[1m[22m[2m Ôöé gzip:   7.01 kB[22m
[2m../dist/public/[22m[36massets/date-utils-COA5zMcC.js                   [39m[1m[2m 25.29 kB[22m[1m[22m[2m Ôöé gzip:   7.51 kB[22m
[2m../dist/public/[22m[36massets/purify.es-4eNOHKSq.js                    [39m[1m[2m 28.74 kB[22m[1m[22m[2m Ôöé gzip:  11.02 kB[22m
[2m../dist/public/[22m[36massets/CreateCommunication-DSzuLSFS.js          [39m[1m[2m 30.73 kB[22m[1m[22m[2m Ôöé gzip:  10.19 kB[22m
[2m../dist/public/[22m[36massets/jspdf.plugin.autotable-BuWfgWgK.js       [39m[1m[2m 30.80 kB[22m[1m[22m[2m Ôöé gzip:   9.81 kB[22m
[2m../dist/public/[22m[36massets/HRDashboard-ukO1d9mO.js                  [39m[1m[2m 30.95 kB[22m[1m[22m[2m Ôöé gzip:   6.61 kB[22m
[2m../dist/public/[22m[36massets/ClientDetails-CAp3GAi5.js                [39m[1m[2m 31.38 kB[22m[1m[22m[2m Ôöé gzip:   6.57 kB[22m
[2m../dist/public/[22m[36massets/DocumentTemplates-Cm8qKwn6.js            [39m[1m[2m 31.38 kB[22m[1m[22m[2m Ôöé gzip:   6.60 kB[22m
[2m../dist/public/[22m[36massets/RichTextEditor-Bu0D3kU1.js               [39m[1m[2m 37.96 kB[22m[1m[22m[2m Ôöé gzip:   8.43 kB[22m
[2m../dist/public/[22m[36massets/LandingPage-CmmdwFSG.js                  [39m[1m[2m 38.68 kB[22m[1m[22m[2m Ôöé gzip:  10.16 kB[22m
[2m../dist/public/[22m[36massets/OrgEmployeeDetails-C_C4kIKq.js           [39m[1m[2m 42.05 kB[22m[1m[22m[2m Ôöé gzip:   8.50 kB[22m
[2m../dist/public/[22m[36massets/EmployeeDetails-BLoFAGCa.js              [39m[1m[2m 42.75 kB[22m[1m[22m[2m Ôöé gzip:   8.57 kB[22m
[2m../dist/public/[22m[36massets/AdminManagement-DhxTBaAQ.js              [39m[1m[2m 43.06 kB[22m[1m[22m[2m Ôöé gzip:  10.22 kB[22m
[2m../dist/public/[22m[36massets/OrgLayout-EpyHXZVP.js                    [39m[1m[2m 44.62 kB[22m[1m[22m[2m Ôöé gzip:  11.18 kB[22m
[2m../dist/public/[22m[36massets/ProjectDetails-0x72gruV.js               [39m[1m[2m 49.56 kB[22m[1m[22m[2m Ôöé gzip:  10.61 kB[22m
[2m../dist/public/[22m[36massets/AdminEmailTemplates-8AqKA8un.js          [39m[1m[2m 52.59 kB[22m[1m[22m[2m Ôöé gzip:  12.82 kB[22m
[2m../dist/public/[22m[36massets/CustomFieldsManager-DSn2JCYm.js          [39m[1m[2m 61.69 kB[22m[1m[22m[2m Ôöé gzip:  16.19 kB[22m
[2m../dist/public/[22m[36massets/lucide-react-CO2CmFSo.js                 [39m[1m[2m 65.64 kB[22m[1m[22m[2m Ôöé gzip:  19.09 kB[22m
[2m../dist/public/[22m[36massets/DocumentBlockEditor-CA6VFHzR.js          [39m[1m[2m 68.90 kB[22m[1m[22m[2m Ôöé gzip:  15.76 kB[22m
[2m../dist/public/[22m[36massets/MultiTenancy-BXYbYn_t.js                 [39m[1m[2m 70.52 kB[22m[1m[22m[2m Ôöé gzip:  14.17 kB[22m
[2m../dist/public/[22m[36massets/CreateQuote-FIJ52EZ_.js                  [39m[1m[2m 71.71 kB[22m[1m[22m[2m Ôöé gzip:  19.54 kB[22m
[2m../dist/public/[22m[36massets/WebsiteAdmin-B3LCBjbZ.js                 [39m[1m[2m 80.42 kB[22m[1m[22m[2m Ôöé gzip:  15.30 kB[22m
[2m../dist/public/[22m[36massets/api-client-DdKH_gqd.js                   [39m[1m[2m 81.61 kB[22m[1m[22m[2m Ôöé gzip:  22.27 kB[22m
[2m../dist/public/[22m[36massets/index.es-DqfClNIX.js                     [39m[1m[2m158.79 kB[22m[1m[22m[2m Ôöé gzip:  53.05 kB[22m
[2m../dist/public/[22m[36massets/html2canvas-DXEQVQnt.js                  [39m[1m[2m201.04 kB[22m[1m[22m[2m Ôöé gzip:  47.43 kB[22m
[2m../dist/public/[22m[36massets/OrgSettings-DeHVDLTo.js                  [39m[1m[2m279.90 kB[22m[1m[22m[2m Ôöé gzip:  52.69 kB[22m
[2m../dist/public/[22m[36massets/Settings-_zpNxHln.js                     [39m[1m[2m283.60 kB[22m[1m[22m[2m Ôöé gzip:  53.53 kB[22m
[2m../dist/public/[22m[36massets/vendor-react-ui-D_dP7EUb.js              [39m[1m[2m314.58 kB[22m[1m[22m[2m Ôöé gzip: 100.19 kB[22m
[2m../dist/public/[22m[36massets/jspdf.es.min-2EYIAEnj.js                 [39m[1m[2m384.80 kB[22m[1m[22m[2m Ôöé gzip: 125.62 kB[22m
[2m../dist/public/[22m[36massets/rich-editor-DQKc7IGv.js                  [39m[1m[2m414.84 kB[22m[1m[22m[2m Ôöé gzip: 130.90 kB[22m
[2m../dist/public/[22m[36massets/xlsx-BojT3SgY.js                         [39m[1m[2m424.38 kB[22m[1m[22m[2m Ôöé gzip: 141.60 kB[22m
[2m../dist/public/[22m[36massets/index-DxVnqmUT.js                        [39m[1m[2m884.05 kB[22m[1m[22m[2m Ôöé gzip: 226.28 kB[22m
[32mÔ£ô built in 29.02s[39m
Ôû▓ [WARNING] Duplicate key "reason" in object literal [duplicate-object-key]

    server/routers/leave.ts:192:6:
      192 Ôöé       reason: z.string().optional(),
          ÔòÁ       ~~~~~~

  The original key "reason" is here:

    server/routers/leave.ts:191:6:
      191 Ôöé       reason: z.string().optional(),
          ÔòÁ       ~~~~~~

1 warning

  dist\index.js  3.8mb

Done in 125ms
