
> kiini-one-hub-total-control@1.0.0 build
> vite build && esbuild server/_core/index.ts --platform=node --packages=external --bundle --format=esm --outdir=dist

NODE_ENV=production is not supported in the .env file. Only NODE_ENV=development is supported to create a development build of your project. If you need to set process.env.NODE_ENV, you can set it in the Vite config instead.
[36mvite v7.3.1 [32mbuilding client environment for production...[36m[39m
(node:10872) [DEP0205] DeprecationWarning: `module.register()` is deprecated. Use `module.registerHooks()` instead.
(Use `node --trace-deprecation ...` to show where the warning was created)
transforming...
[32mÔ£ô[39m 3796 modules transformed.
rendering chunks...
computing gzip size...
[2m../dist/public/[22m[32mindex.html                                      [39m[1m[2m  3.94 kB[22m[1m[22m[2m Ôöé gzip:   1.63 kB[22m
[2m../dist/public/[22m[35massets/OrgSettings-Bx3OTr2t.css                 [39m[1m[2m 29.89 kB[22m[1m[22m[2m Ôöé gzip:   5.84 kB[22m
[2m../dist/public/[22m[35massets/index-QFbDtphh.css                       [39m[1m[2m402.27 kB[22m[1m[22m[2m Ôöé gzip:  49.59 kB[22m
[2m../dist/public/[22m[36massets/trpc-DGOfIRhv.js                         [39m[1m[2m  0.07 kB[22m[1m[22m[2m Ôöé gzip:   0.09 kB[22m
[2m../dist/public/[22m[36massets/tableSort-B6IToDRb.js                    [39m[1m[2m  0.14 kB[22m[1m[22m[2m Ôöé gzip:   0.12 kB[22m
[2m../dist/public/[22m[36massets/AreaChart-C0pZ4QaN.js                    [39m[1m[2m  0.23 kB[22m[1m[22m[2m Ôöé gzip:   0.19 kB[22m
[2m../dist/public/[22m[36massets/LineChart-Dbe7EEur.js                    [39m[1m[2m  0.23 kB[22m[1m[22m[2m Ôöé gzip:   0.19 kB[22m
[2m../dist/public/[22m[36massets/use-toast-CysYU59y.js                    [39m[1m[2m  0.24 kB[22m[1m[22m[2m Ôöé gzip:   0.20 kB[22m
[2m../dist/public/[22m[36massets/skeleton-C0nOdqba.js                     [39m[1m[2m  0.24 kB[22m[1m[22m[2m Ôöé gzip:   0.20 kB[22m
[2m../dist/public/[22m[36massets/communications-DPNzK-66.js               [39m[1m[2m  0.27 kB[22m[1m[22m[2m Ôöé gzip:   0.21 kB[22m
[2m../dist/public/[22m[36massets/spinner-C7Y0RgDY.js                      [39m[1m[2m  0.28 kB[22m[1m[22m[2m Ôöé gzip:   0.22 kB[22m
[2m../dist/public/[22m[36massets/BarChart-Dcix1D4b.js                     [39m[1m[2m  0.30 kB[22m[1m[22m[2m Ôöé gzip:   0.22 kB[22m
[2m../dist/public/[22m[36massets/paymentMethods-r32LliAe.js               [39m[1m[2m  0.31 kB[22m[1m[22m[2m Ôöé gzip:   0.24 kB[22m
[2m../dist/public/[22m[36massets/collapsible-DaZGlMFo.js                  [39m[1m[2m  0.32 kB[22m[1m[22m[2m Ôöé gzip:   0.19 kB[22m
[2m../dist/public/[22m[36massets/label-DMrOf-iz.js                        [39m[1m[2m  0.33 kB[22m[1m[22m[2m Ôöé gzip:   0.25 kB[22m
[2m../dist/public/[22m[36massets/useUserLookup-BEwAigE9.js                [39m[1m[2m  0.40 kB[22m[1m[22m[2m Ôöé gzip:   0.31 kB[22m
[2m../dist/public/[22m[36massets/useRequireFeature-BlhE8ElM.js            [39m[1m[2m  0.44 kB[22m[1m[22m[2m Ôöé gzip:   0.32 kB[22m
[2m../dist/public/[22m[36massets/exportCsv-CNzVNdz4.js                    [39m[1m[2m  0.44 kB[22m[1m[22m[2m Ôöé gzip:   0.33 kB[22m
[2m../dist/public/[22m[36massets/csvGenerator-BbTLt5yV.js                 [39m[1m[2m  0.45 kB[22m[1m[22m[2m Ôöé gzip:   0.29 kB[22m
[2m../dist/public/[22m[36massets/textarea-r5HM-ea8.js                     [39m[1m[2m  0.50 kB[22m[1m[22m[2m Ôöé gzip:   0.35 kB[22m
[2m../dist/public/[22m[36massets/useCompanyInfo-CZraegJ0.js               [39m[1m[2m  0.52 kB[22m[1m[22m[2m Ôöé gzip:   0.36 kB[22m
[2m../dist/public/[22m[36massets/companyExport-BjKJuyHC.js                [39m[1m[2m  0.54 kB[22m[1m[22m[2m Ôöé gzip:   0.37 kB[22m
[2m../dist/public/[22m[36massets/FinancialDashboard-ByF1ECKK.js           [39m[1m[2m  0.55 kB[22m[1m[22m[2m Ôöé gzip:   0.34 kB[22m
[2m../dist/public/[22m[36massets/export-utils-C3EhI18j.js                 [39m[1m[2m  0.57 kB[22m[1m[22m[2m Ôöé gzip:   0.40 kB[22m
[2m../dist/public/[22m[36massets/OrgFinancialDashboard-DaoW5-Pj.js        [39m[1m[2m  0.57 kB[22m[1m[22m[2m Ôöé gzip:   0.36 kB[22m
[2m../dist/public/[22m[36massets/useOrgPermission-H-76cPcp.js             [39m[1m[2m  0.59 kB[22m[1m[22m[2m Ôöé gzip:   0.40 kB[22m
[2m../dist/public/[22m[36massets/useFavorite-DvZq84AP.js                  [39m[1m[2m  0.59 kB[22m[1m[22m[2m Ôöé gzip:   0.35 kB[22m
[2m../dist/public/[22m[36massets/documentTemplateHelpers-CduNLrpb.js      [39m[1m[2m  0.59 kB[22m[1m[22m[2m Ôöé gzip:   0.33 kB[22m
[2m../dist/public/[22m[36massets/payslipPdf-BLtJO5iE.js                   [39m[1m[2m  0.63 kB[22m[1m[22m[2m Ôöé gzip:   0.44 kB[22m
[2m../dist/public/[22m[36massets/activityLog-B-yh0W2G.js                  [39m[1m[2m  0.75 kB[22m[1m[22m[2m Ôöé gzip:   0.36 kB[22m
[2m../dist/public/[22m[36massets/popover-Dd-HM0w3.js                      [39m[1m[2m  0.83 kB[22m[1m[22m[2m Ôöé gzip:   0.45 kB[22m
[2m../dist/public/[22m[36massets/DeleteConfirmationModal-Dg4JvR83.js      [39m[1m[2m  0.85 kB[22m[1m[22m[2m Ôöé gzip:   0.49 kB[22m
[2m../dist/public/[22m[36massets/healthScore-hLzRzKdj.js                  [39m[1m[2m  0.89 kB[22m[1m[22m[2m Ôöé gzip:   0.52 kB[22m
[2m../dist/public/[22m[36massets/switch-quSYzSbR.js                       [39m[1m[2m  0.90 kB[22m[1m[22m[2m Ôöé gzip:   0.47 kB[22m
[2m../dist/public/[22m[36massets/checkbox-DcSlHQCU.js                     [39m[1m[2m  0.92 kB[22m[1m[22m[2m Ôöé gzip:   0.47 kB[22m
[2m../dist/public/[22m[36massets/UserSelector-UPE1zt05.js                 [39m[1m[2m  0.96 kB[22m[1m[22m[2m Ôöé gzip:   0.55 kB[22m
[2m../dist/public/[22m[36massets/CustomPage-Buuj_bDg.js                   [39m[1m[2m  1.04 kB[22m[1m[22m[2m Ôöé gzip:   0.60 kB[22m
[2m../dist/public/[22m[36massets/PermissionGuard-CW8TST-P.js              [39m[1m[2m  1.05 kB[22m[1m[22m[2m Ôöé gzip:   0.59 kB[22m
[2m../dist/public/[22m[36massets/EmployeeSelector-DGq9zd_d.js             [39m[1m[2m  1.10 kB[22m[1m[22m[2m Ôöé gzip:   0.62 kB[22m
[2m../dist/public/[22m[36massets/format-XyXgtmZc.js                       [39m[1m[2m  1.15 kB[22m[1m[22m[2m Ôöé gzip:   0.55 kB[22m
[2m../dist/public/[22m[36massets/Messages-em7NDQF0.js                     [39m[1m[2m  1.18 kB[22m[1m[22m[2m Ôöé gzip:   0.63 kB[22m
[2m../dist/public/[22m[36massets/ModuleLayout-9d3kg6Ei.js                 [39m[1m[2m  1.25 kB[22m[1m[22m[2m Ôöé gzip:   0.62 kB[22m
[2m../dist/public/[22m[36massets/accordion-AyCVSBMV.js                    [39m[1m[2m  1.27 kB[22m[1m[22m[2m Ôöé gzip:   0.62 kB[22m
[2m../dist/public/[22m[36massets/OrgAssets-gXXvefZ8.js                    [39m[1m[2m  1.28 kB[22m[1m[22m[2m Ôöé gzip:   0.62 kB[22m
[2m../dist/public/[22m[36massets/OrgDocuments-CkqZzFF-.js                 [39m[1m[2m  1.29 kB[22m[1m[22m[2m Ôöé gzip:   0.62 kB[22m
[2m../dist/public/[22m[36massets/OrgPurchaseOrders-liNYyP7K.js            [39m[1m[2m  1.31 kB[22m[1m[22m[2m Ôöé gzip:   0.63 kB[22m
[2m../dist/public/[22m[36massets/ReportNavigation-Bwsw9dX7.js             [39m[1m[2m  1.33 kB[22m[1m[22m[2m Ôöé gzip:   0.69 kB[22m
[2m../dist/public/[22m[36massets/PhoneInput-Cd5lxw_4.js                   [39m[1m[2m  1.40 kB[22m[1m[22m[2m Ôöé gzip:   0.73 kB[22m
[2m../dist/public/[22m[36massets/TenantAdminDetails-LT9cZ1Uj.js           [39m[1m[2m  1.56 kB[22m[1m[22m[2m Ôöé gzip:   0.68 kB[22m
[2m../dist/public/[22m[36massets/TenantUserDetails-BD8zINpq.js            [39m[1m[2m  1.69 kB[22m[1m[22m[2m Ôöé gzip:   0.71 kB[22m
[2m../dist/public/[22m[36massets/RoleBasedDashboard-DDqLzmuA.js           [39m[1m[2m  1.71 kB[22m[1m[22m[2m Ôöé gzip:   0.74 kB[22m
[2m../dist/public/[22m[36massets/JobGroupPayrollItems-CHUoikeV.js         [39m[1m[2m  1.72 kB[22m[1m[22m[2m Ôöé gzip:   0.81 kB[22m
[2m../dist/public/[22m[36massets/RowActionsMenu-DMlFKP2g.js               [39m[1m[2m  1.73 kB[22m[1m[22m[2m Ôöé gzip:   0.74 kB[22m
[2m../dist/public/[22m[36massets/designSystem-BjMWY9N5.js                 [39m[1m[2m  1.76 kB[22m[1m[22m[2m Ôöé gzip:   0.66 kB[22m
[2m../dist/public/[22m[36massets/OrgBreadcrumb-DsuLDNJn.js                [39m[1m[2m  1.77 kB[22m[1m[22m[2m Ôöé gzip:   0.74 kB[22m
[2m../dist/public/[22m[36massets/SmsQueue-C2kRcn3q.js                     [39m[1m[2m  1.78 kB[22m[1m[22m[2m Ôöé gzip:   0.91 kB[22m
[2m../dist/public/[22m[36massets/ServiceSearchFilter-B9yPYX36.js          [39m[1m[2m  1.90 kB[22m[1m[22m[2m Ôöé gzip:   0.77 kB[22m
[2m../dist/public/[22m[36massets/NotFound-Cz_L1hoh.js                     [39m[1m[2m  1.92 kB[22m[1m[22m[2m Ôöé gzip:   0.91 kB[22m
[2m../dist/public/[22m[36massets/SummaryStatCards-DbxA7_qk.js             [39m[1m[2m  1.92 kB[22m[1m[22m[2m Ôöé gzip:   0.85 kB[22m
[2m../dist/public/[22m[36massets/ModuleAnalyticsStrip-BatMUx0V.js         [39m[1m[2m  1.98 kB[22m[1m[22m[2m Ôöé gzip:   0.91 kB[22m
[2m../dist/public/[22m[36massets/CustomFields-BP3mYjQe.js                 [39m[1m[2m  2.00 kB[22m[1m[22m[2m Ôöé gzip:   0.93 kB[22m
[2m../dist/public/[22m[36massets/alert-dialog-YcATeGhp.js                 [39m[1m[2m  2.04 kB[22m[1m[22m[2m Ôöé gzip:   0.74 kB[22m
[2m../dist/public/[22m[36massets/table-Mjr2QcSZ.js                        [39m[1m[2m  2.06 kB[22m[1m[22m[2m Ôöé gzip:   0.77 kB[22m
[2m../dist/public/[22m[36massets/LocationSelects-DrvGo7IM.js              [39m[1m[2m  2.07 kB[22m[1m[22m[2m Ôöé gzip:   0.58 kB[22m
[2m../dist/public/[22m[36massets/CreateImprest-DkbesIJJ.js                [39m[1m[2m  2.13 kB[22m[1m[22m[2m Ôöé gzip:   1.03 kB[22m
[2m../dist/public/[22m[36massets/useOrgAccess-DhEx_H2d.js                 [39m[1m[2m  2.18 kB[22m[1m[22m[2m Ôöé gzip:   1.10 kB[22m
[2m../dist/public/[22m[36massets/VerifyEmail-HhlPHLu3.js                  [39m[1m[2m  2.19 kB[22m[1m[22m[2m Ôöé gzip:   1.19 kB[22m
[2m../dist/public/[22m[36massets/PageHeader-DA89STtC.js                   [39m[1m[2m  2.21 kB[22m[1m[22m[2m Ôöé gzip:   0.94 kB[22m
[2m../dist/public/[22m[36massets/data-table-controls-zTANKTc1.js          [39m[1m[2m  2.30 kB[22m[1m[22m[2m Ôöé gzip:   0.98 kB[22m
[2m../dist/public/[22m[36massets/OrgModulePage-B_UVZasl.js                [39m[1m[2m  2.36 kB[22m[1m[22m[2m Ôöé gzip:   1.02 kB[22m
[2m../dist/public/[22m[36massets/UnifiedModuleLayout-ByzXLmZL.js          [39m[1m[2m  2.42 kB[22m[1m[22m[2m Ôöé gzip:   1.05 kB[22m
[2m../dist/public/[22m[36massets/EmployeeAccountSection-BR2OtW2N.js       [39m[1m[2m  2.55 kB[22m[1m[22m[2m Ôöé gzip:   0.95 kB[22m
[2m../dist/public/[22m[36massets/BiTools-NuMMigoA.js                      [39m[1m[2m  2.68 kB[22m[1m[22m[2m Ôöé gzip:   1.18 kB[22m
[2m../dist/public/[22m[36massets/CreateClient-R6oUCjlZ.js                 [39m[1m[2m  2.70 kB[22m[1m[22m[2m Ôöé gzip:   1.36 kB[22m
[2m../dist/public/[22m[36massets/OrgCreateClient-ButZKtBO.js              [39m[1m[2m  2.70 kB[22m[1m[22m[2m Ôöé gzip:   1.36 kB[22m
[2m../dist/public/[22m[36massets/OrgSuperAdminDashboard-CN-dZ2OV.js       [39m[1m[2m  2.76 kB[22m[1m[22m[2m Ôöé gzip:   1.21 kB[22m
[2m../dist/public/[22m[36massets/ICTSystemSettings-WeoyjrJq.js            [39m[1m[2m  2.79 kB[22m[1m[22m[2m Ôöé gzip:   1.17 kB[22m
[2m../dist/public/[22m[36massets/CreateBudget-DdyYyksh.js                 [39m[1m[2m  2.80 kB[22m[1m[22m[2m Ôöé gzip:   1.32 kB[22m
[2m../dist/public/[22m[36massets/CreateReceipt-DPnm_A5v.js                [39m[1m[2m  2.83 kB[22m[1m[22m[2m Ôöé gzip:   1.18 kB[22m
[2m../dist/public/[22m[36massets/CreateProduct-DFCgZA14.js                [39m[1m[2m  2.84 kB[22m[1m[22m[2m Ôöé gzip:   1.27 kB[22m
[2m../dist/public/[22m[36massets/OrgCreateProduct-QOXDqHh-.js             [39m[1m[2m  2.84 kB[22m[1m[22m[2m Ôöé gzip:   1.27 kB[22m
[2m../dist/public/[22m[36massets/DashboardBuilderPro-CTwYdxq8.js          [39m[1m[2m  2.86 kB[22m[1m[22m[2m Ôöé gzip:   1.18 kB[22m
[2m../dist/public/[22m[36massets/EnhancedBulkActions-BB1kqo1w.js          [39m[1m[2m  2.89 kB[22m[1m[22m[2m Ôöé gzip:   1.21 kB[22m
[2m../dist/public/[22m[36massets/MyPayslips-CIAqmdnw.js                   [39m[1m[2m  2.95 kB[22m[1m[22m[2m Ôöé gzip:   1.24 kB[22m
[2m../dist/public/[22m[36massets/actions-BUJcsNbx.js                      [39m[1m[2m  3.01 kB[22m[1m[22m[2m Ôöé gzip:   1.34 kB[22m
[2m../dist/public/[22m[36massets/Search-m7Zzs4Qj.js                       [39m[1m[2m  3.20 kB[22m[1m[22m[2m Ôöé gzip:   1.47 kB[22m
[2m../dist/public/[22m[36massets/CreditNotes-CNnJ2rMS.js                  [39m[1m[2m  3.20 kB[22m[1m[22m[2m Ôöé gzip:   1.32 kB[22m
[2m../dist/public/[22m[36massets/OrgCreditNotes-DQ4Wcy3-.js               [39m[1m[2m  3.20 kB[22m[1m[22m[2m Ôöé gzip:   1.32 kB[22m
[2m../dist/public/[22m[36massets/privateChatUtils-Bv4qHQl7.js             [39m[1m[2m  3.20 kB[22m[1m[22m[2m Ôöé gzip:   1.23 kB[22m
[2m../dist/public/[22m[36massets/SalesManagerDashboard-Cg-CQ6g5.js        [39m[1m[2m  3.24 kB[22m[1m[22m[2m Ôöé gzip:   1.16 kB[22m
[2m../dist/public/[22m[36massets/ICTAnalytics-DuKdqdJz.js                 [39m[1m[2m  3.25 kB[22m[1m[22m[2m Ôöé gzip:   1.22 kB[22m
[2m../dist/public/[22m[36massets/ReportsDetails-BbdGSlkt.js               [39m[1m[2m  3.27 kB[22m[1m[22m[2m Ôöé gzip:   1.22 kB[22m
[2m../dist/public/[22m[36massets/ProcurementManagerDashboard-h16Tpws5.js  [39m[1m[2m  3.27 kB[22m[1m[22m[2m Ôöé gzip:   1.15 kB[22m
[2m../dist/public/[22m[36massets/FunnelAnalysis-JQPKSNu4.js               [39m[1m[2m  3.33 kB[22m[1m[22m[2m Ôöé gzip:   1.27 kB[22m
[2m../dist/public/[22m[36massets/TableColumnSettings-CPYsqDaH.js          [39m[1m[2m  3.35 kB[22m[1m[22m[2m Ôöé gzip:   1.44 kB[22m
[2m../dist/public/[22m[36massets/OrgCreateLPO-CPhGmKdq.js                 [39m[1m[2m  3.36 kB[22m[1m[22m[2m Ôöé gzip:   1.44 kB[22m
[2m../dist/public/[22m[36massets/CreateDepartment-B58Pqy8I.js             [39m[1m[2m  3.38 kB[22m[1m[22m[2m Ôöé gzip:   1.40 kB[22m
[2m../dist/public/[22m[36massets/OrgCreateDepartment-Dhqt-szy.js          [39m[1m[2m  3.38 kB[22m[1m[22m[2m Ôöé gzip:   1.40 kB[22m
[2m../dist/public/[22m[36massets/CohortAnalysis-fqlDlRYI.js               [39m[1m[2m  3.43 kB[22m[1m[22m[2m Ôöé gzip:   1.24 kB[22m
[2m../dist/public/[22m[36massets/EditBudget-YJ6bLD3F.js                   [39m[1m[2m  3.43 kB[22m[1m[22m[2m Ôöé gzip:   1.52 kB[22m
[2m../dist/public/[22m[36massets/OrgEditBudget-DBd8jHTZ.js                [39m[1m[2m  3.43 kB[22m[1m[22m[2m Ôöé gzip:   1.52 kB[22m
[2m../dist/public/[22m[36massets/CreateSupplier-C_JvCAta.js               [39m[1m[2m  3.46 kB[22m[1m[22m[2m Ôöé gzip:   1.55 kB[22m
[2m../dist/public/[22m[36massets/OrgCreateSupplier-OljLi5Mc.js            [39m[1m[2m  3.46 kB[22m[1m[22m[2m Ôöé gzip:   1.55 kB[22m
[2m../dist/public/[22m[36massets/OrgCreateReceipt-D7Cv9Lgc.js             [39m[1m[2m  3.47 kB[22m[1m[22m[2m Ôöé gzip:   1.41 kB[22m
[2m../dist/public/[22m[36massets/OrgPurchaseOrderDetail-Bbw1CxGy.js       [39m[1m[2m  3.49 kB[22m[1m[22m[2m Ôöé gzip:   1.25 kB[22m
[2m../dist/public/[22m[36massets/CreatePurchaseOrder-BtXwbAjz.js          [39m[1m[2m  3.49 kB[22m[1m[22m[2m Ôöé gzip:   1.26 kB[22m
[2m../dist/public/[22m[36massets/OrgCreatePurchaseOrder-C3i5V2Y4.js       [39m[1m[2m  3.49 kB[22m[1m[22m[2m Ôöé gzip:   1.26 kB[22m
[2m../dist/public/[22m[36massets/ListPageToolbar-Dk0EpVa0.js              [39m[1m[2m  3.56 kB[22m[1m[22m[2m Ôöé gzip:   1.01 kB[22m
[2m../dist/public/[22m[36massets/CreateWarranty-cAPwHdhf.js               [39m[1m[2m  3.57 kB[22m[1m[22m[2m Ôöé gzip:   1.36 kB[22m
[2m../dist/public/[22m[36massets/EditDepartment-Ds3q9xmN.js               [39m[1m[2m  3.60 kB[22m[1m[22m[2m Ôöé gzip:   1.40 kB[22m
[2m../dist/public/[22m[36massets/OrgEditDepartment-BDZo08ta.js            [39m[1m[2m  3.60 kB[22m[1m[22m[2m Ôöé gzip:   1.40 kB[22m
[2m../dist/public/[22m[36massets/WarrantyDetails-BtHNOt0Y.js              [39m[1m[2m  3.60 kB[22m[1m[22m[2m Ôöé gzip:   1.21 kB[22m
[2m../dist/public/[22m[36massets/CreateEstimate-DBXA1xB8.js               [39m[1m[2m  3.67 kB[22m[1m[22m[2m Ôöé gzip:   1.58 kB[22m
[2m../dist/public/[22m[36massets/DepartmentForm-yAXTEVIQ.js               [39m[1m[2m  3.67 kB[22m[1m[22m[2m Ôöé gzip:   1.40 kB[22m
[2m../dist/public/[22m[36massets/OrgContactDetail-DYO78lZb.js             [39m[1m[2m  3.68 kB[22m[1m[22m[2m Ôöé gzip:   1.24 kB[22m
[2m../dist/public/[22m[36massets/CreateTicket-Cde2htf6.js                 [39m[1m[2m  3.70 kB[22m[1m[22m[2m Ôöé gzip:   1.47 kB[22m
[2m../dist/public/[22m[36massets/OrgCreateTicket-BManktIJ.js              [39m[1m[2m  3.70 kB[22m[1m[22m[2m Ôöé gzip:   1.47 kB[22m
[2m../dist/public/[22m[36massets/ChartOfAccountsDetails-MNG7MlTp.js       [39m[1m[2m  3.72 kB[22m[1m[22m[2m Ôöé gzip:   1.29 kB[22m
[2m../dist/public/[22m[36massets/ProductDetails-Do_yOq1y.js               [39m[1m[2m  3.76 kB[22m[1m[22m[2m Ôöé gzip:   1.39 kB[22m
[2m../dist/public/[22m[36massets/ProposalDetails-IqwLzKO7.js              [39m[1m[2m  3.78 kB[22m[1m[22m[2m Ôöé gzip:   1.30 kB[22m
[2m../dist/public/[22m[36massets/OrgServiceDetail-CB0Lfx5v.js             [39m[1m[2m  3.80 kB[22m[1m[22m[2m Ôöé gzip:   1.25 kB[22m
[2m../dist/public/[22m[36massets/ConversionAnalytics-Dkuh1K7p.js          [39m[1m[2m  3.82 kB[22m[1m[22m[2m Ôöé gzip:   1.56 kB[22m
[2m../dist/public/[22m[36massets/OrgEditApproval-DiaBBzUQ.js              [39m[1m[2m  3.83 kB[22m[1m[22m[2m Ôöé gzip:   1.41 kB[22m
[2m../dist/public/[22m[36massets/CreateLeaveRequest-5aqDufWF.js           [39m[1m[2m  3.87 kB[22m[1m[22m[2m Ôöé gzip:   1.45 kB[22m
[2m../dist/public/[22m[36massets/TenantAdmins-DkxsUi2b.js                 [39m[1m[2m  3.87 kB[22m[1m[22m[2m Ôöé gzip:   1.37 kB[22m
[2m../dist/public/[22m[36massets/Home-YiPpEZF6.js                         [39m[1m[2m  3.88 kB[22m[1m[22m[2m Ôöé gzip:   1.47 kB[22m
[2m../dist/public/[22m[36massets/OrgReceiptDetail-voFf6s7J.js             [39m[1m[2m  3.91 kB[22m[1m[22m[2m Ôöé gzip:   1.40 kB[22m
[2m../dist/public/[22m[36massets/InvoiceSearchFilter-B0Bgq3oY.js          [39m[1m[2m  3.93 kB[22m[1m[22m[2m Ôöé gzip:   1.29 kB[22m
[2m../dist/public/[22m[36massets/OrgPaymentDetail-C6u5HfNb.js             [39m[1m[2m  3.95 kB[22m[1m[22m[2m Ôöé gzip:   1.40 kB[22m
[2m../dist/public/[22m[36massets/OrgQuotationDetail-er3lnwmi.js           [39m[1m[2m  3.95 kB[22m[1m[22m[2m Ôöé gzip:   1.40 kB[22m
[2m../dist/public/[22m[36massets/CreateAttendance-ChKVVPvr.js             [39m[1m[2m  3.96 kB[22m[1m[22m[2m Ôöé gzip:   1.46 kB[22m
[2m../dist/public/[22m[36massets/OrgCreateAttendance-CQGrbIJU.js          [39m[1m[2m  3.96 kB[22m[1m[22m[2m Ôöé gzip:   1.46 kB[22m
[2m../dist/public/[22m[36massets/OrgProductDetail-B8uCEcgK.js             [39m[1m[2m  3.97 kB[22m[1m[22m[2m Ôöé gzip:   1.29 kB[22m
[2m../dist/public/[22m[36massets/HRDetails-BraiXHN6.js                    [39m[1m[2m  3.97 kB[22m[1m[22m[2m Ôöé gzip:   1.44 kB[22m
[2m../dist/public/[22m[36massets/TenantUsers-COlAK-9j.js                  [39m[1m[2m  3.99 kB[22m[1m[22m[2m Ôöé gzip:   1.47 kB[22m
[2m../dist/public/[22m[36massets/OrgLPODetail-CP1BdwFD.js                 [39m[1m[2m  4.00 kB[22m[1m[22m[2m Ôöé gzip:   1.55 kB[22m
[2m../dist/public/[22m[36massets/ProjectAnalytics-CZcJ6frk.js             [39m[1m[2m  4.00 kB[22m[1m[22m[2m Ôöé gzip:   1.48 kB[22m
[2m../dist/public/[22m[36massets/OrgEstimateDetail-BVgD3ZrV.js            [39m[1m[2m  4.02 kB[22m[1m[22m[2m Ôöé gzip:   1.43 kB[22m
[2m../dist/public/[22m[36massets/OrgLeadDetail-KqvqGdNh.js                [39m[1m[2m  4.02 kB[22m[1m[22m[2m Ôöé gzip:   1.43 kB[22m
[2m../dist/public/[22m[36massets/Sales-DBYoYtoa.js                        [39m[1m[2m  4.03 kB[22m[1m[22m[2m Ôöé gzip:   1.49 kB[22m
[2m../dist/public/[22m[36massets/OrgApprovalDetail-nzXa6Zh2.js            [39m[1m[2m  4.04 kB[22m[1m[22m[2m Ôöé gzip:   1.40 kB[22m
[2m../dist/public/[22m[36massets/AIAssistantModal-DpyLnTQo.js             [39m[1m[2m  4.14 kB[22m[1m[22m[2m Ôöé gzip:   1.72 kB[22m
[2m../dist/public/[22m[36massets/OrgAttendanceDetail-fnZcL1Us.js          [39m[1m[2m  4.14 kB[22m[1m[22m[2m Ôöé gzip:   1.43 kB[22m
[2m../dist/public/[22m[36massets/EditAllowance-BNMpLor0.js                [39m[1m[2m  4.17 kB[22m[1m[22m[2m Ôöé gzip:   1.69 kB[22m
[2m../dist/public/[22m[36massets/OrgEditLead-D5ILe0rv.js                  [39m[1m[2m  4.21 kB[22m[1m[22m[2m Ôöé gzip:   1.48 kB[22m
[2m../dist/public/[22m[36massets/OrgProcurementDetail-BV7sFwDv.js         [39m[1m[2m  4.22 kB[22m[1m[22m[2m Ôöé gzip:   1.45 kB[22m
[2m../dist/public/[22m[36massets/BudgetDetails-Bok_F1Xf.js                [39m[1m[2m  4.22 kB[22m[1m[22m[2m Ôöé gzip:   1.39 kB[22m
[2m../dist/public/[22m[36massets/EditSalaryStructure-D-eNtX_B.js          [39m[1m[2m  4.23 kB[22m[1m[22m[2m Ôöé gzip:   1.60 kB[22m
[2m../dist/public/[22m[36massets/OrgEditSalaryStructure-BmvoV6Ym.js       [39m[1m[2m  4.23 kB[22m[1m[22m[2m Ôöé gzip:   1.60 kB[22m
[2m../dist/public/[22m[36massets/OrgEditPurchaseOrder-D8g46xiH.js         [39m[1m[2m  4.23 kB[22m[1m[22m[2m Ôöé gzip:   1.58 kB[22m
[2m../dist/public/[22m[36massets/CreateAllowance-Clqi2Tjv.js              [39m[1m[2m  4.24 kB[22m[1m[22m[2m Ôöé gzip:   1.64 kB[22m
[2m../dist/public/[22m[36massets/RevenueForecasting-BySm4pOW.js           [39m[1m[2m  4.24 kB[22m[1m[22m[2m Ôöé gzip:   1.70 kB[22m
[2m../dist/public/[22m[36massets/EditTicket-BT6XsfC8.js                   [39m[1m[2m  4.33 kB[22m[1m[22m[2m Ôöé gzip:   1.62 kB[22m
[2m../dist/public/[22m[36massets/OrgEditTicket-CEFvcY4v.js                [39m[1m[2m  4.33 kB[22m[1m[22m[2m Ôöé gzip:   1.62 kB[22m
[2m../dist/public/[22m[36massets/AssetDetails-D3BxyQEA.js                 [39m[1m[2m  4.34 kB[22m[1m[22m[2m Ôöé gzip:   1.28 kB[22m
[2m../dist/public/[22m[36massets/OrgProposalDetail-DTTTKX-i.js            [39m[1m[2m  4.34 kB[22m[1m[22m[2m Ôöé gzip:   1.46 kB[22m
[2m../dist/public/[22m[36massets/SalesReports-Cv8HV1NV.js                 [39m[1m[2m  4.41 kB[22m[1m[22m[2m Ôöé gzip:   1.55 kB[22m
[2m../dist/public/[22m[36massets/EditDeduction-BUItr9KN.js                [39m[1m[2m  4.42 kB[22m[1m[22m[2m Ôöé gzip:   1.77 kB[22m
[2m../dist/public/[22m[36massets/Services-D9XGyob5.js                     [39m[1m[2m  4.47 kB[22m[1m[22m[2m Ôöé gzip:   1.76 kB[22m
[2m../dist/public/[22m[36massets/OrgEditProcurement-DBap_EFf.js           [39m[1m[2m  4.47 kB[22m[1m[22m[2m Ôöé gzip:   1.56 kB[22m
[2m../dist/public/[22m[36massets/OrgDebitNoteDetail-BjTEfzCZ.js           [39m[1m[2m  4.48 kB[22m[1m[22m[2m Ôöé gzip:   1.53 kB[22m
[2m../dist/public/[22m[36massets/AdvancedAnalytics-D0mLcvJw.js            [39m[1m[2m  4.51 kB[22m[1m[22m[2m Ôöé gzip:   1.38 kB[22m
[2m../dist/public/[22m[36massets/EditReceipt-BX2rRTVY.js                  [39m[1m[2m  4.59 kB[22m[1m[22m[2m Ôöé gzip:   1.68 kB[22m
[2m../dist/public/[22m[36massets/OrgEditReceipt-BHisO9FE.js               [39m[1m[2m  4.59 kB[22m[1m[22m[2m Ôöé gzip:   1.68 kB[22m
[2m../dist/public/[22m[36massets/EditBenefit-Dy2Z6bfr.js                  [39m[1m[2m  4.59 kB[22m[1m[22m[2m Ôöé gzip:   1.79 kB[22m
[2m../dist/public/[22m[36massets/Blog-ByppQh4j.js                         [39m[1m[2m  4.60 kB[22m[1m[22m[2m Ôöé gzip:   1.64 kB[22m
[2m../dist/public/[22m[36massets/ContractDetails-Dx6yIOvO.js              [39m[1m[2m  4.60 kB[22m[1m[22m[2m Ôöé gzip:   1.37 kB[22m
[2m../dist/public/[22m[36massets/WarrantyManagement-A14exq0v.js           [39m[1m[2m  4.74 kB[22m[1m[22m[2m Ôöé gzip:   1.84 kB[22m
[2m../dist/public/[22m[36massets/ESignatures-DQ7eYpJP.js                  [39m[1m[2m  4.74 kB[22m[1m[22m[2m Ôöé gzip:   1.82 kB[22m
[2m../dist/public/[22m[36massets/SalaryStructureDetails-LBbJV0Ae.js       [39m[1m[2m  4.76 kB[22m[1m[22m[2m Ôöé gzip:   1.62 kB[22m
[2m../dist/public/[22m[36massets/OrgSalaryStructureDetails-Dv4-S-1O.js    [39m[1m[2m  4.76 kB[22m[1m[22m[2m Ôöé gzip:   1.62 kB[22m
[2m../dist/public/[22m[36massets/OrgAI-B9hgwEfv.js                        [39m[1m[2m  4.77 kB[22m[1m[22m[2m Ôöé gzip:   1.89 kB[22m
[2m../dist/public/[22m[36massets/CreateLPO-BBGEwPoI.js                    [39m[1m[2m  4.80 kB[22m[1m[22m[2m Ôöé gzip:   1.93 kB[22m
[2m../dist/public/[22m[36massets/EditWarranty-DZgwSKvC.js                 [39m[1m[2m  4.83 kB[22m[1m[22m[2m Ôöé gzip:   1.70 kB[22m
[2m../dist/public/[22m[36massets/TimesheetDetails-B47cnFqV.js             [39m[1m[2m  4.83 kB[22m[1m[22m[2m Ôöé gzip:   1.42 kB[22m
[2m../dist/public/[22m[36massets/OrgOrderDetail-DEuQWxSg.js               [39m[1m[2m  4.86 kB[22m[1m[22m[2m Ôöé gzip:   1.62 kB[22m
[2m../dist/public/[22m[36massets/CreateDebitNote-D9g-A4c6.js              [39m[1m[2m  4.86 kB[22m[1m[22m[2m Ôöé gzip:   1.90 kB[22m
[2m../dist/public/[22m[36massets/OrgCreateDebitNote-CiRD_rLL.js           [39m[1m[2m  4.86 kB[22m[1m[22m[2m Ôöé gzip:   1.90 kB[22m
[2m../dist/public/[22m[36massets/EditAttendance-DidL8ocQ.js               [39m[1m[2m  4.87 kB[22m[1m[22m[2m Ôöé gzip:   1.66 kB[22m
[2m../dist/public/[22m[36massets/OrgEditAttendance-DH_Dm7GU.js            [39m[1m[2m  4.87 kB[22m[1m[22m[2m Ôöé gzip:   1.66 kB[22m
[2m../dist/public/[22m[36massets/BankReconciliationDetails-D8xOVK6_.js    [39m[1m[2m  4.91 kB[22m[1m[22m[2m Ôöé gzip:   1.51 kB[22m
[2m../dist/public/[22m[36massets/OrgSubscriptions-CF_BztrR.js             [39m[1m[2m  4.94 kB[22m[1m[22m[2m Ôöé gzip:   1.81 kB[22m
[2m../dist/public/[22m[36massets/OrgSupplierDetail-DjRHzRb1.js            [39m[1m[2m  4.96 kB[22m[1m[22m[2m Ôöé gzip:   1.58 kB[22m
[2m../dist/public/[22m[36massets/EditClient-eWi1DLYZ.js                   [39m[1m[2m  4.99 kB[22m[1m[22m[2m Ôöé gzip:   1.95 kB[22m
[2m../dist/public/[22m[36massets/ImprestDetails-CfigvWnZ.js               [39m[1m[2m  5.00 kB[22m[1m[22m[2m Ôöé gzip:   1.56 kB[22m
[2m../dist/public/[22m[36massets/CreateWorkOrder-CVtZSZ0y.js              [39m[1m[2m  5.01 kB[22m[1m[22m[2m Ôöé gzip:   1.71 kB[22m
[2m../dist/public/[22m[36massets/OrgCreateWorkOrder-Crfc4JAi.js           [39m[1m[2m  5.01 kB[22m[1m[22m[2m Ôöé gzip:   1.71 kB[22m
[2m../dist/public/[22m[36massets/ChangePassword-E6ma6n25.js               [39m[1m[2m  5.02 kB[22m[1m[22m[2m Ôöé gzip:   1.79 kB[22m
[2m../dist/public/[22m[36massets/OrgEditQuotation-DAPus_AQ.js             [39m[1m[2m  5.04 kB[22m[1m[22m[2m Ôöé gzip:   1.82 kB[22m
[2m../dist/public/[22m[36massets/EditEstimate-rl4cQbMb.js                 [39m[1m[2m  5.06 kB[22m[1m[22m[2m Ôöé gzip:   1.75 kB[22m
[2m../dist/public/[22m[36massets/OrgEditEstimate-CvXfWKg_.js              [39m[1m[2m  5.06 kB[22m[1m[22m[2m Ôöé gzip:   1.75 kB[22m
[2m../dist/public/[22m[36massets/ChurnPrediction-CEAgzH9O.js              [39m[1m[2m  5.07 kB[22m[1m[22m[2m Ôöé gzip:   1.58 kB[22m
[2m../dist/public/[22m[36massets/SystemHealthDashboard-BKZVuMwq.js        [39m[1m[2m  5.08 kB[22m[1m[22m[2m Ôöé gzip:   1.72 kB[22m
[2m../dist/public/[22m[36massets/BankReconciliation-BGILwQVS.js           [39m[1m[2m  5.09 kB[22m[1m[22m[2m Ôöé gzip:   2.00 kB[22m
[2m../dist/public/[22m[36massets/OrgBankReconciliation-DrmemSQi.js        [39m[1m[2m  5.09 kB[22m[1m[22m[2m Ôöé gzip:   2.00 kB[22m
[2m../dist/public/[22m[36massets/Activity-00kBhyfm.js                     [39m[1m[2m  5.09 kB[22m[1m[22m[2m Ôöé gzip:   2.14 kB[22m
[2m../dist/public/[22m[36massets/OrgActivity-DECe0PNL.js                  [39m[1m[2m  5.09 kB[22m[1m[22m[2m Ôöé gzip:   2.14 kB[22m
[2m../dist/public/[22m[36massets/OrgProcurement-BK293TFW.js               [39m[1m[2m  5.09 kB[22m[1m[22m[2m Ôöé gzip:   1.83 kB[22m
[2m../dist/public/[22m[36massets/EditProduct-CCLc3-yu.js                  [39m[1m[2m  5.12 kB[22m[1m[22m[2m Ôöé gzip:   1.89 kB[22m
[2m../dist/public/[22m[36massets/OrgEditProduct-qeNNDOuy.js               [39m[1m[2m  5.12 kB[22m[1m[22m[2m Ôöé gzip:   1.89 kB[22m
[2m../dist/public/[22m[36massets/OrgCreditNoteDetail-CFsR3nUF.js          [39m[1m[2m  5.14 kB[22m[1m[22m[2m Ôöé gzip:   1.61 kB[22m
[2m../dist/public/[22m[36massets/EditLPO-DmQYSEmT.js                      [39m[1m[2m  5.15 kB[22m[1m[22m[2m Ôöé gzip:   1.91 kB[22m
[2m../dist/public/[22m[36massets/OrgEditLPO-Bu-TPndG.js                   [39m[1m[2m  5.15 kB[22m[1m[22m[2m Ôöé gzip:   1.91 kB[22m
[2m../dist/public/[22m[36massets/CustomerReports-lMJPZQEF.js              [39m[1m[2m  5.17 kB[22m[1m[22m[2m Ôöé gzip:   2.10 kB[22m
[2m../dist/public/[22m[36massets/EmailQueue-C64Jq2Ka.js                   [39m[1m[2m  5.19 kB[22m[1m[22m[2m Ôöé gzip:   1.96 kB[22m
[2m../dist/public/[22m[36massets/EditInvoice-B4qvSYLS.js                  [39m[1m[2m  5.20 kB[22m[1m[22m[2m Ôöé gzip:   1.80 kB[22m
[2m../dist/public/[22m[36massets/OrgEditInvoice-BEiaivtO.js               [39m[1m[2m  5.20 kB[22m[1m[22m[2m Ôöé gzip:   1.80 kB[22m
[2m../dist/public/[22m[36massets/ContactDetails-CwzKprsU.js               [39m[1m[2m  5.20 kB[22m[1m[22m[2m Ôöé gzip:   1.40 kB[22m
[2m../dist/public/[22m[36massets/OrgCreateQuotation-CETZHc5n.js           [39m[1m[2m  5.20 kB[22m[1m[22m[2m Ôöé gzip:   1.78 kB[22m
[2m../dist/public/[22m[36massets/QuotationDetails-DcLzn6Qx.js             [39m[1m[2m  5.23 kB[22m[1m[22m[2m Ôöé gzip:   1.81 kB[22m
[2m../dist/public/[22m[36massets/SessionManager-CuQBMAU3.js               [39m[1m[2m  5.25 kB[22m[1m[22m[2m Ôöé gzip:   1.96 kB[22m
[2m../dist/public/[22m[36massets/ProductForm-wHsw9Fcs.js                  [39m[1m[2m  5.30 kB[22m[1m[22m[2m Ôöé gzip:   1.59 kB[22m
[2m../dist/public/[22m[36massets/ServiceTemplates-CwvO1G_f.js             [39m[1m[2m  5.31 kB[22m[1m[22m[2m Ôöé gzip:   2.17 kB[22m
[2m../dist/public/[22m[36massets/OrgServiceTemplates-Mwcv6yH5.js          [39m[1m[2m  5.31 kB[22m[1m[22m[2m Ôöé gzip:   2.17 kB[22m
[2m../dist/public/[22m[36massets/FinanceSettings-CqfNZMRd.js              [39m[1m[2m  5.32 kB[22m[1m[22m[2m Ôöé gzip:   1.78 kB[22m
[2m../dist/public/[22m[36massets/Departments-DFxbD942.js                  [39m[1m[2m  5.34 kB[22m[1m[22m[2m Ôöé gzip:   2.03 kB[22m
[2m../dist/public/[22m[36massets/TestPDFGeneration-DTHLGovT.js            [39m[1m[2m  5.37 kB[22m[1m[22m[2m Ôöé gzip:   1.89 kB[22m
[2m../dist/public/[22m[36massets/Dashboard-BsvigSeq.js                    [39m[1m[2m  5.39 kB[22m[1m[22m[2m Ôöé gzip:   1.48 kB[22m
[2m../dist/public/[22m[36massets/OrgServices-DF5ZwlkC.js                  [39m[1m[2m  5.40 kB[22m[1m[22m[2m Ôöé gzip:   1.89 kB[22m
[2m../dist/public/[22m[36massets/PaymentDetails-8i0bXLln.js               [39m[1m[2m  5.40 kB[22m[1m[22m[2m Ôöé gzip:   1.92 kB[22m
[2m../dist/public/[22m[36massets/GRNDetails-BF3jt5ba.js                   [39m[1m[2m  5.43 kB[22m[1m[22m[2m Ôöé gzip:   1.80 kB[22m
[2m../dist/public/[22m[36massets/CreateDeduction-D9Cz-BcB.js              [39m[1m[2m  5.45 kB[22m[1m[22m[2m Ôöé gzip:   2.02 kB[22m
[2m../dist/public/[22m[36massets/PayslipDetails-DMCCzrEl.js               [39m[1m[2m  5.48 kB[22m[1m[22m[2m Ôöé gzip:   2.07 kB[22m
[2m../dist/public/[22m[36massets/NetworkConfiguration-k3Mq9rqS.js         [39m[1m[2m  5.51 kB[22m[1m[22m[2m Ôöé gzip:   1.55 kB[22m
[2m../dist/public/[22m[36massets/OrderDetails-Nl30Y3Wa.js                 [39m[1m[2m  5.53 kB[22m[1m[22m[2m Ôöé gzip:   1.63 kB[22m
[2m../dist/public/[22m[36massets/OrgWarranty-l9enrJo8.js                  [39m[1m[2m  5.54 kB[22m[1m[22m[2m Ôöé gzip:   2.10 kB[22m
[2m../dist/public/[22m[36massets/OrgDebitNotes-BiWJV3u4.js                [39m[1m[2m  5.57 kB[22m[1m[22m[2m Ôöé gzip:   2.34 kB[22m
[2m../dist/public/[22m[36massets/OrgCreateProposal-CklwPPRJ.js            [39m[1m[2m  5.57 kB[22m[1m[22m[2m Ôöé gzip:   1.93 kB[22m
[2m../dist/public/[22m[36massets/DeliveryNoteDetails-Dq9py-2z.js          [39m[1m[2m  5.58 kB[22m[1m[22m[2m Ôöé gzip:   1.77 kB[22m
[2m../dist/public/[22m[36massets/EditSupplier-C5gwIonW.js                 [39m[1m[2m  5.60 kB[22m[1m[22m[2m Ôöé gzip:   2.17 kB[22m
[2m../dist/public/[22m[36massets/OrgEditSupplier-CRdEl4WK.js              [39m[1m[2m  5.60 kB[22m[1m[22m[2m Ôöé gzip:   2.17 kB[22m
[2m../dist/public/[22m[36massets/ProcurementMaster-BdwKtLS0.js            [39m[1m[2m  5.61 kB[22m[1m[22m[2m Ôöé gzip:   1.73 kB[22m
[2m../dist/public/[22m[36massets/Attendance-DN4pXGUe.js                   [39m[1m[2m  5.63 kB[22m[1m[22m[2m Ôöé gzip:   2.00 kB[22m
[2m../dist/public/[22m[36massets/OrgAttendance-DiIzsxpQ.js                [39m[1m[2m  5.63 kB[22m[1m[22m[2m Ôöé gzip:   2.00 kB[22m
[2m../dist/public/[22m[36massets/ForgotPassword-DOKlgwfp.js               [39m[1m[2m  5.67 kB[22m[1m[22m[2m Ôöé gzip:   1.78 kB[22m
[2m../dist/public/[22m[36massets/EditWorkOrder-BIBTJLmo.js                [39m[1m[2m  5.70 kB[22m[1m[22m[2m Ôöé gzip:   1.86 kB[22m
[2m../dist/public/[22m[36massets/OrgEditWorkOrder-BN8XZ4jm.js             [39m[1m[2m  5.70 kB[22m[1m[22m[2m Ôöé gzip:   1.86 kB[22m
[2m../dist/public/[22m[36massets/OrgTaxCompliance-y5IyDP--.js             [39m[1m[2m  5.71 kB[22m[1m[22m[2m Ôöé gzip:   1.61 kB[22m
[2m../dist/public/[22m[36massets/MFA-D3n-LE2E.js                          [39m[1m[2m  5.71 kB[22m[1m[22m[2m Ôöé gzip:   1.72 kB[22m
[2m../dist/public/[22m[36massets/ServiceTemplateDetails-DTFs5pao.js       [39m[1m[2m  5.72 kB[22m[1m[22m[2m Ôöé gzip:   1.80 kB[22m
[2m../dist/public/[22m[36massets/CreateContact-CjHplrGI.js                [39m[1m[2m  5.73 kB[22m[1m[22m[2m Ôöé gzip:   1.88 kB[22m
[2m../dist/public/[22m[36massets/ClientPerformance-gDZxKmzt.js            [39m[1m[2m  5.73 kB[22m[1m[22m[2m Ôöé gzip:   2.07 kB[22m
[2m../dist/public/[22m[36massets/ProjectsManagement-Cid82FKa.js           [39m[1m[2m  5.76 kB[22m[1m[22m[2m Ôöé gzip:   2.11 kB[22m
[2m../dist/public/[22m[36massets/DebitNoteDetails-CHi4iJ8_.js             [39m[1m[2m  5.77 kB[22m[1m[22m[2m Ôöé gzip:   1.99 kB[22m
[2m../dist/public/[22m[36massets/DatabaseManagement-BrMU4wNz.js           [39m[1m[2m  5.80 kB[22m[1m[22m[2m Ôöé gzip:   1.74 kB[22m
[2m../dist/public/[22m[36massets/OrgCreateSalaryStructure-C8DxXGlP.js     [39m[1m[2m  5.83 kB[22m[1m[22m[2m Ôöé gzip:   1.89 kB[22m
[2m../dist/public/[22m[36massets/Holidays-D-hOTnrQ.js                     [39m[1m[2m  5.83 kB[22m[1m[22m[2m Ôöé gzip:   2.16 kB[22m
[2m../dist/public/[22m[36massets/LeaveManagementDetails-PZT5aTYY.js       [39m[1m[2m  5.84 kB[22m[1m[22m[2m Ôöé gzip:   1.80 kB[22m
[2m../dist/public/[22m[36massets/ApiKeysManagement-BnmAWvyj.js            [39m[1m[2m  5.85 kB[22m[1m[22m[2m Ôöé gzip:   2.18 kB[22m
[2m../dist/public/[22m[36massets/DebitNotes-CamJpUSN.js                   [39m[1m[2m  5.85 kB[22m[1m[22m[2m Ôöé gzip:   2.42 kB[22m
[2m../dist/public/[22m[36massets/CreateSalaryStructure-BXRboMd7.js        [39m[1m[2m  5.89 kB[22m[1m[22m[2m Ôöé gzip:   1.92 kB[22m
[2m../dist/public/[22m[36massets/EnterpriseSettings-BvsnhVVu.js           [39m[1m[2m  5.99 kB[22m[1m[22m[2m Ôöé gzip:   2.08 kB[22m
[2m../dist/public/[22m[36massets/EditDebitNote-Bnx3J7c3.js                [39m[1m[2m  6.00 kB[22m[1m[22m[2m Ôöé gzip:   2.20 kB[22m
[2m../dist/public/[22m[36massets/OrgEditDebitNote-DCl6tMRA.js             [39m[1m[2m  6.00 kB[22m[1m[22m[2m Ôöé gzip:   2.20 kB[22m
[2m../dist/public/[22m[36massets/OrgCreateInvoice-Cm8hmW96.js             [39m[1m[2m  6.04 kB[22m[1m[22m[2m Ôöé gzip:   2.39 kB[22m
[2m../dist/public/[22m[36massets/EditLeave-V0mzeqB3.js                    [39m[1m[2m  6.04 kB[22m[1m[22m[2m Ôöé gzip:   1.89 kB[22m
[2m../dist/public/[22m[36massets/OrgEditLeave-Cj6ilB4G.js                 [39m[1m[2m  6.04 kB[22m[1m[22m[2m Ôöé gzip:   1.89 kB[22m
[2m../dist/public/[22m[36massets/CreateInvoice-mRyWNLy5.js                [39m[1m[2m  6.05 kB[22m[1m[22m[2m Ôöé gzip:   2.39 kB[22m
[2m../dist/public/[22m[36massets/EditChartOfAccounts-Copxs2lI.js          [39m[1m[2m  6.06 kB[22m[1m[22m[2m Ôöé gzip:   2.09 kB[22m
[2m../dist/public/[22m[36massets/OrgStaff-5ZkLBnHD.js                     [39m[1m[2m  6.07 kB[22m[1m[22m[2m Ôöé gzip:   2.32 kB[22m
[2m../dist/public/[22m[36massets/EditBankReconciliation-DBntKZz_.js       [39m[1m[2m  6.09 kB[22m[1m[22m[2m Ôöé gzip:   1.79 kB[22m
[2m../dist/public/[22m[36massets/LeaveBalances-Bbxzrcpu.js                [39m[1m[2m  6.09 kB[22m[1m[22m[2m Ôöé gzip:   2.05 kB[22m
[2m../dist/public/[22m[36massets/OrgCreateLeave-6kJjOg-O.js               [39m[1m[2m  6.09 kB[22m[1m[22m[2m Ôöé gzip:   1.97 kB[22m
[2m../dist/public/[22m[36massets/OrgAccounting-D74AZmEb.js                [39m[1m[2m  6.11 kB[22m[1m[22m[2m Ôöé gzip:   2.13 kB[22m
[2m../dist/public/[22m[36massets/ProjectReports-Bj8TDPwv.js               [39m[1m[2m  6.13 kB[22m[1m[22m[2m Ôöé gzip:   2.35 kB[22m
[2m../dist/public/[22m[36massets/Security-BpPoh6C4.js                     [39m[1m[2m  6.18 kB[22m[1m[22m[2m Ôöé gzip:   1.71 kB[22m
[2m../dist/public/[22m[36massets/OrgDepartments-CkHUkIhQ.js               [39m[1m[2m  6.19 kB[22m[1m[22m[2m Ôöé gzip:   2.25 kB[22m
[2m../dist/public/[22m[36massets/OpportunityDetails-CrXs95kZ.js           [39m[1m[2m  6.20 kB[22m[1m[22m[2m Ôöé gzip:   1.89 kB[22m
[2m../dist/public/[22m[36massets/ERPControls-7DRjYqMp.js                  [39m[1m[2m  6.22 kB[22m[1m[22m[2m Ôöé gzip:   1.91 kB[22m
[2m../dist/public/[22m[36massets/OrgCreateProcurement-C10NNu0Q.js         [39m[1m[2m  6.26 kB[22m[1m[22m[2m Ôöé gzip:   1.92 kB[22m
[2m../dist/public/[22m[36massets/Budgets-Y4LT6flz.js                      [39m[1m[2m  6.28 kB[22m[1m[22m[2m Ôöé gzip:   2.26 kB[22m
[2m../dist/public/[22m[36massets/OrgBudgets-CK4smsuV.js                   [39m[1m[2m  6.28 kB[22m[1m[22m[2m Ôöé gzip:   2.26 kB[22m
[2m../dist/public/[22m[36massets/OrgLeaveDetail-CvBifVYi.js               [39m[1m[2m  6.32 kB[22m[1m[22m[2m Ôöé gzip:   1.83 kB[22m
[2m../dist/public/[22m[36massets/HTMLEditor-AVtWyVr1.js                   [39m[1m[2m  6.37 kB[22m[1m[22m[2m Ôöé gzip:   2.47 kB[22m
[2m../dist/public/[22m[36massets/Profile-Kc82Yfl9.js                      [39m[1m[2m  6.38 kB[22m[1m[22m[2m Ôöé gzip:   2.23 kB[22m
[2m../dist/public/[22m[36massets/ServiceInvoices-CvgTflX0.js              [39m[1m[2m  6.40 kB[22m[1m[22m[2m Ôöé gzip:   2.59 kB[22m
[2m../dist/public/[22m[36massets/OrgServiceInvoices-BQRWwznp.js           [39m[1m[2m  6.40 kB[22m[1m[22m[2m Ôöé gzip:   2.59 kB[22m
[2m../dist/public/[22m[36massets/ProjectManagerDashboard-CgiPBa-s.js      [39m[1m[2m  6.46 kB[22m[1m[22m[2m Ôöé gzip:   2.11 kB[22m
[2m../dist/public/[22m[36massets/CreditNoteDetails-hwJ1TQpK.js            [39m[1m[2m  6.46 kB[22m[1m[22m[2m Ôöé gzip:   2.08 kB[22m
[2m../dist/public/[22m[36massets/AttendanceDetails-CQZvbCkk.js            [39m[1m[2m  6.50 kB[22m[1m[22m[2m Ôöé gzip:   1.98 kB[22m
[2m../dist/public/[22m[36massets/CreateServiceInvoice-Bn4VOR-r.js         [39m[1m[2m  6.50 kB[22m[1m[22m[2m Ôöé gzip:   2.23 kB[22m
[2m../dist/public/[22m[36massets/OrgCreateServiceInvoice-rGgnLNFw.js      [39m[1m[2m  6.50 kB[22m[1m[22m[2m Ôöé gzip:   2.23 kB[22m
[2m../dist/public/[22m[36massets/Documentation-Culm3eGE.js                [39m[1m[2m  6.50 kB[22m[1m[22m[2m Ôöé gzip:   2.55 kB[22m
[2m../dist/public/[22m[36massets/ExpenseBudgetReport-C8UwS0SC.js          [39m[1m[2m  6.51 kB[22m[1m[22m[2m Ôöé gzip:   1.80 kB[22m
[2m../dist/public/[22m[36massets/Notifications-42MjdWJ_.js                [39m[1m[2m  6.51 kB[22m[1m[22m[2m Ôöé gzip:   1.99 kB[22m
[2m../dist/public/[22m[36massets/OrgContractDetail-tVYwenoz.js            [39m[1m[2m  6.55 kB[22m[1m[22m[2m Ôöé gzip:   1.80 kB[22m
[2m../dist/public/[22m[36massets/EditContact-BgIrFnbv.js                  [39m[1m[2m  6.57 kB[22m[1m[22m[2m Ôöé gzip:   2.12 kB[22m
[2m../dist/public/[22m[36massets/OrgEditContact-B4mcX9n-.js               [39m[1m[2m  6.57 kB[22m[1m[22m[2m Ôöé gzip:   2.12 kB[22m
[2m../dist/public/[22m[36massets/SystemLogsViewer-BaF0dmR3.js             [39m[1m[2m  6.57 kB[22m[1m[22m[2m Ôöé gzip:   2.24 kB[22m
[2m../dist/public/[22m[36massets/TaxInformation-Cwxg3INp.js               [39m[1m[2m  6.60 kB[22m[1m[22m[2m Ôöé gzip:   2.22 kB[22m
[2m../dist/public/[22m[36massets/CreateOrder-Cijkv9tn.js                  [39m[1m[2m  6.62 kB[22m[1m[22m[2m Ôöé gzip:   2.21 kB[22m
[2m../dist/public/[22m[36massets/PerformanceMetrics-B7T_GBxb.js           [39m[1m[2m  6.64 kB[22m[1m[22m[2m Ôöé gzip:   1.82 kB[22m
[2m../dist/public/[22m[36massets/EditOpportunity-k_q8RUAR.js              [39m[1m[2m  6.65 kB[22m[1m[22m[2m Ôöé gzip:   2.08 kB[22m
[2m../dist/public/[22m[36massets/AuditLogs-DpAKDjhJ.js                    [39m[1m[2m  6.66 kB[22m[1m[22m[2m Ôöé gzip:   2.55 kB[22m
[2m../dist/public/[22m[36massets/EditOrder-BdEOLZfH.js                    [39m[1m[2m  6.68 kB[22m[1m[22m[2m Ôöé gzip:   2.33 kB[22m
[2m../dist/public/[22m[36massets/OrgEditOrder-B1Gdt-Kc.js                 [39m[1m[2m  6.68 kB[22m[1m[22m[2m Ôöé gzip:   2.33 kB[22m
[2m../dist/public/[22m[36massets/LPODetails-DPmvbxn2.js                   [39m[1m[2m  6.73 kB[22m[1m[22m[2m Ôöé gzip:   2.05 kB[22m
[2m../dist/public/[22m[36massets/CreateService-BkfMe2K8.js                [39m[1m[2m  6.73 kB[22m[1m[22m[2m Ôöé gzip:   2.26 kB[22m
[2m../dist/public/[22m[36massets/OrgCreateService-P3wBH9Uf.js             [39m[1m[2m  6.73 kB[22m[1m[22m[2m Ôöé gzip:   2.26 kB[22m
[2m../dist/public/[22m[36massets/CreateBenefit-3Ge38AJp.js                [39m[1m[2m  6.73 kB[22m[1m[22m[2m Ôöé gzip:   2.27 kB[22m
[2m../dist/public/[22m[36massets/OrgLeave-JC4HlML-.js                     [39m[1m[2m  6.80 kB[22m[1m[22m[2m Ôöé gzip:   2.38 kB[22m
[2m../dist/public/[22m[36massets/OrgEditContract-q0mFNxy7.js              [39m[1m[2m  6.80 kB[22m[1m[22m[2m Ôöé gzip:   2.12 kB[22m
[2m../dist/public/[22m[36massets/Calendar-DjOZanUa.js                     [39m[1m[2m  6.81 kB[22m[1m[22m[2m Ôöé gzip:   2.40 kB[22m
[2m../dist/public/[22m[36massets/OrgCalendar-C2zSoA6_.js                  [39m[1m[2m  6.81 kB[22m[1m[22m[2m Ôöé gzip:   2.40 kB[22m
[2m../dist/public/[22m[36massets/Reminders-BnzCFsT1.js                    [39m[1m[2m  6.84 kB[22m[1m[22m[2m Ôöé gzip:   2.16 kB[22m
[2m../dist/public/[22m[36massets/OrgServiceInvoiceDetails-Cvp-Y20f.js     [39m[1m[2m  6.84 kB[22m[1m[22m[2m Ôöé gzip:   2.06 kB[22m
[2m../dist/public/[22m[36massets/Login-C8n-BqOr.js                        [39m[1m[2m  6.85 kB[22m[1m[22m[2m Ôöé gzip:   2.30 kB[22m
[2m../dist/public/[22m[36massets/UserDetails-CONURj1-.js                  [39m[1m[2m  6.87 kB[22m[1m[22m[2m Ôöé gzip:   1.68 kB[22m
[2m../dist/public/[22m[36massets/EditProposal-DELVkYgk.js                 [39m[1m[2m  6.90 kB[22m[1m[22m[2m Ôöé gzip:   2.13 kB[22m
[2m../dist/public/[22m[36massets/OrgEditProposal-DLbPKvS6.js              [39m[1m[2m  6.90 kB[22m[1m[22m[2m Ôöé gzip:   2.13 kB[22m
[2m../dist/public/[22m[36massets/OrgCreateOrder-C4ULfg5E.js               [39m[1m[2m  7.02 kB[22m[1m[22m[2m Ôöé gzip:   2.30 kB[22m
[2m../dist/public/[22m[36massets/HRReports-BaKkdVt5.js                    [39m[1m[2m  7.06 kB[22m[1m[22m[2m Ôöé gzip:   2.50 kB[22m
[2m../dist/public/[22m[36massets/ResetPassword-BdGGSFgM.js                [39m[1m[2m  7.09 kB[22m[1m[22m[2m Ôöé gzip:   2.02 kB[22m
[2m../dist/public/[22m[36massets/OrgContracts-6o8NfPXj.js                 [39m[1m[2m  7.13 kB[22m[1m[22m[2m Ôöé gzip:   2.52 kB[22m
[2m../dist/public/[22m[36massets/WorkOrders-DYaFVkMk.js                   [39m[1m[2m  7.16 kB[22m[1m[22m[2m Ôöé gzip:   2.59 kB[22m
[2m../dist/public/[22m[36massets/OrgWorkOrders-DkLIJmb-.js                [39m[1m[2m  7.16 kB[22m[1m[22m[2m Ôöé gzip:   2.59 kB[22m
[2m../dist/public/[22m[36massets/SalaryStructures-dT7JpdhQ.js             [39m[1m[2m  7.18 kB[22m[1m[22m[2m Ôöé gzip:   2.27 kB[22m
[2m../dist/public/[22m[36massets/OrgSalaryStructures--vOqt7jT.js          [39m[1m[2m  7.18 kB[22m[1m[22m[2m Ôöé gzip:   2.27 kB[22m
[2m../dist/public/[22m[36massets/EditServiceInvoice-C_aaO2_I.js           [39m[1m[2m  7.19 kB[22m[1m[22m[2m Ôöé gzip:   2.37 kB[22m
[2m../dist/public/[22m[36massets/OrgEditServiceInvoice-CVQIPmRa.js        [39m[1m[2m  7.19 kB[22m[1m[22m[2m Ôöé gzip:   2.37 kB[22m
[2m../dist/public/[22m[36massets/OrgInvoiceDetail-CDCB1hVy.js             [39m[1m[2m  7.24 kB[22m[1m[22m[2m Ôöé gzip:   1.99 kB[22m
[2m../dist/public/[22m[36massets/Benefits-BZ0QHUxe.js                     [39m[1m[2m  7.31 kB[22m[1m[22m[2m Ôöé gzip:   2.20 kB[22m
[2m../dist/public/[22m[36massets/OrgCreateContract-BesHbWrw.js            [39m[1m[2m  7.33 kB[22m[1m[22m[2m Ôöé gzip:   2.13 kB[22m
[2m../dist/public/[22m[36massets/Signup-CAQSlqV4.js                       [39m[1m[2m  7.36 kB[22m[1m[22m[2m Ôöé gzip:   2.29 kB[22m
[2m../dist/public/[22m[36massets/ChartOfAccountsHierarchy-BfoX00R6.js     [39m[1m[2m  7.45 kB[22m[1m[22m[2m Ôöé gzip:   2.02 kB[22m
[2m../dist/public/[22m[36massets/ExpenseBudgetReport-CRA5JSjH.js          [39m[1m[2m  7.51 kB[22m[1m[22m[2m Ôöé gzip:   2.64 kB[22m
[2m../dist/public/[22m[36massets/OrgHR-DFh4FYmH.js                        [39m[1m[2m  7.51 kB[22m[1m[22m[2m Ôöé gzip:   2.39 kB[22m
[2m../dist/public/[22m[36massets/OrgCreateProject-CUcbNkTF.js             [39m[1m[2m  7.53 kB[22m[1m[22m[2m Ôöé gzip:   2.41 kB[22m
[2m../dist/public/[22m[36massets/Warehouses-DTV_m0I_.js                   [39m[1m[2m  7.54 kB[22m[1m[22m[2m Ôöé gzip:   2.30 kB[22m
[2m../dist/public/[22m[36massets/SystemHealth-BdHboL4b.js                 [39m[1m[2m  7.56 kB[22m[1m[22m[2m Ôöé gzip:   1.75 kB[22m
[2m../dist/public/[22m[36massets/HRAnalyticsPage-DLEVPxq8.js              [39m[1m[2m  7.57 kB[22m[1m[22m[2m Ôöé gzip:   2.07 kB[22m
[2m../dist/public/[22m[36massets/FinancialReports-UdzKFhgS.js             [39m[1m[2m  7.57 kB[22m[1m[22m[2m Ôöé gzip:   2.52 kB[22m
[2m../dist/public/[22m[36massets/Products-CHG2Duze.js                     [39m[1m[2m  7.68 kB[22m[1m[22m[2m Ôöé gzip:   2.64 kB[22m
[2m../dist/public/[22m[36massets/OrgProducts-ByiEoOBU.js                  [39m[1m[2m  7.68 kB[22m[1m[22m[2m Ôöé gzip:   2.64 kB[22m
[2m../dist/public/[22m[36massets/locations-CtzeVEdQ.js                    [39m[1m[2m  7.69 kB[22m[1m[22m[2m Ôöé gzip:   2.76 kB[22m
[2m../dist/public/[22m[36massets/AllowancesDeductions-SIaAznsf.js         [39m[1m[2m  7.70 kB[22m[1m[22m[2m Ôöé gzip:   2.37 kB[22m
[2m../dist/public/[22m[36massets/TermsAndConditions-Dje7zOLh.js           [39m[1m[2m  7.76 kB[22m[1m[22m[2m Ôöé gzip:   2.64 kB[22m
[2m../dist/public/[22m[36massets/LeaveManagement-DeSUPsu0.js              [39m[1m[2m  7.77 kB[22m[1m[22m[2m Ôöé gzip:   2.50 kB[22m
[2m../dist/public/[22m[36massets/Contact-BIg3kjE8.js                      [39m[1m[2m  7.77 kB[22m[1m[22m[2m Ôöé gzip:   2.77 kB[22m
[2m../dist/public/[22m[36massets/HR-C8ZrgRm0.js                           [39m[1m[2m  7.79 kB[22m[1m[22m[2m Ôöé gzip:   2.51 kB[22m
[2m../dist/public/[22m[36massets/ProposalTemplates-BkCC_cfq.js            [39m[1m[2m  7.79 kB[22m[1m[22m[2m Ôöé gzip:   2.50 kB[22m
[2m../dist/public/[22m[36massets/OrgWorkOrderDetail-DX8ZkIxL.js           [39m[1m[2m  7.80 kB[22m[1m[22m[2m Ôöé gzip:   1.94 kB[22m
[2m../dist/public/[22m[36massets/EditService-BUQ1WDY5.js                  [39m[1m[2m  7.85 kB[22m[1m[22m[2m Ôöé gzip:   2.55 kB[22m
[2m../dist/public/[22m[36massets/OrgEditService-DE4UjFvR.js               [39m[1m[2m  7.85 kB[22m[1m[22m[2m Ôöé gzip:   2.55 kB[22m
[2m../dist/public/[22m[36massets/PayrollDetails-BWPorrq7.js               [39m[1m[2m  7.88 kB[22m[1m[22m[2m Ôöé gzip:   2.05 kB[22m
[2m../dist/public/[22m[36massets/OrgPayrollDetails-BMh0R82V.js            [39m[1m[2m  7.88 kB[22m[1m[22m[2m Ôöé gzip:   2.05 kB[22m
[2m../dist/public/[22m[36massets/DisciplinaryRecords-DWpzkv0P.js          [39m[1m[2m  7.88 kB[22m[1m[22m[2m Ôöé gzip:   2.43 kB[22m
[2m../dist/public/[22m[36massets/OrgCRM-PWJURnD2.js                       [39m[1m[2m  7.93 kB[22m[1m[22m[2m Ôöé gzip:   2.50 kB[22m
[2m../dist/public/[22m[36massets/HRAdminDashboard-DLmATpcJ.js             [39m[1m[2m  7.95 kB[22m[1m[22m[2m Ôöé gzip:   2.35 kB[22m
[2m../dist/public/[22m[36massets/OrgEditProject-C_D7j10A.js               [39m[1m[2m  7.99 kB[22m[1m[22m[2m Ôöé gzip:   2.35 kB[22m
[2m../dist/public/[22m[36massets/EditCreditNote-DZeQddFI.js               [39m[1m[2m  8.00 kB[22m[1m[22m[2m Ôöé gzip:   2.59 kB[22m
[2m../dist/public/[22m[36massets/OrgEditCreditNote-CbiLJDQs.js            [39m[1m[2m  8.00 kB[22m[1m[22m[2m Ôöé gzip:   2.59 kB[22m
[2m../dist/public/[22m[36massets/Accounting-Dv3Ep88z.js                   [39m[1m[2m  8.04 kB[22m[1m[22m[2m Ôöé gzip:   2.56 kB[22m
[2m../dist/public/[22m[36massets/ContractTemplates-BdtFeH7m.js            [39m[1m[2m  8.11 kB[22m[1m[22m[2m Ôöé gzip:   2.58 kB[22m
[2m../dist/public/[22m[36massets/OrgContractTemplates-BlTXYryt.js         [39m[1m[2m  8.11 kB[22m[1m[22m[2m Ôöé gzip:   2.58 kB[22m
[2m../dist/public/[22m[36massets/UserGuide-CHX9qUGw.js                    [39m[1m[2m  8.15 kB[22m[1m[22m[2m Ôöé gzip:   3.04 kB[22m
[2m../dist/public/[22m[36massets/TaxComplianceReports-CVlT1azU.js         [39m[1m[2m  8.16 kB[22m[1m[22m[2m Ôöé gzip:   2.79 kB[22m
[2m../dist/public/[22m[36massets/PerformanceReviews-Bvz1P4_E.js           [39m[1m[2m  8.18 kB[22m[1m[22m[2m Ôöé gzip:   2.64 kB[22m
[2m../dist/public/[22m[36massets/OrgPerformanceReviews-ClTzM8i5.js        [39m[1m[2m  8.18 kB[22m[1m[22m[2m Ôöé gzip:   2.64 kB[22m
[2m../dist/public/[22m[36massets/TaskDetails-Bodkr9sZ.js                  [39m[1m[2m  8.21 kB[22m[1m[22m[2m Ôöé gzip:   2.23 kB[22m
[2m../dist/public/[22m[36massets/OrgProjects-gM7EeMqR.js                  [39m[1m[2m  8.25 kB[22m[1m[22m[2m Ôöé gzip:   2.71 kB[22m
[2m../dist/public/[22m[36massets/Notes-ChRdHq5w.js                        [39m[1m[2m  8.38 kB[22m[1m[22m[2m Ôöé gzip:   2.70 kB[22m
[2m../dist/public/[22m[36massets/IntegrationGuides-C7uMxW-2.js            [39m[1m[2m  8.55 kB[22m[1m[22m[2m Ôöé gzip:   3.17 kB[22m
[2m../dist/public/[22m[36massets/ERPOperations-CnaVs-Wy.js                [39m[1m[2m  8.65 kB[22m[1m[22m[2m Ôöé gzip:   2.66 kB[22m
[2m../dist/public/[22m[36massets/EstimateDetails-CKaKbZgT.js              [39m[1m[2m  8.77 kB[22m[1m[22m[2m Ôöé gzip:   2.73 kB[22m
[2m../dist/public/[22m[36massets/AccountingManagement-CuDnJ9JC.js         [39m[1m[2m  8.81 kB[22m[1m[22m[2m Ôöé gzip:   2.32 kB[22m
[2m../dist/public/[22m[36massets/UiElements-OxLwfl66.js                   [39m[1m[2m  8.86 kB[22m[1m[22m[2m Ôöé gzip:   2.85 kB[22m
[2m../dist/public/[22m[36massets/AssetManagement-DrxZnadz.js              [39m[1m[2m  8.90 kB[22m[1m[22m[2m Ôöé gzip:   2.80 kB[22m
[2m../dist/public/[22m[36massets/CSVImportExport-DA-uZ4iI.js              [39m[1m[2m  8.90 kB[22m[1m[22m[2m Ôöé gzip:   3.02 kB[22m
[2m../dist/public/[22m[36massets/EnhancedReceiptManagement-DfIYqqUn.js    [39m[1m[2m  8.91 kB[22m[1m[22m[2m Ôöé gzip:   3.17 kB[22m
[2m../dist/public/[22m[36massets/ActivityTrail-BfIP5dUg.js                [39m[1m[2m  8.92 kB[22m[1m[22m[2m Ôöé gzip:   2.61 kB[22m
[2m../dist/public/[22m[36massets/LeadsDetails-DeXmQdgR.js                 [39m[1m[2m  8.93 kB[22m[1m[22m[2m Ôöé gzip:   2.54 kB[22m
[2m../dist/public/[22m[36massets/OverduePayments-Cbu8nJM2.js              [39m[1m[2m  8.98 kB[22m[1m[22m[2m Ôöé gzip:   2.63 kB[22m
[2m../dist/public/[22m[36massets/Payments-C1zXWebb.js                     [39m[1m[2m  9.04 kB[22m[1m[22m[2m Ôöé gzip:   3.33 kB[22m
[2m../dist/public/[22m[36massets/OrgPayments-cYBEMNwC.js                  [39m[1m[2m  9.04 kB[22m[1m[22m[2m Ôöé gzip:   3.33 kB[22m
[2m../dist/public/[22m[36massets/RecurringInvoices-B6YBXWsf.js            [39m[1m[2m  9.06 kB[22m[1m[22m[2m Ôöé gzip:   2.76 kB[22m
[2m../dist/public/[22m[36massets/CreateCreditNote-DAZD09tG.js             [39m[1m[2m  9.08 kB[22m[1m[22m[2m Ôöé gzip:   2.82 kB[22m
[2m../dist/public/[22m[36massets/OrgCreateCreditNote-BbMgCk9O.js          [39m[1m[2m  9.08 kB[22m[1m[22m[2m Ôöé gzip:   2.82 kB[22m
[2m../dist/public/[22m[36massets/PaymentReconciliation-Dx8gGL_f.js        [39m[1m[2m  9.20 kB[22m[1m[22m[2m Ôöé gzip:   2.93 kB[22m
[2m../dist/public/[22m[36massets/PrivacyPolicy-CM3a6E-d.js                [39m[1m[2m  9.21 kB[22m[1m[22m[2m Ôöé gzip:   2.83 kB[22m
[2m../dist/public/[22m[36massets/PayrollApprovals-BGEg-eq3.js             [39m[1m[2m  9.21 kB[22m[1m[22m[2m Ôöé gzip:   2.70 kB[22m
[2m../dist/public/[22m[36massets/Opportunities-DV37qYeH.js                [39m[1m[2m  9.23 kB[22m[1m[22m[2m Ôöé gzip:   3.27 kB[22m
[2m../dist/public/[22m[36massets/BillingDashboard-Df7_GE53.js             [39m[1m[2m  9.30 kB[22m[1m[22m[2m Ôöé gzip:   3.15 kB[22m
[2m../dist/public/[22m[36massets/Quotes-BM-qJcCc.js                       [39m[1m[2m  9.34 kB[22m[1m[22m[2m Ôöé gzip:   3.38 kB[22m
[2m../dist/public/[22m[36massets/HRAnalytics-CFpmaWuk.js                  [39m[1m[2m  9.37 kB[22m[1m[22m[2m Ôöé gzip:   2.74 kB[22m
[2m../dist/public/[22m[36massets/About-ROqfhMwg.js                        [39m[1m[2m  9.44 kB[22m[1m[22m[2m Ôöé gzip:   3.53 kB[22m
[2m../dist/public/[22m[36massets/OrgPricing-B2HL4u5f.js                   [39m[1m[2m  9.50 kB[22m[1m[22m[2m Ôöé gzip:   3.40 kB[22m
[2m../dist/public/[22m[36massets/DepartmentPayrollReports-C9sU-BvO.js     [39m[1m[2m  9.53 kB[22m[1m[22m[2m Ôöé gzip:   3.05 kB[22m
[2m../dist/public/[22m[36massets/CreatePayment-DQhw2FOH.js                [39m[1m[2m  9.56 kB[22m[1m[22m[2m Ôöé gzip:   3.02 kB[22m
[2m../dist/public/[22m[36massets/OrgTicketDetail-BqqVYYVT.js              [39m[1m[2m  9.59 kB[22m[1m[22m[2m Ôöé gzip:   2.24 kB[22m
[2m../dist/public/[22m[36massets/OrgInventory-Be-o55J0.js                 [39m[1m[2m  9.60 kB[22m[1m[22m[2m Ôöé gzip:   3.07 kB[22m
[2m../dist/public/[22m[36massets/OrgDeliveryNotes-Bdk9zf_F.js             [39m[1m[2m  9.72 kB[22m[1m[22m[2m Ôöé gzip:   3.30 kB[22m
[2m../dist/public/[22m[36massets/Onboarding-pNsSEEHk.js                   [39m[1m[2m  9.81 kB[22m[1m[22m[2m Ôöé gzip:   2.80 kB[22m
[2m../dist/public/[22m[36massets/DeliveryNotes-eWLR2514.js                [39m[1m[2m  9.81 kB[22m[1m[22m[2m Ôöé gzip:   3.31 kB[22m
[2m../dist/public/[22m[36massets/EditUser-8F5DdQEP.js                     [39m[1m[2m  9.84 kB[22m[1m[22m[2m Ôöé gzip:   2.98 kB[22m
[2m../dist/public/[22m[36massets/CommunicationDetails-aln35Jhs.js         [39m[1m[2m  9.88 kB[22m[1m[22m[2m Ôöé gzip:   2.86 kB[22m
[2m../dist/public/[22m[36massets/AdminCronJobs-BfLx3hK0.js                [39m[1m[2m  9.89 kB[22m[1m[22m[2m Ôöé gzip:   3.18 kB[22m
[2m../dist/public/[22m[36massets/ProjectMilestones-BbB7QusF.js            [39m[1m[2m  9.97 kB[22m[1m[22m[2m Ôöé gzip:   2.98 kB[22m
[2m../dist/public/[22m[36massets/Estimates-C3VbLNf_.js                    [39m[1m[2m  9.98 kB[22m[1m[22m[2m Ôöé gzip:   3.66 kB[22m
[2m../dist/public/[22m[36massets/CreateUser-BDQovmH1.js                   [39m[1m[2m 10.02 kB[22m[1m[22m[2m Ôöé gzip:   3.21 kB[22m
[2m../dist/public/[22m[36massets/Expenses-Vnfv4wQ-.js                     [39m[1m[2m 10.04 kB[22m[1m[22m[2m Ôöé gzip:   3.50 kB[22m
[2m../dist/public/[22m[36massets/OrgExpenses-D-cP39ie.js                  [39m[1m[2m 10.04 kB[22m[1m[22m[2m Ôöé gzip:   3.50 kB[22m
[2m../dist/public/[22m[36massets/Inventory-KZ3yKozR.js                    [39m[1m[2m 10.08 kB[22m[1m[22m[2m Ôöé gzip:   3.24 kB[22m
[2m../dist/public/[22m[36massets/Receipts-nUSSX0sE.js                     [39m[1m[2m 10.14 kB[22m[1m[22m[2m Ôöé gzip:   3.58 kB[22m
[2m../dist/public/[22m[36massets/ClientForm-BJrgQa56.js                   [39m[1m[2m 10.15 kB[22m[1m[22m[2m Ôöé gzip:   2.41 kB[22m
[2m../dist/public/[22m[36massets/OrgExpenseDetail-YzuIpErG.js             [39m[1m[2m 10.25 kB[22m[1m[22m[2m Ôöé gzip:   2.76 kB[22m
[2m../dist/public/[22m[36massets/AccountantDashboard-Ce7cL4H2.js          [39m[1m[2m 10.26 kB[22m[1m[22m[2m Ôöé gzip:   3.09 kB[22m
[2m../dist/public/[22m[36massets/HRAutomation-CIoHpLSJ.js                 [39m[1m[2m 10.33 kB[22m[1m[22m[2m Ôöé gzip:   2.79 kB[22m
[2m../dist/public/[22m[36massets/HRAnalyticsDashboard--YQNMR52.js         [39m[1m[2m 10.39 kB[22m[1m[22m[2m Ôöé gzip:   2.76 kB[22m
[2m../dist/public/[22m[36massets/OrgEstimates-DhBSBYnL.js                 [39m[1m[2m 10.40 kB[22m[1m[22m[2m Ôöé gzip:   3.75 kB[22m
[2m../dist/public/[22m[36massets/PaymentPlans-zqXMFyr1.js                 [39m[1m[2m 10.48 kB[22m[1m[22m[2m Ôöé gzip:   3.21 kB[22m
[2m../dist/public/[22m[36massets/GlobalSettings-F-qCE-L_.js               [39m[1m[2m 10.48 kB[22m[1m[22m[2m Ôöé gzip:   3.02 kB[22m
[2m../dist/public/[22m[36massets/ReportBuilder-C-V-FVWA.js                [39m[1m[2m 10.49 kB[22m[1m[22m[2m Ôöé gzip:   2.77 kB[22m
[2m../dist/public/[22m[36massets/OrgReceipts-BLSn2ohn.js                  [39m[1m[2m 10.57 kB[22m[1m[22m[2m Ôöé gzip:   3.67 kB[22m
[2m../dist/public/[22m[36massets/CreateServiceTemplate-uUUJHw0u.js        [39m[1m[2m 10.58 kB[22m[1m[22m[2m Ôöé gzip:   2.98 kB[22m
[2m../dist/public/[22m[36massets/GRN-CJuzJ_bL.js                          [39m[1m[2m 10.58 kB[22m[1m[22m[2m Ôöé gzip:   3.32 kB[22m
[2m../dist/public/[22m[36massets/OrgGRN-BKb5yfcl.js                       [39m[1m[2m 10.58 kB[22m[1m[22m[2m Ôöé gzip:   3.32 kB[22m
[2m../dist/public/[22m[36massets/CreateProject-B1q4ZeBh.js                [39m[1m[2m 10.63 kB[22m[1m[22m[2m Ôöé gzip:   3.29 kB[22m
[2m../dist/public/[22m[36massets/supplierDate-CBZ_DQrF.js                 [39m[1m[2m 10.63 kB[22m[1m[22m[2m Ôöé gzip:   2.82 kB[22m
[2m../dist/public/[22m[36massets/OrgQuotations-BC0UNIoU.js                [39m[1m[2m 10.64 kB[22m[1m[22m[2m Ôöé gzip:   3.56 kB[22m
[2m../dist/public/[22m[36massets/CannedResponses-CboNn59Q.js              [39m[1m[2m 10.64 kB[22m[1m[22m[2m Ôöé gzip:   3.08 kB[22m
[2m../dist/public/[22m[36massets/OrgCannedResponses-9HxoUqPh.js           [39m[1m[2m 10.64 kB[22m[1m[22m[2m Ôöé gzip:   3.08 kB[22m
[2m../dist/public/[22m[36massets/BudgetDetail-kS6Qou8o.js                 [39m[1m[2m 10.67 kB[22m[1m[22m[2m Ôöé gzip:   3.34 kB[22m
[2m../dist/public/[22m[36massets/OrgBudgetDetail-lFcySWI4.js              [39m[1m[2m 10.67 kB[22m[1m[22m[2m Ôöé gzip:   3.34 kB[22m
[2m../dist/public/[22m[36massets/DashboardHome-jFtzj_BT.js                [39m[1m[2m 10.69 kB[22m[1m[22m[2m Ôöé gzip:   3.10 kB[22m
[2m../dist/public/[22m[36massets/EditPayment-BfLTE9cq.js                  [39m[1m[2m 10.73 kB[22m[1m[22m[2m Ôöé gzip:   3.21 kB[22m
[2m../dist/public/[22m[36massets/OrgEditPayment-B-F4OaxW.js               [39m[1m[2m 10.73 kB[22m[1m[22m[2m Ôöé gzip:   3.21 kB[22m
[2m../dist/public/[22m[36massets/CreateOpportunity-BYwqqRVM.js            [39m[1m[2m 10.80 kB[22m[1m[22m[2m Ôöé gzip:   3.26 kB[22m
[2m../dist/public/[22m[36massets/EmployeeContracts-Ce0COrLl.js            [39m[1m[2m 10.82 kB[22m[1m[22m[2m Ôöé gzip:   2.61 kB[22m
[2m../dist/public/[22m[36massets/TenantCommunications-m5DgYmXI.js         [39m[1m[2m 10.84 kB[22m[1m[22m[2m Ôöé gzip:   3.11 kB[22m
[2m../dist/public/[22m[36massets/PaymentReports-Br1PJ4jY.js               [39m[1m[2m 10.84 kB[22m[1m[22m[2m Ôöé gzip:   3.05 kB[22m
[2m../dist/public/[22m[36massets/EditPayroll-DZXX_mSq.js                  [39m[1m[2m 10.90 kB[22m[1m[22m[2m Ôöé gzip:   3.18 kB[22m
[2m../dist/public/[22m[36massets/OrgEditPayroll-CcpDpR1m.js               [39m[1m[2m 10.90 kB[22m[1m[22m[2m Ôöé gzip:   3.18 kB[22m
[2m../dist/public/[22m[36massets/Payslips-DrluqVJD.js                     [39m[1m[2m 10.92 kB[22m[1m[22m[2m Ôöé gzip:   3.27 kB[22m
[2m../dist/public/[22m[36massets/OrgDashboardHome-CNgywKnz.js             [39m[1m[2m 11.03 kB[22m[1m[22m[2m Ôöé gzip:   3.28 kB[22m
[2m../dist/public/[22m[36massets/ProcurementLPOs-2ZQec6RA.js              [39m[1m[2m 11.03 kB[22m[1m[22m[2m Ôöé gzip:   3.00 kB[22m
[2m../dist/public/[22m[36massets/LPOs-BIOn0sbA.js                         [39m[1m[2m 11.09 kB[22m[1m[22m[2m Ôöé gzip:   4.03 kB[22m
[2m../dist/public/[22m[36massets/MaintenanceAdmin-zo-2p6Nf.js             [39m[1m[2m 11.13 kB[22m[1m[22m[2m Ôöé gzip:   3.37 kB[22m
[2m../dist/public/[22m[36massets/CustomReportBuilder-DYo0yFJc.js          [39m[1m[2m 11.16 kB[22m[1m[22m[2m Ôöé gzip:   3.31 kB[22m
[2m../dist/public/[22m[36massets/Quotations-CZ-7Lmyv.js                   [39m[1m[2m 11.23 kB[22m[1m[22m[2m Ôöé gzip:   3.73 kB[22m
[2m../dist/public/[22m[36massets/Integrations-2U40k0w7.js                 [39m[1m[2m 11.25 kB[22m[1m[22m[2m Ôöé gzip:   3.24 kB[22m
[2m../dist/public/[22m[36massets/TimeTracking-CqL2pIgz.js                 [39m[1m[2m 11.30 kB[22m[1m[22m[2m Ôöé gzip:   3.34 kB[22m
[2m../dist/public/[22m[36massets/ContractManagement-Bcj1338d.js           [39m[1m[2m 11.36 kB[22m[1m[22m[2m Ôöé gzip:   3.28 kB[22m
[2m../dist/public/[22m[36massets/OrgLPOs-DgIBwm2_.js                      [39m[1m[2m 11.37 kB[22m[1m[22m[2m Ôöé gzip:   4.07 kB[22m
[2m../dist/public/[22m[36massets/OrgProjectDetail-C93P0JBb.js             [39m[1m[2m 11.44 kB[22m[1m[22m[2m Ôöé gzip:   3.61 kB[22m
[2m../dist/public/[22m[36massets/OrgContacts-DsHVZAg8.js                  [39m[1m[2m 11.45 kB[22m[1m[22m[2m Ôöé gzip:   3.67 kB[22m
[2m../dist/public/[22m[36massets/QuoteDetails-KKEJDhAM.js                 [39m[1m[2m 11.46 kB[22m[1m[22m[2m Ôöé gzip:   3.15 kB[22m
[2m../dist/public/[22m[36massets/Suppliers-CQa3KQTN.js                    [39m[1m[2m 11.50 kB[22m[1m[22m[2m Ôöé gzip:   4.20 kB[22m
[2m../dist/public/[22m[36massets/Contacts-BSIoGqon.js                     [39m[1m[2m 11.52 kB[22m[1m[22m[2m Ôöé gzip:   3.70 kB[22m
[2m../dist/public/[22m[36massets/ProcurementImprests-CFXiplhB.js          [39m[1m[2m 11.61 kB[22m[1m[22m[2m Ôöé gzip:   2.85 kB[22m
[2m../dist/public/[22m[36massets/SystemSettings-dU3YFUZX.js               [39m[1m[2m 11.62 kB[22m[1m[22m[2m Ôöé gzip:   3.18 kB[22m
[2m../dist/public/[22m[36massets/EnterpriseTenantsManagement-D8Ps5Fjs.js  [39m[1m[2m 11.63 kB[22m[1m[22m[2m Ôöé gzip:   3.31 kB[22m
[2m../dist/public/[22m[36massets/KPITracking-BB76xPpe.js                  [39m[1m[2m 11.69 kB[22m[1m[22m[2m Ôöé gzip:   3.11 kB[22m
[2m../dist/public/[22m[36massets/EnhancedChangePassword-DxWQGy-j.js       [39m[1m[2m 11.73 kB[22m[1m[22m[2m Ôöé gzip:   2.95 kB[22m
[2m../dist/public/[22m[36massets/UnifiedLanding-OaQh_H5u.js               [39m[1m[2m 11.89 kB[22m[1m[22m[2m Ôöé gzip:   3.15 kB[22m
[2m../dist/public/[22m[36massets/WorkflowAutomation-CDj0dOIO.js           [39m[1m[2m 11.97 kB[22m[1m[22m[2m Ôöé gzip:   3.36 kB[22m
[2m../dist/public/[22m[36massets/Training-pW5YBZD_.js                     [39m[1m[2m 11.99 kB[22m[1m[22m[2m Ôöé gzip:   3.42 kB[22m
[2m../dist/public/[22m[36massets/SubscriptionDetails-DrOHuRK4.js          [39m[1m[2m 12.04 kB[22m[1m[22m[2m Ôöé gzip:   2.91 kB[22m
[2m../dist/public/[22m[36massets/CustomerPortal-BUkroGrE.js               [39m[1m[2m 12.06 kB[22m[1m[22m[2m Ôöé gzip:   2.91 kB[22m
[2m../dist/public/[22m[36massets/RecurringExpenses-D-l1-Yvm.js            [39m[1m[2m 12.15 kB[22m[1m[22m[2m Ôöé gzip:   3.77 kB[22m
[2m../dist/public/[22m[36massets/OrganizationUsersManagement-Cueopprx.js  [39m[1m[2m 12.18 kB[22m[1m[22m[2m Ôöé gzip:   3.45 kB[22m
[2m../dist/public/[22m[36massets/SalesPipeline-BsctCF2r.js                [39m[1m[2m 12.22 kB[22m[1m[22m[2m Ôöé gzip:   3.62 kB[22m
[2m../dist/public/[22m[36massets/OrgSalesPipeline-BNIdq1Ey.js             [39m[1m[2m 12.22 kB[22m[1m[22m[2m Ôöé gzip:   3.62 kB[22m
[2m../dist/public/[22m[36massets/Projects-CQoO06ea.js                     [39m[1m[2m 12.26 kB[22m[1m[22m[2m Ôöé gzip:   3.63 kB[22m
[2m../dist/public/[22m[36massets/ServiceDetails-BCrWD_RX.js               [39m[1m[2m 12.27 kB[22m[1m[22m[2m Ôöé gzip:   3.17 kB[22m
[2m../dist/public/[22m[36massets/Demo-BMds6jSI.js                         [39m[1m[2m 12.37 kB[22m[1m[22m[2m Ôöé gzip:   3.80 kB[22m
[2m../dist/public/[22m[36massets/Features-TLDLBiRI.js                     [39m[1m[2m 12.65 kB[22m[1m[22m[2m Ôöé gzip:   4.43 kB[22m
[2m../dist/public/[22m[36massets/OrgTimesheets-cVoO4KS-.js                [39m[1m[2m 12.84 kB[22m[1m[22m[2m Ôöé gzip:   3.88 kB[22m
[2m../dist/public/[22m[36massets/Timesheets-D_3o5CCs.js                   [39m[1m[2m 12.84 kB[22m[1m[22m[2m Ôöé gzip:   3.88 kB[22m
[2m../dist/public/[22m[36massets/NotificationCenter-BGEsATN3.js           [39m[1m[2m 12.87 kB[22m[1m[22m[2m Ôöé gzip:   3.34 kB[22m
[2m../dist/public/[22m[36massets/Account-BKkDwPBM.js                      [39m[1m[2m 12.87 kB[22m[1m[22m[2m Ôöé gzip:   3.34 kB[22m
[2m../dist/public/[22m[36massets/ExecutiveDashboard-CcKINzMP.js           [39m[1m[2m 12.88 kB[22m[1m[22m[2m Ôöé gzip:   3.37 kB[22m
[2m../dist/public/[22m[36massets/OrgJobGroups-C4dFc3rF.js                 [39m[1m[2m 12.95 kB[22m[1m[22m[2m Ôöé gzip:   3.43 kB[22m
[2m../dist/public/[22m[36massets/ReceiptDetails-m4DrzK2g.js               [39m[1m[2m 13.06 kB[22m[1m[22m[2m Ôöé gzip:   3.43 kB[22m
[2m../dist/public/[22m[36massets/Proposals-DC3NYwHn.js                    [39m[1m[2m 13.11 kB[22m[1m[22m[2m Ôöé gzip:   4.02 kB[22m
[2m../dist/public/[22m[36massets/OrgProposals-DMvy9RtO.js                 [39m[1m[2m 13.11 kB[22m[1m[22m[2m Ôöé gzip:   4.02 kB[22m
[2m../dist/public/[22m[36massets/OrgDashboard-XQwSECHf.js                 [39m[1m[2m 13.20 kB[22m[1m[22m[2m Ôöé gzip:   3.90 kB[22m
[2m../dist/public/[22m[36massets/ProcurementOrders-CTsL2dcX.js            [39m[1m[2m 13.25 kB[22m[1m[22m[2m Ôöé gzip:   3.29 kB[22m
[2m../dist/public/[22m[36massets/Recruitment-CBQehQDf.js                  [39m[1m[2m 13.36 kB[22m[1m[22m[2m Ôöé gzip:   3.23 kB[22m
[2m../dist/public/[22m[36massets/EditProject-BAV8Pb4m.js                  [39m[1m[2m 13.42 kB[22m[1m[22m[2m Ôöé gzip:   3.93 kB[22m
[2m../dist/public/[22m[36massets/OrgSuppliers-IDxo0Fat.js                 [39m[1m[2m 13.43 kB[22m[1m[22m[2m Ôöé gzip:   4.43 kB[22m
[2m../dist/public/[22m[36massets/OrgLeads-ebTw664d.js                     [39m[1m[2m 13.45 kB[22m[1m[22m[2m Ôöé gzip:   3.74 kB[22m
[2m../dist/public/[22m[36massets/OrgTasks-CdyE3GF8.js                     [39m[1m[2m 13.45 kB[22m[1m[22m[2m Ôöé gzip:   3.79 kB[22m
[2m../dist/public/[22m[36massets/Tasks-BJrvd9ST.js                        [39m[1m[2m 13.45 kB[22m[1m[22m[2m Ôöé gzip:   3.79 kB[22m
[2m../dist/public/[22m[36massets/Leads-BWTyFUJQ.js                        [39m[1m[2m 13.45 kB[22m[1m[22m[2m Ôöé gzip:   3.74 kB[22m
[2m../dist/public/[22m[36massets/OrgCommunications-C2GL3Bmq.js            [39m[1m[2m 13.51 kB[22m[1m[22m[2m Ôöé gzip:   3.57 kB[22m
[2m../dist/public/[22m[36massets/ChartOfAccounts-U7zs29pI.js              [39m[1m[2m 13.59 kB[22m[1m[22m[2m Ôöé gzip:   4.10 kB[22m
[2m../dist/public/[22m[36massets/OrgChartOfAccounts-DW3bDtjG.js           [39m[1m[2m 13.59 kB[22m[1m[22m[2m Ôöé gzip:   4.10 kB[22m
[2m../dist/public/[22m[36massets/CreatePayroll-BY1M86LH.js                [39m[1m[2m 13.64 kB[22m[1m[22m[2m Ôöé gzip:   3.11 kB[22m
[2m../dist/public/[22m[36massets/OrgCreatePayroll-1feRUCs5.js             [39m[1m[2m 13.64 kB[22m[1m[22m[2m Ôöé gzip:   3.11 kB[22m
[2m../dist/public/[22m[36massets/ExpensesDetails-6FJkuazg.js              [39m[1m[2m 13.64 kB[22m[1m[22m[2m Ôöé gzip:   3.97 kB[22m
[2m../dist/public/[22m[36massets/Tickets-BTwdecLt.js                      [39m[1m[2m 13.65 kB[22m[1m[22m[2m Ôöé gzip:   4.14 kB[22m
[2m../dist/public/[22m[36massets/OrgTickets-D1E33qhR.js                   [39m[1m[2m 13.65 kB[22m[1m[22m[2m Ôöé gzip:   4.14 kB[22m
[2m../dist/public/[22m[36massets/FileManager-BVFUk74j.js                  [39m[1m[2m 13.68 kB[22m[1m[22m[2m Ôöé gzip:   4.48 kB[22m
[2m../dist/public/[22m[36massets/TroubleshootingGuide-BUmUK3Of.js         [39m[1m[2m 13.85 kB[22m[1m[22m[2m Ôöé gzip:   4.85 kB[22m
[2m../dist/public/[22m[36massets/BackupRestore-B0Wri4TZ.js                [39m[1m[2m 13.89 kB[22m[1m[22m[2m Ôöé gzip:   3.27 kB[22m
[2m../dist/public/[22m[36massets/OrgBilling-BsG8zHXM.js                   [39m[1m[2m 13.94 kB[22m[1m[22m[2m Ôöé gzip:   4.04 kB[22m
[2m../dist/public/[22m[36massets/ProfessionalBudgeting-Jt1PctDW.js        [39m[1m[2m 13.96 kB[22m[1m[22m[2m Ôöé gzip:   3.99 kB[22m
[2m../dist/public/[22m[36massets/Pricing-DBtyict6.js                      [39m[1m[2m 14.21 kB[22m[1m[22m[2m Ôöé gzip:   4.56 kB[22m
[2m../dist/public/[22m[36massets/Imprests-DE05WE4i.js                     [39m[1m[2m 14.33 kB[22m[1m[22m[2m Ôöé gzip:   4.62 kB[22m
[2m../dist/public/[22m[36massets/KenyanPayrollCalculator-DVX94CMH.js      [39m[1m[2m 14.57 kB[22m[1m[22m[2m Ôöé gzip:   3.72 kB[22m
[2m../dist/public/[22m[36massets/OrgImprests-Cr3_T8Fq.js                  [39m[1m[2m 14.63 kB[22m[1m[22m[2m Ôöé gzip:   4.68 kB[22m
[2m../dist/public/[22m[36massets/ThemeCustomization-B6ZACF03.js           [39m[1m[2m 14.81 kB[22m[1m[22m[2m Ôöé gzip:   3.82 kB[22m
[2m../dist/public/[22m[36massets/Roles-B30YjWjJ.js                        [39m[1m[2m 15.06 kB[22m[1m[22m[2m Ôöé gzip:   3.60 kB[22m
[2m../dist/public/[22m[36massets/Payroll-BGd0NOpd.js                      [39m[1m[2m 15.06 kB[22m[1m[22m[2m Ôöé gzip:   4.15 kB[22m
[2m../dist/public/[22m[36massets/OrgPayroll-DWgHN5QJ.js                   [39m[1m[2m 15.06 kB[22m[1m[22m[2m Ôöé gzip:   4.15 kB[22m
[2m../dist/public/[22m[36massets/ICTDashboard-DhHG7bhm.js                 [39m[1m[2m 15.11 kB[22m[1m[22m[2m Ôöé gzip:   4.18 kB[22m
[2m../dist/public/[22m[36massets/Clients-ChS0BFok.js                      [39m[1m[2m 15.13 kB[22m[1m[22m[2m Ôöé gzip:   4.55 kB[22m
[2m../dist/public/[22m[36massets/Communications-DXZvlcPx.js               [39m[1m[2m 15.14 kB[22m[1m[22m[2m Ôöé gzip:   4.33 kB[22m
[2m../dist/public/[22m[36massets/SupplierDetails-CqJO_pjx.js              [39m[1m[2m 15.21 kB[22m[1m[22m[2m Ôöé gzip:   3.26 kB[22m
[2m../dist/public/[22m[36massets/JobGroupDetails-BKySEfYf.js              [39m[1m[2m 15.38 kB[22m[1m[22m[2m Ôöé gzip:   4.17 kB[22m
[2m../dist/public/[22m[36massets/Forecasting-BecCgcIQ.js                  [39m[1m[2m 15.44 kB[22m[1m[22m[2m Ôöé gzip:   3.59 kB[22m
[2m../dist/public/[22m[36massets/OrgForecasting-BNiJqMK4.js               [39m[1m[2m 15.44 kB[22m[1m[22m[2m Ôöé gzip:   3.59 kB[22m
[2m../dist/public/[22m[36massets/OrgInvoices-DkUx9zDC.js                  [39m[1m[2m 15.99 kB[22m[1m[22m[2m Ôöé gzip:   5.03 kB[22m
[2m../dist/public/[22m[36massets/Invoices-DJgP_4ED.js                     [39m[1m[2m 16.05 kB[22m[1m[22m[2m Ôöé gzip:   5.07 kB[22m
[2m../dist/public/[22m[36massets/ClientPortal-BnkeMdBR.js                 [39m[1m[2m 16.08 kB[22m[1m[22m[2m Ôöé gzip:   4.04 kB[22m
[2m../dist/public/[22m[36massets/JobGroups-ORFhoIot.js                    [39m[1m[2m 16.21 kB[22m[1m[22m[2m Ôöé gzip:   3.90 kB[22m
[2m../dist/public/[22m[36massets/DepartmentDetails-D2F1QTK7.js            [39m[1m[2m 16.39 kB[22m[1m[22m[2m Ôöé gzip:   4.32 kB[22m
[2m../dist/public/[22m[36massets/OrgDepartmentDetails-BPDXvMux.js         [39m[1m[2m 16.39 kB[22m[1m[22m[2m Ôöé gzip:   4.32 kB[22m
[2m../dist/public/[22m[36massets/OrgKnowledgeBase-CDDPSJDU.js             [39m[1m[2m 16.40 kB[22m[1m[22m[2m Ôöé gzip:   4.26 kB[22m
[2m../dist/public/[22m[36massets/KnowledgeBase-C1NlGJQR.js                [39m[1m[2m 16.40 kB[22m[1m[22m[2m Ôöé gzip:   4.26 kB[22m
[2m../dist/public/[22m[36massets/Reports-DKm08qlb.js                      [39m[1m[2m 16.58 kB[22m[1m[22m[2m Ôöé gzip:   5.30 kB[22m
[2m../dist/public/[22m[36massets/OrgClientDetail-BFkc4cKX.js              [39m[1m[2m 16.62 kB[22m[1m[22m[2m Ôöé gzip:   4.35 kB[22m
[2m../dist/public/[22m[36massets/Orders-JWleJYIV.js                       [39m[1m[2m 16.74 kB[22m[1m[22m[2m Ôöé gzip:   4.94 kB[22m
[2m../dist/public/[22m[36massets/OrgOrders-C_HcPrV3.js                    [39m[1m[2m 16.74 kB[22m[1m[22m[2m Ôöé gzip:   4.94 kB[22m
[2m../dist/public/[22m[36massets/SuperAdminDashboard-noils-Z4.js          [39m[1m[2m 16.89 kB[22m[1m[22m[2m Ôöé gzip:   4.47 kB[22m
[2m../dist/public/[22m[36massets/WebsiteFooter-Dl9HRtBF.js                [39m[1m[2m 16.98 kB[22m[1m[22m[2m Ôöé gzip:   4.63 kB[22m
[2m../dist/public/[22m[36massets/AdminDashboard-B7yerK1R.js               [39m[1m[2m 16.98 kB[22m[1m[22m[2m Ôöé gzip:   4.02 kB[22m
[2m../dist/public/[22m[36massets/DocumentManagement-BRl6OvbL.js           [39m[1m[2m 17.04 kB[22m[1m[22m[2m Ôöé gzip:   4.84 kB[22m
[2m../dist/public/[22m[36massets/Subscriptions-BAfH7gzW.js                [39m[1m[2m 17.14 kB[22m[1m[22m[2m Ôöé gzip:   4.29 kB[22m
[2m../dist/public/[22m[36massets/StaffDashboard-CihR3Tct.js               [39m[1m[2m 17.27 kB[22m[1m[22m[2m Ôöé gzip:   4.33 kB[22m
[2m../dist/public/[22m[36massets/BackupManagement-G8w_aEoB.js             [39m[1m[2m 17.31 kB[22m[1m[22m[2m Ôöé gzip:   4.83 kB[22m
[2m../dist/public/[22m[36massets/documentTemplate-C1To6Bzg.js             [39m[1m[2m 17.35 kB[22m[1m[22m[2m Ôöé gzip:   4.20 kB[22m
[2m../dist/public/[22m[36massets/BecomeAPartner-Df2cmFgI.js               [39m[1m[2m 17.40 kB[22m[1m[22m[2m Ôöé gzip:   5.28 kB[22m
[2m../dist/public/[22m[36massets/AccountSettings-C9bqlmwU.js              [39m[1m[2m 18.19 kB[22m[1m[22m[2m Ôöé gzip:   4.47 kB[22m
[2m../dist/public/[22m[36massets/FinancialReportingWorkspace-ooZSaAMc.js  [39m[1m[2m 18.26 kB[22m[1m[22m[2m Ôöé gzip:   5.42 kB[22m
[2m../dist/public/[22m[36massets/AIHub-C5ZEAT95.js                        [39m[1m[2m 18.65 kB[22m[1m[22m[2m Ôöé gzip:   4.64 kB[22m
[2m../dist/public/[22m[36massets/CustomHomepageBuilder-CXZpRvWm.js        [39m[1m[2m 18.87 kB[22m[1m[22m[2m Ôöé gzip:   5.08 kB[22m
[2m../dist/public/[22m[36massets/BrandCustomization-B3Uf00JO.js           [39m[1m[2m 18.93 kB[22m[1m[22m[2m Ôöé gzip:   4.35 kB[22m
[2m../dist/public/[22m[36massets/BookADemo-CNs2ZdMa.js                    [39m[1m[2m 19.11 kB[22m[1m[22m[2m Ôöé gzip:   5.12 kB[22m
[2m../dist/public/[22m[36massets/EditExpense-C633__en.js                  [39m[1m[2m 19.35 kB[22m[1m[22m[2m Ôöé gzip:   5.26 kB[22m
[2m../dist/public/[22m[36massets/OrgEditExpense-BmTu5NhW.js               [39m[1m[2m 19.35 kB[22m[1m[22m[2m Ôöé gzip:   5.26 kB[22m
[2m../dist/public/[22m[36massets/Approvals-Cx6XKxwy.js                    [39m[1m[2m 19.97 kB[22m[1m[22m[2m Ôöé gzip:   4.90 kB[22m
[2m../dist/public/[22m[36massets/OrgApprovals-B7A0wIUn.js                 [39m[1m[2m 19.97 kB[22m[1m[22m[2m Ôöé gzip:   4.90 kB[22m
[2m../dist/public/[22m[36massets/CreateEmployee-CqOQcWTN.js               [39m[1m[2m 20.76 kB[22m[1m[22m[2m Ôöé gzip:   5.05 kB[22m
[2m../dist/public/[22m[36massets/OrgReports-BccYsyIl.js                   [39m[1m[2m 20.77 kB[22m[1m[22m[2m Ôöé gzip:   5.26 kB[22m
[2m../dist/public/[22m[36massets/OrgStaffChat-BzknEVrX.js                 [39m[1m[2m 20.90 kB[22m[1m[22m[2m Ôöé gzip:   6.40 kB[22m
[2m../dist/public/[22m[36massets/EditEmployee-aBXT4BII.js                 [39m[1m[2m 21.17 kB[22m[1m[22m[2m Ôöé gzip:   5.00 kB[22m
[2m../dist/public/[22m[36massets/SuperAdminPricingTiers-BPopY9yV.js       [39m[1m[2m 21.43 kB[22m[1m[22m[2m Ôöé gzip:   5.20 kB[22m
[2m../dist/public/[22m[36massets/HRPayrollManagement-D8P6-q4L.js          [39m[1m[2m 21.46 kB[22m[1m[22m[2m Ôöé gzip:   5.04 kB[22m
[2m../dist/public/[22m[36massets/PayslipManagement-ZwGGzFKX.js            [39m[1m[2m 21.67 kB[22m[1m[22m[2m Ôöé gzip:   6.93 kB[22m
[2m../dist/public/[22m[36massets/DocumentForm-3Y9en2FD.js                 [39m[1m[2m 21.87 kB[22m[1m[22m[2m Ôöé gzip:   5.90 kB[22m
[2m../dist/public/[22m[36massets/CreateExpense-BV3TrRI3.js                [39m[1m[2m 22.03 kB[22m[1m[22m[2m Ôöé gzip:   6.09 kB[22m
[2m../dist/public/[22m[36massets/OrgCreateExpense-CcXkNYm0.js             [39m[1m[2m 22.03 kB[22m[1m[22m[2m Ôöé gzip:   6.09 kB[22m
[2m../dist/public/[22m[36massets/Employees-Bkv7ff2p.js                    [39m[1m[2m 22.08 kB[22m[1m[22m[2m Ôöé gzip:   5.81 kB[22m
[2m../dist/public/[22m[36massets/OrgEmployees-WRBTwH4D.js                 [39m[1m[2m 22.08 kB[22m[1m[22m[2m Ôöé gzip:   5.81 kB[22m
[2m../dist/public/[22m[36massets/InvoiceDetails-AmWv06Ru.js               [39m[1m[2m 23.48 kB[22m[1m[22m[2m Ôöé gzip:   6.05 kB[22m
[2m../dist/public/[22m[36massets/Checkout-BpQ7tPi4.js                     [39m[1m[2m 23.52 kB[22m[1m[22m[2m Ôöé gzip:   7.87 kB[22m
[2m../dist/public/[22m[36massets/FeatureDetail-Mixq3GSP.js                [39m[1m[2m 23.79 kB[22m[1m[22m[2m Ôöé gzip:   7.47 kB[22m
[2m../dist/public/[22m[36massets/StaffChat-B3dm32ba.js                    [39m[1m[2m 24.37 kB[22m[1m[22m[2m Ôöé gzip:   7.01 kB[22m
[2m../dist/public/[22m[36massets/date-utils-COA5zMcC.js                   [39m[1m[2m 25.29 kB[22m[1m[22m[2m Ôöé gzip:   7.51 kB[22m
[2m../dist/public/[22m[36massets/purify.es-4eNOHKSq.js                    [39m[1m[2m 28.74 kB[22m[1m[22m[2m Ôöé gzip:  11.02 kB[22m
[2m../dist/public/[22m[36massets/CreateCommunication-Dh5ntsyZ.js          [39m[1m[2m 30.73 kB[22m[1m[22m[2m Ôöé gzip:  10.18 kB[22m
[2m../dist/public/[22m[36massets/HRDashboard-CJXeousB.js                  [39m[1m[2m 30.93 kB[22m[1m[22m[2m Ôöé gzip:   6.60 kB[22m
[2m../dist/public/[22m[36massets/ClientDetails-B7EWKv6A.js                [39m[1m[2m 31.38 kB[22m[1m[22m[2m Ôöé gzip:   6.57 kB[22m
[2m../dist/public/[22m[36massets/DocumentTemplates-DmVOUKIE.js            [39m[1m[2m 31.39 kB[22m[1m[22m[2m Ôöé gzip:   6.59 kB[22m
[2m../dist/public/[22m[36massets/pdfGenerator-DC2vkj_L.js                 [39m[1m[2m 37.65 kB[22m[1m[22m[2m Ôöé gzip:  11.12 kB[22m
[2m../dist/public/[22m[36massets/RichTextEditor-Dq9XVmGD.js               [39m[1m[2m 37.96 kB[22m[1m[22m[2m Ôöé gzip:   8.43 kB[22m
[2m../dist/public/[22m[36massets/LandingPage-DuvzkAjp.js                  [39m[1m[2m 38.07 kB[22m[1m[22m[2m Ôöé gzip:  10.10 kB[22m
[2m../dist/public/[22m[36massets/OrgEmployeeDetails-CiCFIxb7.js           [39m[1m[2m 41.96 kB[22m[1m[22m[2m Ôöé gzip:   8.45 kB[22m
[2m../dist/public/[22m[36massets/AdminManagement-D2Lo5TAK.js              [39m[1m[2m 42.17 kB[22m[1m[22m[2m Ôöé gzip:   9.95 kB[22m
[2m../dist/public/[22m[36massets/EmployeeDetails-CrGJ3EbN.js              [39m[1m[2m 42.71 kB[22m[1m[22m[2m Ôöé gzip:   8.55 kB[22m
[2m../dist/public/[22m[36massets/OrgLayout-By0d7g4e.js                    [39m[1m[2m 44.25 kB[22m[1m[22m[2m Ôöé gzip:  11.10 kB[22m
[2m../dist/public/[22m[36massets/ProjectDetails-Cp1huKMy.js               [39m[1m[2m 45.29 kB[22m[1m[22m[2m Ôöé gzip:   9.42 kB[22m
[2m../dist/public/[22m[36massets/AdminEmailTemplates-CG49lWlk.js          [39m[1m[2m 51.49 kB[22m[1m[22m[2m Ôöé gzip:  12.43 kB[22m
[2m../dist/public/[22m[36massets/lucide-react-A9-eoh7p.js                 [39m[1m[2m 64.77 kB[22m[1m[22m[2m Ôöé gzip:  18.91 kB[22m
[2m../dist/public/[22m[36massets/DocumentBlockEditor-B_Gybs_7.js          [39m[1m[2m 68.90 kB[22m[1m[22m[2m Ôöé gzip:  15.76 kB[22m
[2m../dist/public/[22m[36massets/MultiTenancy-saJZ0SIg.js                 [39m[1m[2m 70.36 kB[22m[1m[22m[2m Ôöé gzip:  14.14 kB[22m
[2m../dist/public/[22m[36massets/CreateQuote-DM3iRcTy.js                  [39m[1m[2m 71.71 kB[22m[1m[22m[2m Ôöé gzip:  19.54 kB[22m
[2m../dist/public/[22m[36massets/WebsiteAdmin-COodQmyF.js                 [39m[1m[2m 80.43 kB[22m[1m[22m[2m Ôöé gzip:  15.29 kB[22m
[2m../dist/public/[22m[36massets/api-client-BvX2riSn.js                   [39m[1m[2m 81.61 kB[22m[1m[22m[2m Ôöé gzip:  22.27 kB[22m
[2m../dist/public/[22m[36massets/index.es-C4AaKgU6.js                     [39m[1m[2m158.79 kB[22m[1m[22m[2m Ôöé gzip:  53.05 kB[22m
[2m../dist/public/[22m[36massets/html2canvas-DXEQVQnt.js                  [39m[1m[2m201.04 kB[22m[1m[22m[2m Ôöé gzip:  47.43 kB[22m
[2m../dist/public/[22m[36massets/Settings-C1DNSaEG.js                     [39m[1m[2m285.51 kB[22m[1m[22m[2m Ôöé gzip:  54.06 kB[22m
[2m../dist/public/[22m[36massets/vendor-react-ui-BcLy8Tpi.js              [39m[1m[2m314.57 kB[22m[1m[22m[2m Ôöé gzip: 100.19 kB[22m
[2m../dist/public/[22m[36massets/OrgSettings-t4VriYil.js                  [39m[1m[2m326.36 kB[22m[1m[22m[2m Ôöé gzip:  65.40 kB[22m
[2m../dist/public/[22m[36massets/jspdf.es.min-9Sl_FbFL.js                 [39m[1m[2m384.80 kB[22m[1m[22m[2m Ôöé gzip: 125.62 kB[22m
[2m../dist/public/[22m[36massets/rich-editor-DQKc7IGv.js                  [39m[1m[2m414.84 kB[22m[1m[22m[2m Ôöé gzip: 130.90 kB[22m
[2m../dist/public/[22m[36massets/xlsx-BojT3SgY.js                         [39m[1m[2m424.38 kB[22m[1m[22m[2m Ôöé gzip: 141.60 kB[22m
[2m../dist/public/[22m[36massets/index-YlLJU__D.js                        [39m[1m[2m881.10 kB[22m[1m[22m[2m Ôöé gzip: 225.35 kB[22m
[32mÔ£ô built in 58.67s[39m

  dist\index.js  3.7mb

Done in 173ms
