Already up to date
Done in 332ms using pnpm v11.22.0
$ vite build && esbuild server/_core/index.ts --platform=node --packages=external --bundle --format=esm --outdir=dist
[36mvite v7.3.1 [32mbuilding client environment for production...[36m[39m
(node:28344) [DEP0205] DeprecationWarning: `module.register()` is deprecated. Use `module.registerHooks()` instead.
(Use `node --trace-deprecation ...` to show where the warning was created)
transforming...
[32mÔ£ô[39m 3776 modules transformed.
rendering chunks...
computing gzip size...
[2m../dist/public/[22m[32mindex.html                                      [39m[1m[2m    3.94 kB[22m[1m[22m[2m Ôöé gzip:   1.63 kB[22m
[2m../dist/public/[22m[35massets/index-B6O_5oOe.css                       [39m[1m[2m  376.85 kB[22m[1m[22m[2m Ôöé gzip:  46.48 kB[22m
[2m../dist/public/[22m[36massets/trpc-9dPuvviz.js                         [39m[1m[2m    0.07 kB[22m[1m[22m[2m Ôöé gzip:   0.09 kB[22m
[2m../dist/public/[22m[36massets/tableSort-B6IToDRb.js                    [39m[1m[2m    0.14 kB[22m[1m[22m[2m Ôöé gzip:   0.12 kB[22m
[2m../dist/public/[22m[36massets/use-toast-BaR-l0cU.js                    [39m[1m[2m    0.24 kB[22m[1m[22m[2m Ôöé gzip:   0.20 kB[22m
[2m../dist/public/[22m[36massets/LineChart-D0JTCnLM.js                    [39m[1m[2m    0.26 kB[22m[1m[22m[2m Ôöé gzip:   0.21 kB[22m
[2m../dist/public/[22m[36massets/AreaChart-D72OlfE4.js                    [39m[1m[2m    0.26 kB[22m[1m[22m[2m Ôöé gzip:   0.21 kB[22m
[2m../dist/public/[22m[36massets/communications-DPNzK-66.js               [39m[1m[2m    0.27 kB[22m[1m[22m[2m Ôöé gzip:   0.21 kB[22m
[2m../dist/public/[22m[36massets/paymentMethods-r32LliAe.js               [39m[1m[2m    0.31 kB[22m[1m[22m[2m Ôöé gzip:   0.24 kB[22m
[2m../dist/public/[22m[36massets/useUserLookup-DG97iaYU.js                [39m[1m[2m    0.40 kB[22m[1m[22m[2m Ôöé gzip:   0.31 kB[22m
[2m../dist/public/[22m[36massets/ComposedChart-DiNITOFF.js                [39m[1m[2m    0.40 kB[22m[1m[22m[2m Ôöé gzip:   0.27 kB[22m
[2m../dist/public/[22m[36massets/skeleton-U5GVMH3N.js                     [39m[1m[2m    0.42 kB[22m[1m[22m[2m Ôöé gzip:   0.31 kB[22m
[2m../dist/public/[22m[36massets/exportCsv-CNzVNdz4.js                    [39m[1m[2m    0.44 kB[22m[1m[22m[2m Ôöé gzip:   0.33 kB[22m
[2m../dist/public/[22m[36massets/useRequireFeature-DTqIJYKG.js            [39m[1m[2m    0.44 kB[22m[1m[22m[2m Ôöé gzip:   0.31 kB[22m
[2m../dist/public/[22m[36massets/csvGenerator-BbTLt5yV.js                 [39m[1m[2m    0.45 kB[22m[1m[22m[2m Ôöé gzip:   0.29 kB[22m
[2m../dist/public/[22m[36massets/spinner-BwwXHrj1.js                      [39m[1m[2m    0.46 kB[22m[1m[22m[2m Ôöé gzip:   0.33 kB[22m
[2m../dist/public/[22m[36massets/label-Ci-ovizW.js                        [39m[1m[2m    0.52 kB[22m[1m[22m[2m Ôöé gzip:   0.37 kB[22m
[2m../dist/public/[22m[36massets/useCompanyInfo-CVoSk0qc.js               [39m[1m[2m    0.52 kB[22m[1m[22m[2m Ôöé gzip:   0.36 kB[22m
[2m../dist/public/[22m[36massets/payslipPdf-CVz8WRv9.js                   [39m[1m[2m    0.54 kB[22m[1m[22m[2m Ôöé gzip:   0.40 kB[22m
[2m../dist/public/[22m[36massets/export-utils-nYnCbLh1.js                 [39m[1m[2m    0.57 kB[22m[1m[22m[2m Ôöé gzip:   0.40 kB[22m
[2m../dist/public/[22m[36massets/useOrgPermission-BobRDhfN.js             [39m[1m[2m    0.59 kB[22m[1m[22m[2m Ôöé gzip:   0.40 kB[22m
[2m../dist/public/[22m[36massets/useFavorite-FPVj7nw-.js                  [39m[1m[2m    0.59 kB[22m[1m[22m[2m Ôöé gzip:   0.36 kB[22m
[2m../dist/public/[22m[36massets/documentTemplateHelpers-CduNLrpb.js      [39m[1m[2m    0.59 kB[22m[1m[22m[2m Ôöé gzip:   0.33 kB[22m
[2m../dist/public/[22m[36massets/textarea-DueAWQzL.js                     [39m[1m[2m    0.69 kB[22m[1m[22m[2m Ôöé gzip:   0.46 kB[22m
[2m../dist/public/[22m[36massets/activityLog-B-yh0W2G.js                  [39m[1m[2m    0.75 kB[22m[1m[22m[2m Ôöé gzip:   0.36 kB[22m
[2m../dist/public/[22m[36massets/progress-ByExGcvB.js                     [39m[1m[2m    0.82 kB[22m[1m[22m[2m Ôöé gzip:   0.44 kB[22m
[2m../dist/public/[22m[36massets/healthScore-hLzRzKdj.js                  [39m[1m[2m    0.89 kB[22m[1m[22m[2m Ôöé gzip:   0.52 kB[22m
[2m../dist/public/[22m[36massets/collapsible-Lz7jueGH.js                  [39m[1m[2m    0.90 kB[22m[1m[22m[2m Ôöé gzip:   0.33 kB[22m
[2m../dist/public/[22m[36massets/format-XyXgtmZc.js                       [39m[1m[2m    1.15 kB[22m[1m[22m[2m Ôöé gzip:   0.55 kB[22m
[2m../dist/public/[22m[36massets/popover-Q97H8qqn.js                      [39m[1m[2m    1.20 kB[22m[1m[22m[2m Ôöé gzip:   0.58 kB[22m
[2m../dist/public/[22m[36massets/switch-Cr82IKB3.js                       [39m[1m[2m    1.27 kB[22m[1m[22m[2m Ôöé gzip:   0.60 kB[22m
[2m../dist/public/[22m[36massets/checkbox-DKKj1GpE.js                     [39m[1m[2m    1.48 kB[22m[1m[22m[2m Ôöé gzip:   0.61 kB[22m
[2m../dist/public/[22m[36massets/alert-BOZID3w9.js                        [39m[1m[2m    1.61 kB[22m[1m[22m[2m Ôöé gzip:   0.68 kB[22m
[2m../dist/public/[22m[36massets/designSystem-BjMWY9N5.js                 [39m[1m[2m    1.76 kB[22m[1m[22m[2m Ôöé gzip:   0.66 kB[22m
[2m../dist/public/[22m[36massets/useOrgAccess-CSzZh02G.js                 [39m[1m[2m    2.18 kB[22m[1m[22m[2m Ôöé gzip:   1.10 kB[22m
[2m../dist/public/[22m[36massets/SummaryStatCards-BaY-mpfB.js             [39m[1m[2m    2.43 kB[22m[1m[22m[2m Ôöé gzip:   0.77 kB[22m
[2m../dist/public/[22m[36massets/accordion-BXD13L4r.js                    [39m[1m[2m    2.59 kB[22m[1m[22m[2m Ôöé gzip:   0.81 kB[22m
[2m../dist/public/[22m[36massets/ModuleLayout-BizlGT_o.js                 [39m[1m[2m    2.62 kB[22m[1m[22m[2m Ôöé gzip:   0.75 kB[22m
[2m../dist/public/[22m[36massets/Messages-BkvCdrbc.js                     [39m[1m[2m    2.69 kB[22m[1m[22m[2m Ôöé gzip:   0.83 kB[22m
[2m../dist/public/[22m[36massets/PermissionGuard-RKcZDuHt.js              [39m[1m[2m    2.71 kB[22m[1m[22m[2m Ôöé gzip:   0.78 kB[22m
[2m../dist/public/[22m[36massets/UserSelector-D-yzecu6.js                 [39m[1m[2m    2.95 kB[22m[1m[22m[2m Ôöé gzip:   0.77 kB[22m
[2m../dist/public/[22m[36massets/actions-D_xWNAeF.js                      [39m[1m[2m    3.01 kB[22m[1m[22m[2m Ôöé gzip:   1.34 kB[22m
[2m../dist/public/[22m[36massets/DeleteConfirmationModal-CB_WijMZ.js      [39m[1m[2m    3.07 kB[22m[1m[22m[2m Ôöé gzip:   0.72 kB[22m
[2m../dist/public/[22m[36massets/privateChatUtils-peaQDzDt.js             [39m[1m[2m    3.17 kB[22m[1m[22m[2m Ôöé gzip:   1.21 kB[22m
[2m../dist/public/[22m[36massets/PhoneInput-DMz2KUcy.js                   [39m[1m[2m    3.21 kB[22m[1m[22m[2m Ôöé gzip:   0.95 kB[22m
[2m../dist/public/[22m[36massets/EmployeeSelector-j-tM39AP.js             [39m[1m[2m    3.23 kB[22m[1m[22m[2m Ôöé gzip:   0.84 kB[22m
[2m../dist/public/[22m[36massets/RoleBasedDashboard-C5SwQhFp.js           [39m[1m[2m    3.30 kB[22m[1m[22m[2m Ôöé gzip:   0.93 kB[22m
[2m../dist/public/[22m[36massets/table-DTZ716P-.js                        [39m[1m[2m    3.51 kB[22m[1m[22m[2m Ôöé gzip:   0.89 kB[22m
[2m../dist/public/[22m[36massets/stats-card-Dys_QuMB.js                   [39m[1m[2m    3.78 kB[22m[1m[22m[2m Ôöé gzip:   1.02 kB[22m
[2m../dist/public/[22m[36massets/alert-dialog-BYxunZem.js                 [39m[1m[2m    3.99 kB[22m[1m[22m[2m Ôöé gzip:   0.96 kB[22m
[2m../dist/public/[22m[36massets/OrgAssets-mTKPqhHx.js                    [39m[1m[2m    4.14 kB[22m[1m[22m[2m Ôöé gzip:   0.88 kB[22m
[2m../dist/public/[22m[36massets/dialog-BbQPQrn7.js                       [39m[1m[2m    4.21 kB[22m[1m[22m[2m Ôöé gzip:   1.09 kB[22m
[2m../dist/public/[22m[36massets/OrgDocuments-LZtWlyds.js                 [39m[1m[2m    4.26 kB[22m[1m[22m[2m Ôöé gzip:   0.88 kB[22m
[2m../dist/public/[22m[36massets/CreateReceipt-m4AXi-BM.js                [39m[1m[2m    4.35 kB[22m[1m[22m[2m Ôöé gzip:   1.55 kB[22m
[2m../dist/public/[22m[36massets/SmsQueue-Bw7rIXqV.js                     [39m[1m[2m    4.35 kB[22m[1m[22m[2m Ôöé gzip:   1.18 kB[22m
[2m../dist/public/[22m[36massets/OrgCreateReceipt-CVMUHHfi.js             [39m[1m[2m    4.42 kB[22m[1m[22m[2m Ôöé gzip:   1.56 kB[22m
[2m../dist/public/[22m[36massets/OrgPurchaseOrders-DVnRygqv.js            [39m[1m[2m    4.43 kB[22m[1m[22m[2m Ôöé gzip:   0.89 kB[22m
[2m../dist/public/[22m[36massets/CreateClient-OurjMUqd.js                 [39m[1m[2m    4.48 kB[22m[1m[22m[2m Ôöé gzip:   1.56 kB[22m
[2m../dist/public/[22m[36massets/OrgCreateClient-G1sAvlRY.js              [39m[1m[2m    4.63 kB[22m[1m[22m[2m Ôöé gzip:   1.58 kB[22m
[2m../dist/public/[22m[36massets/CreateProduct-DL_Kb1m2.js                [39m[1m[2m    4.64 kB[22m[1m[22m[2m Ôöé gzip:   1.50 kB[22m
[2m../dist/public/[22m[36massets/OrgCreateProduct-DpKa9o1D.js             [39m[1m[2m    4.79 kB[22m[1m[22m[2m Ôöé gzip:   1.51 kB[22m
[2m../dist/public/[22m[36massets/CreateEstimate-Bts1EOvF.js               [39m[1m[2m    4.82 kB[22m[1m[22m[2m Ôöé gzip:   1.90 kB[22m
[2m../dist/public/[22m[36massets/OrgBreadcrumb-D79BuFv3.js                [39m[1m[2m    4.90 kB[22m[1m[22m[2m Ôöé gzip:   1.04 kB[22m
[2m../dist/public/[22m[36massets/NotFound-ChHlEJAn.js                     [39m[1m[2m    5.11 kB[22m[1m[22m[2m Ôöé gzip:   1.19 kB[22m
[2m../dist/public/[22m[36massets/OrgModulePage-BUt60MX3.js                [39m[1m[2m    5.30 kB[22m[1m[22m[2m Ôöé gzip:   1.30 kB[22m
[2m../dist/public/[22m[36massets/CreateSupplier-FF3ZERNC.js               [39m[1m[2m    5.38 kB[22m[1m[22m[2m Ôöé gzip:   1.82 kB[22m
[2m../dist/public/[22m[36massets/CreateImprest-Bmp8dDTJ.js                [39m[1m[2m    5.52 kB[22m[1m[22m[2m Ôöé gzip:   1.31 kB[22m
[2m../dist/public/[22m[36massets/OrgCreateSupplier-CUmm8ENS.js            [39m[1m[2m    5.53 kB[22m[1m[22m[2m Ôöé gzip:   1.84 kB[22m
[2m../dist/public/[22m[36massets/BiTools-lYu2GNxn.js                      [39m[1m[2m    5.82 kB[22m[1m[22m[2m Ôöé gzip:   1.49 kB[22m
[2m../dist/public/[22m[36massets/PageHeader-BaMqBgyC.js                   [39m[1m[2m    5.85 kB[22m[1m[22m[2m Ôöé gzip:   1.27 kB[22m
[2m../dist/public/[22m[36massets/RowActionsMenu-uCsFEqnc.js               [39m[1m[2m    5.97 kB[22m[1m[22m[2m Ôöé gzip:   1.09 kB[22m
[2m../dist/public/[22m[36massets/TenantAdminDetails-C__mJNhU.js           [39m[1m[2m    6.00 kB[22m[1m[22m[2m Ôöé gzip:   0.98 kB[22m
[2m../dist/public/[22m[36massets/data-table-controls-zQ-x0sSd.js          [39m[1m[2m    6.23 kB[22m[1m[22m[2m Ôöé gzip:   1.28 kB[22m
[2m../dist/public/[22m[36massets/ServiceSearchFilter-Bjusp4t5.js          [39m[1m[2m    6.33 kB[22m[1m[22m[2m Ôöé gzip:   1.08 kB[22m
[2m../dist/public/[22m[36massets/TenantUserDetails-D4lAKCe6.js            [39m[1m[2m    6.48 kB[22m[1m[22m[2m Ôöé gzip:   1.03 kB[22m
[2m../dist/public/[22m[36massets/ICTSystemSettings-ZqxqcBlf.js            [39m[1m[2m    6.90 kB[22m[1m[22m[2m Ôöé gzip:   1.52 kB[22m
[2m../dist/public/[22m[36massets/ListPageToolbar-CirHtpIq.js              [39m[1m[2m    6.94 kB[22m[1m[22m[2m Ôöé gzip:   1.22 kB[22m
[2m../dist/public/[22m[36massets/EditReceipt-BzUQ4da2.js                  [39m[1m[2m    7.20 kB[22m[1m[22m[2m Ôöé gzip:   1.93 kB[22m
[2m../dist/public/[22m[36massets/CustomFields-CI1bEkRp.js                 [39m[1m[2m    7.30 kB[22m[1m[22m[2m Ôöé gzip:   1.31 kB[22m
[2m../dist/public/[22m[36massets/EditEstimate-DZJJtavs.js                 [39m[1m[2m    7.35 kB[22m[1m[22m[2m Ôöé gzip:   1.98 kB[22m
[2m../dist/public/[22m[36massets/OrgEditReceipt-ywEI1nbl.js               [39m[1m[2m    7.43 kB[22m[1m[22m[2m Ôöé gzip:   1.94 kB[22m
[2m../dist/public/[22m[36massets/Sales-JTf8sl6l.js                        [39m[1m[2m    7.47 kB[22m[1m[22m[2m Ôöé gzip:   1.68 kB[22m
[2m../dist/public/[22m[36massets/EnhancedBulkActions-C0NX-cJE.js          [39m[1m[2m    7.48 kB[22m[1m[22m[2m Ôöé gzip:   1.58 kB[22m
[2m../dist/public/[22m[36massets/Search-DkhUG2al.js                       [39m[1m[2m    7.50 kB[22m[1m[22m[2m Ôöé gzip:   1.85 kB[22m
[2m../dist/public/[22m[36massets/OrgEditEstimate-C_LCWwO9.js              [39m[1m[2m    7.54 kB[22m[1m[22m[2m Ôöé gzip:   1.99 kB[22m
[2m../dist/public/[22m[36massets/UnifiedModuleLayout-gzdXBpDX.js          [39m[1m[2m    7.66 kB[22m[1m[22m[2m Ôöé gzip:   1.44 kB[22m
[2m../dist/public/[22m[36massets/locations-CtzeVEdQ.js                    [39m[1m[2m    7.69 kB[22m[1m[22m[2m Ôöé gzip:   2.76 kB[22m
[2m../dist/public/[22m[36massets/EditInvoice-BBLc5NMi.js                  [39m[1m[2m    7.81 kB[22m[1m[22m[2m Ôöé gzip:   2.06 kB[22m
[2m../dist/public/[22m[36massets/Home-cn3ZTEmA.js                         [39m[1m[2m    7.92 kB[22m[1m[22m[2m Ôöé gzip:   1.82 kB[22m
[2m../dist/public/[22m[36massets/CreateBudget-W0mhoF9F.js                 [39m[1m[2m    7.93 kB[22m[1m[22m[2m Ôöé gzip:   1.74 kB[22m
[2m../dist/public/[22m[36massets/OrgEditInvoice-uGa-fHPW.js               [39m[1m[2m    8.04 kB[22m[1m[22m[2m Ôöé gzip:   2.07 kB[22m
[2m../dist/public/[22m[36massets/TableColumnSettings-DBwAIPir.js          [39m[1m[2m    8.20 kB[22m[1m[22m[2m Ôöé gzip:   1.81 kB[22m
[2m../dist/public/[22m[36massets/LocationSelects-BRHCAU9W.js              [39m[1m[2m    8.22 kB[22m[1m[22m[2m Ôöé gzip:   1.02 kB[22m
[2m../dist/public/[22m[36massets/OrgSuperAdminDashboard-C1CG3NbG.js       [39m[1m[2m    8.31 kB[22m[1m[22m[2m Ôöé gzip:   1.60 kB[22m
[2m../dist/public/[22m[36massets/MyPayslips-D5u4z-Sq.js                   [39m[1m[2m    8.82 kB[22m[1m[22m[2m Ôöé gzip:   1.67 kB[22m
[2m../dist/public/[22m[36massets/DashboardBuilderPro-DLKRQtGh.js          [39m[1m[2m    8.96 kB[22m[1m[22m[2m Ôöé gzip:   1.61 kB[22m
[2m../dist/public/[22m[36massets/EditDepartment-BzxX9xO1.js               [39m[1m[2m    9.06 kB[22m[1m[22m[2m Ôöé gzip:   1.82 kB[22m
[2m../dist/public/[22m[36massets/EditBudget-CaKrroSh.js                   [39m[1m[2m    9.15 kB[22m[1m[22m[2m Ôöé gzip:   1.95 kB[22m
[2m../dist/public/[22m[36massets/CreditNotes-B3xOrs4h.js                  [39m[1m[2m    9.31 kB[22m[1m[22m[2m Ôöé gzip:   1.76 kB[22m
[2m../dist/public/[22m[36massets/CreateDepartment-DSsE7ZW7.js             [39m[1m[2m    9.31 kB[22m[1m[22m[2m Ôöé gzip:   1.85 kB[22m
[2m../dist/public/[22m[36massets/EditClient-CTZ1YBwC.js                   [39m[1m[2m    9.35 kB[22m[1m[22m[2m Ôöé gzip:   2.33 kB[22m
[2m../dist/public/[22m[36massets/OrgEditDepartment-D1NM4Adb.js            [39m[1m[2m    9.51 kB[22m[1m[22m[2m Ôöé gzip:   1.83 kB[22m
[2m../dist/public/[22m[36massets/OrgEditBudget-Clji-AC7.js                [39m[1m[2m    9.65 kB[22m[1m[22m[2m Ôöé gzip:   1.97 kB[22m
[2m../dist/public/[22m[36massets/ICTAnalytics-B9S_4sHJ.js                 [39m[1m[2m    9.77 kB[22m[1m[22m[2m Ôöé gzip:   1.70 kB[22m
[2m../dist/public/[22m[36massets/OrgCreateDepartment-D_tKCWrI.js          [39m[1m[2m    9.79 kB[22m[1m[22m[2m Ôöé gzip:   1.86 kB[22m
[2m../dist/public/[22m[36massets/OrgCreditNotes-DXaJyrVV.js               [39m[1m[2m    9.83 kB[22m[1m[22m[2m Ôöé gzip:   1.77 kB[22m
[2m../dist/public/[22m[36massets/EditProduct-D-EQaWkQ.js                  [39m[1m[2m    9.89 kB[22m[1m[22m[2m Ôöé gzip:   2.28 kB[22m
[2m../dist/public/[22m[36massets/CreateLPO-CzdkN2rO.js                    [39m[1m[2m   10.03 kB[22m[1m[22m[2m Ôöé gzip:   1.95 kB[22m
[2m../dist/public/[22m[36massets/EditSupplier-BYkjjqMa.js                 [39m[1m[2m   10.06 kB[22m[1m[22m[2m Ôöé gzip:   2.55 kB[22m
[2m../dist/public/[22m[36massets/ReportsDetails-C-s97Nd_.js               [39m[1m[2m   10.11 kB[22m[1m[22m[2m Ôöé gzip:   1.69 kB[22m
[2m../dist/public/[22m[36massets/OrgEditProduct-BfOLEIek.js               [39m[1m[2m   10.29 kB[22m[1m[22m[2m Ôöé gzip:   2.30 kB[22m
[2m../dist/public/[22m[36massets/CreatePurchaseOrder-1ixqJ_uf.js          [39m[1m[2m   10.37 kB[22m[1m[22m[2m Ôöé gzip:   1.72 kB[22m
[2m../dist/public/[22m[36massets/OrgAI-WMDG-qJ2.js                        [39m[1m[2m   10.41 kB[22m[1m[22m[2m Ôöé gzip:   2.36 kB[22m
[2m../dist/public/[22m[36massets/FinancialReports-B-ya6915.js             [39m[1m[2m   10.41 kB[22m[1m[22m[2m Ôöé gzip:   1.73 kB[22m
[2m../dist/public/[22m[36massets/OrgEditSupplier-C1x75Cn7.js              [39m[1m[2m   10.42 kB[22m[1m[22m[2m Ôöé gzip:   2.55 kB[22m
[2m../dist/public/[22m[36massets/EmailQueue-BUrIorFf.js                   [39m[1m[2m   10.44 kB[22m[1m[22m[2m Ôöé gzip:   2.10 kB[22m
[2m../dist/public/[22m[36massets/ProjectAnalytics-BQgYGMvi.js             [39m[1m[2m   10.55 kB[22m[1m[22m[2m Ôöé gzip:   1.96 kB[22m
[2m../dist/public/[22m[36massets/OrgCreateLPO-Cur8SKQ2.js                 [39m[1m[2m   10.61 kB[22m[1m[22m[2m Ôöé gzip:   1.96 kB[22m
[2m../dist/public/[22m[36massets/OrgProcurement-CfEAhj7f.js               [39m[1m[2m   10.80 kB[22m[1m[22m[2m Ôöé gzip:   2.28 kB[22m
[2m../dist/public/[22m[36massets/Area-U3bz489A.js                         [39m[1m[2m   10.80 kB[22m[1m[22m[2m Ôöé gzip:   3.98 kB[22m
[2m../dist/public/[22m[36massets/ProductDetails-DqwufKAD.js               [39m[1m[2m   10.83 kB[22m[1m[22m[2m Ôöé gzip:   1.88 kB[22m
[2m../dist/public/[22m[36massets/ChartOfAccountsDetails-BWqsI1yD.js       [39m[1m[2m   10.84 kB[22m[1m[22m[2m Ôöé gzip:   1.75 kB[22m
[2m../dist/public/[22m[36massets/FunnelAnalysis-TCFdpkwe.js               [39m[1m[2m   10.89 kB[22m[1m[22m[2m Ôöé gzip:   1.77 kB[22m
[2m../dist/public/[22m[36massets/OrgCreatePurchaseOrder-CUAnZCYD.js       [39m[1m[2m   10.91 kB[22m[1m[22m[2m Ôöé gzip:   1.73 kB[22m
[2m../dist/public/[22m[36massets/Line-N0JC7HiU.js                         [39m[1m[2m   10.95 kB[22m[1m[22m[2m Ôöé gzip:   4.21 kB[22m
[2m../dist/public/[22m[36massets/OrgPurchaseOrderDetail-CEzkK3wa.js       [39m[1m[2m   11.09 kB[22m[1m[22m[2m Ôöé gzip:   1.72 kB[22m
[2m../dist/public/[22m[36massets/HRDetails-ms_PVuEI.js                    [39m[1m[2m   11.20 kB[22m[1m[22m[2m Ôöé gzip:   1.96 kB[22m
[2m../dist/public/[22m[36massets/Activity-D20ND9HQ.js                     [39m[1m[2m   11.38 kB[22m[1m[22m[2m Ôöé gzip:   2.65 kB[22m
[2m../dist/public/[22m[36massets/EditSalaryStructure-DpREojuv.js          [39m[1m[2m   11.40 kB[22m[1m[22m[2m Ôöé gzip:   2.07 kB[22m
[2m../dist/public/[22m[36massets/OrgLPODetail-Cv15mYqB.js                 [39m[1m[2m   11.44 kB[22m[1m[22m[2m Ôöé gzip:   2.06 kB[22m
[2m../dist/public/[22m[36massets/CreateTicket-CnIbhWOq.js                 [39m[1m[2m   11.69 kB[22m[1m[22m[2m Ôöé gzip:   2.02 kB[22m
[2m../dist/public/[22m[36massets/ESignatures-CjjuXVXm.js                  [39m[1m[2m   11.73 kB[22m[1m[22m[2m Ôöé gzip:   2.31 kB[22m
[2m../dist/public/[22m[36massets/CreateWarranty-DtibMSSt.js               [39m[1m[2m   11.73 kB[22m[1m[22m[2m Ôöé gzip:   1.91 kB[22m
[2m../dist/public/[22m[36massets/Scatter-JqgCsZxr.js                      [39m[1m[2m   11.80 kB[22m[1m[22m[2m Ôöé gzip:   3.78 kB[22m
[2m../dist/public/[22m[36massets/DebitNotes-Di6ta3Ig.js                   [39m[1m[2m   11.84 kB[22m[1m[22m[2m Ôöé gzip:   2.85 kB[22m
[2m../dist/public/[22m[36massets/OrgEditApproval-CMUZiPGl.js              [39m[1m[2m   11.92 kB[22m[1m[22m[2m Ôöé gzip:   1.94 kB[22m
[2m../dist/public/[22m[36massets/OrgActivity-Bxtd3JMR.js                  [39m[1m[2m   11.94 kB[22m[1m[22m[2m Ôöé gzip:   2.66 kB[22m
[2m../dist/public/[22m[36massets/OrgEditSalaryStructure-DaJvnTK0.js       [39m[1m[2m   11.96 kB[22m[1m[22m[2m Ôöé gzip:   2.09 kB[22m
[2m../dist/public/[22m[36massets/Login-ADVUdfmp.js                        [39m[1m[2m   11.99 kB[22m[1m[22m[2m Ôöé gzip:   2.54 kB[22m
[2m../dist/public/[22m[36massets/OrgEditPurchaseOrder-BOK_UcCJ.js         [39m[1m[2m   12.11 kB[22m[1m[22m[2m Ôöé gzip:   2.03 kB[22m
[2m../dist/public/[22m[36massets/WarrantyDetails-utGWvrfI.js              [39m[1m[2m   12.19 kB[22m[1m[22m[2m Ôöé gzip:   1.77 kB[22m
[2m../dist/public/[22m[36massets/AIAssistantModal-Cm84VGRZ.js             [39m[1m[2m   12.22 kB[22m[1m[22m[2m Ôöé gzip:   2.27 kB[22m
[2m../dist/public/[22m[36massets/ChangePassword-DyASkaSU.js               [39m[1m[2m   12.24 kB[22m[1m[22m[2m Ôöé gzip:   2.33 kB[22m
[2m../dist/public/[22m[36massets/OrgReceiptDetail-DS_1yvhF.js             [39m[1m[2m   12.27 kB[22m[1m[22m[2m Ôöé gzip:   1.96 kB[22m
[2m../dist/public/[22m[36massets/CreateAttendance-B6qT4rZO.js             [39m[1m[2m   12.32 kB[22m[1m[22m[2m Ôöé gzip:   2.04 kB[22m
[2m../dist/public/[22m[36massets/EditAllowance-DeWtVDpu.js                [39m[1m[2m   12.34 kB[22m[1m[22m[2m Ôöé gzip:   2.24 kB[22m
[2m../dist/public/[22m[36massets/OrgCreateTicket-_tUEEYtL.js              [39m[1m[2m   12.37 kB[22m[1m[22m[2m Ôöé gzip:   2.04 kB[22m
[2m../dist/public/[22m[36massets/OrgDebitNotes-elKEw4X0.js                [39m[1m[2m   12.38 kB[22m[1m[22m[2m Ôöé gzip:   2.86 kB[22m
[2m../dist/public/[22m[36massets/CreateLeaveRequest-DyFhFAA8.js           [39m[1m[2m   12.40 kB[22m[1m[22m[2m Ôöé gzip:   2.03 kB[22m
[2m../dist/public/[22m[36massets/EditBenefit-CysQyrF7.js                  [39m[1m[2m   12.43 kB[22m[1m[22m[2m Ôöé gzip:   2.33 kB[22m
[2m../dist/public/[22m[36massets/CohortAnalysis-DF4IIDQk.js               [39m[1m[2m   12.43 kB[22m[1m[22m[2m Ôöé gzip:   1.82 kB[22m
[2m../dist/public/[22m[36massets/OrgQuotationDetail-C5DsQKwa.js           [39m[1m[2m   12.48 kB[22m[1m[22m[2m Ôöé gzip:   1.95 kB[22m
[2m../dist/public/[22m[36massets/ServiceTemplates-DOanObNg.js             [39m[1m[2m   12.61 kB[22m[1m[22m[2m Ôöé gzip:   2.70 kB[22m
[2m../dist/public/[22m[36massets/CreateInvoice-e1XOIJh3.js                [39m[1m[2m   12.63 kB[22m[1m[22m[2m Ôöé gzip:   3.02 kB[22m
[2m../dist/public/[22m[36massets/DepartmentForm-CUDDDiDV.js               [39m[1m[2m   12.71 kB[22m[1m[22m[2m Ôöé gzip:   2.06 kB[22m
[2m../dist/public/[22m[36massets/Blog-BfiEmxRb.js                         [39m[1m[2m   12.78 kB[22m[1m[22m[2m Ôöé gzip:   2.25 kB[22m
[2m../dist/public/[22m[36massets/SalesManagerDashboard-xX-n1uNO.js        [39m[1m[2m   12.81 kB[22m[1m[22m[2m Ôöé gzip:   1.72 kB[22m
[2m../dist/public/[22m[36massets/ProposalDetails-CQtHpeGR.js              [39m[1m[2m   12.91 kB[22m[1m[22m[2m Ôöé gzip:   1.90 kB[22m
[2m../dist/public/[22m[36massets/Services-BW540Sg7.js                     [39m[1m[2m   12.97 kB[22m[1m[22m[2m Ôöé gzip:   2.38 kB[22m
[2m../dist/public/[22m[36massets/OrgCreateAttendance-u5rw0sbY.js          [39m[1m[2m   12.99 kB[22m[1m[22m[2m Ôöé gzip:   2.05 kB[22m
[2m../dist/public/[22m[36massets/OrgCreateInvoice-CuTtD4oc.js             [39m[1m[2m   13.12 kB[22m[1m[22m[2m Ôöé gzip:   3.03 kB[22m
[2m../dist/public/[22m[36massets/EditDeduction-B0wm2hQ2.js                [39m[1m[2m   13.15 kB[22m[1m[22m[2m Ôöé gzip:   2.35 kB[22m
[2m../dist/public/[22m[36massets/CreateAllowance-BIhz1EgH.js              [39m[1m[2m   13.15 kB[22m[1m[22m[2m Ôöé gzip:   2.27 kB[22m
[2m../dist/public/[22m[36massets/OrgServiceTemplates-Bt73ypw5.js          [39m[1m[2m   13.19 kB[22m[1m[22m[2m Ôöé gzip:   2.72 kB[22m
[2m../dist/public/[22m[36massets/BudgetDetails-D2ktKJlW.js                [39m[1m[2m   13.19 kB[22m[1m[22m[2m Ôöé gzip:   1.99 kB[22m
[2m../dist/public/[22m[36massets/OrgEditLead-BoMJjngC.js                  [39m[1m[2m   13.28 kB[22m[1m[22m[2m Ôöé gzip:   2.09 kB[22m
[2m../dist/public/[22m[36massets/TenantAdmins-DG381J2w.js                 [39m[1m[2m   13.39 kB[22m[1m[22m[2m Ôöé gzip:   2.01 kB[22m
[2m../dist/public/[22m[36massets/ConversionAnalytics-CxXmTRGU.js          [39m[1m[2m   13.48 kB[22m[1m[22m[2m Ôöé gzip:   2.20 kB[22m
[2m../dist/public/[22m[36massets/ProcurementManagerDashboard-DCwzlGap.js  [39m[1m[2m   13.60 kB[22m[1m[22m[2m Ôöé gzip:   1.71 kB[22m
[2m../dist/public/[22m[36massets/TenantUsers-Doz6NQaT.js                  [39m[1m[2m   13.79 kB[22m[1m[22m[2m Ôöé gzip:   2.12 kB[22m
[2m../dist/public/[22m[36massets/EditAttendance-Dhdh5j_p.js               [39m[1m[2m   13.80 kB[22m[1m[22m[2m Ôöé gzip:   2.28 kB[22m
[2m../dist/public/[22m[36massets/Accounting-XferXxh5.js                   [39m[1m[2m   13.80 kB[22m[1m[22m[2m Ôöé gzip:   2.60 kB[22m
[2m../dist/public/[22m[36massets/EditTicket-CY5ZK-g9.js                   [39m[1m[2m   13.91 kB[22m[1m[22m[2m Ôöé gzip:   2.27 kB[22m
[2m../dist/public/[22m[36massets/RevenueForecasting-ClOKD0Qe.js           [39m[1m[2m   13.94 kB[22m[1m[22m[2m Ôöé gzip:   2.33 kB[22m
[2m../dist/public/[22m[36massets/ServiceInvoices-HYSqKpCf.js              [39m[1m[2m   14.13 kB[22m[1m[22m[2m Ôöé gzip:   3.17 kB[22m
[2m../dist/public/[22m[36massets/QuotationDetails-Dh1BmmNR.js             [39m[1m[2m   14.17 kB[22m[1m[22m[2m Ôöé gzip:   2.41 kB[22m
[2m../dist/public/[22m[36massets/OrgEditProcurement-5--YEca1.js           [39m[1m[2m   14.21 kB[22m[1m[22m[2m Ôöé gzip:   2.16 kB[22m
[2m../dist/public/[22m[36massets/PaymentDetails-DcScKKhI.js               [39m[1m[2m   14.32 kB[22m[1m[22m[2m Ôöé gzip:   2.53 kB[22m
[2m../dist/public/[22m[36massets/EditWarranty-JAx2RKcu.js                 [39m[1m[2m   14.35 kB[22m[1m[22m[2m Ôöé gzip:   2.33 kB[22m
[2m../dist/public/[22m[36massets/OrgProposalDetail-ClYOUtTv.js            [39m[1m[2m   14.36 kB[22m[1m[22m[2m Ôöé gzip:   2.11 kB[22m
[2m../dist/public/[22m[36massets/WarrantyManagement-Doyc9vqz.js           [39m[1m[2m   14.46 kB[22m[1m[22m[2m Ôöé gzip:   2.46 kB[22m
[2m../dist/public/[22m[36massets/OrgServiceDetail-PWLpFiHg.js             [39m[1m[2m   14.46 kB[22m[1m[22m[2m Ôöé gzip:   1.89 kB[22m
[2m../dist/public/[22m[36massets/OrgAccounting-Di1zEtM1.js                [39m[1m[2m   14.46 kB[22m[1m[22m[2m Ôöé gzip:   2.61 kB[22m
[2m../dist/public/[22m[36massets/OrgContactDetail-7qzzRtv5.js             [39m[1m[2m   14.51 kB[22m[1m[22m[2m Ôöé gzip:   1.91 kB[22m
[2m../dist/public/[22m[36massets/SalesReports-CV8M2PFf.js                 [39m[1m[2m   14.52 kB[22m[1m[22m[2m Ôöé gzip:   2.09 kB[22m
[2m../dist/public/[22m[36massets/OrgLeadDetail-4atfooPJ.js                [39m[1m[2m   14.53 kB[22m[1m[22m[2m Ôöé gzip:   2.10 kB[22m
[2m../dist/public/[22m[36massets/OrgEditAttendance-6dakifkS.js            [39m[1m[2m   14.53 kB[22m[1m[22m[2m Ôöé gzip:   2.30 kB[22m
[2m../dist/public/[22m[36massets/OrgPaymentDetail-LaCkFAK_.js             [39m[1m[2m   14.60 kB[22m[1m[22m[2m Ôöé gzip:   2.07 kB[22m
[2m../dist/public/[22m[36massets/Documentation-C2iVrdzW.js                [39m[1m[2m   14.60 kB[22m[1m[22m[2m Ôöé gzip:   3.11 kB[22m
[2m../dist/public/[22m[36massets/OrgEditQuotation-Cd_Qq5Of.js             [39m[1m[2m   14.61 kB[22m[1m[22m[2m Ôöé gzip:   2.43 kB[22m
[2m../dist/public/[22m[36massets/GRNDetails-DItuM5n4.js                   [39m[1m[2m   14.66 kB[22m[1m[22m[2m Ôöé gzip:   2.43 kB[22m
[2m../dist/public/[22m[36massets/OrgEditTicket-B78h1HTv.js                [39m[1m[2m   14.74 kB[22m[1m[22m[2m Ôöé gzip:   2.28 kB[22m
[2m../dist/public/[22m[36massets/OrgServiceInvoices-B9kNjfiF.js           [39m[1m[2m   14.76 kB[22m[1m[22m[2m Ôöé gzip:   3.19 kB[22m
[2m../dist/public/[22m[36massets/OrgEstimateDetail-CM76kYxE.js            [39m[1m[2m   14.77 kB[22m[1m[22m[2m Ôöé gzip:   2.10 kB[22m
[2m../dist/public/[22m[36massets/HTMLEditor-EnsdXQMr.js                   [39m[1m[2m   14.96 kB[22m[1m[22m[2m Ôöé gzip:   3.07 kB[22m
[2m../dist/public/[22m[36massets/AssetDetails-COhZTB4c.js                 [39m[1m[2m   14.99 kB[22m[1m[22m[2m Ôöé gzip:   1.99 kB[22m
[2m../dist/public/[22m[36massets/OrgApprovalDetail-Be42nGb-.js            [39m[1m[2m   14.99 kB[22m[1m[22m[2m Ôöé gzip:   2.08 kB[22m
[2m../dist/public/[22m[36massets/OrgProductDetail-ChM9bGkI.js             [39m[1m[2m   15.02 kB[22m[1m[22m[2m Ôöé gzip:   1.95 kB[22m
[2m../dist/public/[22m[36massets/OrgSubscriptions-ClI0dr2t.js             [39m[1m[2m   15.04 kB[22m[1m[22m[2m Ôöé gzip:   2.44 kB[22m
[2m../dist/public/[22m[36massets/PayslipDetails-D4yeRAsw.js               [39m[1m[2m   15.22 kB[22m[1m[22m[2m Ôöé gzip:   2.71 kB[22m
[2m../dist/public/[22m[36massets/TestPDFGeneration-D5YV6WV_.js            [39m[1m[2m   15.36 kB[22m[1m[22m[2m Ôöé gzip:   2.48 kB[22m
[2m../dist/public/[22m[36massets/ContractDetails-D3YvInrz.js              [39m[1m[2m   15.42 kB[22m[1m[22m[2m Ôöé gzip:   2.04 kB[22m
[2m../dist/public/[22m[36massets/OrgStaff-C1MlLwIU.js                     [39m[1m[2m   15.45 kB[22m[1m[22m[2m Ôöé gzip:   3.01 kB[22m
[2m../dist/public/[22m[36massets/OrgAttendanceDetail-MNWfld_R.js          [39m[1m[2m   15.52 kB[22m[1m[22m[2m Ôöé gzip:   2.12 kB[22m
[2m../dist/public/[22m[36massets/OrgServices-DhqLnthu.js                  [39m[1m[2m   15.57 kB[22m[1m[22m[2m Ôöé gzip:   2.57 kB[22m
[2m../dist/public/[22m[36massets/SalaryStructureDetails-CDoDSSCp.js       [39m[1m[2m   15.60 kB[22m[1m[22m[2m Ôöé gzip:   2.25 kB[22m
[2m../dist/public/[22m[36massets/EditLPO-CAycDj9d.js                      [39m[1m[2m   15.74 kB[22m[1m[22m[2m Ôöé gzip:   2.65 kB[22m
[2m../dist/public/[22m[36massets/DeliveryNoteDetails-DLKJ_C7s.js          [39m[1m[2m   15.77 kB[22m[1m[22m[2m Ôöé gzip:   2.41 kB[22m
[2m../dist/public/[22m[36massets/CreateWorkOrder-DMdlcPPp.js              [39m[1m[2m   15.87 kB[22m[1m[22m[2m Ôöé gzip:   2.45 kB[22m
[2m../dist/public/[22m[36massets/OrgProcurementDetail-7nGj8qPn.js         [39m[1m[2m   15.91 kB[22m[1m[22m[2m Ôöé gzip:   2.14 kB[22m
[2m../dist/public/[22m[36massets/OrgOrderDetail-FntzZFJg.js               [39m[1m[2m   15.91 kB[22m[1m[22m[2m Ôöé gzip:   2.33 kB[22m
[2m../dist/public/[22m[36massets/OrgCreateQuotation-DrhTvyPV.js           [39m[1m[2m   15.95 kB[22m[1m[22m[2m Ôöé gzip:   2.45 kB[22m
[2m../dist/public/[22m[36massets/ProcurementMaster-gNB8txPK.js            [39m[1m[2m   15.99 kB[22m[1m[22m[2m Ôöé gzip:   2.41 kB[22m
[2m../dist/public/[22m[36massets/HR-DnCuRrF3.js                           [39m[1m[2m   16.05 kB[22m[1m[22m[2m Ôöé gzip:   3.07 kB[22m
[2m../dist/public/[22m[36massets/MFA-BI9v3Hn4.js                          [39m[1m[2m   16.13 kB[22m[1m[22m[2m Ôöé gzip:   2.49 kB[22m
[2m../dist/public/[22m[36massets/OrgDebitNoteDetail-B6H8i_bf.js           [39m[1m[2m   16.16 kB[22m[1m[22m[2m Ôöé gzip:   2.20 kB[22m
[2m../dist/public/[22m[36massets/EditBankReconciliation-4jbwWADI.js       [39m[1m[2m   16.21 kB[22m[1m[22m[2m Ôöé gzip:   2.40 kB[22m
[2m../dist/public/[22m[36massets/BankReconciliation-Dx0wcRUK.js           [39m[1m[2m   16.21 kB[22m[1m[22m[2m Ôöé gzip:   2.70 kB[22m
[2m../dist/public/[22m[36massets/ProjectsManagement-ZmC0wFLr.js           [39m[1m[2m   16.22 kB[22m[1m[22m[2m Ôöé gzip:   2.78 kB[22m
[2m../dist/public/[22m[36massets/TimesheetDetails-QqFBIxtY.js             [39m[1m[2m   16.38 kB[22m[1m[22m[2m Ôöé gzip:   2.14 kB[22m
[2m../dist/public/[22m[36massets/CustomerReports-DWX8GNCs.js              [39m[1m[2m   16.38 kB[22m[1m[22m[2m Ôöé gzip:   2.73 kB[22m
[2m../dist/public/[22m[36massets/OrgSalaryStructureDetails-Cpqs0gOj.js    [39m[1m[2m   16.42 kB[22m[1m[22m[2m Ôöé gzip:   2.26 kB[22m
[2m../dist/public/[22m[36massets/ImprestDetails-Bk8Cq94Z.js               [39m[1m[2m   16.45 kB[22m[1m[22m[2m Ôöé gzip:   2.30 kB[22m
[2m../dist/public/[22m[36massets/CreateDebitNote-bohprnEU.js              [39m[1m[2m   16.47 kB[22m[1m[22m[2m Ôöé gzip:   2.61 kB[22m
[2m../dist/public/[22m[36massets/OrgCreateLeave-Cmn7go2N.js               [39m[1m[2m   16.59 kB[22m[1m[22m[2m Ôöé gzip:   2.66 kB[22m
[2m../dist/public/[22m[36massets/ForgotPassword-CMv-otQM.js               [39m[1m[2m   16.60 kB[22m[1m[22m[2m Ôöé gzip:   2.45 kB[22m
[2m../dist/public/[22m[36massets/OrgEditLPO-Cn57U0kS.js                   [39m[1m[2m   16.68 kB[22m[1m[22m[2m Ôöé gzip:   2.67 kB[22m
[2m../dist/public/[22m[36massets/OrgCreateWorkOrder-rC4ZWM-1.js           [39m[1m[2m   16.75 kB[22m[1m[22m[2m Ôöé gzip:   2.47 kB[22m
[2m../dist/public/[22m[36massets/OrgHR-DZBbivrW.js                        [39m[1m[2m   16.85 kB[22m[1m[22m[2m Ôöé gzip:   3.09 kB[22m
[2m../dist/public/[22m[36massets/CreateSalaryStructure-DSl8K2ED.js        [39m[1m[2m   16.86 kB[22m[1m[22m[2m Ôöé gzip:   2.57 kB[22m
[2m../dist/public/[22m[36massets/InvoiceSearchFilter-Nix6-lNE.js          [39m[1m[2m   16.87 kB[22m[1m[22m[2m Ôöé gzip:   1.96 kB[22m
[2m../dist/public/[22m[36massets/Departments-eg9OHhDr.js                  [39m[1m[2m   16.90 kB[22m[1m[22m[2m Ôöé gzip:   2.89 kB[22m
[2m../dist/public/[22m[36massets/OrgLeave-PTbEG4oI.js                     [39m[1m[2m   16.92 kB[22m[1m[22m[2m Ôöé gzip:   3.09 kB[22m
[2m../dist/public/[22m[36massets/DebitNoteDetails-Cr20oUvN.js             [39m[1m[2m   16.94 kB[22m[1m[22m[2m Ôöé gzip:   2.70 kB[22m
[2m../dist/public/[22m[36massets/Calendar-BahG4lgO.js                     [39m[1m[2m   16.97 kB[22m[1m[22m[2m Ôöé gzip:   3.16 kB[22m
[2m../dist/public/[22m[36massets/Profile-CSLY1uj8.js                      [39m[1m[2m   17.06 kB[22m[1m[22m[2m Ôöé gzip:   3.02 kB[22m
[2m../dist/public/[22m[36massets/EditLeave-DautCEhW.js                    [39m[1m[2m   17.07 kB[22m[1m[22m[2m Ôöé gzip:   2.68 kB[22m
[2m../dist/public/[22m[36massets/EditWorkOrder-BLofwfE6.js                [39m[1m[2m   17.08 kB[22m[1m[22m[2m Ôöé gzip:   2.62 kB[22m
[2m../dist/public/[22m[36massets/OrgBankReconciliation-fxStGsQh.js        [39m[1m[2m   17.08 kB[22m[1m[22m[2m Ôöé gzip:   2.72 kB[22m
[2m../dist/public/[22m[36massets/ChurnPrediction-BMzZncNG.js              [39m[1m[2m   17.12 kB[22m[1m[22m[2m Ôöé gzip:   2.31 kB[22m
[2m../dist/public/[22m[36massets/EditChartOfAccounts-CRDnUfxd.js          [39m[1m[2m   17.20 kB[22m[1m[22m[2m Ôöé gzip:   2.83 kB[22m
[2m../dist/public/[22m[36massets/AdvancedAnalytics-BGL_EsKt.js            [39m[1m[2m   17.25 kB[22m[1m[22m[2m Ôöé gzip:   2.14 kB[22m
[2m../dist/public/[22m[36massets/documentTemplate-C5ucgxv1.js             [39m[1m[2m   17.33 kB[22m[1m[22m[2m Ôöé gzip:   4.19 kB[22m
[2m../dist/public/[22m[36massets/AuditLogs-D6ZVJjXx.js                    [39m[1m[2m   17.38 kB[22m[1m[22m[2m Ôöé gzip:   3.31 kB[22m
[2m../dist/public/[22m[36massets/OrgCreateProposal-Bw79L_au.js            [39m[1m[2m   17.38 kB[22m[1m[22m[2m Ôöé gzip:   2.64 kB[22m
[2m../dist/public/[22m[36massets/OrgCreateDebitNote-D4OPoKeh.js           [39m[1m[2m   17.41 kB[22m[1m[22m[2m Ôöé gzip:   2.64 kB[22m
[2m../dist/public/[22m[36massets/OpportunityDetails-ChuT9n2A.js           [39m[1m[2m   17.44 kB[22m[1m[22m[2m Ôöé gzip:   2.57 kB[22m
[2m../dist/public/[22m[36massets/CreateDeduction-5ic5DXCI.js              [39m[1m[2m   17.49 kB[22m[1m[22m[2m Ôöé gzip:   2.79 kB[22m
[2m../dist/public/[22m[36massets/OrgWarranty-DU3yF01C.js                  [39m[1m[2m   17.64 kB[22m[1m[22m[2m Ôöé gzip:   2.88 kB[22m
[2m../dist/public/[22m[36massets/BankReconciliationDetails-CDgo27rI.js    [39m[1m[2m   17.65 kB[22m[1m[22m[2m Ôöé gzip:   2.24 kB[22m
[2m../dist/public/[22m[36massets/FinanceSettings-DIFwLT3P.js              [39m[1m[2m   17.70 kB[22m[1m[22m[2m Ôöé gzip:   2.54 kB[22m
[2m../dist/public/[22m[36massets/OrgCreateSalaryStructure-_QKe3iUO.js     [39m[1m[2m   17.71 kB[22m[1m[22m[2m Ôöé gzip:   2.58 kB[22m
[2m../dist/public/[22m[36massets/OrgSupplierDetail-BIZO3F5D.js            [39m[1m[2m   17.73 kB[22m[1m[22m[2m Ôöé gzip:   2.35 kB[22m
[2m../dist/public/[22m[36massets/UserGuide-DjADPVLa.js                    [39m[1m[2m   17.77 kB[22m[1m[22m[2m Ôöé gzip:   3.76 kB[22m
[2m../dist/public/[22m[36massets/OrgCalendar-DGepddEK.js                  [39m[1m[2m   17.87 kB[22m[1m[22m[2m Ôöé gzip:   3.17 kB[22m
[2m../dist/public/[22m[36massets/OrgContracts-Dck1Dd2v.js                 [39m[1m[2m   17.89 kB[22m[1m[22m[2m Ôöé gzip:   3.24 kB[22m
[2m../dist/public/[22m[36massets/OrderDetails-ls3-Gu15.js                 [39m[1m[2m   17.98 kB[22m[1m[22m[2m Ôöé gzip:   2.44 kB[22m
[2m../dist/public/[22m[36massets/ServiceTemplateDetails-BV8STjjN.js       [39m[1m[2m   18.02 kB[22m[1m[22m[2m Ôöé gzip:   2.58 kB[22m
[2m../dist/public/[22m[36massets/OrgEditWorkOrder-gnXrURhx.js             [39m[1m[2m   18.03 kB[22m[1m[22m[2m Ôöé gzip:   2.64 kB[22m
[2m../dist/public/[22m[36massets/OrgCreateProcurement-C96CY4Mz.js         [39m[1m[2m   18.03 kB[22m[1m[22m[2m Ôöé gzip:   2.64 kB[22m
[2m../dist/public/[22m[36massets/OrgEditLeave-C-brFYu3.js                 [39m[1m[2m   18.04 kB[22m[1m[22m[2m Ôöé gzip:   2.69 kB[22m
[2m../dist/public/[22m[36massets/SessionManager-DWSfWP9_.js               [39m[1m[2m   18.05 kB[22m[1m[22m[2m Ôöé gzip:   2.75 kB[22m
[2m../dist/public/[22m[36massets/LeaveManagementDetails-DWFEGJ-h.js       [39m[1m[2m   18.14 kB[22m[1m[22m[2m Ôöé gzip:   2.55 kB[22m
[2m../dist/public/[22m[36massets/AttendanceDetails-CgNjpkWB.js            [39m[1m[2m   18.17 kB[22m[1m[22m[2m Ôöé gzip:   2.71 kB[22m
[2m../dist/public/[22m[36massets/Signup-B0E6hTBV.js                       [39m[1m[2m   18.27 kB[22m[1m[22m[2m Ôöé gzip:   3.07 kB[22m
[2m../dist/public/[22m[36massets/Budgets-BAK-L4XQ.js                      [39m[1m[2m   18.32 kB[22m[1m[22m[2m Ôöé gzip:   3.12 kB[22m
[2m../dist/public/[22m[36massets/Holidays-D4zSjyQ_.js                     [39m[1m[2m   18.49 kB[22m[1m[22m[2m Ôöé gzip:   3.03 kB[22m
[2m../dist/public/[22m[36massets/OrgCreditNoteDetail-CL9OoRHn.js          [39m[1m[2m   18.53 kB[22m[1m[22m[2m Ôöé gzip:   2.37 kB[22m
[2m../dist/public/[22m[36massets/Attendance-BPbvBKmm.js                   [39m[1m[2m   18.59 kB[22m[1m[22m[2m Ôöé gzip:   2.86 kB[22m
[2m../dist/public/[22m[36massets/SystemHealthDashboard-Dxht4zXe.js        [39m[1m[2m   18.59 kB[22m[1m[22m[2m Ôöé gzip:   2.60 kB[22m
[2m../dist/public/[22m[36massets/Products-DjUig_fG.js                     [39m[1m[2m   18.63 kB[22m[1m[22m[2m Ôöé gzip:   3.44 kB[22m
[2m../dist/public/[22m[36massets/EnterpriseSettings-JXL6ad-8.js           [39m[1m[2m   18.68 kB[22m[1m[22m[2m Ôöé gzip:   2.90 kB[22m
[2m../dist/public/[22m[36massets/EditOpportunity-CvjhufYV.js              [39m[1m[2m   18.82 kB[22m[1m[22m[2m Ôöé gzip:   2.87 kB[22m
[2m../dist/public/[22m[36massets/ContactDetails-CxmN_41D.js               [39m[1m[2m   18.83 kB[22m[1m[22m[2m Ôöé gzip:   2.27 kB[22m
[2m../dist/public/[22m[36massets/LPODetails-BJ3UuMjQ.js                   [39m[1m[2m   18.94 kB[22m[1m[22m[2m Ôöé gzip:   2.88 kB[22m
[2m../dist/public/[22m[36massets/Reminders-C4gD99TF.js                    [39m[1m[2m   19.02 kB[22m[1m[22m[2m Ôöé gzip:   2.83 kB[22m
[2m../dist/public/[22m[36massets/CreditNoteDetails-B2bKJqvy.js            [39m[1m[2m   19.26 kB[22m[1m[22m[2m Ôöé gzip:   2.87 kB[22m
[2m../dist/public/[22m[36massets/CreateServiceInvoice-C6uO1ynm.js         [39m[1m[2m   19.33 kB[22m[1m[22m[2m Ôöé gzip:   3.06 kB[22m
[2m../dist/public/[22m[36massets/OrgBudgets-YLzwL1ex.js                   [39m[1m[2m   19.38 kB[22m[1m[22m[2m Ôöé gzip:   3.14 kB[22m
[2m../dist/public/[22m[36massets/Projects-CRnUWtWF.js                     [39m[1m[2m   19.39 kB[22m[1m[22m[2m Ôöé gzip:   3.50 kB[22m
[2m../dist/public/[22m[36massets/CreateService-CHckbSa9.js                [39m[1m[2m   19.49 kB[22m[1m[22m[2m Ôöé gzip:   2.98 kB[22m
[2m../dist/public/[22m[36massets/OrgProducts-DRHifBRh.js                  [39m[1m[2m   19.59 kB[22m[1m[22m[2m Ôöé gzip:   3.45 kB[22m
[2m../dist/public/[22m[36massets/ProjectReports-CCu8UIUc.js               [39m[1m[2m   19.62 kB[22m[1m[22m[2m Ôöé gzip:   3.17 kB[22m
[2m../dist/public/[22m[36massets/ProductForm-C_jriULY.js                  [39m[1m[2m   19.64 kB[22m[1m[22m[2m Ôöé gzip:   2.48 kB[22m
[2m../dist/public/[22m[36massets/EditOrder-D8vXGwSo.js                    [39m[1m[2m   19.67 kB[22m[1m[22m[2m Ôöé gzip:   3.22 kB[22m
[2m../dist/public/[22m[36massets/OrgDepartments-C_kYX7yB.js               [39m[1m[2m   19.67 kB[22m[1m[22m[2m Ôöé gzip:   3.18 kB[22m
[2m../dist/public/[22m[36massets/OrgAttendance-rAs_3798.js                [39m[1m[2m   19.71 kB[22m[1m[22m[2m Ôöé gzip:   2.87 kB[22m
[2m../dist/public/[22m[36massets/EditDebitNote-Ct6d_0UM.js                [39m[1m[2m   19.72 kB[22m[1m[22m[2m Ôöé gzip:   3.04 kB[22m
[2m../dist/public/[22m[36massets/CreateContact-DNi6x271.js                [39m[1m[2m   19.79 kB[22m[1m[22m[2m Ôöé gzip:   2.73 kB[22m
[2m../dist/public/[22m[36massets/ClientPerformance-HQIWsUlJ.js            [39m[1m[2m   19.85 kB[22m[1m[22m[2m Ôöé gzip:   2.92 kB[22m
[2m../dist/public/[22m[36massets/OrgEditContract-qJHJ9Oue.js              [39m[1m[2m   19.96 kB[22m[1m[22m[2m Ôöé gzip:   2.95 kB[22m
[2m../dist/public/[22m[36massets/LeaveBalances-FdfCo9be.js                [39m[1m[2m   20.01 kB[22m[1m[22m[2m Ôöé gzip:   2.98 kB[22m
[2m../dist/public/[22m[36massets/SalaryStructures-CyUG5vVu.js             [39m[1m[2m   20.12 kB[22m[1m[22m[2m Ôöé gzip:   3.10 kB[22m
[2m../dist/public/[22m[36massets/TaxComplianceReports-BXkF2IfJ.js         [39m[1m[2m   20.13 kB[22m[1m[22m[2m Ôöé gzip:   2.41 kB[22m
[2m../dist/public/[22m[36massets/Contact-BBtqJbFd.js                      [39m[1m[2m   20.14 kB[22m[1m[22m[2m Ôöé gzip:   3.39 kB[22m
[2m../dist/public/[22m[36massets/EditService-DEwyXeFQ.js                  [39m[1m[2m   20.18 kB[22m[1m[22m[2m Ôöé gzip:   3.43 kB[22m
[2m../dist/public/[22m[36massets/WorkOrders-BtGea4eq.js                   [39m[1m[2m   20.20 kB[22m[1m[22m[2m Ôöé gzip:   3.50 kB[22m
[2m../dist/public/[22m[36massets/OrgProjects-Cea8ZU1G.js                  [39m[1m[2m   20.31 kB[22m[1m[22m[2m Ôöé gzip:   3.50 kB[22m
[2m../dist/public/[22m[36massets/OrgCreateServiceInvoice-MRi6qy5e.js      [39m[1m[2m   20.32 kB[22m[1m[22m[2m Ôöé gzip:   3.07 kB[22m
[2m../dist/public/[22m[36massets/CreateBenefit-Da_m_KyY.js                [39m[1m[2m   20.32 kB[22m[1m[22m[2m Ôöé gzip:   3.14 kB[22m
[2m../dist/public/[22m[36massets/IntegrationGuides-B9FtgBPZ.js            [39m[1m[2m   20.43 kB[22m[1m[22m[2m Ôöé gzip:   3.96 kB[22m
[2m../dist/public/[22m[36massets/Benefits-WQskZpW2.js                     [39m[1m[2m   20.50 kB[22m[1m[22m[2m Ôöé gzip:   3.10 kB[22m
[2m../dist/public/[22m[36massets/EditServiceInvoice-qchtBt7D.js           [39m[1m[2m   20.52 kB[22m[1m[22m[2m Ôöé gzip:   3.25 kB[22m
[2m../dist/public/[22m[36massets/About-DShZMeSy.js                        [39m[1m[2m   20.54 kB[22m[1m[22m[2m Ôöé gzip:   4.20 kB[22m
[2m../dist/public/[22m[36massets/OrgCreateService-C4iSZokd.js             [39m[1m[2m   20.55 kB[22m[1m[22m[2m Ôöé gzip:   3.00 kB[22m
[2m../dist/public/[22m[36massets/ProjectManagerDashboard-DNSsjORy.js      [39m[1m[2m   20.72 kB[22m[1m[22m[2m Ôöé gzip:   2.91 kB[22m
[2m../dist/public/[22m[36massets/OrgCreateContract-CpZWWQmC.js            [39m[1m[2m   20.74 kB[22m[1m[22m[2m Ôöé gzip:   2.95 kB[22m
[2m../dist/public/[22m[36massets/OrgEditOrder-DPYaRF4E.js                 [39m[1m[2m   20.80 kB[22m[1m[22m[2m Ôöé gzip:   3.24 kB[22m
[2m../dist/public/[22m[36massets/OrgEditDebitNote-C2v7R7fG.js             [39m[1m[2m   20.86 kB[22m[1m[22m[2m Ôöé gzip:   3.07 kB[22m
[2m../dist/public/[22m[36massets/CreateOrder-Du5676Fk.js                  [39m[1m[2m   20.90 kB[22m[1m[22m[2m Ôöé gzip:   3.22 kB[22m
[2m../dist/public/[22m[36massets/Security-C5jsPL7C.js                     [39m[1m[2m   20.98 kB[22m[1m[22m[2m Ôöé gzip:   2.69 kB[22m
[2m../dist/public/[22m[36massets/ResetPassword-hlBmw_7T.js                [39m[1m[2m   21.02 kB[22m[1m[22m[2m Ôöé gzip:   2.98 kB[22m
[2m../dist/public/[22m[36massets/EditContact-Do48UYtF.js                  [39m[1m[2m   21.04 kB[22m[1m[22m[2m Ôöé gzip:   3.00 kB[22m
[2m../dist/public/[22m[36massets/OrgCRM-Dq5LzGrx.js                       [39m[1m[2m   21.12 kB[22m[1m[22m[2m Ôöé gzip:   3.37 kB[22m
[2m../dist/public/[22m[36massets/OrgSalaryStructures-9Pk2skbk.js          [39m[1m[2m   21.15 kB[22m[1m[22m[2m Ôöé gzip:   3.12 kB[22m
[2m../dist/public/[22m[36massets/OrgEditService-D4aTAxqD.js               [39m[1m[2m   21.24 kB[22m[1m[22m[2m Ôöé gzip:   3.45 kB[22m
[2m../dist/public/[22m[36massets/AccountingManagement-B04HB3RW.js         [39m[1m[2m   21.28 kB[22m[1m[22m[2m Ôöé gzip:   3.05 kB[22m
[2m../dist/public/[22m[36massets/OrgWorkOrders-D5rtrk2l.js                [39m[1m[2m   21.32 kB[22m[1m[22m[2m Ôöé gzip:   3.52 kB[22m
[2m../dist/public/[22m[36massets/TaxInformation-D7rT6uNZ.js               [39m[1m[2m   21.45 kB[22m[1m[22m[2m Ôöé gzip:   3.14 kB[22m
[2m../dist/public/[22m[36massets/Dashboard-DZxdlLGt.js                    [39m[1m[2m   21.48 kB[22m[1m[22m[2m Ôöé gzip:   2.45 kB[22m
[2m../dist/public/[22m[36massets/EditPayroll-DuRLUDuW.js                  [39m[1m[2m   21.49 kB[22m[1m[22m[2m Ôöé gzip:   3.93 kB[22m
[2m../dist/public/[22m[36massets/Payments-CZsdktMl.js                     [39m[1m[2m   21.51 kB[22m[1m[22m[2m Ôöé gzip:   4.24 kB[22m
[2m../dist/public/[22m[36massets/EditProposal-_13qsCHZ.js                 [39m[1m[2m   21.53 kB[22m[1m[22m[2m Ôöé gzip:   3.06 kB[22m
[2m../dist/public/[22m[36massets/OrgEditServiceInvoice-BzcgrNR3.js        [39m[1m[2m   21.57 kB[22m[1m[22m[2m Ôöé gzip:   3.27 kB[22m
[2m../dist/public/[22m[36massets/TermsAndConditions-BmV04hqi.js           [39m[1m[2m   21.76 kB[22m[1m[22m[2m Ôöé gzip:   3.54 kB[22m
[2m../dist/public/[22m[36massets/Notifications-CDfVapRC.js                [39m[1m[2m   21.89 kB[22m[1m[22m[2m Ôöé gzip:   2.94 kB[22m
[2m../dist/public/[22m[36massets/Estimates-DNWQVaIM.js                    [39m[1m[2m   21.98 kB[22m[1m[22m[2m Ôöé gzip:   4.58 kB[22m
[2m../dist/public/[22m[36massets/HRReports-PllNMvdk.js                    [39m[1m[2m   22.04 kB[22m[1m[22m[2m Ôöé gzip:   3.41 kB[22m
[2m../dist/public/[22m[36massets/OrgCreateOrder-DkwO3ZNq.js               [39m[1m[2m   22.07 kB[22m[1m[22m[2m Ôöé gzip:   3.24 kB[22m
[2m../dist/public/[22m[36massets/OrgTaxCompliance-DxJqToan.js             [39m[1m[2m   22.07 kB[22m[1m[22m[2m Ôöé gzip:   2.58 kB[22m
[2m../dist/public/[22m[36massets/UserDetails-BmP9o_ou.js                  [39m[1m[2m   22.13 kB[22m[1m[22m[2m Ôöé gzip:   2.59 kB[22m
[2m../dist/public/[22m[36massets/Notes-Bl1sY7Cb.js                        [39m[1m[2m   22.21 kB[22m[1m[22m[2m Ôöé gzip:   3.72 kB[22m
[2m../dist/public/[22m[36massets/OrgEditContact-CZwsgmDY.js               [39m[1m[2m   22.26 kB[22m[1m[22m[2m Ôöé gzip:   3.01 kB[22m
[2m../dist/public/[22m[36massets/OrgEditPayroll-CWk5RFQd.js               [39m[1m[2m   22.38 kB[22m[1m[22m[2m Ôöé gzip:   3.94 kB[22m
[2m../dist/public/[22m[36massets/OrgLeaveDetail-CrzazQvW.js               [39m[1m[2m   22.56 kB[22m[1m[22m[2m Ôöé gzip:   2.80 kB[22m
[2m../dist/public/[22m[36massets/OrgPayments-BH1jrXaT.js                  [39m[1m[2m   22.58 kB[22m[1m[22m[2m Ôöé gzip:   4.25 kB[22m
[2m../dist/public/[22m[36massets/SystemLogsViewer-DuE9WfoM.js             [39m[1m[2m   22.67 kB[22m[1m[22m[2m Ôöé gzip:   3.14 kB[22m
[2m../dist/public/[22m[36massets/OrgEditProposal-BrwdRLiQ.js              [39m[1m[2m   22.76 kB[22m[1m[22m[2m Ôöé gzip:   3.08 kB[22m
[2m../dist/public/[22m[36massets/SystemHealth-CcpXR23c.js                 [39m[1m[2m   22.83 kB[22m[1m[22m[2m Ôöé gzip:   2.73 kB[22m
[2m../dist/public/[22m[36massets/OrgEstimates-DJHtTsp3.js                 [39m[1m[2m   22.99 kB[22m[1m[22m[2m Ôöé gzip:   4.60 kB[22m
[2m../dist/public/[22m[36massets/Quotes-D-U02mYI.js                       [39m[1m[2m   23.01 kB[22m[1m[22m[2m Ôöé gzip:   4.39 kB[22m
[2m../dist/public/[22m[36massets/Features-CtF5KhRt.js                     [39m[1m[2m   23.05 kB[22m[1m[22m[2m Ôöé gzip:   5.15 kB[22m
[2m../dist/public/[22m[36massets/ProposalTemplates-BVyMgOGU.js            [39m[1m[2m   23.09 kB[22m[1m[22m[2m Ôöé gzip:   3.42 kB[22m
[2m../dist/public/[22m[36massets/EditProject-BUI6jzGd.js                  [39m[1m[2m   23.23 kB[22m[1m[22m[2m Ôöé gzip:   3.37 kB[22m
[2m../dist/public/[22m[36massets/DashboardHome-RcTWum_k.js                [39m[1m[2m   23.34 kB[22m[1m[22m[2m Ôöé gzip:   3.93 kB[22m
[2m../dist/public/[22m[36massets/ContractTemplates-C7vTWuoN.js            [39m[1m[2m   23.40 kB[22m[1m[22m[2m Ôöé gzip:   3.51 kB[22m
[2m../dist/public/[22m[36massets/ActivityTrail-CbroS7sO.js                [39m[1m[2m   23.52 kB[22m[1m[22m[2m Ôöé gzip:   3.57 kB[22m
[2m../dist/public/[22m[36massets/Opportunities-BDU4ETDK.js                [39m[1m[2m   23.54 kB[22m[1m[22m[2m Ôöé gzip:   4.24 kB[22m
[2m../dist/public/[22m[36massets/EditPayment-DywGlfuP.js                  [39m[1m[2m   23.59 kB[22m[1m[22m[2m Ôöé gzip:   4.10 kB[22m
[2m../dist/public/[22m[36massets/OrgServiceInvoiceDetails-DDqHKKqL.js     [39m[1m[2m   23.60 kB[22m[1m[22m[2m Ôöé gzip:   3.03 kB[22m
[2m../dist/public/[22m[36massets/AllowancesDeductions-CnHRgU5I.js         [39m[1m[2m   23.71 kB[22m[1m[22m[2m Ôöé gzip:   3.37 kB[22m
[2m../dist/public/[22m[36massets/ChartOfAccountsHierarchy-DP6R_38n.js     [39m[1m[2m   23.78 kB[22m[1m[22m[2m Ôöé gzip:   2.93 kB[22m
[2m../dist/public/[22m[36massets/EditCreditNote-nRGbZTag.js               [39m[1m[2m   23.87 kB[22m[1m[22m[2m Ôöé gzip:   3.58 kB[22m
[2m../dist/public/[22m[36massets/OrgPricing-BIIAvM0P.js                   [39m[1m[2m   23.89 kB[22m[1m[22m[2m Ôöé gzip:   4.40 kB[22m
[2m../dist/public/[22m[36massets/OrgContractDetail-_YqDubc0.js            [39m[1m[2m   23.89 kB[22m[1m[22m[2m Ôöé gzip:   2.81 kB[22m
[2m../dist/public/[22m[36massets/Expenses-B6id4G2N.js                     [39m[1m[2m   24.09 kB[22m[1m[22m[2m Ôöé gzip:   4.53 kB[22m
[2m../dist/public/[22m[36massets/PayrollDetails-Ccc_QVCK.js               [39m[1m[2m   24.29 kB[22m[1m[22m[2m Ôöé gzip:   3.06 kB[22m
[2m../dist/public/[22m[36massets/OrgEditProject-BCyRjQc5.js               [39m[1m[2m   24.52 kB[22m[1m[22m[2m Ôöé gzip:   3.38 kB[22m
[2m../dist/public/[22m[36massets/CreatePayment-CUoUtNdT.js                [39m[1m[2m   24.52 kB[22m[1m[22m[2m Ôöé gzip:   4.01 kB[22m
[2m../dist/public/[22m[36massets/TaskDetails-BkxyGITc.js                  [39m[1m[2m   24.59 kB[22m[1m[22m[2m Ôöé gzip:   3.31 kB[22m
[2m../dist/public/[22m[36massets/OrgDashboardHome-Dg6noOgi.js             [39m[1m[2m   24.60 kB[22m[1m[22m[2m Ôöé gzip:   4.13 kB[22m
[2m../dist/public/[22m[36massets/OrgContractTemplates-CqbGG-om.js         [39m[1m[2m   24.62 kB[22m[1m[22m[2m Ôöé gzip:   3.54 kB[22m
[2m../dist/public/[22m[36massets/ExpenseBudgetReport-VA7Qb0UG.js          [39m[1m[2m   24.65 kB[22m[1m[22m[2m Ôöé gzip:   2.80 kB[22m
[2m../dist/public/[22m[36massets/OrgEditPayment-BkfdaM0s.js               [39m[1m[2m   24.69 kB[22m[1m[22m[2m Ôöé gzip:   4.12 kB[22m
[2m../dist/public/[22m[36massets/DatabaseManagement-Qh1Qg3kq.js           [39m[1m[2m   24.80 kB[22m[1m[22m[2m Ôöé gzip:   2.84 kB[22m
[2m../dist/public/[22m[36massets/Warehouses-KoJ5oFJL.js                   [39m[1m[2m   24.84 kB[22m[1m[22m[2m Ôöé gzip:   3.38 kB[22m
[2m../dist/public/[22m[36massets/OrgEditCreditNote-CWqhhG8C.js            [39m[1m[2m   25.18 kB[22m[1m[22m[2m Ôöé gzip:   3.61 kB[22m
[2m../dist/public/[22m[36massets/date-utils-COA5zMcC.js                   [39m[1m[2m   25.29 kB[22m[1m[22m[2m Ôöé gzip:   7.51 kB[22m
[2m../dist/public/[22m[36massets/OrgExpenses-X1dbVw0h.js                  [39m[1m[2m   25.30 kB[22m[1m[22m[2m Ôöé gzip:   4.55 kB[22m
[2m../dist/public/[22m[36massets/FinancialDashboard-Cjl8f8H_.js           [39m[1m[2m   25.41 kB[22m[1m[22m[2m Ôöé gzip:   3.59 kB[22m
[2m../dist/public/[22m[36massets/ExpenseBudgetReport-BoS_F9i1.js          [39m[1m[2m   25.57 kB[22m[1m[22m[2m Ôöé gzip:   3.73 kB[22m
[2m../dist/public/[22m[36massets/OrgPayrollDetails-BfJKN6Ks.js            [39m[1m[2m   25.64 kB[22m[1m[22m[2m Ôöé gzip:   3.09 kB[22m
[2m../dist/public/[22m[36massets/OrgInvoiceDetail-BLKkvjDK.js             [39m[1m[2m   25.76 kB[22m[1m[22m[2m Ôöé gzip:   3.06 kB[22m
[2m../dist/public/[22m[36massets/CreateProject-S7o9lEDe.js                [39m[1m[2m   25.93 kB[22m[1m[22m[2m Ôöé gzip:   3.53 kB[22m
[2m../dist/public/[22m[36massets/EstimateDetails-FmfKCNoU.js              [39m[1m[2m   25.95 kB[22m[1m[22m[2m Ôöé gzip:   3.78 kB[22m
[2m../dist/public/[22m[36massets/BillingDashboard-jwSkUKfM.js             [39m[1m[2m   26.17 kB[22m[1m[22m[2m Ôöé gzip:   4.22 kB[22m
[2m../dist/public/[22m[36massets/CreateCreditNote-BneeXGeq.js             [39m[1m[2m   26.23 kB[22m[1m[22m[2m Ôöé gzip:   3.84 kB[22m
[2m../dist/public/[22m[36massets/AccountantDashboard-B4jbDE2Z.js          [39m[1m[2m   26.41 kB[22m[1m[22m[2m Ôöé gzip:   3.89 kB[22m
[2m../dist/public/[22m[36massets/PrivacyPolicy-C_SJvHM7.js                [39m[1m[2m   26.41 kB[22m[1m[22m[2m Ôöé gzip:   3.94 kB[22m
[2m../dist/public/[22m[36massets/CreateUser-qKrzrKxi.js                   [39m[1m[2m   26.56 kB[22m[1m[22m[2m Ôöé gzip:   4.20 kB[22m
[2m../dist/public/[22m[36massets/DisciplinaryRecords-DTTj8iDy.js          [39m[1m[2m   26.76 kB[22m[1m[22m[2m Ôöé gzip:   3.57 kB[22m
[2m../dist/public/[22m[36massets/OrgFinancialDashboard-BJy9-O2s.js        [39m[1m[2m   26.77 kB[22m[1m[22m[2m Ôöé gzip:   3.60 kB[22m
[2m../dist/public/[22m[36massets/LeaveManagement-C2S6nmtd.js              [39m[1m[2m   26.82 kB[22m[1m[22m[2m Ôöé gzip:   3.69 kB[22m
[2m../dist/public/[22m[36massets/PerformanceReviews-3v7hMAAT.js           [39m[1m[2m   26.87 kB[22m[1m[22m[2m Ôöé gzip:   3.79 kB[22m
[2m../dist/public/[22m[36massets/EditUser-CAjpbhnx.js                     [39m[1m[2m   26.94 kB[22m[1m[22m[2m Ôöé gzip:   4.13 kB[22m
[2m../dist/public/[22m[36massets/LPOs-TAAYpXX5.js                         [39m[1m[2m   27.29 kB[22m[1m[22m[2m Ôöé gzip:   5.28 kB[22m
[2m../dist/public/[22m[36massets/Receipts-C72LCpR-.js                     [39m[1m[2m   27.30 kB[22m[1m[22m[2m Ôöé gzip:   4.82 kB[22m
[2m../dist/public/[22m[36massets/OrgWorkOrderDetail-D8b-mU2p.js           [39m[1m[2m   27.31 kB[22m[1m[22m[2m Ôöé gzip:   3.05 kB[22m
[2m../dist/public/[22m[36massets/OrgCreateProject-DV37qYdd.js             [39m[1m[2m   27.45 kB[22m[1m[22m[2m Ôöé gzip:   3.56 kB[22m
[2m../dist/public/[22m[36massets/CreateServiceTemplate-zt1gi8ji.js        [39m[1m[2m   27.50 kB[22m[1m[22m[2m Ôöé gzip:   4.03 kB[22m
[2m../dist/public/[22m[36massets/CSVImportExport-CX67DQr_.js              [39m[1m[2m   27.60 kB[22m[1m[22m[2m Ôöé gzip:   4.17 kB[22m
[2m../dist/public/[22m[36massets/OrgCreateCreditNote-DiFVS-IE.js          [39m[1m[2m   27.61 kB[22m[1m[22m[2m Ôöé gzip:   3.86 kB[22m
[2m../dist/public/[22m[36massets/TroubleshootingGuide-oSmBRhbM.js         [39m[1m[2m   27.63 kB[22m[1m[22m[2m Ôöé gzip:   5.73 kB[22m
[2m../dist/public/[22m[36massets/ReportBuilder-D-MSaPT1.js                [39m[1m[2m   27.75 kB[22m[1m[22m[2m Ôöé gzip:   3.85 kB[22m
[2m../dist/public/[22m[36massets/HRAdminDashboard-DQ0Peb2S.js             [39m[1m[2m   27.85 kB[22m[1m[22m[2m Ôöé gzip:   3.52 kB[22m
[2m../dist/public/[22m[36massets/ProjectMilestones-FQKqCsWA.js            [39m[1m[2m   27.87 kB[22m[1m[22m[2m Ôöé gzip:   4.10 kB[22m
[2m../dist/public/[22m[36massets/RecurringInvoices-DSDOZrkZ.js            [39m[1m[2m   27.97 kB[22m[1m[22m[2m Ôöé gzip:   3.93 kB[22m
[2m../dist/public/[22m[36massets/OverduePayments-B9sU_aDT.js              [39m[1m[2m   28.13 kB[22m[1m[22m[2m Ôöé gzip:   3.77 kB[22m
[2m../dist/public/[22m[36massets/OrgPerformanceReviews-DM7A6RZR.js        [39m[1m[2m   28.34 kB[22m[1m[22m[2m Ôöé gzip:   3.80 kB[22m
[2m../dist/public/[22m[36massets/UnifiedLanding-CUFifiWp.js               [39m[1m[2m   28.50 kB[22m[1m[22m[2m Ôöé gzip:   4.20 kB[22m
[2m../dist/public/[22m[36massets/DeliveryNotes-BkB9HFXN.js                [39m[1m[2m   28.71 kB[22m[1m[22m[2m Ôöé gzip:   4.48 kB[22m
[2m../dist/public/[22m[36massets/OrgLPOs-99cRhjgj.js                      [39m[1m[2m   28.74 kB[22m[1m[22m[2m Ôöé gzip:   5.31 kB[22m
[2m../dist/public/[22m[36massets/purify.es-4eNOHKSq.js                    [39m[1m[2m   28.74 kB[22m[1m[22m[2m Ôöé gzip:  11.02 kB[22m
[2m../dist/public/[22m[36massets/OrgReceipts-Cj6ZpMg5.js                  [39m[1m[2m   28.77 kB[22m[1m[22m[2m Ôöé gzip:   4.84 kB[22m
[2m../dist/public/[22m[36massets/AssetManagement-ykrJjfJA.js              [39m[1m[2m   29.04 kB[22m[1m[22m[2m Ôöé gzip:   3.94 kB[22m
[2m../dist/public/[22m[36massets/Pricing-3Rojjs60.js                      [39m[1m[2m   29.18 kB[22m[1m[22m[2m Ôöé gzip:   5.45 kB[22m
[2m../dist/public/[22m[36massets/MaintenanceAdmin-Dkk4KJYj.js             [39m[1m[2m   29.40 kB[22m[1m[22m[2m Ôöé gzip:   4.49 kB[22m
[2m../dist/public/[22m[36massets/Quotations-Cm6Yw_H4.js                   [39m[1m[2m   29.75 kB[22m[1m[22m[2m Ôöé gzip:   4.82 kB[22m
[2m../dist/public/[22m[36massets/EnhancedReceiptManagement-D_IvHJBO.js    [39m[1m[2m   30.09 kB[22m[1m[22m[2m Ôöé gzip:   4.39 kB[22m
[2m../dist/public/[22m[36massets/OrgDeliveryNotes-BnN3mQiA.js             [39m[1m[2m   30.28 kB[22m[1m[22m[2m Ôöé gzip:   4.50 kB[22m
[2m../dist/public/[22m[36massets/HRAnalyticsPage-zkOXyK9C.js              [39m[1m[2m   30.29 kB[22m[1m[22m[2m Ôöé gzip:   3.41 kB[22m
[2m../dist/public/[22m[36massets/Inventory-DiHHYUQy.js                    [39m[1m[2m   30.33 kB[22m[1m[22m[2m Ôöé gzip:   4.43 kB[22m
[2m../dist/public/[22m[36massets/PayrollApprovals-CU4jMKO4.js             [39m[1m[2m   30.70 kB[22m[1m[22m[2m Ôöé gzip:   4.03 kB[22m
[2m../dist/public/[22m[36massets/LeadsDetails-BpsSBk1x.js                 [39m[1m[2m   30.91 kB[22m[1m[22m[2m Ôöé gzip:   3.91 kB[22m
[2m../dist/public/[22m[36massets/OrgProjectDetail-BGzTVUBZ.js             [39m[1m[2m   31.17 kB[22m[1m[22m[2m Ôöé gzip:   4.86 kB[22m
[2m../dist/public/[22m[36massets/OrgQuotations-D4tT63kL.js                [39m[1m[2m   31.33 kB[22m[1m[22m[2m Ôöé gzip:   4.84 kB[22m
[2m../dist/public/[22m[36massets/GRN-Bla3sqGn.js                          [39m[1m[2m   31.42 kB[22m[1m[22m[2m Ôöé gzip:   4.72 kB[22m
[2m../dist/public/[22m[36massets/SupplierForm-A4bbeIBW.js                 [39m[1m[2m   31.47 kB[22m[1m[22m[2m Ôöé gzip:   3.60 kB[22m
[2m../dist/public/[22m[36massets/Contacts-Cv3kYgmA.js                     [39m[1m[2m   31.66 kB[22m[1m[22m[2m Ôöé gzip:   5.02 kB[22m
[2m../dist/public/[22m[36massets/Integrations-oQqKZ9zi.js                 [39m[1m[2m   31.70 kB[22m[1m[22m[2m Ôöé gzip:   4.46 kB[22m
[2m../dist/public/[22m[36massets/AdminCronJobs-CAJQcOda.js                [39m[1m[2m   31.96 kB[22m[1m[22m[2m Ôöé gzip:   4.40 kB[22m
[2m../dist/public/[22m[36massets/HRAnalytics-CxUPH0yS.js                  [39m[1m[2m   31.97 kB[22m[1m[22m[2m Ôöé gzip:   4.21 kB[22m
[2m../dist/public/[22m[36massets/OrgInventory-r4nVMPa8.js                 [39m[1m[2m   32.11 kB[22m[1m[22m[2m Ôöé gzip:   4.45 kB[22m
[2m../dist/public/[22m[36massets/GlobalSettings-CP18O8Nl.js               [39m[1m[2m   32.21 kB[22m[1m[22m[2m Ôöé gzip:   4.38 kB[22m
[2m../dist/public/[22m[36massets/CannedResponses-D6yRn45A.js              [39m[1m[2m   32.23 kB[22m[1m[22m[2m Ôöé gzip:   4.48 kB[22m
[2m../dist/public/[22m[36massets/KPITracking-BTY0AdJM.js                  [39m[1m[2m   32.38 kB[22m[1m[22m[2m Ôöé gzip:   4.46 kB[22m
[2m../dist/public/[22m[36massets/QuoteDetails-DYcCg6eo.js                 [39m[1m[2m   32.63 kB[22m[1m[22m[2m Ôöé gzip:   4.45 kB[22m
[2m../dist/public/[22m[36massets/PaymentReconciliation-CkS9yRhR.js        [39m[1m[2m   32.81 kB[22m[1m[22m[2m Ôöé gzip:   4.28 kB[22m
[2m../dist/public/[22m[36massets/TimeTracking-GBxVKeRY.js                 [39m[1m[2m   32.86 kB[22m[1m[22m[2m Ôöé gzip:   4.79 kB[22m
[2m../dist/public/[22m[36massets/CommunicationDetails-B_mftnUu.js         [39m[1m[2m   32.90 kB[22m[1m[22m[2m Ôöé gzip:   4.22 kB[22m
[2m../dist/public/[22m[36massets/Clients-C1xOzz8Y.js                      [39m[1m[2m   33.04 kB[22m[1m[22m[2m Ôöé gzip:   5.80 kB[22m
[2m../dist/public/[22m[36massets/SystemSettings-Xwhh3uDE.js               [39m[1m[2m   33.12 kB[22m[1m[22m[2m Ôöé gzip:   4.50 kB[22m
[2m../dist/public/[22m[36massets/OrgGRN-df-fX5Im.js                       [39m[1m[2m   33.37 kB[22m[1m[22m[2m Ôöé gzip:   4.74 kB[22m
[2m../dist/public/[22m[36massets/OrgContacts-DZt3jy0n.js                  [39m[1m[2m   33.37 kB[22m[1m[22m[2m Ôöé gzip:   5.00 kB[22m
[2m../dist/public/[22m[36massets/Onboarding-D_qhBtF1.js                   [39m[1m[2m   33.57 kB[22m[1m[22m[2m Ôöé gzip:   4.29 kB[22m
[2m../dist/public/[22m[36massets/ClientForm-Db19Ds7n.js                   [39m[1m[2m   33.70 kB[22m[1m[22m[2m Ôöé gzip:   3.79 kB[22m
[2m../dist/public/[22m[36massets/OrgCannedResponses-nvvr2o_v.js           [39m[1m[2m   33.99 kB[22m[1m[22m[2m Ôöé gzip:   4.51 kB[22m
[2m../dist/public/[22m[36massets/OrgTicketDetail-ByhQ9Krd.js              [39m[1m[2m   34.14 kB[22m[1m[22m[2m Ôöé gzip:   3.70 kB[22m
[2m../dist/public/[22m[36massets/BudgetDetail-B-5SEnZh.js                 [39m[1m[2m   34.22 kB[22m[1m[22m[2m Ôöé gzip:   4.79 kB[22m
[2m../dist/public/[22m[36massets/PaymentPlans-BGYqREg-.js                 [39m[1m[2m   34.44 kB[22m[1m[22m[2m Ôöé gzip:   4.67 kB[22m
[2m../dist/public/[22m[36massets/DepartmentPayrollReports-DB_twIXt.js     [39m[1m[2m   34.50 kB[22m[1m[22m[2m Ôöé gzip:   4.40 kB[22m
[2m../dist/public/[22m[36massets/BackupRestore-CTZLYcx5.js                [39m[1m[2m   34.61 kB[22m[1m[22m[2m Ôöé gzip:   4.57 kB[22m
[2m../dist/public/[22m[36massets/Invoices-CdlHcSN0.js                     [39m[1m[2m   34.98 kB[22m[1m[22m[2m Ôöé gzip:   6.33 kB[22m
[2m../dist/public/[22m[36massets/Timesheets-CbMtptnJ.js                   [39m[1m[2m   35.02 kB[22m[1m[22m[2m Ôöé gzip:   5.40 kB[22m
[2m../dist/public/[22m[36massets/Payslips-C0Z1pp3t.js                     [39m[1m[2m   35.04 kB[22m[1m[22m[2m Ôöé gzip:   4.77 kB[22m
[2m../dist/public/[22m[36massets/OrgExpenseDetail-D97LoBgK.js             [39m[1m[2m   35.10 kB[22m[1m[22m[2m Ôöé gzip:   4.29 kB[22m
[2m../dist/public/[22m[36massets/Leads-DBA_D7m3.js                        [39m[1m[2m   35.12 kB[22m[1m[22m[2m Ôöé gzip:   5.26 kB[22m
[2m../dist/public/[22m[36massets/EnhancedChangePassword-DNOEkyi7.js       [39m[1m[2m   35.30 kB[22m[1m[22m[2m Ôöé gzip:   4.37 kB[22m
[2m../dist/public/[22m[36massets/SalesPipeline-DLe6OAZh.js                [39m[1m[2m   35.32 kB[22m[1m[22m[2m Ôöé gzip:   5.14 kB[22m
[2m../dist/public/[22m[36massets/JobGroups-D_WMLmBz.js                    [39m[1m[2m   35.44 kB[22m[1m[22m[2m Ôöé gzip:   4.57 kB[22m
[2m../dist/public/[22m[36massets/Suppliers-CmtsE9YU.js                    [39m[1m[2m   35.68 kB[22m[1m[22m[2m Ôöé gzip:   5.92 kB[22m
[2m../dist/public/[22m[36massets/ExecutiveDashboard-DeWdRyYl.js           [39m[1m[2m   35.81 kB[22m[1m[22m[2m Ôöé gzip:   4.75 kB[22m
[2m../dist/public/[22m[36massets/NotificationCenter-CbjXyBBD.js           [39m[1m[2m   35.85 kB[22m[1m[22m[2m Ôöé gzip:   4.69 kB[22m
[2m../dist/public/[22m[36massets/OrgBudgetDetail-BaDlWzBk.js              [39m[1m[2m   36.17 kB[22m[1m[22m[2m Ôöé gzip:   4.82 kB[22m
[2m../dist/public/[22m[36massets/PaymentReports-D4NJoCEp.js               [39m[1m[2m   36.19 kB[22m[1m[22m[2m Ôöé gzip:   4.52 kB[22m
[2m../dist/public/[22m[36massets/OrgInvoices-CIOqC-KV.js                  [39m[1m[2m   36.60 kB[22m[1m[22m[2m Ôöé gzip:   6.31 kB[22m
[2m../dist/public/[22m[36massets/OrgTimesheets-CoKuNI_T.js                [39m[1m[2m   36.92 kB[22m[1m[22m[2m Ôöé gzip:   5.42 kB[22m
[2m../dist/public/[22m[36massets/OrgLeads-jA-Rgs76.js                     [39m[1m[2m   37.09 kB[22m[1m[22m[2m Ôöé gzip:   5.29 kB[22m
[2m../dist/public/[22m[36massets/RecurringExpenses-CEy3-meV.js            [39m[1m[2m   37.10 kB[22m[1m[22m[2m Ôöé gzip:   5.30 kB[22m
[2m../dist/public/[22m[36massets/CreateOpportunity-C8XVLTZE.js            [39m[1m[2m   37.13 kB[22m[1m[22m[2m Ôöé gzip:   4.86 kB[22m
[2m../dist/public/[22m[36massets/EmployeeContracts-D4HfSffz.js            [39m[1m[2m   37.20 kB[22m[1m[22m[2m Ôöé gzip:   4.17 kB[22m
[2m../dist/public/[22m[36massets/OrgSalesPipeline-BQidWbkp.js             [39m[1m[2m   37.20 kB[22m[1m[22m[2m Ôöé gzip:   5.17 kB[22m
[2m../dist/public/[22m[36massets/Training-BIDeWn4Q.js                     [39m[1m[2m   37.47 kB[22m[1m[22m[2m Ôöé gzip:   5.01 kB[22m
[2m../dist/public/[22m[36massets/OrgJobGroups-BwKTS9lb.js                 [39m[1m[2m   37.51 kB[22m[1m[22m[2m Ôöé gzip:   4.58 kB[22m
[2m../dist/public/[22m[36massets/OrgSuppliers-643E60Wn.js                 [39m[1m[2m   37.60 kB[22m[1m[22m[2m Ôöé gzip:   5.94 kB[22m
[2m../dist/public/[22m[36massets/pdfGenerator-C_slE7Rc.js                 [39m[1m[2m   37.65 kB[22m[1m[22m[2m Ôöé gzip:  11.12 kB[22m
[2m../dist/public/[22m[36massets/Demo-CIxjJY1S.js                         [39m[1m[2m   37.66 kB[22m[1m[22m[2m Ôöé gzip:   5.46 kB[22m
[2m../dist/public/[22m[36massets/Proposals-CCAq5tnq.js                    [39m[1m[2m   38.06 kB[22m[1m[22m[2m Ôöé gzip:   5.69 kB[22m
[2m../dist/public/[22m[36massets/Tasks-qgbV9g6K.js                        [39m[1m[2m   38.09 kB[22m[1m[22m[2m Ôöé gzip:   5.50 kB[22m
[2m../dist/public/[22m[36massets/CustomReportBuilder-B20txIEg.js          [39m[1m[2m   38.62 kB[22m[1m[22m[2m Ôöé gzip:   5.00 kB[22m
[2m../dist/public/[22m[36massets/ReceiptDetails-DBOH8h48.js               [39m[1m[2m   38.92 kB[22m[1m[22m[2m Ôöé gzip:   5.03 kB[22m
[2m../dist/public/[22m[36massets/Imprests-Edna4fM4.js                     [39m[1m[2m   39.00 kB[22m[1m[22m[2m Ôöé gzip:   6.38 kB[22m
[2m../dist/public/[22m[36massets/WorkflowAutomation-BJlEtTNX.js           [39m[1m[2m   39.01 kB[22m[1m[22m[2m Ôöé gzip:   5.02 kB[22m
[2m../dist/public/[22m[36massets/Tickets-BdjxffNI.js                      [39m[1m[2m   39.10 kB[22m[1m[22m[2m Ôöé gzip:   5.92 kB[22m
[2m../dist/public/[22m[36massets/OrgDashboard-5LdmDEzG.js                 [39m[1m[2m   39.16 kB[22m[1m[22m[2m Ôöé gzip:   5.41 kB[22m
[2m../dist/public/[22m[36massets/ExpensesDetails-DkiHzmMm.js              [39m[1m[2m   39.25 kB[22m[1m[22m[2m Ôöé gzip:   5.56 kB[22m
[2m../dist/public/[22m[36massets/SubscriptionDetails-mR3HafDz.js          [39m[1m[2m   39.45 kB[22m[1m[22m[2m Ôöé gzip:   4.52 kB[22m
[2m../dist/public/[22m[36massets/Account-CSAA8sBz.js                      [39m[1m[2m   39.54 kB[22m[1m[22m[2m Ôöé gzip:   5.08 kB[22m
[2m../dist/public/[22m[36massets/FeatureDetail-elO-fG96.js                [39m[1m[2m   39.95 kB[22m[1m[22m[2m Ôöé gzip:   7.09 kB[22m
[2m../dist/public/[22m[36massets/JobGroupDetails-CxRECskl.js              [39m[1m[2m   40.17 kB[22m[1m[22m[2m Ôöé gzip:   5.09 kB[22m
[2m../dist/public/[22m[36massets/OrgProposals-C5ykFGVF.js                 [39m[1m[2m   40.21 kB[22m[1m[22m[2m Ôöé gzip:   5.71 kB[22m
[2m../dist/public/[22m[36massets/TenantCommunications-B-ig0Seg.js         [39m[1m[2m   40.25 kB[22m[1m[22m[2m Ôöé gzip:   4.69 kB[22m
[2m../dist/public/[22m[36massets/OrgTasks-BIN7vDoD.js                     [39m[1m[2m   40.35 kB[22m[1m[22m[2m Ôöé gzip:   5.51 kB[22m
[2m../dist/public/[22m[36massets/WebsiteFooter-DImdkLpP.js                [39m[1m[2m   40.36 kB[22m[1m[22m[2m Ôöé gzip:   6.00 kB[22m
[2m../dist/public/[22m[36massets/ChartOfAccounts-Dbtych5T.js              [39m[1m[2m   40.44 kB[22m[1m[22m[2m Ôöé gzip:   5.77 kB[22m
[2m../dist/public/[22m[36massets/ProcurementLPOs-CPvoK_PS.js              [39m[1m[2m   40.49 kB[22m[1m[22m[2m Ôöé gzip:   4.70 kB[22m
[2m../dist/public/[22m[36massets/ContractManagement-ACSGMWhM.js           [39m[1m[2m   40.71 kB[22m[1m[22m[2m Ôöé gzip:   4.96 kB[22m
[2m../dist/public/[22m[36massets/HRAutomation-CLKaT7-x.js                 [39m[1m[2m   40.88 kB[22m[1m[22m[2m Ôöé gzip:   4.72 kB[22m
[2m../dist/public/[22m[36massets/BecomeAPartner-vOe4UY5i.js               [39m[1m[2m   41.05 kB[22m[1m[22m[2m Ôöé gzip:   6.90 kB[22m
[2m../dist/public/[22m[36massets/CreatePayroll-CF8MSaYF.js                [39m[1m[2m   41.06 kB[22m[1m[22m[2m Ôöé gzip:   4.82 kB[22m
[2m../dist/public/[22m[36massets/OrgImprests-C82ZWo6q.js                  [39m[1m[2m   41.14 kB[22m[1m[22m[2m Ôöé gzip:   6.41 kB[22m
[2m../dist/public/[22m[36massets/OrgTickets-D8UQ5oMk.js                   [39m[1m[2m   41.36 kB[22m[1m[22m[2m Ôöé gzip:   5.93 kB[22m
[2m../dist/public/[22m[36massets/OrgBilling-CopWtDRG.js                   [39m[1m[2m   41.68 kB[22m[1m[22m[2m Ôöé gzip:   5.81 kB[22m
[2m../dist/public/[22m[36massets/OrgChartOfAccounts-CGALPR62.js           [39m[1m[2m   42.60 kB[22m[1m[22m[2m Ôöé gzip:   5.83 kB[22m
[2m../dist/public/[22m[36massets/OrganizationUsersManagement-Cj-Wodil.js  [39m[1m[2m   42.87 kB[22m[1m[22m[2m Ôöé gzip:   5.08 kB[22m
[2m../dist/public/[22m[36massets/ThemeCustomization-2jYopWmb.js           [39m[1m[2m   43.09 kB[22m[1m[22m[2m Ôöé gzip:   5.51 kB[22m
[2m../dist/public/[22m[36massets/OrgCreatePayroll-ByfBWV-5.js             [39m[1m[2m   43.34 kB[22m[1m[22m[2m Ôöé gzip:   4.85 kB[22m
[2m../dist/public/[22m[36massets/Payroll-4WF9VT3V.js                      [39m[1m[2m   43.46 kB[22m[1m[22m[2m Ôöé gzip:   6.14 kB[22m
[2m../dist/public/[22m[36massets/ServiceDetails-CkX9WU-R.js               [39m[1m[2m   43.48 kB[22m[1m[22m[2m Ôöé gzip:   5.04 kB[22m
[2m../dist/public/[22m[36massets/ProcurementImprests-DR6pAEnr.js          [39m[1m[2m   43.87 kB[22m[1m[22m[2m Ôöé gzip:   4.61 kB[22m
[2m../dist/public/[22m[36massets/Forecasting-BjGMtm_P.js                  [39m[1m[2m   44.73 kB[22m[1m[22m[2m Ôöé gzip:   5.46 kB[22m
[2m../dist/public/[22m[36massets/SuperAdminDashboard-BdR9Mao7.js          [39m[1m[2m   44.85 kB[22m[1m[22m[2m Ôöé gzip:   6.09 kB[22m
[2m../dist/public/[22m[36massets/Roles-BqKf7t-D.js                        [39m[1m[2m   44.85 kB[22m[1m[22m[2m Ôöé gzip:   5.73 kB[22m
[2m../dist/public/[22m[36massets/Recruitment-CCPE-N8L.js                  [39m[1m[2m   45.02 kB[22m[1m[22m[2m Ôöé gzip:   5.12 kB[22m
[2m../dist/public/[22m[36massets/HRAnalyticsDashboard-bslL5DqS.js         [39m[1m[2m   45.10 kB[22m[1m[22m[2m Ôöé gzip:   4.75 kB[22m
[2m../dist/public/[22m[36massets/Orders-BwCG_K7k.js                       [39m[1m[2m   45.25 kB[22m[1m[22m[2m Ôöé gzip:   6.96 kB[22m
[2m../dist/public/[22m[36massets/CustomerPortal-Chyd8Uj8.js               [39m[1m[2m   45.62 kB[22m[1m[22m[2m Ôöé gzip:   4.95 kB[22m
[2m../dist/public/[22m[36massets/BookADemo-CNZIqjzQ.js                    [39m[1m[2m   45.86 kB[22m[1m[22m[2m Ôöé gzip:   6.94 kB[22m
[2m../dist/public/[22m[36massets/OrgPayroll-i9KWkU9g.js                   [39m[1m[2m   45.95 kB[22m[1m[22m[2m Ôöé gzip:   6.15 kB[22m
[2m../dist/public/[22m[36massets/EditExpense-tF2s1YD2.js                  [39m[1m[2m   46.34 kB[22m[1m[22m[2m Ôöé gzip:   6.98 kB[22m
[2m../dist/public/[22m[36massets/ProfessionalBudgeting-DhBKVaDq.js        [39m[1m[2m   47.03 kB[22m[1m[22m[2m Ôöé gzip:   5.89 kB[22m
[2m../dist/public/[22m[36massets/OrgForecasting-BDl-kxva.js               [39m[1m[2m   47.22 kB[22m[1m[22m[2m Ôöé gzip:   5.48 kB[22m
[2m../dist/public/[22m[36massets/CustomHomepageBuilder-r_CLB6Hj.js        [39m[1m[2m   47.53 kB[22m[1m[22m[2m Ôöé gzip:   6.61 kB[22m
[2m../dist/public/[22m[36massets/Checkout-D1AFys04.js                     [39m[1m[2m   47.72 kB[22m[1m[22m[2m Ôöé gzip:   9.54 kB[22m
[2m../dist/public/[22m[36massets/OrgOrders-V1urgFbu.js                    [39m[1m[2m   47.81 kB[22m[1m[22m[2m Ôöé gzip:   6.98 kB[22m
[2m../dist/public/[22m[36massets/OrgEditExpense-CXK_gs0b.js               [39m[1m[2m   48.63 kB[22m[1m[22m[2m Ôöé gzip:   7.01 kB[22m
[2m../dist/public/[22m[36massets/KenyanPayrollCalculator-BfbSeOlF.js      [39m[1m[2m   48.64 kB[22m[1m[22m[2m Ôöé gzip:   5.74 kB[22m
[2m../dist/public/[22m[36massets/ProcurementOrders-1GEjbezL.js            [39m[1m[2m   48.68 kB[22m[1m[22m[2m Ôöé gzip:   5.27 kB[22m
[2m../dist/public/[22m[36massets/EnterpriseTenantsManagement-C5vHvea2.js  [39m[1m[2m   48.70 kB[22m[1m[22m[2m Ôöé gzip:   5.26 kB[22m
[2m../dist/public/[22m[36massets/DepartmentDetails-Fx_6Tkng.js            [39m[1m[2m   49.26 kB[22m[1m[22m[2m Ôöé gzip:   6.37 kB[22m
[2m../dist/public/[22m[36massets/KnowledgeBase-C08lee-p.js                [39m[1m[2m   49.76 kB[22m[1m[22m[2m Ôöé gzip:   6.32 kB[22m
[2m../dist/public/[22m[36massets/OrgClientDetail-DuxhQeNy.js              [39m[1m[2m   50.27 kB[22m[1m[22m[2m Ôöé gzip:   6.37 kB[22m
[2m../dist/public/[22m[36massets/CreateCommunication-hqOGNU3-.js          [39m[1m[2m   50.28 kB[22m[1m[22m[2m Ôöé gzip:  11.29 kB[22m
[2m../dist/public/[22m[36massets/PayslipManagement-ByGSld7C.js            [39m[1m[2m   50.42 kB[22m[1m[22m[2m Ôöé gzip:   8.69 kB[22m
[2m../dist/public/[22m[36massets/StaffChat-Bf6m6VKS.js                    [39m[1m[2m   50.66 kB[22m[1m[22m[2m Ôöé gzip:   8.51 kB[22m
[2m../dist/public/[22m[36massets/Reports-BgCCw1uB.js                      [39m[1m[2m   50.96 kB[22m[1m[22m[2m Ôöé gzip:   7.21 kB[22m
[2m../dist/public/[22m[36massets/AdminDashboard-BAs8vn0p.js               [39m[1m[2m   51.11 kB[22m[1m[22m[2m Ôöé gzip:   5.95 kB[22m
[2m../dist/public/[22m[36massets/ClientPortal-Dwt59rfu.js                 [39m[1m[2m   51.22 kB[22m[1m[22m[2m Ôöé gzip:   6.37 kB[22m
[2m../dist/public/[22m[36massets/OrgCommunications-BI0Z1f6n.js            [39m[1m[2m   51.29 kB[22m[1m[22m[2m Ôöé gzip:   5.70 kB[22m
[2m../dist/public/[22m[36massets/OrgDepartmentDetails-Cd08KGWE.js         [39m[1m[2m   51.85 kB[22m[1m[22m[2m Ôöé gzip:   6.39 kB[22m
[2m../dist/public/[22m[36massets/OrgKnowledgeBase-B9J_DTN0.js             [39m[1m[2m   52.52 kB[22m[1m[22m[2m Ôöé gzip:   6.35 kB[22m
[2m../dist/public/[22m[36massets/SupplierDetails-DNFs4A8i.js              [39m[1m[2m   52.56 kB[22m[1m[22m[2m Ôöé gzip:   5.40 kB[22m
[2m../dist/public/[22m[36massets/Communications-y08bxdDP.js               [39m[1m[2m   52.99 kB[22m[1m[22m[2m Ôöé gzip:   6.44 kB[22m
[2m../dist/public/[22m[36massets/OrgStaffChat-BYleIkxc.js                 [39m[1m[2m   53.23 kB[22m[1m[22m[2m Ôöé gzip:   8.53 kB[22m
[2m../dist/public/[22m[36massets/Approvals-7Sl_i5Es.js                    [39m[1m[2m   53.31 kB[22m[1m[22m[2m Ôöé gzip:   7.01 kB[22m
[2m../dist/public/[22m[36massets/OrgReports-vMdJQPe_.js                   [39m[1m[2m   53.64 kB[22m[1m[22m[2m Ôöé gzip:   7.23 kB[22m
[2m../dist/public/[22m[36massets/DocumentTemplates-BGpHWtQD.js            [39m[1m[2m   54.52 kB[22m[1m[22m[2m Ôöé gzip:   7.95 kB[22m
[2m../dist/public/[22m[36massets/Subscriptions-CsBUauyl.js                [39m[1m[2m   54.95 kB[22m[1m[22m[2m Ôöé gzip:   6.67 kB[22m
[2m../dist/public/[22m[36massets/CreateExpense-TV5yy9-B.js                [39m[1m[2m   55.62 kB[22m[1m[22m[2m Ôöé gzip:   8.21 kB[22m
[2m../dist/public/[22m[36massets/DocumentForm-DIBwQ-ri.js                 [39m[1m[2m   56.05 kB[22m[1m[22m[2m Ôöé gzip:   7.92 kB[22m
[2m../dist/public/[22m[36massets/StaffDashboard-SNhnURca.js               [39m[1m[2m   56.20 kB[22m[1m[22m[2m Ôöé gzip:   6.52 kB[22m
[2m../dist/public/[22m[36massets/OrgApprovals-BWNapkvP.js                 [39m[1m[2m   56.21 kB[22m[1m[22m[2m Ôöé gzip:   7.03 kB[22m
[2m../dist/public/[22m[36massets/DocumentManagement-DX9oCIVu.js           [39m[1m[2m   56.28 kB[22m[1m[22m[2m Ôöé gzip:   7.17 kB[22m
[2m../dist/public/[22m[36massets/BrandCustomization-DXP0PyPp.js           [39m[1m[2m   56.53 kB[22m[1m[22m[2m Ôöé gzip:   6.57 kB[22m
[2m../dist/public/[22m[36massets/ICTDashboard-BSLXxZVp.js                 [39m[1m[2m   58.13 kB[22m[1m[22m[2m Ôöé gzip:   7.31 kB[22m
[2m../dist/public/[22m[36massets/OrgCreateExpense-DpH3kjhD.js             [39m[1m[2m   58.41 kB[22m[1m[22m[2m Ôöé gzip:   8.26 kB[22m
[2m../dist/public/[22m[36massets/BackupManagement-BUm-9K0Q.js             [39m[1m[2m   61.06 kB[22m[1m[22m[2m Ôöé gzip:   7.46 kB[22m
[2m../dist/public/[22m[36massets/lucide-react-DbDfnZmp.js                 [39m[1m[2m   61.45 kB[22m[1m[22m[2m Ôöé gzip:  18.13 kB[22m
[2m../dist/public/[22m[36massets/Employees-COPXYdMa.js                    [39m[1m[2m   61.54 kB[22m[1m[22m[2m Ôöé gzip:   8.38 kB[22m
[2m../dist/public/[22m[36massets/AccountSettings-Bh8GO2Ld.js              [39m[1m[2m   62.42 kB[22m[1m[22m[2m Ôöé gzip:   7.03 kB[22m
[2m../dist/public/[22m[36massets/AIHub-D_JS02Ps.js                        [39m[1m[2m   63.25 kB[22m[1m[22m[2m Ôöé gzip:   7.46 kB[22m
[2m../dist/public/[22m[36massets/EditEmployee-CRULI-iS.js                 [39m[1m[2m   64.49 kB[22m[1m[22m[2m Ôöé gzip:   7.95 kB[22m
[2m../dist/public/[22m[36massets/OrgEmployees-Bm9BFtXG.js                 [39m[1m[2m   65.03 kB[22m[1m[22m[2m Ôöé gzip:   8.41 kB[22m
[2m../dist/public/[22m[36massets/InvoiceDetails-DKqBV0PJ.js               [39m[1m[2m   70.06 kB[22m[1m[22m[2m Ôöé gzip:   9.10 kB[22m
[2m../dist/public/[22m[36massets/SuperAdminPricingTiers-BFTflPFk.js       [39m[1m[2m   70.16 kB[22m[1m[22m[2m Ôöé gzip:   7.90 kB[22m
[2m../dist/public/[22m[36massets/HRPayrollManagement-CfvOYYBl.js          [39m[1m[2m   74.59 kB[22m[1m[22m[2m Ôöé gzip:   8.14 kB[22m
[2m../dist/public/[22m[36massets/CreateEmployee-DVhn3PTb.js               [39m[1m[2m   77.01 kB[22m[1m[22m[2m Ôöé gzip:   8.63 kB[22m
[2m../dist/public/[22m[36massets/RichTextEditor-Iyms7VUE.js               [39m[1m[2m   80.51 kB[22m[1m[22m[2m Ôöé gzip:  11.23 kB[22m
[2m../dist/public/[22m[36massets/api-client-DETi7onZ.js                   [39m[1m[2m   85.23 kB[22m[1m[22m[2m Ôöé gzip:  23.74 kB[22m
[2m../dist/public/[22m[36massets/CreateQuote-BvVGteLd.js                  [39m[1m[2m   87.22 kB[22m[1m[22m[2m Ôöé gzip:  20.61 kB[22m
[2m../dist/public/[22m[36massets/LandingPage-B9KJh3dW.js                  [39m[1m[2m   95.13 kB[22m[1m[22m[2m Ôöé gzip:  13.36 kB[22m
[2m../dist/public/[22m[36massets/HRDashboard-Djmgta6i.js                  [39m[1m[2m   99.29 kB[22m[1m[22m[2m Ôöé gzip:  10.67 kB[22m
[2m../dist/public/[22m[36massets/AdminManagement-ChDqiBXI.js              [39m[1m[2m  102.30 kB[22m[1m[22m[2m Ôöé gzip:  12.92 kB[22m
[2m../dist/public/[22m[36massets/ClientDetails-BvzIvXSS.js                [39m[1m[2m  112.07 kB[22m[1m[22m[2m Ôöé gzip:  11.41 kB[22m
[2m../dist/public/[22m[36massets/OrgLayout-uCJc9v2g.js                    [39m[1m[2m  112.75 kB[22m[1m[22m[2m Ôöé gzip:  15.82 kB[22m
[2m../dist/public/[22m[36massets/AdminEmailTemplates-DrnsNXii.js          [39m[1m[2m  130.55 kB[22m[1m[22m[2m Ôöé gzip:  17.02 kB[22m
[2m../dist/public/[22m[36massets/ProjectDetails-D0JPkRDq.js               [39m[1m[2m  154.13 kB[22m[1m[22m[2m Ôöé gzip:  16.25 kB[22m
[2m../dist/public/[22m[36massets/index.es-D96SKc2Z.js                     [39m[1m[2m  158.79 kB[22m[1m[22m[2m Ôöé gzip:  53.05 kB[22m
[2m../dist/public/[22m[36massets/EmployeeDetails-DeO7KPVm.js              [39m[1m[2m  165.67 kB[22m[1m[22m[2m Ôöé gzip:  15.36 kB[22m
[2m../dist/public/[22m[36massets/DocumentBlockEditor-Bjjal9J8.js          [39m[1m[2m  170.27 kB[22m[1m[22m[2m Ôöé gzip:  22.11 kB[22m
[2m../dist/public/[22m[36massets/OrgEmployeeDetails-B__eeT8b.js           [39m[1m[2m  175.77 kB[22m[1m[22m[2m Ôöé gzip:  15.53 kB[22m
[2m../dist/public/[22m[36massets/html2canvas-DXEQVQnt.js                  [39m[1m[2m  201.04 kB[22m[1m[22m[2m Ôöé gzip:  47.43 kB[22m
[2m../dist/public/[22m[36massets/MultiTenancy-QGxCDd2W.js                 [39m[1m[2m  215.84 kB[22m[1m[22m[2m Ôöé gzip:  23.84 kB[22m
[2m../dist/public/[22m[36massets/WebsiteAdmin-DHkLcwSl.js                 [39m[1m[2m  231.23 kB[22m[1m[22m[2m Ôöé gzip:  22.39 kB[22m
[2m../dist/public/[22m[36massets/jspdf.es.min-a7PM9Kee.js                 [39m[1m[2m  384.80 kB[22m[1m[22m[2m Ôöé gzip: 125.62 kB[22m
[2m../dist/public/[22m[36massets/rich-editor-DQKc7IGv.js                  [39m[1m[2m  414.84 kB[22m[1m[22m[2m Ôöé gzip: 130.90 kB[22m
[2m../dist/public/[22m[36massets/xlsx-BojT3SgY.js                         [39m[1m[2m  424.38 kB[22m[1m[22m[2m Ôöé gzip: 141.60 kB[22m
[2m../dist/public/[22m[36massets/vendor-react-ui-xSDcDLNa.js              [39m[1m[2m  517.32 kB[22m[1m[22m[2m Ôöé gzip: 157.74 kB[22m
[2m../dist/public/[22m[36massets/Settings-BXfk1CMU.js                     [39m[1m[2m  754.10 kB[22m[1m[22m[2m Ôöé gzip:  87.77 kB[22m
[2m../dist/public/[22m[36massets/OrgSettings-D3FMUGFt.js                  [39m[1m[2m  790.47 kB[22m[1m[22m[2m Ôöé gzip:  87.69 kB[22m
[2m../dist/public/[22m[36massets/index-Ca92SIjV.js                        [39m[1m[33m1,078.70 kB[39m[22m[2m Ôöé gzip: 233.49 kB[22m

(!) Some chunks are larger than 1000 kB after minification. Consider:
- Using dynamic import() to code-split the application
- Use build.rollupOptions.output.manualChunks to improve chunking: https://rollupjs.org/configuration-options/#output-manualchunks
- Adjust chunk size limit for this warning via build.chunkSizeWarningLimit.
[32mÔ£ô built in 21.36s[39m

  dist\index.js  3.5mb

Done in 67ms
