Already up to date
Done in 322ms using pnpm v11.22.0
$ vite build && esbuild server/_core/index.ts --platform=node --packages=external --bundle --format=esm --outdir=dist
[36mvite v7.3.1 [32mbuilding client environment for production...[36m[39m
(node:33356) [DEP0205] DeprecationWarning: `module.register()` is deprecated. Use `module.registerHooks()` instead.
(Use `node --trace-deprecation ...` to show where the warning was created)
transforming...
[32mÔ£ô[39m 3798 modules transformed.
rendering chunks...
computing gzip size...
[2m../dist/public/[22m[32mindex.html                                      [39m[1m[2m    3.94 kB[22m[1m[22m[2m Ôöé gzip:   1.63 kB[22m
[2m../dist/public/[22m[35massets/index-CjEtrYc_.css                       [39m[1m[2m  376.80 kB[22m[1m[22m[2m Ôöé gzip:  46.47 kB[22m
[2m../dist/public/[22m[36massets/trpc-9dPuvviz.js                         [39m[1m[2m    0.07 kB[22m[1m[22m[2m Ôöé gzip:   0.09 kB[22m
[2m../dist/public/[22m[36massets/tableSort-B6IToDRb.js                    [39m[1m[2m    0.14 kB[22m[1m[22m[2m Ôöé gzip:   0.12 kB[22m
[2m../dist/public/[22m[36massets/use-toast-CwnVh-kE.js                    [39m[1m[2m    0.24 kB[22m[1m[22m[2m Ôöé gzip:   0.20 kB[22m
[2m../dist/public/[22m[36massets/LineChart-CKtXy0SU.js                    [39m[1m[2m    0.26 kB[22m[1m[22m[2m Ôöé gzip:   0.21 kB[22m
[2m../dist/public/[22m[36massets/AreaChart-ByVeZgur.js                    [39m[1m[2m    0.26 kB[22m[1m[22m[2m Ôöé gzip:   0.21 kB[22m
[2m../dist/public/[22m[36massets/communications-DPNzK-66.js               [39m[1m[2m    0.27 kB[22m[1m[22m[2m Ôöé gzip:   0.21 kB[22m
[2m../dist/public/[22m[36massets/paymentMethods-r32LliAe.js               [39m[1m[2m    0.31 kB[22m[1m[22m[2m Ôöé gzip:   0.24 kB[22m
[2m../dist/public/[22m[36massets/useUserLookup-Clnf9Xpg.js                [39m[1m[2m    0.40 kB[22m[1m[22m[2m Ôöé gzip:   0.31 kB[22m
[2m../dist/public/[22m[36massets/ComposedChart-CielX_nO.js                [39m[1m[2m    0.40 kB[22m[1m[22m[2m Ôöé gzip:   0.27 kB[22m
[2m../dist/public/[22m[36massets/skeleton-B_wvZ9bW.js                     [39m[1m[2m    0.42 kB[22m[1m[22m[2m Ôöé gzip:   0.31 kB[22m
[2m../dist/public/[22m[36massets/exportCsv-CNzVNdz4.js                    [39m[1m[2m    0.44 kB[22m[1m[22m[2m Ôöé gzip:   0.33 kB[22m
[2m../dist/public/[22m[36massets/useRequireFeature-2LSchZhv.js            [39m[1m[2m    0.44 kB[22m[1m[22m[2m Ôöé gzip:   0.32 kB[22m
[2m../dist/public/[22m[36massets/csvGenerator-BbTLt5yV.js                 [39m[1m[2m    0.45 kB[22m[1m[22m[2m Ôöé gzip:   0.29 kB[22m
[2m../dist/public/[22m[36massets/spinner-D9fyt9Fd.js                      [39m[1m[2m    0.46 kB[22m[1m[22m[2m Ôöé gzip:   0.33 kB[22m
[2m../dist/public/[22m[36massets/label-l7qPYjSp.js                        [39m[1m[2m    0.52 kB[22m[1m[22m[2m Ôöé gzip:   0.37 kB[22m
[2m../dist/public/[22m[36massets/useCompanyInfo-DTRB7ziY.js               [39m[1m[2m    0.52 kB[22m[1m[22m[2m Ôöé gzip:   0.36 kB[22m
[2m../dist/public/[22m[36massets/payslipPdf-DpT3F9Fz.js                   [39m[1m[2m    0.54 kB[22m[1m[22m[2m Ôöé gzip:   0.40 kB[22m
[2m../dist/public/[22m[36massets/export-utils-DNE5qUvj.js                 [39m[1m[2m    0.57 kB[22m[1m[22m[2m Ôöé gzip:   0.40 kB[22m
[2m../dist/public/[22m[36massets/useOrgPermission-CJUAkWsn.js             [39m[1m[2m    0.59 kB[22m[1m[22m[2m Ôöé gzip:   0.40 kB[22m
[2m../dist/public/[22m[36massets/useFavorite-DfWgNVcF.js                  [39m[1m[2m    0.59 kB[22m[1m[22m[2m Ôöé gzip:   0.36 kB[22m
[2m../dist/public/[22m[36massets/documentTemplateHelpers-CduNLrpb.js      [39m[1m[2m    0.59 kB[22m[1m[22m[2m Ôöé gzip:   0.33 kB[22m
[2m../dist/public/[22m[36massets/textarea-BJWtHi9T.js                     [39m[1m[2m    0.69 kB[22m[1m[22m[2m Ôöé gzip:   0.46 kB[22m
[2m../dist/public/[22m[36massets/activityLog-B-yh0W2G.js                  [39m[1m[2m    0.75 kB[22m[1m[22m[2m Ôöé gzip:   0.36 kB[22m
[2m../dist/public/[22m[36massets/progress-BtjOJvpH.js                     [39m[1m[2m    0.82 kB[22m[1m[22m[2m Ôöé gzip:   0.44 kB[22m
[2m../dist/public/[22m[36massets/healthScore-hLzRzKdj.js                  [39m[1m[2m    0.89 kB[22m[1m[22m[2m Ôöé gzip:   0.52 kB[22m
[2m../dist/public/[22m[36massets/collapsible-Lz7jueGH.js                  [39m[1m[2m    0.90 kB[22m[1m[22m[2m Ôöé gzip:   0.33 kB[22m
[2m../dist/public/[22m[36massets/format-XyXgtmZc.js                       [39m[1m[2m    1.15 kB[22m[1m[22m[2m Ôöé gzip:   0.55 kB[22m
[2m../dist/public/[22m[36massets/popover-DJjBKIuD.js                      [39m[1m[2m    1.20 kB[22m[1m[22m[2m Ôöé gzip:   0.58 kB[22m
[2m../dist/public/[22m[36massets/switch-BkbSAo4h.js                       [39m[1m[2m    1.27 kB[22m[1m[22m[2m Ôöé gzip:   0.60 kB[22m
[2m../dist/public/[22m[36massets/checkbox-BfPSwKh6.js                     [39m[1m[2m    1.48 kB[22m[1m[22m[2m Ôöé gzip:   0.61 kB[22m
[2m../dist/public/[22m[36massets/alert-CC2B7JRA.js                        [39m[1m[2m    1.61 kB[22m[1m[22m[2m Ôöé gzip:   0.68 kB[22m
[2m../dist/public/[22m[36massets/designSystem-BjMWY9N5.js                 [39m[1m[2m    1.76 kB[22m[1m[22m[2m Ôöé gzip:   0.66 kB[22m
[2m../dist/public/[22m[36massets/useOrgAccess-DpbSlMTp.js                 [39m[1m[2m    2.18 kB[22m[1m[22m[2m Ôöé gzip:   1.10 kB[22m
[2m../dist/public/[22m[36massets/SummaryStatCards-Bq4M-rqF.js             [39m[1m[2m    2.43 kB[22m[1m[22m[2m Ôöé gzip:   0.77 kB[22m
[2m../dist/public/[22m[36massets/accordion-wY8Z0xzd.js                    [39m[1m[2m    2.59 kB[22m[1m[22m[2m Ôöé gzip:   0.81 kB[22m
[2m../dist/public/[22m[36massets/ModuleLayout-6tvo8ko7.js                 [39m[1m[2m    2.62 kB[22m[1m[22m[2m Ôöé gzip:   0.74 kB[22m
[2m../dist/public/[22m[36massets/Messages-Q3A4cE-E.js                     [39m[1m[2m    2.69 kB[22m[1m[22m[2m Ôöé gzip:   0.83 kB[22m
[2m../dist/public/[22m[36massets/PermissionGuard-D2CMsR0G.js              [39m[1m[2m    2.71 kB[22m[1m[22m[2m Ôöé gzip:   0.78 kB[22m
[2m../dist/public/[22m[36massets/UserSelector-Cp0wC79d.js                 [39m[1m[2m    2.95 kB[22m[1m[22m[2m Ôöé gzip:   0.77 kB[22m
[2m../dist/public/[22m[36massets/actions-D9gbN8FN.js                      [39m[1m[2m    3.01 kB[22m[1m[22m[2m Ôöé gzip:   1.34 kB[22m
[2m../dist/public/[22m[36massets/DeleteConfirmationModal-B5biS5mt.js      [39m[1m[2m    3.07 kB[22m[1m[22m[2m Ôöé gzip:   0.72 kB[22m
[2m../dist/public/[22m[36massets/privateChatUtils-peaQDzDt.js             [39m[1m[2m    3.17 kB[22m[1m[22m[2m Ôöé gzip:   1.21 kB[22m
[2m../dist/public/[22m[36massets/PhoneInput-CjQDNB6K.js                   [39m[1m[2m    3.21 kB[22m[1m[22m[2m Ôöé gzip:   0.96 kB[22m
[2m../dist/public/[22m[36massets/EmployeeSelector-CSlDyDl0.js             [39m[1m[2m    3.23 kB[22m[1m[22m[2m Ôöé gzip:   0.84 kB[22m
[2m../dist/public/[22m[36massets/RoleBasedDashboard-Dt_cZWKd.js           [39m[1m[2m    3.30 kB[22m[1m[22m[2m Ôöé gzip:   0.93 kB[22m
[2m../dist/public/[22m[36massets/table-COAe90P8.js                        [39m[1m[2m    3.51 kB[22m[1m[22m[2m Ôöé gzip:   0.89 kB[22m
[2m../dist/public/[22m[36massets/stats-card-DeIdkl2f.js                   [39m[1m[2m    3.78 kB[22m[1m[22m[2m Ôöé gzip:   1.01 kB[22m
[2m../dist/public/[22m[36massets/alert-dialog-B-9rwfJa.js                 [39m[1m[2m    3.99 kB[22m[1m[22m[2m Ôöé gzip:   0.96 kB[22m
[2m../dist/public/[22m[36massets/OrgAssets-DDXY0I76.js                    [39m[1m[2m    4.14 kB[22m[1m[22m[2m Ôöé gzip:   0.88 kB[22m
[2m../dist/public/[22m[36massets/dialog-Don8rngq.js                       [39m[1m[2m    4.21 kB[22m[1m[22m[2m Ôöé gzip:   1.09 kB[22m
[2m../dist/public/[22m[36massets/OrgDocuments-Lelr36Pf.js                 [39m[1m[2m    4.26 kB[22m[1m[22m[2m Ôöé gzip:   0.88 kB[22m
[2m../dist/public/[22m[36massets/CreateReceipt-DrVMNfnj.js                [39m[1m[2m    4.35 kB[22m[1m[22m[2m Ôöé gzip:   1.55 kB[22m
[2m../dist/public/[22m[36massets/SmsQueue-DBOWOkqa.js                     [39m[1m[2m    4.35 kB[22m[1m[22m[2m Ôöé gzip:   1.18 kB[22m
[2m../dist/public/[22m[36massets/OrgCreateReceipt-CPDKG4wm.js             [39m[1m[2m    4.42 kB[22m[1m[22m[2m Ôöé gzip:   1.56 kB[22m
[2m../dist/public/[22m[36massets/OrgPurchaseOrders-dwYWMM4Q.js            [39m[1m[2m    4.43 kB[22m[1m[22m[2m Ôöé gzip:   0.89 kB[22m
[2m../dist/public/[22m[36massets/CreateClient-D_Mo55Hz.js                 [39m[1m[2m    4.48 kB[22m[1m[22m[2m Ôöé gzip:   1.57 kB[22m
[2m../dist/public/[22m[36massets/OrgCreateClient-7CFpDH_C.js              [39m[1m[2m    4.63 kB[22m[1m[22m[2m Ôöé gzip:   1.58 kB[22m
[2m../dist/public/[22m[36massets/CreateProduct-DBGRTvTK.js                [39m[1m[2m    4.64 kB[22m[1m[22m[2m Ôöé gzip:   1.50 kB[22m
[2m../dist/public/[22m[36massets/OrgCreateProduct-B5a_FH1x.js             [39m[1m[2m    4.79 kB[22m[1m[22m[2m Ôöé gzip:   1.51 kB[22m
[2m../dist/public/[22m[36massets/CreateEstimate-DgJzK0Cd.js               [39m[1m[2m    4.82 kB[22m[1m[22m[2m Ôöé gzip:   1.91 kB[22m
[2m../dist/public/[22m[36massets/OrgBreadcrumb-DuthnQNU.js                [39m[1m[2m    4.90 kB[22m[1m[22m[2m Ôöé gzip:   1.04 kB[22m
[2m../dist/public/[22m[36massets/NotFound-B2Wfidiu.js                     [39m[1m[2m    5.11 kB[22m[1m[22m[2m Ôöé gzip:   1.19 kB[22m
[2m../dist/public/[22m[36massets/OrgModulePage-BThL-1S6.js                [39m[1m[2m    5.30 kB[22m[1m[22m[2m Ôöé gzip:   1.30 kB[22m
[2m../dist/public/[22m[36massets/CreateSupplier-BK1RTMyQ.js               [39m[1m[2m    5.38 kB[22m[1m[22m[2m Ôöé gzip:   1.82 kB[22m
[2m../dist/public/[22m[36massets/CreateImprest-DtvyFWpX.js                [39m[1m[2m    5.52 kB[22m[1m[22m[2m Ôöé gzip:   1.31 kB[22m
[2m../dist/public/[22m[36massets/OrgCreateSupplier-D5Zf-Vmn.js            [39m[1m[2m    5.53 kB[22m[1m[22m[2m Ôöé gzip:   1.84 kB[22m
[2m../dist/public/[22m[36massets/BiTools-C-BHRkbf.js                      [39m[1m[2m    5.82 kB[22m[1m[22m[2m Ôöé gzip:   1.49 kB[22m
[2m../dist/public/[22m[36massets/PageHeader-CJ3nIRer.js                   [39m[1m[2m    5.85 kB[22m[1m[22m[2m Ôöé gzip:   1.27 kB[22m
[2m../dist/public/[22m[36massets/RowActionsMenu-B3BIA-3Q.js               [39m[1m[2m    5.97 kB[22m[1m[22m[2m Ôöé gzip:   1.09 kB[22m
[2m../dist/public/[22m[36massets/TenantAdminDetails-CUIeLk26.js           [39m[1m[2m    6.00 kB[22m[1m[22m[2m Ôöé gzip:   0.98 kB[22m
[2m../dist/public/[22m[36massets/data-table-controls-3UbOWgSg.js          [39m[1m[2m    6.23 kB[22m[1m[22m[2m Ôöé gzip:   1.28 kB[22m
[2m../dist/public/[22m[36massets/ServiceSearchFilter-DrgziEye.js          [39m[1m[2m    6.33 kB[22m[1m[22m[2m Ôöé gzip:   1.08 kB[22m
[2m../dist/public/[22m[36massets/TenantUserDetails-BxXsrUGQ.js            [39m[1m[2m    6.48 kB[22m[1m[22m[2m Ôöé gzip:   1.03 kB[22m
[2m../dist/public/[22m[36massets/ICTSystemSettings-B3LYg0Tp.js            [39m[1m[2m    6.90 kB[22m[1m[22m[2m Ôöé gzip:   1.51 kB[22m
[2m../dist/public/[22m[36massets/ListPageToolbar-BzzXAzrH.js              [39m[1m[2m    6.94 kB[22m[1m[22m[2m Ôöé gzip:   1.23 kB[22m
[2m../dist/public/[22m[36massets/EditReceipt-BzTxf7K5.js                  [39m[1m[2m    7.20 kB[22m[1m[22m[2m Ôöé gzip:   1.93 kB[22m
[2m../dist/public/[22m[36massets/CustomFields-B2wzAWHA.js                 [39m[1m[2m    7.30 kB[22m[1m[22m[2m Ôöé gzip:   1.31 kB[22m
[2m../dist/public/[22m[36massets/EditEstimate-QkvNYEip.js                 [39m[1m[2m    7.35 kB[22m[1m[22m[2m Ôöé gzip:   1.98 kB[22m
[2m../dist/public/[22m[36massets/OrgEditReceipt-CeMwfo5N.js               [39m[1m[2m    7.43 kB[22m[1m[22m[2m Ôöé gzip:   1.94 kB[22m
[2m../dist/public/[22m[36massets/Sales-DLlv3cT6.js                        [39m[1m[2m    7.47 kB[22m[1m[22m[2m Ôöé gzip:   1.67 kB[22m
[2m../dist/public/[22m[36massets/EnhancedBulkActions-D8BmwJnX.js          [39m[1m[2m    7.48 kB[22m[1m[22m[2m Ôöé gzip:   1.59 kB[22m
[2m../dist/public/[22m[36massets/Search-Buv86Jnt.js                       [39m[1m[2m    7.50 kB[22m[1m[22m[2m Ôöé gzip:   1.85 kB[22m
[2m../dist/public/[22m[36massets/OrgEditEstimate-BLLLo-Fx.js              [39m[1m[2m    7.54 kB[22m[1m[22m[2m Ôöé gzip:   1.99 kB[22m
[2m../dist/public/[22m[36massets/UnifiedModuleLayout-DNXvLgPb.js          [39m[1m[2m    7.66 kB[22m[1m[22m[2m Ôöé gzip:   1.44 kB[22m
[2m../dist/public/[22m[36massets/locations-CtzeVEdQ.js                    [39m[1m[2m    7.69 kB[22m[1m[22m[2m Ôöé gzip:   2.76 kB[22m
[2m../dist/public/[22m[36massets/EditInvoice-CX_Qd83M.js                  [39m[1m[2m    7.81 kB[22m[1m[22m[2m Ôöé gzip:   2.06 kB[22m
[2m../dist/public/[22m[36massets/Home-Co6LSjz6.js                         [39m[1m[2m    7.92 kB[22m[1m[22m[2m Ôöé gzip:   1.82 kB[22m
[2m../dist/public/[22m[36massets/CreateBudget-BCL4cyFr.js                 [39m[1m[2m    7.93 kB[22m[1m[22m[2m Ôöé gzip:   1.74 kB[22m
[2m../dist/public/[22m[36massets/OrgEditInvoice-Dnc69h8R.js               [39m[1m[2m    8.04 kB[22m[1m[22m[2m Ôöé gzip:   2.07 kB[22m
[2m../dist/public/[22m[36massets/TableColumnSettings-C3seZjMj.js          [39m[1m[2m    8.20 kB[22m[1m[22m[2m Ôöé gzip:   1.81 kB[22m
[2m../dist/public/[22m[36massets/LocationSelects-CFpCu-1o.js              [39m[1m[2m    8.22 kB[22m[1m[22m[2m Ôöé gzip:   1.02 kB[22m
[2m../dist/public/[22m[36massets/OrgSuperAdminDashboard-BDErU3Qc.js       [39m[1m[2m    8.31 kB[22m[1m[22m[2m Ôöé gzip:   1.60 kB[22m
[2m../dist/public/[22m[36massets/MyPayslips-D6iDEwMh.js                   [39m[1m[2m    8.82 kB[22m[1m[22m[2m Ôöé gzip:   1.67 kB[22m
[2m../dist/public/[22m[36massets/DashboardBuilderPro-BqAEUZh4.js          [39m[1m[2m    8.96 kB[22m[1m[22m[2m Ôöé gzip:   1.61 kB[22m
[2m../dist/public/[22m[36massets/EditDepartment-wRkZxIhl.js               [39m[1m[2m    9.06 kB[22m[1m[22m[2m Ôöé gzip:   1.82 kB[22m
[2m../dist/public/[22m[36massets/EditBudget-BHrkfKTS.js                   [39m[1m[2m    9.15 kB[22m[1m[22m[2m Ôöé gzip:   1.96 kB[22m
[2m../dist/public/[22m[36massets/CreditNotes-NiJdzSlG.js                  [39m[1m[2m    9.31 kB[22m[1m[22m[2m Ôöé gzip:   1.76 kB[22m
[2m../dist/public/[22m[36massets/CreateDepartment-DtxWdOf3.js             [39m[1m[2m    9.31 kB[22m[1m[22m[2m Ôöé gzip:   1.85 kB[22m
[2m../dist/public/[22m[36massets/EditClient-D8SIbkA0.js                   [39m[1m[2m    9.35 kB[22m[1m[22m[2m Ôöé gzip:   2.33 kB[22m
[2m../dist/public/[22m[36massets/OrgEditDepartment-B8F9WPOA.js            [39m[1m[2m    9.51 kB[22m[1m[22m[2m Ôöé gzip:   1.83 kB[22m
[2m../dist/public/[22m[36massets/OrgEditBudget-C1CiliNQ.js                [39m[1m[2m    9.65 kB[22m[1m[22m[2m Ôöé gzip:   1.97 kB[22m
[2m../dist/public/[22m[36massets/ICTAnalytics-loDulvRY.js                 [39m[1m[2m    9.77 kB[22m[1m[22m[2m Ôöé gzip:   1.70 kB[22m
[2m../dist/public/[22m[36massets/OrgCreateDepartment-RSdprV2d.js          [39m[1m[2m    9.79 kB[22m[1m[22m[2m Ôöé gzip:   1.86 kB[22m
[2m../dist/public/[22m[36massets/OrgCreditNotes-B1zfe6tf.js               [39m[1m[2m    9.83 kB[22m[1m[22m[2m Ôöé gzip:   1.77 kB[22m
[2m../dist/public/[22m[36massets/EditProduct-CEmd9ci-.js                  [39m[1m[2m    9.89 kB[22m[1m[22m[2m Ôöé gzip:   2.28 kB[22m
[2m../dist/public/[22m[36massets/CreateLPO-k-km6Iw7.js                    [39m[1m[2m   10.03 kB[22m[1m[22m[2m Ôöé gzip:   1.95 kB[22m
[2m../dist/public/[22m[36massets/EditSupplier-BpYXwNBK.js                 [39m[1m[2m   10.06 kB[22m[1m[22m[2m Ôöé gzip:   2.55 kB[22m
[2m../dist/public/[22m[36massets/ReportsDetails-DKPjDfSp.js               [39m[1m[2m   10.11 kB[22m[1m[22m[2m Ôöé gzip:   1.69 kB[22m
[2m../dist/public/[22m[36massets/OrgEditProduct-DI8tx2N7.js               [39m[1m[2m   10.29 kB[22m[1m[22m[2m Ôöé gzip:   2.30 kB[22m
[2m../dist/public/[22m[36massets/CreatePurchaseOrder-3tYwnL-l.js          [39m[1m[2m   10.37 kB[22m[1m[22m[2m Ôöé gzip:   1.72 kB[22m
[2m../dist/public/[22m[36massets/OrgAI-HaV6kRSG.js                        [39m[1m[2m   10.41 kB[22m[1m[22m[2m Ôöé gzip:   2.36 kB[22m
[2m../dist/public/[22m[36massets/FinancialReports-dlMZQu5_.js             [39m[1m[2m   10.41 kB[22m[1m[22m[2m Ôöé gzip:   1.72 kB[22m
[2m../dist/public/[22m[36massets/OrgEditSupplier-BDKiT1DF.js              [39m[1m[2m   10.42 kB[22m[1m[22m[2m Ôöé gzip:   2.56 kB[22m
[2m../dist/public/[22m[36massets/EmailQueue-ZHiNcFcV.js                   [39m[1m[2m   10.44 kB[22m[1m[22m[2m Ôöé gzip:   2.09 kB[22m
[2m../dist/public/[22m[36massets/ProjectAnalytics-BhnTnO99.js             [39m[1m[2m   10.55 kB[22m[1m[22m[2m Ôöé gzip:   1.96 kB[22m
[2m../dist/public/[22m[36massets/OrgCreateLPO-DVGYvJ9O.js                 [39m[1m[2m   10.61 kB[22m[1m[22m[2m Ôöé gzip:   1.96 kB[22m
[2m../dist/public/[22m[36massets/OrgProcurement-BUizPGjJ.js               [39m[1m[2m   10.80 kB[22m[1m[22m[2m Ôöé gzip:   2.28 kB[22m
[2m../dist/public/[22m[36massets/Area-BEKIxZ76.js                         [39m[1m[2m   10.80 kB[22m[1m[22m[2m Ôöé gzip:   3.98 kB[22m
[2m../dist/public/[22m[36massets/ProductDetails-CdR-G09o.js               [39m[1m[2m   10.83 kB[22m[1m[22m[2m Ôöé gzip:   1.88 kB[22m
[2m../dist/public/[22m[36massets/ChartOfAccountsDetails-C-8589z0.js       [39m[1m[2m   10.84 kB[22m[1m[22m[2m Ôöé gzip:   1.74 kB[22m
[2m../dist/public/[22m[36massets/FunnelAnalysis-DxQuFzgk.js               [39m[1m[2m   10.89 kB[22m[1m[22m[2m Ôöé gzip:   1.77 kB[22m
[2m../dist/public/[22m[36massets/OrgCreatePurchaseOrder-B4bjlxu6.js       [39m[1m[2m   10.91 kB[22m[1m[22m[2m Ôöé gzip:   1.73 kB[22m
[2m../dist/public/[22m[36massets/Line-Dp5Usksg.js                         [39m[1m[2m   10.95 kB[22m[1m[22m[2m Ôöé gzip:   4.21 kB[22m
[2m../dist/public/[22m[36massets/OrgPurchaseOrderDetail-DyG9cDZB.js       [39m[1m[2m   11.09 kB[22m[1m[22m[2m Ôöé gzip:   1.72 kB[22m
[2m../dist/public/[22m[36massets/HRDetails-xjFnYcEd.js                    [39m[1m[2m   11.20 kB[22m[1m[22m[2m Ôöé gzip:   1.96 kB[22m
[2m../dist/public/[22m[36massets/Activity-BqTghCMA.js                     [39m[1m[2m   11.38 kB[22m[1m[22m[2m Ôöé gzip:   2.65 kB[22m
[2m../dist/public/[22m[36massets/EditSalaryStructure--13QI5Nx.js          [39m[1m[2m   11.40 kB[22m[1m[22m[2m Ôöé gzip:   2.07 kB[22m
[2m../dist/public/[22m[36massets/OrgLPODetail-kn8GFyx4.js                 [39m[1m[2m   11.44 kB[22m[1m[22m[2m Ôöé gzip:   2.06 kB[22m
[2m../dist/public/[22m[36massets/CreateTicket-Cm83dn4f.js                 [39m[1m[2m   11.69 kB[22m[1m[22m[2m Ôöé gzip:   2.02 kB[22m
[2m../dist/public/[22m[36massets/CreateWarranty-iS_azlZx.js               [39m[1m[2m   11.73 kB[22m[1m[22m[2m Ôöé gzip:   1.92 kB[22m
[2m../dist/public/[22m[36massets/Scatter-BPmz7XiC.js                      [39m[1m[2m   11.80 kB[22m[1m[22m[2m Ôöé gzip:   3.78 kB[22m
[2m../dist/public/[22m[36massets/DebitNotes-AP6x9rPK.js                   [39m[1m[2m   11.84 kB[22m[1m[22m[2m Ôöé gzip:   2.85 kB[22m
[2m../dist/public/[22m[36massets/OrgEditApproval-30u3fZ4y.js              [39m[1m[2m   11.92 kB[22m[1m[22m[2m Ôöé gzip:   1.94 kB[22m
[2m../dist/public/[22m[36massets/OrgActivity-y7ST_FLe.js                  [39m[1m[2m   11.94 kB[22m[1m[22m[2m Ôöé gzip:   2.66 kB[22m
[2m../dist/public/[22m[36massets/OrgEditSalaryStructure-C7VpqRoR.js       [39m[1m[2m   11.96 kB[22m[1m[22m[2m Ôöé gzip:   2.09 kB[22m
[2m../dist/public/[22m[36massets/Login-CmI1JGGq.js                        [39m[1m[2m   11.99 kB[22m[1m[22m[2m Ôöé gzip:   2.54 kB[22m
[2m../dist/public/[22m[36massets/OrgEditPurchaseOrder-Ccv9Fm1v.js         [39m[1m[2m   12.11 kB[22m[1m[22m[2m Ôöé gzip:   2.03 kB[22m
[2m../dist/public/[22m[36massets/WarrantyDetails-DzHzzMKE.js              [39m[1m[2m   12.19 kB[22m[1m[22m[2m Ôöé gzip:   1.77 kB[22m
[2m../dist/public/[22m[36massets/AIAssistantModal-BpF74Z7e.js             [39m[1m[2m   12.22 kB[22m[1m[22m[2m Ôöé gzip:   2.26 kB[22m
[2m../dist/public/[22m[36massets/ChangePassword-DMFG-BUU.js               [39m[1m[2m   12.24 kB[22m[1m[22m[2m Ôöé gzip:   2.33 kB[22m
[2m../dist/public/[22m[36massets/OrgReceiptDetail-WG8Z-hxN.js             [39m[1m[2m   12.27 kB[22m[1m[22m[2m Ôöé gzip:   1.95 kB[22m
[2m../dist/public/[22m[36massets/CreateAttendance-DMgObDk3.js             [39m[1m[2m   12.32 kB[22m[1m[22m[2m Ôöé gzip:   2.04 kB[22m
[2m../dist/public/[22m[36massets/EditAllowance-12uPrboG.js                [39m[1m[2m   12.34 kB[22m[1m[22m[2m Ôöé gzip:   2.24 kB[22m
[2m../dist/public/[22m[36massets/OrgCreateTicket-CKRkx8IH.js              [39m[1m[2m   12.37 kB[22m[1m[22m[2m Ôöé gzip:   2.04 kB[22m
[2m../dist/public/[22m[36massets/OrgDebitNotes-Hr0qiZTT.js                [39m[1m[2m   12.38 kB[22m[1m[22m[2m Ôöé gzip:   2.86 kB[22m
[2m../dist/public/[22m[36massets/CreateLeaveRequest-CM4n_4SF.js           [39m[1m[2m   12.40 kB[22m[1m[22m[2m Ôöé gzip:   2.03 kB[22m
[2m../dist/public/[22m[36massets/EditBenefit-C7rHlEu2.js                  [39m[1m[2m   12.43 kB[22m[1m[22m[2m Ôöé gzip:   2.33 kB[22m
[2m../dist/public/[22m[36massets/CohortAnalysis-CrWjjVqL.js               [39m[1m[2m   12.43 kB[22m[1m[22m[2m Ôöé gzip:   1.81 kB[22m
[2m../dist/public/[22m[36massets/OrgQuotationDetail-CEvTHlvQ.js           [39m[1m[2m   12.48 kB[22m[1m[22m[2m Ôöé gzip:   1.95 kB[22m
[2m../dist/public/[22m[36massets/ServiceTemplates-wEIxoxpq.js             [39m[1m[2m   12.61 kB[22m[1m[22m[2m Ôöé gzip:   2.70 kB[22m
[2m../dist/public/[22m[36massets/CreateInvoice-BwolLedP.js                [39m[1m[2m   12.63 kB[22m[1m[22m[2m Ôöé gzip:   3.02 kB[22m
[2m../dist/public/[22m[36massets/DepartmentForm-Dd0cYsQV.js               [39m[1m[2m   12.71 kB[22m[1m[22m[2m Ôöé gzip:   2.06 kB[22m
[2m../dist/public/[22m[36massets/Blog-BBzzmxDC.js                         [39m[1m[2m   12.78 kB[22m[1m[22m[2m Ôöé gzip:   2.25 kB[22m
[2m../dist/public/[22m[36massets/SalesManagerDashboard-BoEOjONZ.js        [39m[1m[2m   12.81 kB[22m[1m[22m[2m Ôöé gzip:   1.72 kB[22m
[2m../dist/public/[22m[36massets/ProposalDetails-DpOXcb31.js              [39m[1m[2m   12.91 kB[22m[1m[22m[2m Ôöé gzip:   1.90 kB[22m
[2m../dist/public/[22m[36massets/Services-CNIOXMzA.js                     [39m[1m[2m   12.97 kB[22m[1m[22m[2m Ôöé gzip:   2.37 kB[22m
[2m../dist/public/[22m[36massets/OrgCreateAttendance-u5i2AAD7.js          [39m[1m[2m   12.99 kB[22m[1m[22m[2m Ôöé gzip:   2.06 kB[22m
[2m../dist/public/[22m[36massets/OrgCreateInvoice-x9vQDmqD.js             [39m[1m[2m   13.12 kB[22m[1m[22m[2m Ôöé gzip:   3.03 kB[22m
[2m../dist/public/[22m[36massets/EditDeduction-PwcAXaxJ.js                [39m[1m[2m   13.15 kB[22m[1m[22m[2m Ôöé gzip:   2.35 kB[22m
[2m../dist/public/[22m[36massets/CreateAllowance-Va3-WB_K.js              [39m[1m[2m   13.15 kB[22m[1m[22m[2m Ôöé gzip:   2.27 kB[22m
[2m../dist/public/[22m[36massets/OrgServiceTemplates-3EZOaBFo.js          [39m[1m[2m   13.19 kB[22m[1m[22m[2m Ôöé gzip:   2.72 kB[22m
[2m../dist/public/[22m[36massets/BudgetDetails-BRwVNi_e.js                [39m[1m[2m   13.19 kB[22m[1m[22m[2m Ôöé gzip:   1.99 kB[22m
[2m../dist/public/[22m[36massets/OrgEditLead-C452JIyB.js                  [39m[1m[2m   13.28 kB[22m[1m[22m[2m Ôöé gzip:   2.09 kB[22m
[2m../dist/public/[22m[36massets/TenantAdmins-Deim7PxQ.js                 [39m[1m[2m   13.39 kB[22m[1m[22m[2m Ôöé gzip:   2.00 kB[22m
[2m../dist/public/[22m[36massets/ConversionAnalytics-Bdax7yCc.js          [39m[1m[2m   13.48 kB[22m[1m[22m[2m Ôöé gzip:   2.19 kB[22m
[2m../dist/public/[22m[36massets/ProcurementManagerDashboard-BFXMPh8q.js  [39m[1m[2m   13.60 kB[22m[1m[22m[2m Ôöé gzip:   1.71 kB[22m
[2m../dist/public/[22m[36massets/TenantUsers-CbTwepRw.js                  [39m[1m[2m   13.79 kB[22m[1m[22m[2m Ôöé gzip:   2.12 kB[22m
[2m../dist/public/[22m[36massets/EditAttendance-BzMlFRVp.js               [39m[1m[2m   13.80 kB[22m[1m[22m[2m Ôöé gzip:   2.28 kB[22m
[2m../dist/public/[22m[36massets/Accounting-D3t700GT.js                   [39m[1m[2m   13.80 kB[22m[1m[22m[2m Ôöé gzip:   2.60 kB[22m
[2m../dist/public/[22m[36massets/EditTicket-_9l1OVpr.js                   [39m[1m[2m   13.91 kB[22m[1m[22m[2m Ôöé gzip:   2.27 kB[22m
[2m../dist/public/[22m[36massets/RevenueForecasting-DgDdl6IX.js           [39m[1m[2m   13.94 kB[22m[1m[22m[2m Ôöé gzip:   2.33 kB[22m
[2m../dist/public/[22m[36massets/ServiceInvoices-BdicvQBw.js              [39m[1m[2m   14.13 kB[22m[1m[22m[2m Ôöé gzip:   3.17 kB[22m
[2m../dist/public/[22m[36massets/QuotationDetails-BWFJ88ll.js             [39m[1m[2m   14.17 kB[22m[1m[22m[2m Ôöé gzip:   2.41 kB[22m
[2m../dist/public/[22m[36massets/OrgEditProcurement-DXHqggRy.js           [39m[1m[2m   14.21 kB[22m[1m[22m[2m Ôöé gzip:   2.16 kB[22m
[2m../dist/public/[22m[36massets/PaymentDetails-BQhp_5-K.js               [39m[1m[2m   14.32 kB[22m[1m[22m[2m Ôöé gzip:   2.52 kB[22m
[2m../dist/public/[22m[36massets/EditWarranty-BrsMUoZe.js                 [39m[1m[2m   14.35 kB[22m[1m[22m[2m Ôöé gzip:   2.33 kB[22m
[2m../dist/public/[22m[36massets/OrgProposalDetail-CWDWvcNW.js            [39m[1m[2m   14.36 kB[22m[1m[22m[2m Ôöé gzip:   2.11 kB[22m
[2m../dist/public/[22m[36massets/WarrantyManagement-Q3NbjwNV.js           [39m[1m[2m   14.46 kB[22m[1m[22m[2m Ôöé gzip:   2.45 kB[22m
[2m../dist/public/[22m[36massets/OrgServiceDetail-TCzDSkKR.js             [39m[1m[2m   14.46 kB[22m[1m[22m[2m Ôöé gzip:   1.89 kB[22m
[2m../dist/public/[22m[36massets/OrgAccounting-wII8JmJo.js                [39m[1m[2m   14.46 kB[22m[1m[22m[2m Ôöé gzip:   2.61 kB[22m
[2m../dist/public/[22m[36massets/OrgContactDetail-CVtpI1VL.js             [39m[1m[2m   14.51 kB[22m[1m[22m[2m Ôöé gzip:   1.91 kB[22m
[2m../dist/public/[22m[36massets/SalesReports-SjF7_pv0.js                 [39m[1m[2m   14.52 kB[22m[1m[22m[2m Ôöé gzip:   2.09 kB[22m
[2m../dist/public/[22m[36massets/OrgLeadDetail-CQcss04j.js                [39m[1m[2m   14.53 kB[22m[1m[22m[2m Ôöé gzip:   2.10 kB[22m
[2m../dist/public/[22m[36massets/OrgEditAttendance-D_eULgdz.js            [39m[1m[2m   14.53 kB[22m[1m[22m[2m Ôöé gzip:   2.30 kB[22m
[2m../dist/public/[22m[36massets/OrgPaymentDetail-Bz149rQI.js             [39m[1m[2m   14.60 kB[22m[1m[22m[2m Ôöé gzip:   2.07 kB[22m
[2m../dist/public/[22m[36massets/Documentation-Cvv4V-0J.js                [39m[1m[2m   14.60 kB[22m[1m[22m[2m Ôöé gzip:   3.11 kB[22m
[2m../dist/public/[22m[36massets/OrgEditQuotation-BbtsKtGe.js             [39m[1m[2m   14.61 kB[22m[1m[22m[2m Ôöé gzip:   2.43 kB[22m
[2m../dist/public/[22m[36massets/GRNDetails-BSywPM2j.js                   [39m[1m[2m   14.66 kB[22m[1m[22m[2m Ôöé gzip:   2.43 kB[22m
[2m../dist/public/[22m[36massets/OrgEditTicket-ybnRffin.js                [39m[1m[2m   14.74 kB[22m[1m[22m[2m Ôöé gzip:   2.29 kB[22m
[2m../dist/public/[22m[36massets/OrgServiceInvoices-D_M3FWcR.js           [39m[1m[2m   14.76 kB[22m[1m[22m[2m Ôöé gzip:   3.19 kB[22m
[2m../dist/public/[22m[36massets/OrgEstimateDetail-Sh0QVjTC.js            [39m[1m[2m   14.77 kB[22m[1m[22m[2m Ôöé gzip:   2.10 kB[22m
[2m../dist/public/[22m[36massets/HTMLEditor-Ca_wfRbY.js                   [39m[1m[2m   14.96 kB[22m[1m[22m[2m Ôöé gzip:   3.07 kB[22m
[2m../dist/public/[22m[36massets/AssetDetails-BhVSLLTH.js                 [39m[1m[2m   14.99 kB[22m[1m[22m[2m Ôöé gzip:   1.99 kB[22m
[2m../dist/public/[22m[36massets/OrgApprovalDetail-Jnx2-ZZe.js            [39m[1m[2m   14.99 kB[22m[1m[22m[2m Ôöé gzip:   2.08 kB[22m
[2m../dist/public/[22m[36massets/OrgProductDetail-F8cT6hhP.js             [39m[1m[2m   15.02 kB[22m[1m[22m[2m Ôöé gzip:   1.95 kB[22m
[2m../dist/public/[22m[36massets/OrgSubscriptions-DBxgGTgN.js             [39m[1m[2m   15.04 kB[22m[1m[22m[2m Ôöé gzip:   2.44 kB[22m
[2m../dist/public/[22m[36massets/PayslipDetails-BAveUf8N.js               [39m[1m[2m   15.22 kB[22m[1m[22m[2m Ôöé gzip:   2.71 kB[22m
[2m../dist/public/[22m[36massets/TestPDFGeneration-P3-IVuei.js            [39m[1m[2m   15.36 kB[22m[1m[22m[2m Ôöé gzip:   2.48 kB[22m
[2m../dist/public/[22m[36massets/ContractDetails-CWL-uq32.js              [39m[1m[2m   15.42 kB[22m[1m[22m[2m Ôöé gzip:   2.04 kB[22m
[2m../dist/public/[22m[36massets/OrgStaff-C9cdXKgP.js                     [39m[1m[2m   15.45 kB[22m[1m[22m[2m Ôöé gzip:   3.01 kB[22m
[2m../dist/public/[22m[36massets/OrgAttendanceDetail-CRAMytj3.js          [39m[1m[2m   15.52 kB[22m[1m[22m[2m Ôöé gzip:   2.12 kB[22m
[2m../dist/public/[22m[36massets/OrgServices-BLaYMvuK.js                  [39m[1m[2m   15.57 kB[22m[1m[22m[2m Ôöé gzip:   2.57 kB[22m
[2m../dist/public/[22m[36massets/SalaryStructureDetails-BkncuIPV.js       [39m[1m[2m   15.60 kB[22m[1m[22m[2m Ôöé gzip:   2.25 kB[22m
[2m../dist/public/[22m[36massets/EditLPO-CdwIA2xT.js                      [39m[1m[2m   15.74 kB[22m[1m[22m[2m Ôöé gzip:   2.65 kB[22m
[2m../dist/public/[22m[36massets/DeliveryNoteDetails-C18b4nyF.js          [39m[1m[2m   15.77 kB[22m[1m[22m[2m Ôöé gzip:   2.41 kB[22m
[2m../dist/public/[22m[36massets/CreateWorkOrder-TrgJI-bB.js              [39m[1m[2m   15.87 kB[22m[1m[22m[2m Ôöé gzip:   2.46 kB[22m
[2m../dist/public/[22m[36massets/OrgProcurementDetail-C1FPZ6HZ.js         [39m[1m[2m   15.91 kB[22m[1m[22m[2m Ôöé gzip:   2.14 kB[22m
[2m../dist/public/[22m[36massets/OrgOrderDetail-qHzMaV4h.js               [39m[1m[2m   15.91 kB[22m[1m[22m[2m Ôöé gzip:   2.33 kB[22m
[2m../dist/public/[22m[36massets/OrgCreateQuotation-CCiyXwc3.js           [39m[1m[2m   15.95 kB[22m[1m[22m[2m Ôöé gzip:   2.45 kB[22m
[2m../dist/public/[22m[36massets/ProcurementMaster-DGBlkM5_.js            [39m[1m[2m   15.99 kB[22m[1m[22m[2m Ôöé gzip:   2.41 kB[22m
[2m../dist/public/[22m[36massets/HR-DX8e0V6M.js                           [39m[1m[2m   16.05 kB[22m[1m[22m[2m Ôöé gzip:   3.07 kB[22m
[2m../dist/public/[22m[36massets/MFA-8io8Q-TN.js                          [39m[1m[2m   16.13 kB[22m[1m[22m[2m Ôöé gzip:   2.49 kB[22m
[2m../dist/public/[22m[36massets/OrgDebitNoteDetail-DFby_YdA.js           [39m[1m[2m   16.16 kB[22m[1m[22m[2m Ôöé gzip:   2.19 kB[22m
[2m../dist/public/[22m[36massets/EditBankReconciliation-DlKJ-d79.js       [39m[1m[2m   16.21 kB[22m[1m[22m[2m Ôöé gzip:   2.40 kB[22m
[2m../dist/public/[22m[36massets/BankReconciliation-Do7-55s4.js           [39m[1m[2m   16.21 kB[22m[1m[22m[2m Ôöé gzip:   2.70 kB[22m
[2m../dist/public/[22m[36massets/ProjectsManagement-DaJVdW5W.js           [39m[1m[2m   16.22 kB[22m[1m[22m[2m Ôöé gzip:   2.78 kB[22m
[2m../dist/public/[22m[36massets/TimesheetDetails-BmxYJ4Rp.js             [39m[1m[2m   16.38 kB[22m[1m[22m[2m Ôöé gzip:   2.14 kB[22m
[2m../dist/public/[22m[36massets/CustomerReports-iwL8PG7Q.js              [39m[1m[2m   16.38 kB[22m[1m[22m[2m Ôöé gzip:   2.73 kB[22m
[2m../dist/public/[22m[36massets/OrgSalaryStructureDetails-DsRUaoPq.js    [39m[1m[2m   16.42 kB[22m[1m[22m[2m Ôöé gzip:   2.26 kB[22m
[2m../dist/public/[22m[36massets/ImprestDetails-CArX-Csz.js               [39m[1m[2m   16.45 kB[22m[1m[22m[2m Ôöé gzip:   2.30 kB[22m
[2m../dist/public/[22m[36massets/CreateDebitNote-20McrI80.js              [39m[1m[2m   16.47 kB[22m[1m[22m[2m Ôöé gzip:   2.61 kB[22m
[2m../dist/public/[22m[36massets/OrgCreateLeave-DsWQ9Ec0.js               [39m[1m[2m   16.59 kB[22m[1m[22m[2m Ôöé gzip:   2.66 kB[22m
[2m../dist/public/[22m[36massets/ForgotPassword-DyVNeiT8.js               [39m[1m[2m   16.60 kB[22m[1m[22m[2m Ôöé gzip:   2.45 kB[22m
[2m../dist/public/[22m[36massets/OrgEditLPO-D-_0VGbx.js                   [39m[1m[2m   16.68 kB[22m[1m[22m[2m Ôöé gzip:   2.67 kB[22m
[2m../dist/public/[22m[36massets/OrgCreateWorkOrder-B6_0h-17.js           [39m[1m[2m   16.75 kB[22m[1m[22m[2m Ôöé gzip:   2.47 kB[22m
[2m../dist/public/[22m[36massets/OrgHR-C8CyzSIf.js                        [39m[1m[2m   16.85 kB[22m[1m[22m[2m Ôöé gzip:   3.09 kB[22m
[2m../dist/public/[22m[36massets/CreateSalaryStructure-CNI6lLeu.js        [39m[1m[2m   16.86 kB[22m[1m[22m[2m Ôöé gzip:   2.57 kB[22m
[2m../dist/public/[22m[36massets/InvoiceSearchFilter-CvelYGXG.js          [39m[1m[2m   16.87 kB[22m[1m[22m[2m Ôöé gzip:   1.96 kB[22m
[2m../dist/public/[22m[36massets/Departments-CSibktmC.js                  [39m[1m[2m   16.90 kB[22m[1m[22m[2m Ôöé gzip:   2.89 kB[22m
[2m../dist/public/[22m[36massets/OrgLeave-Dw9pUMsa.js                     [39m[1m[2m   16.92 kB[22m[1m[22m[2m Ôöé gzip:   3.09 kB[22m
[2m../dist/public/[22m[36massets/DebitNoteDetails-BaNqheFN.js             [39m[1m[2m   16.94 kB[22m[1m[22m[2m Ôöé gzip:   2.70 kB[22m
[2m../dist/public/[22m[36massets/Calendar-hXeWAd99.js                     [39m[1m[2m   16.97 kB[22m[1m[22m[2m Ôöé gzip:   3.16 kB[22m
[2m../dist/public/[22m[36massets/Profile-DEDBVy3d.js                      [39m[1m[2m   17.06 kB[22m[1m[22m[2m Ôöé gzip:   3.02 kB[22m
[2m../dist/public/[22m[36massets/EditLeave-CkFmnSbS.js                    [39m[1m[2m   17.07 kB[22m[1m[22m[2m Ôöé gzip:   2.68 kB[22m
[2m../dist/public/[22m[36massets/EditWorkOrder-DvzcY0Zl.js                [39m[1m[2m   17.08 kB[22m[1m[22m[2m Ôöé gzip:   2.62 kB[22m
[2m../dist/public/[22m[36massets/OrgBankReconciliation-BIw-Kf6B.js        [39m[1m[2m   17.08 kB[22m[1m[22m[2m Ôöé gzip:   2.72 kB[22m
[2m../dist/public/[22m[36massets/ChurnPrediction-Dj-AXii7.js              [39m[1m[2m   17.12 kB[22m[1m[22m[2m Ôöé gzip:   2.31 kB[22m
[2m../dist/public/[22m[36massets/EditChartOfAccounts-CFreBwsZ.js          [39m[1m[2m   17.20 kB[22m[1m[22m[2m Ôöé gzip:   2.83 kB[22m
[2m../dist/public/[22m[36massets/AdvancedAnalytics-BJYRema_.js            [39m[1m[2m   17.25 kB[22m[1m[22m[2m Ôöé gzip:   2.14 kB[22m
[2m../dist/public/[22m[36massets/documentTemplate-C5ucgxv1.js             [39m[1m[2m   17.33 kB[22m[1m[22m[2m Ôöé gzip:   4.19 kB[22m
[2m../dist/public/[22m[36massets/AuditLogs-CpNC_go8.js                    [39m[1m[2m   17.38 kB[22m[1m[22m[2m Ôöé gzip:   3.30 kB[22m
[2m../dist/public/[22m[36massets/OrgCreateProposal-B-61pWka.js            [39m[1m[2m   17.38 kB[22m[1m[22m[2m Ôöé gzip:   2.64 kB[22m
[2m../dist/public/[22m[36massets/OrgCreateDebitNote-icNI7iSj.js           [39m[1m[2m   17.41 kB[22m[1m[22m[2m Ôöé gzip:   2.64 kB[22m
[2m../dist/public/[22m[36massets/OpportunityDetails-Do4iy8hm.js           [39m[1m[2m   17.44 kB[22m[1m[22m[2m Ôöé gzip:   2.57 kB[22m
[2m../dist/public/[22m[36massets/CreateDeduction-_iPcaSfT.js              [39m[1m[2m   17.49 kB[22m[1m[22m[2m Ôöé gzip:   2.79 kB[22m
[2m../dist/public/[22m[36massets/OrgWarranty-MNXRFgli.js                  [39m[1m[2m   17.64 kB[22m[1m[22m[2m Ôöé gzip:   2.88 kB[22m
[2m../dist/public/[22m[36massets/BankReconciliationDetails-DWBxGPU2.js    [39m[1m[2m   17.65 kB[22m[1m[22m[2m Ôöé gzip:   2.24 kB[22m
[2m../dist/public/[22m[36massets/FinanceSettings-CGsPahfg.js              [39m[1m[2m   17.70 kB[22m[1m[22m[2m Ôöé gzip:   2.54 kB[22m
[2m../dist/public/[22m[36massets/OrgCreateSalaryStructure-D75Odzgl.js     [39m[1m[2m   17.71 kB[22m[1m[22m[2m Ôöé gzip:   2.58 kB[22m
[2m../dist/public/[22m[36massets/OrgSupplierDetail-Duf3rTpe.js            [39m[1m[2m   17.73 kB[22m[1m[22m[2m Ôöé gzip:   2.35 kB[22m
[2m../dist/public/[22m[36massets/UserGuide-CQ_L54aj.js                    [39m[1m[2m   17.77 kB[22m[1m[22m[2m Ôöé gzip:   3.76 kB[22m
[2m../dist/public/[22m[36massets/OrgCalendar-Dnb1qTHr.js                  [39m[1m[2m   17.87 kB[22m[1m[22m[2m Ôöé gzip:   3.17 kB[22m
[2m../dist/public/[22m[36massets/OrgContracts-6VSDQBjO.js                 [39m[1m[2m   17.89 kB[22m[1m[22m[2m Ôöé gzip:   3.24 kB[22m
[2m../dist/public/[22m[36massets/OrderDetails-CV1cEzV2.js                 [39m[1m[2m   17.98 kB[22m[1m[22m[2m Ôöé gzip:   2.44 kB[22m
[2m../dist/public/[22m[36massets/ServiceTemplateDetails-CrSOlS1x.js       [39m[1m[2m   18.02 kB[22m[1m[22m[2m Ôöé gzip:   2.58 kB[22m
[2m../dist/public/[22m[36massets/OrgEditWorkOrder-DTY_tVFW.js             [39m[1m[2m   18.03 kB[22m[1m[22m[2m Ôöé gzip:   2.65 kB[22m
[2m../dist/public/[22m[36massets/OrgCreateProcurement-Dp11BohQ.js         [39m[1m[2m   18.03 kB[22m[1m[22m[2m Ôöé gzip:   2.64 kB[22m
[2m../dist/public/[22m[36massets/OrgEditLeave-CP8q9qm_.js                 [39m[1m[2m   18.04 kB[22m[1m[22m[2m Ôöé gzip:   2.69 kB[22m
[2m../dist/public/[22m[36massets/SessionManager-4XhwUy_X.js               [39m[1m[2m   18.05 kB[22m[1m[22m[2m Ôöé gzip:   2.75 kB[22m
[2m../dist/public/[22m[36massets/LeaveManagementDetails-CMGRngXP.js       [39m[1m[2m   18.14 kB[22m[1m[22m[2m Ôöé gzip:   2.55 kB[22m
[2m../dist/public/[22m[36massets/AttendanceDetails-ncg0rR1W.js            [39m[1m[2m   18.17 kB[22m[1m[22m[2m Ôöé gzip:   2.71 kB[22m
[2m../dist/public/[22m[36massets/Signup-BZJfWDb0.js                       [39m[1m[2m   18.27 kB[22m[1m[22m[2m Ôöé gzip:   3.07 kB[22m
[2m../dist/public/[22m[36massets/Budgets-DiOg_fph.js                      [39m[1m[2m   18.32 kB[22m[1m[22m[2m Ôöé gzip:   3.12 kB[22m
[2m../dist/public/[22m[36massets/Holidays-D4GPfmbF.js                     [39m[1m[2m   18.49 kB[22m[1m[22m[2m Ôöé gzip:   3.03 kB[22m
[2m../dist/public/[22m[36massets/OrgCreditNoteDetail-fEoP10cu.js          [39m[1m[2m   18.53 kB[22m[1m[22m[2m Ôöé gzip:   2.37 kB[22m
[2m../dist/public/[22m[36massets/Attendance-BnKGqTgm.js                   [39m[1m[2m   18.59 kB[22m[1m[22m[2m Ôöé gzip:   2.85 kB[22m
[2m../dist/public/[22m[36massets/SystemHealthDashboard-CQyXVkwK.js        [39m[1m[2m   18.59 kB[22m[1m[22m[2m Ôöé gzip:   2.60 kB[22m
[2m../dist/public/[22m[36massets/Products-LWHsEdeZ.js                     [39m[1m[2m   18.63 kB[22m[1m[22m[2m Ôöé gzip:   3.43 kB[22m
[2m../dist/public/[22m[36massets/EnterpriseSettings-CrzlXMdN.js           [39m[1m[2m   18.68 kB[22m[1m[22m[2m Ôöé gzip:   2.90 kB[22m
[2m../dist/public/[22m[36massets/EditOpportunity-CBj3Chwa.js              [39m[1m[2m   18.82 kB[22m[1m[22m[2m Ôöé gzip:   2.87 kB[22m
[2m../dist/public/[22m[36massets/ContactDetails-CVvqJbnp.js               [39m[1m[2m   18.83 kB[22m[1m[22m[2m Ôöé gzip:   2.27 kB[22m
[2m../dist/public/[22m[36massets/LPODetails-DkTsUzSS.js                   [39m[1m[2m   18.94 kB[22m[1m[22m[2m Ôöé gzip:   2.88 kB[22m
[2m../dist/public/[22m[36massets/Reminders-CrWoXggL.js                    [39m[1m[2m   19.02 kB[22m[1m[22m[2m Ôöé gzip:   2.84 kB[22m
[2m../dist/public/[22m[36massets/CreditNoteDetails-BuJUVrLm.js            [39m[1m[2m   19.26 kB[22m[1m[22m[2m Ôöé gzip:   2.87 kB[22m
[2m../dist/public/[22m[36massets/CreateServiceInvoice-B0i8iXPg.js         [39m[1m[2m   19.33 kB[22m[1m[22m[2m Ôöé gzip:   3.06 kB[22m
[2m../dist/public/[22m[36massets/OrgBudgets-BkLcuGoz.js                   [39m[1m[2m   19.38 kB[22m[1m[22m[2m Ôöé gzip:   3.14 kB[22m
[2m../dist/public/[22m[36massets/Projects-LV0bkbrP.js                     [39m[1m[2m   19.39 kB[22m[1m[22m[2m Ôöé gzip:   3.50 kB[22m
[2m../dist/public/[22m[36massets/CreateService-Bgb_HCGP.js                [39m[1m[2m   19.49 kB[22m[1m[22m[2m Ôöé gzip:   2.98 kB[22m
[2m../dist/public/[22m[36massets/OrgProducts-QADoqrzH.js                  [39m[1m[2m   19.59 kB[22m[1m[22m[2m Ôöé gzip:   3.45 kB[22m
[2m../dist/public/[22m[36massets/ProjectReports-BZEN3aPi.js               [39m[1m[2m   19.62 kB[22m[1m[22m[2m Ôöé gzip:   3.16 kB[22m
[2m../dist/public/[22m[36massets/ProductForm-EZl-qUYE.js                  [39m[1m[2m   19.64 kB[22m[1m[22m[2m Ôöé gzip:   2.48 kB[22m
[2m../dist/public/[22m[36massets/EditOrder-ChDNsQvJ.js                    [39m[1m[2m   19.67 kB[22m[1m[22m[2m Ôöé gzip:   3.22 kB[22m
[2m../dist/public/[22m[36massets/OrgDepartments-CKt7AllQ.js               [39m[1m[2m   19.67 kB[22m[1m[22m[2m Ôöé gzip:   3.18 kB[22m
[2m../dist/public/[22m[36massets/OrgAttendance-JurUsBRG.js                [39m[1m[2m   19.71 kB[22m[1m[22m[2m Ôöé gzip:   2.87 kB[22m
[2m../dist/public/[22m[36massets/EditDebitNote-CFUOgQda.js                [39m[1m[2m   19.72 kB[22m[1m[22m[2m Ôöé gzip:   3.04 kB[22m
[2m../dist/public/[22m[36massets/CreateContact-CAinbpRJ.js                [39m[1m[2m   19.79 kB[22m[1m[22m[2m Ôöé gzip:   2.73 kB[22m
[2m../dist/public/[22m[36massets/ClientPerformance-BL93ojYA.js            [39m[1m[2m   19.85 kB[22m[1m[22m[2m Ôöé gzip:   2.91 kB[22m
[2m../dist/public/[22m[36massets/OrgEditContract-LdrseYsj.js              [39m[1m[2m   19.96 kB[22m[1m[22m[2m Ôöé gzip:   2.95 kB[22m
[2m../dist/public/[22m[36massets/LeaveBalances-pAnwmffX.js                [39m[1m[2m   20.01 kB[22m[1m[22m[2m Ôöé gzip:   2.98 kB[22m
[2m../dist/public/[22m[36massets/SalaryStructures-7QTtBllj.js             [39m[1m[2m   20.12 kB[22m[1m[22m[2m Ôöé gzip:   3.10 kB[22m
[2m../dist/public/[22m[36massets/TaxComplianceReports-D1WDXVQ6.js         [39m[1m[2m   20.13 kB[22m[1m[22m[2m Ôöé gzip:   2.41 kB[22m
[2m../dist/public/[22m[36massets/Contact-Cwky8Y-B.js                      [39m[1m[2m   20.14 kB[22m[1m[22m[2m Ôöé gzip:   3.40 kB[22m
[2m../dist/public/[22m[36massets/EditService-fgpsV3hp.js                  [39m[1m[2m   20.18 kB[22m[1m[22m[2m Ôöé gzip:   3.43 kB[22m
[2m../dist/public/[22m[36massets/WorkOrders-BpTsvfdS.js                   [39m[1m[2m   20.20 kB[22m[1m[22m[2m Ôöé gzip:   3.50 kB[22m
[2m../dist/public/[22m[36massets/OrgProjects-BGR0D9PK.js                  [39m[1m[2m   20.31 kB[22m[1m[22m[2m Ôöé gzip:   3.49 kB[22m
[2m../dist/public/[22m[36massets/OrgCreateServiceInvoice-DoiRDdp7.js      [39m[1m[2m   20.32 kB[22m[1m[22m[2m Ôöé gzip:   3.07 kB[22m
[2m../dist/public/[22m[36massets/CreateBenefit-C-KHeS05.js                [39m[1m[2m   20.32 kB[22m[1m[22m[2m Ôöé gzip:   3.14 kB[22m
[2m../dist/public/[22m[36massets/IntegrationGuides-BzbV8MGX.js            [39m[1m[2m   20.43 kB[22m[1m[22m[2m Ôöé gzip:   3.97 kB[22m
[2m../dist/public/[22m[36massets/Benefits-9J_G-Wyw.js                     [39m[1m[2m   20.50 kB[22m[1m[22m[2m Ôöé gzip:   3.09 kB[22m
[2m../dist/public/[22m[36massets/EditServiceInvoice-CEu7T4Sh.js           [39m[1m[2m   20.52 kB[22m[1m[22m[2m Ôöé gzip:   3.25 kB[22m
[2m../dist/public/[22m[36massets/About-CDk3mQ3P.js                        [39m[1m[2m   20.54 kB[22m[1m[22m[2m Ôöé gzip:   4.20 kB[22m
[2m../dist/public/[22m[36massets/OrgCreateService-CBhSQmoM.js             [39m[1m[2m   20.55 kB[22m[1m[22m[2m Ôöé gzip:   3.00 kB[22m
[2m../dist/public/[22m[36massets/ProjectManagerDashboard-fDlwa3X6.js      [39m[1m[2m   20.72 kB[22m[1m[22m[2m Ôöé gzip:   2.91 kB[22m
[2m../dist/public/[22m[36massets/OrgCreateContract-OUXcSUQp.js            [39m[1m[2m   20.74 kB[22m[1m[22m[2m Ôöé gzip:   2.95 kB[22m
[2m../dist/public/[22m[36massets/OrgEditOrder-ZWFw84wG.js                 [39m[1m[2m   20.80 kB[22m[1m[22m[2m Ôöé gzip:   3.24 kB[22m
[2m../dist/public/[22m[36massets/OrgEditDebitNote-C4zDhuN9.js             [39m[1m[2m   20.86 kB[22m[1m[22m[2m Ôöé gzip:   3.07 kB[22m
[2m../dist/public/[22m[36massets/CreateOrder-BmS-CvM4.js                  [39m[1m[2m   20.90 kB[22m[1m[22m[2m Ôöé gzip:   3.22 kB[22m
[2m../dist/public/[22m[36massets/Security-t-fb3Ekj.js                     [39m[1m[2m   20.98 kB[22m[1m[22m[2m Ôöé gzip:   2.69 kB[22m
[2m../dist/public/[22m[36massets/ResetPassword-BJ-pyf4O.js                [39m[1m[2m   21.02 kB[22m[1m[22m[2m Ôöé gzip:   2.98 kB[22m
[2m../dist/public/[22m[36massets/EditContact-BzkFIfhY.js                  [39m[1m[2m   21.04 kB[22m[1m[22m[2m Ôöé gzip:   3.00 kB[22m
[2m../dist/public/[22m[36massets/OrgCRM-BmNy0nCw.js                       [39m[1m[2m   21.12 kB[22m[1m[22m[2m Ôöé gzip:   3.36 kB[22m
[2m../dist/public/[22m[36massets/OrgSalaryStructures-C7egAz1i.js          [39m[1m[2m   21.15 kB[22m[1m[22m[2m Ôöé gzip:   3.12 kB[22m
[2m../dist/public/[22m[36massets/OrgEditService--QjYAqmv.js               [39m[1m[2m   21.24 kB[22m[1m[22m[2m Ôöé gzip:   3.45 kB[22m
[2m../dist/public/[22m[36massets/AccountingManagement-6OyywAx5.js         [39m[1m[2m   21.28 kB[22m[1m[22m[2m Ôöé gzip:   3.05 kB[22m
[2m../dist/public/[22m[36massets/OrgWorkOrders-ByxXLv1q.js                [39m[1m[2m   21.32 kB[22m[1m[22m[2m Ôöé gzip:   3.52 kB[22m
[2m../dist/public/[22m[36massets/TaxInformation-CFRjq-Dh.js               [39m[1m[2m   21.45 kB[22m[1m[22m[2m Ôöé gzip:   3.14 kB[22m
[2m../dist/public/[22m[36massets/Dashboard-D-MSGbfV.js                    [39m[1m[2m   21.48 kB[22m[1m[22m[2m Ôöé gzip:   2.45 kB[22m
[2m../dist/public/[22m[36massets/EditPayroll-BlV97duG.js                  [39m[1m[2m   21.49 kB[22m[1m[22m[2m Ôöé gzip:   3.93 kB[22m
[2m../dist/public/[22m[36massets/Payments-cxz3cg5s.js                     [39m[1m[2m   21.51 kB[22m[1m[22m[2m Ôöé gzip:   4.24 kB[22m
[2m../dist/public/[22m[36massets/EditProposal-3YrSm6Jh.js                 [39m[1m[2m   21.53 kB[22m[1m[22m[2m Ôöé gzip:   3.06 kB[22m
[2m../dist/public/[22m[36massets/OrgEditServiceInvoice-Cij1Axm2.js        [39m[1m[2m   21.57 kB[22m[1m[22m[2m Ôöé gzip:   3.27 kB[22m
[2m../dist/public/[22m[36massets/TermsAndConditions-guu8uI-j.js           [39m[1m[2m   21.76 kB[22m[1m[22m[2m Ôöé gzip:   3.54 kB[22m
[2m../dist/public/[22m[36massets/Notifications-g4F_gHvj.js                [39m[1m[2m   21.89 kB[22m[1m[22m[2m Ôöé gzip:   2.93 kB[22m
[2m../dist/public/[22m[36massets/Estimates-CIonDsKO.js                    [39m[1m[2m   21.98 kB[22m[1m[22m[2m Ôöé gzip:   4.58 kB[22m
[2m../dist/public/[22m[36massets/HRReports-CM0WlX7K.js                    [39m[1m[2m   22.04 kB[22m[1m[22m[2m Ôöé gzip:   3.41 kB[22m
[2m../dist/public/[22m[36massets/OrgCreateOrder-DTPs26ww.js               [39m[1m[2m   22.07 kB[22m[1m[22m[2m Ôöé gzip:   3.24 kB[22m
[2m../dist/public/[22m[36massets/OrgTaxCompliance-B3r7G4jW.js             [39m[1m[2m   22.07 kB[22m[1m[22m[2m Ôöé gzip:   2.57 kB[22m
[2m../dist/public/[22m[36massets/UserDetails-CDrrRAJ2.js                  [39m[1m[2m   22.13 kB[22m[1m[22m[2m Ôöé gzip:   2.59 kB[22m
[2m../dist/public/[22m[36massets/Notes-DX6c8tZ3.js                        [39m[1m[2m   22.21 kB[22m[1m[22m[2m Ôöé gzip:   3.72 kB[22m
[2m../dist/public/[22m[36massets/OrgEditContact-BqqDVuWG.js               [39m[1m[2m   22.26 kB[22m[1m[22m[2m Ôöé gzip:   3.01 kB[22m
[2m../dist/public/[22m[36massets/OrgEditPayroll-Dw59F9Jk.js               [39m[1m[2m   22.38 kB[22m[1m[22m[2m Ôöé gzip:   3.94 kB[22m
[2m../dist/public/[22m[36massets/OrgLeaveDetail-Dgiw7jrw.js               [39m[1m[2m   22.56 kB[22m[1m[22m[2m Ôöé gzip:   2.80 kB[22m
[2m../dist/public/[22m[36massets/OrgPayments-yey7ahex.js                  [39m[1m[2m   22.58 kB[22m[1m[22m[2m Ôöé gzip:   4.25 kB[22m
[2m../dist/public/[22m[36massets/SystemLogsViewer-BKVDmzZt.js             [39m[1m[2m   22.67 kB[22m[1m[22m[2m Ôöé gzip:   3.14 kB[22m
[2m../dist/public/[22m[36massets/OrgEditProposal-Bfr55ruR.js              [39m[1m[2m   22.76 kB[22m[1m[22m[2m Ôöé gzip:   3.08 kB[22m
[2m../dist/public/[22m[36massets/SystemHealth-B83ySES_.js                 [39m[1m[2m   22.83 kB[22m[1m[22m[2m Ôöé gzip:   2.73 kB[22m
[2m../dist/public/[22m[36massets/OrgEstimates-dTp1Hvcg.js                 [39m[1m[2m   22.99 kB[22m[1m[22m[2m Ôöé gzip:   4.60 kB[22m
[2m../dist/public/[22m[36massets/Quotes-srz_wT_s.js                       [39m[1m[2m   23.01 kB[22m[1m[22m[2m Ôöé gzip:   4.38 kB[22m
[2m../dist/public/[22m[36massets/Features-6qDw8CXd.js                     [39m[1m[2m   23.05 kB[22m[1m[22m[2m Ôöé gzip:   5.15 kB[22m
[2m../dist/public/[22m[36massets/ProposalTemplates-BSShMiJ3.js            [39m[1m[2m   23.09 kB[22m[1m[22m[2m Ôöé gzip:   3.42 kB[22m
[2m../dist/public/[22m[36massets/EditProject-BCtMtFpc.js                  [39m[1m[2m   23.23 kB[22m[1m[22m[2m Ôöé gzip:   3.37 kB[22m
[2m../dist/public/[22m[36massets/DashboardHome-D8PA5HHo.js                [39m[1m[2m   23.34 kB[22m[1m[22m[2m Ôöé gzip:   3.93 kB[22m
[2m../dist/public/[22m[36massets/ContractTemplates-CnkcY1F3.js            [39m[1m[2m   23.40 kB[22m[1m[22m[2m Ôöé gzip:   3.51 kB[22m
[2m../dist/public/[22m[36massets/ActivityTrail-CAzyNu5P.js                [39m[1m[2m   23.52 kB[22m[1m[22m[2m Ôöé gzip:   3.57 kB[22m
[2m../dist/public/[22m[36massets/Opportunities-DN-aueVp.js                [39m[1m[2m   23.54 kB[22m[1m[22m[2m Ôöé gzip:   4.24 kB[22m
[2m../dist/public/[22m[36massets/EditPayment-CWlitV24.js                  [39m[1m[2m   23.59 kB[22m[1m[22m[2m Ôöé gzip:   4.10 kB[22m
[2m../dist/public/[22m[36massets/OrgServiceInvoiceDetails-BQW2k5W7.js     [39m[1m[2m   23.60 kB[22m[1m[22m[2m Ôöé gzip:   3.03 kB[22m
[2m../dist/public/[22m[36massets/AllowancesDeductions-BolXYiY-.js         [39m[1m[2m   23.71 kB[22m[1m[22m[2m Ôöé gzip:   3.36 kB[22m
[2m../dist/public/[22m[36massets/ChartOfAccountsHierarchy-BFwA1yJx.js     [39m[1m[2m   23.78 kB[22m[1m[22m[2m Ôöé gzip:   2.93 kB[22m
[2m../dist/public/[22m[36massets/EditCreditNote-vVgZRGZs.js               [39m[1m[2m   23.87 kB[22m[1m[22m[2m Ôöé gzip:   3.58 kB[22m
[2m../dist/public/[22m[36massets/OrgPricing-szTqt75m.js                   [39m[1m[2m   23.89 kB[22m[1m[22m[2m Ôöé gzip:   4.40 kB[22m
[2m../dist/public/[22m[36massets/OrgContractDetail-CIglofzw.js            [39m[1m[2m   23.89 kB[22m[1m[22m[2m Ôöé gzip:   2.81 kB[22m
[2m../dist/public/[22m[36massets/Expenses-DT5oDw_-.js                     [39m[1m[2m   24.09 kB[22m[1m[22m[2m Ôöé gzip:   4.53 kB[22m
[2m../dist/public/[22m[36massets/PayrollDetails-D2Qthagu.js               [39m[1m[2m   24.29 kB[22m[1m[22m[2m Ôöé gzip:   3.06 kB[22m
[2m../dist/public/[22m[36massets/OrgEditProject-YZlEG2Fo.js               [39m[1m[2m   24.52 kB[22m[1m[22m[2m Ôöé gzip:   3.38 kB[22m
[2m../dist/public/[22m[36massets/CreatePayment-58niKLDQ.js                [39m[1m[2m   24.52 kB[22m[1m[22m[2m Ôöé gzip:   4.01 kB[22m
[2m../dist/public/[22m[36massets/TaskDetails-DJaHZwdl.js                  [39m[1m[2m   24.59 kB[22m[1m[22m[2m Ôöé gzip:   3.31 kB[22m
[2m../dist/public/[22m[36massets/OrgDashboardHome-DkCKjs0U.js             [39m[1m[2m   24.60 kB[22m[1m[22m[2m Ôöé gzip:   4.13 kB[22m
[2m../dist/public/[22m[36massets/OrgContractTemplates-DO8jh2cW.js         [39m[1m[2m   24.62 kB[22m[1m[22m[2m Ôöé gzip:   3.54 kB[22m
[2m../dist/public/[22m[36massets/ExpenseBudgetReport-CxHHNUc4.js          [39m[1m[2m   24.65 kB[22m[1m[22m[2m Ôöé gzip:   2.80 kB[22m
[2m../dist/public/[22m[36massets/OrgEditPayment-BMwgpz8C.js               [39m[1m[2m   24.69 kB[22m[1m[22m[2m Ôöé gzip:   4.12 kB[22m
[2m../dist/public/[22m[36massets/DatabaseManagement-C5OaVaWa.js           [39m[1m[2m   24.80 kB[22m[1m[22m[2m Ôöé gzip:   2.84 kB[22m
[2m../dist/public/[22m[36massets/Warehouses-CZWxK_D3.js                   [39m[1m[2m   24.84 kB[22m[1m[22m[2m Ôöé gzip:   3.38 kB[22m
[2m../dist/public/[22m[36massets/OrgEditCreditNote-Bm_krW3E.js            [39m[1m[2m   25.18 kB[22m[1m[22m[2m Ôöé gzip:   3.61 kB[22m
[2m../dist/public/[22m[36massets/date-utils-COA5zMcC.js                   [39m[1m[2m   25.29 kB[22m[1m[22m[2m Ôöé gzip:   7.51 kB[22m
[2m../dist/public/[22m[36massets/OrgExpenses-BerrMUh_.js                  [39m[1m[2m   25.30 kB[22m[1m[22m[2m Ôöé gzip:   4.55 kB[22m
[2m../dist/public/[22m[36massets/FinancialDashboard-BCvWqfEX.js           [39m[1m[2m   25.41 kB[22m[1m[22m[2m Ôöé gzip:   3.59 kB[22m
[2m../dist/public/[22m[36massets/ExpenseBudgetReport-CQzAbMaw.js          [39m[1m[2m   25.57 kB[22m[1m[22m[2m Ôöé gzip:   3.73 kB[22m
[2m../dist/public/[22m[36massets/OrgPayrollDetails-srdpKmDn.js            [39m[1m[2m   25.64 kB[22m[1m[22m[2m Ôöé gzip:   3.09 kB[22m
[2m../dist/public/[22m[36massets/OrgInvoiceDetail-CxLIjWZY.js             [39m[1m[2m   25.76 kB[22m[1m[22m[2m Ôöé gzip:   3.06 kB[22m
[2m../dist/public/[22m[36massets/CreateProject-D7gqi5q9.js                [39m[1m[2m   25.93 kB[22m[1m[22m[2m Ôöé gzip:   3.53 kB[22m
[2m../dist/public/[22m[36massets/EstimateDetails-C6V-Z5Si.js              [39m[1m[2m   25.95 kB[22m[1m[22m[2m Ôöé gzip:   3.78 kB[22m
[2m../dist/public/[22m[36massets/BillingDashboard-CSeJ4fvD.js             [39m[1m[2m   26.17 kB[22m[1m[22m[2m Ôöé gzip:   4.22 kB[22m
[2m../dist/public/[22m[36massets/CreateCreditNote-Be-DNtt0.js             [39m[1m[2m   26.23 kB[22m[1m[22m[2m Ôöé gzip:   3.84 kB[22m
[2m../dist/public/[22m[36massets/AccountantDashboard-BvMN3xdA.js          [39m[1m[2m   26.41 kB[22m[1m[22m[2m Ôöé gzip:   3.89 kB[22m
[2m../dist/public/[22m[36massets/PrivacyPolicy-BAV4sr_h.js                [39m[1m[2m   26.41 kB[22m[1m[22m[2m Ôöé gzip:   3.94 kB[22m
[2m../dist/public/[22m[36massets/CreateUser-fAQlUl6Z.js                   [39m[1m[2m   26.56 kB[22m[1m[22m[2m Ôöé gzip:   4.20 kB[22m
[2m../dist/public/[22m[36massets/DisciplinaryRecords-0wpMo6l1.js          [39m[1m[2m   26.76 kB[22m[1m[22m[2m Ôöé gzip:   3.57 kB[22m
[2m../dist/public/[22m[36massets/OrgFinancialDashboard-DfJ3_FE3.js        [39m[1m[2m   26.77 kB[22m[1m[22m[2m Ôöé gzip:   3.60 kB[22m
[2m../dist/public/[22m[36massets/LeaveManagement-CUxt9PEs.js              [39m[1m[2m   26.82 kB[22m[1m[22m[2m Ôöé gzip:   3.69 kB[22m
[2m../dist/public/[22m[36massets/PerformanceReviews-DvtBqTVA.js           [39m[1m[2m   26.87 kB[22m[1m[22m[2m Ôöé gzip:   3.78 kB[22m
[2m../dist/public/[22m[36massets/EditUser-CfNIJgIc.js                     [39m[1m[2m   26.94 kB[22m[1m[22m[2m Ôöé gzip:   4.13 kB[22m
[2m../dist/public/[22m[36massets/LPOs-DIB8Z9LH.js                         [39m[1m[2m   27.29 kB[22m[1m[22m[2m Ôöé gzip:   5.28 kB[22m
[2m../dist/public/[22m[36massets/Receipts-CIKArwTa.js                     [39m[1m[2m   27.30 kB[22m[1m[22m[2m Ôöé gzip:   4.82 kB[22m
[2m../dist/public/[22m[36massets/OrgWorkOrderDetail-DS_QwDrc.js           [39m[1m[2m   27.31 kB[22m[1m[22m[2m Ôöé gzip:   3.05 kB[22m
[2m../dist/public/[22m[36massets/OrgCreateProject-C0QoW4jH.js             [39m[1m[2m   27.45 kB[22m[1m[22m[2m Ôöé gzip:   3.56 kB[22m
[2m../dist/public/[22m[36massets/CreateServiceTemplate-CfmEPBf0.js        [39m[1m[2m   27.50 kB[22m[1m[22m[2m Ôöé gzip:   4.03 kB[22m
[2m../dist/public/[22m[36massets/OrgCreateCreditNote-BosnkxgA.js          [39m[1m[2m   27.61 kB[22m[1m[22m[2m Ôöé gzip:   3.86 kB[22m
[2m../dist/public/[22m[36massets/TroubleshootingGuide-Dot6gNkX.js         [39m[1m[2m   27.63 kB[22m[1m[22m[2m Ôöé gzip:   5.73 kB[22m
[2m../dist/public/[22m[36massets/ReportBuilder-BolBJmEu.js                [39m[1m[2m   27.75 kB[22m[1m[22m[2m Ôöé gzip:   3.85 kB[22m
[2m../dist/public/[22m[36massets/HRAdminDashboard-C-wAOtYH.js             [39m[1m[2m   27.85 kB[22m[1m[22m[2m Ôöé gzip:   3.51 kB[22m
[2m../dist/public/[22m[36massets/ProjectMilestones-tDyswMbB.js            [39m[1m[2m   27.87 kB[22m[1m[22m[2m Ôöé gzip:   4.10 kB[22m
[2m../dist/public/[22m[36massets/RecurringInvoices-BtlTnWyV.js            [39m[1m[2m   27.97 kB[22m[1m[22m[2m Ôöé gzip:   3.93 kB[22m
[2m../dist/public/[22m[36massets/OverduePayments-DrPA6ONL.js              [39m[1m[2m   28.13 kB[22m[1m[22m[2m Ôöé gzip:   3.77 kB[22m
[2m../dist/public/[22m[36massets/OrgPerformanceReviews-DkzCeTW-.js        [39m[1m[2m   28.34 kB[22m[1m[22m[2m Ôöé gzip:   3.80 kB[22m
[2m../dist/public/[22m[36massets/UnifiedLanding-JdLEt-xY.js               [39m[1m[2m   28.50 kB[22m[1m[22m[2m Ôöé gzip:   4.20 kB[22m
[2m../dist/public/[22m[36massets/DeliveryNotes-Cyd4MOnn.js                [39m[1m[2m   28.71 kB[22m[1m[22m[2m Ôöé gzip:   4.48 kB[22m
[2m../dist/public/[22m[36massets/OrgLPOs-CphaOV-L.js                      [39m[1m[2m   28.74 kB[22m[1m[22m[2m Ôöé gzip:   5.31 kB[22m
[2m../dist/public/[22m[36massets/purify.es-4eNOHKSq.js                    [39m[1m[2m   28.74 kB[22m[1m[22m[2m Ôöé gzip:  11.02 kB[22m
[2m../dist/public/[22m[36massets/OrgReceipts-bW9_BZDx.js                  [39m[1m[2m   28.77 kB[22m[1m[22m[2m Ôöé gzip:   4.83 kB[22m
[2m../dist/public/[22m[36massets/AssetManagement-D9AaM-gh.js              [39m[1m[2m   29.04 kB[22m[1m[22m[2m Ôöé gzip:   3.94 kB[22m
[2m../dist/public/[22m[36massets/Pricing-DBuITe01.js                      [39m[1m[2m   29.18 kB[22m[1m[22m[2m Ôöé gzip:   5.45 kB[22m
[2m../dist/public/[22m[36massets/MaintenanceAdmin-C443yEto.js             [39m[1m[2m   29.40 kB[22m[1m[22m[2m Ôöé gzip:   4.49 kB[22m
[2m../dist/public/[22m[36massets/Quotations-ugL1X6Hx.js                   [39m[1m[2m   29.75 kB[22m[1m[22m[2m Ôöé gzip:   4.82 kB[22m
[2m../dist/public/[22m[36massets/EnhancedReceiptManagement-BJSXoqZ5.js    [39m[1m[2m   30.09 kB[22m[1m[22m[2m Ôöé gzip:   4.39 kB[22m
[2m../dist/public/[22m[36massets/OrgDeliveryNotes-zP_84wwp.js             [39m[1m[2m   30.28 kB[22m[1m[22m[2m Ôöé gzip:   4.49 kB[22m
[2m../dist/public/[22m[36massets/HRAnalyticsPage-BN1FclZn.js              [39m[1m[2m   30.29 kB[22m[1m[22m[2m Ôöé gzip:   3.41 kB[22m
[2m../dist/public/[22m[36massets/Inventory-Ge2ztojp.js                    [39m[1m[2m   30.33 kB[22m[1m[22m[2m Ôöé gzip:   4.43 kB[22m
[2m../dist/public/[22m[36massets/PayrollApprovals-NQJ__kw0.js             [39m[1m[2m   30.70 kB[22m[1m[22m[2m Ôöé gzip:   4.03 kB[22m
[2m../dist/public/[22m[36massets/LeadsDetails-Bg7oVeDM.js                 [39m[1m[2m   30.91 kB[22m[1m[22m[2m Ôöé gzip:   3.91 kB[22m
[2m../dist/public/[22m[36massets/OrgProjectDetail-DLKvvNmk.js             [39m[1m[2m   31.17 kB[22m[1m[22m[2m Ôöé gzip:   4.86 kB[22m
[2m../dist/public/[22m[36massets/OrgQuotations-BK_BuNns.js                [39m[1m[2m   31.33 kB[22m[1m[22m[2m Ôöé gzip:   4.84 kB[22m
[2m../dist/public/[22m[36massets/GRN-avVB27uW.js                          [39m[1m[2m   31.42 kB[22m[1m[22m[2m Ôöé gzip:   4.72 kB[22m
[2m../dist/public/[22m[36massets/SupplierForm-DGGlZWDy.js                 [39m[1m[2m   31.47 kB[22m[1m[22m[2m Ôöé gzip:   3.60 kB[22m
[2m../dist/public/[22m[36massets/Contacts-5aD_4JDN.js                     [39m[1m[2m   31.66 kB[22m[1m[22m[2m Ôöé gzip:   5.02 kB[22m
[2m../dist/public/[22m[36massets/Integrations-DiZdqhkT.js                 [39m[1m[2m   31.70 kB[22m[1m[22m[2m Ôöé gzip:   4.46 kB[22m
[2m../dist/public/[22m[36massets/AdminCronJobs-CiovlAlw.js                [39m[1m[2m   31.96 kB[22m[1m[22m[2m Ôöé gzip:   4.39 kB[22m
[2m../dist/public/[22m[36massets/HRAnalytics-BlbYGQ-Z.js                  [39m[1m[2m   31.97 kB[22m[1m[22m[2m Ôöé gzip:   4.21 kB[22m
[2m../dist/public/[22m[36massets/OrgInventory--sVAn7Wm.js                 [39m[1m[2m   32.11 kB[22m[1m[22m[2m Ôöé gzip:   4.45 kB[22m
[2m../dist/public/[22m[36massets/GlobalSettings-Bf8WzazC.js               [39m[1m[2m   32.21 kB[22m[1m[22m[2m Ôöé gzip:   4.38 kB[22m
[2m../dist/public/[22m[36massets/CannedResponses-CT859Ye6.js              [39m[1m[2m   32.23 kB[22m[1m[22m[2m Ôöé gzip:   4.47 kB[22m
[2m../dist/public/[22m[36massets/KPITracking-D7TCI_O1.js                  [39m[1m[2m   32.38 kB[22m[1m[22m[2m Ôöé gzip:   4.46 kB[22m
[2m../dist/public/[22m[36massets/QuoteDetails-DiNvpGx5.js                 [39m[1m[2m   32.63 kB[22m[1m[22m[2m Ôöé gzip:   4.44 kB[22m
[2m../dist/public/[22m[36massets/PaymentReconciliation-BEjJmK_B.js        [39m[1m[2m   32.81 kB[22m[1m[22m[2m Ôöé gzip:   4.28 kB[22m
[2m../dist/public/[22m[36massets/TimeTracking-jgQPZdLL.js                 [39m[1m[2m   32.86 kB[22m[1m[22m[2m Ôöé gzip:   4.79 kB[22m
[2m../dist/public/[22m[36massets/CommunicationDetails-CcMvWbCL.js         [39m[1m[2m   32.90 kB[22m[1m[22m[2m Ôöé gzip:   4.22 kB[22m
[2m../dist/public/[22m[36massets/Clients-BpxfKFAX.js                      [39m[1m[2m   33.04 kB[22m[1m[22m[2m Ôöé gzip:   5.80 kB[22m
[2m../dist/public/[22m[36massets/SystemSettings-RIcdXoex.js               [39m[1m[2m   33.12 kB[22m[1m[22m[2m Ôöé gzip:   4.50 kB[22m
[2m../dist/public/[22m[36massets/OrgGRN-DHuaCuYX.js                       [39m[1m[2m   33.37 kB[22m[1m[22m[2m Ôöé gzip:   4.74 kB[22m
[2m../dist/public/[22m[36massets/OrgContacts-D4-28U_1.js                  [39m[1m[2m   33.37 kB[22m[1m[22m[2m Ôöé gzip:   5.00 kB[22m
[2m../dist/public/[22m[36massets/Onboarding-llgA7Y-G.js                   [39m[1m[2m   33.57 kB[22m[1m[22m[2m Ôöé gzip:   4.29 kB[22m
[2m../dist/public/[22m[36massets/ClientForm-bSKD9nEG.js                   [39m[1m[2m   33.70 kB[22m[1m[22m[2m Ôöé gzip:   3.79 kB[22m
[2m../dist/public/[22m[36massets/OrgCannedResponses-gUO2z4qi.js           [39m[1m[2m   33.99 kB[22m[1m[22m[2m Ôöé gzip:   4.51 kB[22m
[2m../dist/public/[22m[36massets/OrgTicketDetail-ZOgVtvVb.js              [39m[1m[2m   34.14 kB[22m[1m[22m[2m Ôöé gzip:   3.70 kB[22m
[2m../dist/public/[22m[36massets/BudgetDetail-6k0xJKb5.js                 [39m[1m[2m   34.22 kB[22m[1m[22m[2m Ôöé gzip:   4.78 kB[22m
[2m../dist/public/[22m[36massets/PaymentPlans-BErucrCP.js                 [39m[1m[2m   34.44 kB[22m[1m[22m[2m Ôöé gzip:   4.66 kB[22m
[2m../dist/public/[22m[36massets/DepartmentPayrollReports-CgiPJACo.js     [39m[1m[2m   34.50 kB[22m[1m[22m[2m Ôöé gzip:   4.39 kB[22m
[2m../dist/public/[22m[36massets/Invoices-BZCIPHN0.js                     [39m[1m[2m   34.98 kB[22m[1m[22m[2m Ôöé gzip:   6.33 kB[22m
[2m../dist/public/[22m[36massets/Timesheets-DWeRUaTi.js                   [39m[1m[2m   35.02 kB[22m[1m[22m[2m Ôöé gzip:   5.40 kB[22m
[2m../dist/public/[22m[36massets/Payslips-Cls0p6uT.js                     [39m[1m[2m   35.04 kB[22m[1m[22m[2m Ôöé gzip:   4.77 kB[22m
[2m../dist/public/[22m[36massets/OrgExpenseDetail-BUDQPnEP.js             [39m[1m[2m   35.10 kB[22m[1m[22m[2m Ôöé gzip:   4.29 kB[22m
[2m../dist/public/[22m[36massets/Leads-BM9-90QI.js                        [39m[1m[2m   35.12 kB[22m[1m[22m[2m Ôöé gzip:   5.26 kB[22m
[2m../dist/public/[22m[36massets/EnhancedChangePassword-BH3f_rLH.js       [39m[1m[2m   35.30 kB[22m[1m[22m[2m Ôöé gzip:   4.37 kB[22m
[2m../dist/public/[22m[36massets/SalesPipeline-DAPv-KJ6.js                [39m[1m[2m   35.32 kB[22m[1m[22m[2m Ôöé gzip:   5.14 kB[22m
[2m../dist/public/[22m[36massets/JobGroups-Kp_MWnei.js                    [39m[1m[2m   35.44 kB[22m[1m[22m[2m Ôöé gzip:   4.56 kB[22m
[2m../dist/public/[22m[36massets/Suppliers-COOjhnJT.js                    [39m[1m[2m   35.68 kB[22m[1m[22m[2m Ôöé gzip:   5.92 kB[22m
[2m../dist/public/[22m[36massets/ExecutiveDashboard-C-65KVAQ.js           [39m[1m[2m   35.81 kB[22m[1m[22m[2m Ôöé gzip:   4.75 kB[22m
[2m../dist/public/[22m[36massets/NotificationCenter-CcXrHmkn.js           [39m[1m[2m   35.85 kB[22m[1m[22m[2m Ôöé gzip:   4.69 kB[22m
[2m../dist/public/[22m[36massets/OrgBudgetDetail-CWGYP84a.js              [39m[1m[2m   36.17 kB[22m[1m[22m[2m Ôöé gzip:   4.82 kB[22m
[2m../dist/public/[22m[36massets/PaymentReports-3wDp_Gih.js               [39m[1m[2m   36.19 kB[22m[1m[22m[2m Ôöé gzip:   4.52 kB[22m
[2m../dist/public/[22m[36massets/OrgInvoices-CNGhgiwm.js                  [39m[1m[2m   36.60 kB[22m[1m[22m[2m Ôöé gzip:   6.31 kB[22m
[2m../dist/public/[22m[36massets/OrgTimesheets-DhC4qm0y.js                [39m[1m[2m   36.92 kB[22m[1m[22m[2m Ôöé gzip:   5.42 kB[22m
[2m../dist/public/[22m[36massets/OrgLeads-Dr2tuTP5.js                     [39m[1m[2m   37.09 kB[22m[1m[22m[2m Ôöé gzip:   5.28 kB[22m
[2m../dist/public/[22m[36massets/RecurringExpenses-dzeF5vgU.js            [39m[1m[2m   37.10 kB[22m[1m[22m[2m Ôöé gzip:   5.29 kB[22m
[2m../dist/public/[22m[36massets/CreateOpportunity-Jv77aFSg.js            [39m[1m[2m   37.13 kB[22m[1m[22m[2m Ôöé gzip:   4.86 kB[22m
[2m../dist/public/[22m[36massets/EmployeeContracts-BmZjuEnQ.js            [39m[1m[2m   37.20 kB[22m[1m[22m[2m Ôöé gzip:   4.17 kB[22m
[2m../dist/public/[22m[36massets/OrgSalesPipeline-Dk8Ehjz0.js             [39m[1m[2m   37.20 kB[22m[1m[22m[2m Ôöé gzip:   5.17 kB[22m
[2m../dist/public/[22m[36massets/Training-wj55jVoa.js                     [39m[1m[2m   37.47 kB[22m[1m[22m[2m Ôöé gzip:   5.01 kB[22m
[2m../dist/public/[22m[36massets/OrgJobGroups-D7GEz-Tb.js                 [39m[1m[2m   37.51 kB[22m[1m[22m[2m Ôöé gzip:   4.58 kB[22m
[2m../dist/public/[22m[36massets/OrgSuppliers-T2hssCXs.js                 [39m[1m[2m   37.60 kB[22m[1m[22m[2m Ôöé gzip:   5.94 kB[22m
[2m../dist/public/[22m[36massets/pdfGenerator-CHptwhd6.js                 [39m[1m[2m   37.65 kB[22m[1m[22m[2m Ôöé gzip:  11.12 kB[22m
[2m../dist/public/[22m[36massets/Demo-iOz-0V_n.js                         [39m[1m[2m   37.66 kB[22m[1m[22m[2m Ôöé gzip:   5.46 kB[22m
[2m../dist/public/[22m[36massets/Proposals-B7210Pnw.js                    [39m[1m[2m   38.06 kB[22m[1m[22m[2m Ôöé gzip:   5.69 kB[22m
[2m../dist/public/[22m[36massets/Tasks-BQ1iObhO.js                        [39m[1m[2m   38.09 kB[22m[1m[22m[2m Ôöé gzip:   5.49 kB[22m
[2m../dist/public/[22m[36massets/CustomReportBuilder-BG3qc-P6.js          [39m[1m[2m   38.62 kB[22m[1m[22m[2m Ôöé gzip:   4.99 kB[22m
[2m../dist/public/[22m[36massets/ReceiptDetails-BFtfApeP.js               [39m[1m[2m   38.92 kB[22m[1m[22m[2m Ôöé gzip:   5.03 kB[22m
[2m../dist/public/[22m[36massets/Imprests-BtRiRZs-.js                     [39m[1m[2m   39.00 kB[22m[1m[22m[2m Ôöé gzip:   6.38 kB[22m
[2m../dist/public/[22m[36massets/WorkflowAutomation-Buz61NL6.js           [39m[1m[2m   39.01 kB[22m[1m[22m[2m Ôöé gzip:   5.02 kB[22m
[2m../dist/public/[22m[36massets/Tickets-COpbl1j-.js                      [39m[1m[2m   39.10 kB[22m[1m[22m[2m Ôöé gzip:   5.91 kB[22m
[2m../dist/public/[22m[36massets/OrgDashboard-CWM7RScN.js                 [39m[1m[2m   39.16 kB[22m[1m[22m[2m Ôöé gzip:   5.41 kB[22m
[2m../dist/public/[22m[36massets/ExpensesDetails-C8CQCaJ5.js              [39m[1m[2m   39.25 kB[22m[1m[22m[2m Ôöé gzip:   5.55 kB[22m
[2m../dist/public/[22m[36massets/SubscriptionDetails-ULHSpsbE.js          [39m[1m[2m   39.45 kB[22m[1m[22m[2m Ôöé gzip:   4.51 kB[22m
[2m../dist/public/[22m[36massets/Account-B3rx7WX6.js                      [39m[1m[2m   39.54 kB[22m[1m[22m[2m Ôöé gzip:   5.08 kB[22m
[2m../dist/public/[22m[36massets/FeatureDetail-Bd_jZKdO.js                [39m[1m[2m   39.95 kB[22m[1m[22m[2m Ôöé gzip:   7.09 kB[22m
[2m../dist/public/[22m[36massets/JobGroupDetails-DQUT_awo.js              [39m[1m[2m   40.17 kB[22m[1m[22m[2m Ôöé gzip:   5.08 kB[22m
[2m../dist/public/[22m[36massets/OrgProposals-BXHOka10.js                 [39m[1m[2m   40.21 kB[22m[1m[22m[2m Ôöé gzip:   5.71 kB[22m
[2m../dist/public/[22m[36massets/TenantCommunications-BxUqPQWq.js         [39m[1m[2m   40.25 kB[22m[1m[22m[2m Ôöé gzip:   4.69 kB[22m
[2m../dist/public/[22m[36massets/OrgTasks-D4aLWOu3.js                     [39m[1m[2m   40.35 kB[22m[1m[22m[2m Ôöé gzip:   5.51 kB[22m
[2m../dist/public/[22m[36massets/WebsiteFooter-DB6gV2wP.js                [39m[1m[2m   40.36 kB[22m[1m[22m[2m Ôöé gzip:   6.00 kB[22m
[2m../dist/public/[22m[36massets/ChartOfAccounts-B8Ef9c9B.js              [39m[1m[2m   40.44 kB[22m[1m[22m[2m Ôöé gzip:   5.77 kB[22m
[2m../dist/public/[22m[36massets/ProcurementLPOs-BE5Z7mnq.js              [39m[1m[2m   40.49 kB[22m[1m[22m[2m Ôöé gzip:   4.70 kB[22m
[2m../dist/public/[22m[36massets/ContractManagement-Cilm3zw4.js           [39m[1m[2m   40.71 kB[22m[1m[22m[2m Ôöé gzip:   4.96 kB[22m
[2m../dist/public/[22m[36massets/HRAutomation-DXYdGm6u.js                 [39m[1m[2m   40.88 kB[22m[1m[22m[2m Ôöé gzip:   4.71 kB[22m
[2m../dist/public/[22m[36massets/BecomeAPartner-DPQuT6KF.js               [39m[1m[2m   41.05 kB[22m[1m[22m[2m Ôöé gzip:   6.90 kB[22m
[2m../dist/public/[22m[36massets/CreatePayroll-CbhVkVfC.js                [39m[1m[2m   41.06 kB[22m[1m[22m[2m Ôöé gzip:   4.82 kB[22m
[2m../dist/public/[22m[36massets/OrgImprests-Cd3sxQv2.js                  [39m[1m[2m   41.14 kB[22m[1m[22m[2m Ôöé gzip:   6.40 kB[22m
[2m../dist/public/[22m[36massets/OrgTickets-CoucVunw.js                   [39m[1m[2m   41.36 kB[22m[1m[22m[2m Ôöé gzip:   5.93 kB[22m
[2m../dist/public/[22m[36massets/OrgBilling-B1Fi_tWO.js                   [39m[1m[2m   41.68 kB[22m[1m[22m[2m Ôöé gzip:   5.81 kB[22m
[2m../dist/public/[22m[36massets/OrgChartOfAccounts-C-XfsAj8.js           [39m[1m[2m   42.60 kB[22m[1m[22m[2m Ôöé gzip:   5.82 kB[22m
[2m../dist/public/[22m[36massets/OrganizationUsersManagement-o8TQHned.js  [39m[1m[2m   42.87 kB[22m[1m[22m[2m Ôöé gzip:   5.08 kB[22m
[2m../dist/public/[22m[36massets/ThemeCustomization-D7nAMPPO.js           [39m[1m[2m   43.09 kB[22m[1m[22m[2m Ôöé gzip:   5.51 kB[22m
[2m../dist/public/[22m[36massets/OrgCreatePayroll-BDpRmjm_.js             [39m[1m[2m   43.34 kB[22m[1m[22m[2m Ôöé gzip:   4.85 kB[22m
[2m../dist/public/[22m[36massets/Payroll-BRvrfP1I.js                      [39m[1m[2m   43.46 kB[22m[1m[22m[2m Ôöé gzip:   6.13 kB[22m
[2m../dist/public/[22m[36massets/ServiceDetails-C3H88lQB.js               [39m[1m[2m   43.48 kB[22m[1m[22m[2m Ôöé gzip:   5.04 kB[22m
[2m../dist/public/[22m[36massets/ProcurementImprests-cnGfB634.js          [39m[1m[2m   43.87 kB[22m[1m[22m[2m Ôöé gzip:   4.61 kB[22m
[2m../dist/public/[22m[36massets/Forecasting-DVnR9vGx.js                  [39m[1m[2m   44.73 kB[22m[1m[22m[2m Ôöé gzip:   5.45 kB[22m
[2m../dist/public/[22m[36massets/SuperAdminDashboard-D4aITKBt.js          [39m[1m[2m   44.85 kB[22m[1m[22m[2m Ôöé gzip:   6.08 kB[22m
[2m../dist/public/[22m[36massets/Roles-DPY-rVTq.js                        [39m[1m[2m   44.85 kB[22m[1m[22m[2m Ôöé gzip:   5.72 kB[22m
[2m../dist/public/[22m[36massets/Recruitment-CPg-mr_M.js                  [39m[1m[2m   45.02 kB[22m[1m[22m[2m Ôöé gzip:   5.11 kB[22m
[2m../dist/public/[22m[36massets/HRAnalyticsDashboard-Cedruykj.js         [39m[1m[2m   45.10 kB[22m[1m[22m[2m Ôöé gzip:   4.75 kB[22m
[2m../dist/public/[22m[36massets/Orders-r4JKFkZ2.js                       [39m[1m[2m   45.25 kB[22m[1m[22m[2m Ôöé gzip:   6.96 kB[22m
[2m../dist/public/[22m[36massets/CustomerPortal-B1bxFzIr.js               [39m[1m[2m   45.62 kB[22m[1m[22m[2m Ôöé gzip:   4.94 kB[22m
[2m../dist/public/[22m[36massets/BookADemo-VwGnl7QV.js                    [39m[1m[2m   45.86 kB[22m[1m[22m[2m Ôöé gzip:   6.94 kB[22m
[2m../dist/public/[22m[36massets/OrgPayroll-DFczEzqJ.js                   [39m[1m[2m   45.95 kB[22m[1m[22m[2m Ôöé gzip:   6.15 kB[22m
[2m../dist/public/[22m[36massets/EditExpense-fznzNym1.js                  [39m[1m[2m   46.34 kB[22m[1m[22m[2m Ôöé gzip:   6.98 kB[22m
[2m../dist/public/[22m[36massets/ProfessionalBudgeting-CSPqwr5t.js        [39m[1m[2m   47.03 kB[22m[1m[22m[2m Ôöé gzip:   5.89 kB[22m
[2m../dist/public/[22m[36massets/OrgForecasting-kxYfabAV.js               [39m[1m[2m   47.22 kB[22m[1m[22m[2m Ôöé gzip:   5.47 kB[22m
[2m../dist/public/[22m[36massets/CustomHomepageBuilder-M5cDjar-.js        [39m[1m[2m   47.53 kB[22m[1m[22m[2m Ôöé gzip:   6.61 kB[22m
[2m../dist/public/[22m[36massets/Checkout-D8Ksnv5f.js                     [39m[1m[2m   47.72 kB[22m[1m[22m[2m Ôöé gzip:   9.54 kB[22m
[2m../dist/public/[22m[36massets/OrgOrders-BAe23ES8.js                    [39m[1m[2m   47.81 kB[22m[1m[22m[2m Ôöé gzip:   6.98 kB[22m
[2m../dist/public/[22m[36massets/OrgEditExpense-C-6v1kfq.js               [39m[1m[2m   48.63 kB[22m[1m[22m[2m Ôöé gzip:   7.01 kB[22m
[2m../dist/public/[22m[36massets/KenyanPayrollCalculator-DX_a8-yo.js      [39m[1m[2m   48.64 kB[22m[1m[22m[2m Ôöé gzip:   5.74 kB[22m
[2m../dist/public/[22m[36massets/ProcurementOrders-DiLv0Y9n.js            [39m[1m[2m   48.68 kB[22m[1m[22m[2m Ôöé gzip:   5.26 kB[22m
[2m../dist/public/[22m[36massets/EnterpriseTenantsManagement-CCA26dVs.js  [39m[1m[2m   48.70 kB[22m[1m[22m[2m Ôöé gzip:   5.26 kB[22m
[2m../dist/public/[22m[36massets/DepartmentDetails-B9uIy0Iw.js            [39m[1m[2m   49.26 kB[22m[1m[22m[2m Ôöé gzip:   6.37 kB[22m
[2m../dist/public/[22m[36massets/KnowledgeBase-DEkdZdKE.js                [39m[1m[2m   49.76 kB[22m[1m[22m[2m Ôöé gzip:   6.31 kB[22m
[2m../dist/public/[22m[36massets/OrgClientDetail-B8yQROKx.js              [39m[1m[2m   50.27 kB[22m[1m[22m[2m Ôöé gzip:   6.36 kB[22m
[2m../dist/public/[22m[36massets/CreateCommunication-BmH_vqIc.js          [39m[1m[2m   50.28 kB[22m[1m[22m[2m Ôöé gzip:  11.29 kB[22m
[2m../dist/public/[22m[36massets/ImportExcel-DwaQqfgi.js                  [39m[1m[2m   50.31 kB[22m[1m[22m[2m Ôöé gzip:   8.50 kB[22m
[2m../dist/public/[22m[36massets/PayslipManagement-B9b3uKe-.js            [39m[1m[2m   50.42 kB[22m[1m[22m[2m Ôöé gzip:   8.69 kB[22m
[2m../dist/public/[22m[36massets/StaffChat-Cm1CsII0.js                    [39m[1m[2m   50.66 kB[22m[1m[22m[2m Ôöé gzip:   8.51 kB[22m
[2m../dist/public/[22m[36massets/Reports-DhgI8_u4.js                      [39m[1m[2m   50.96 kB[22m[1m[22m[2m Ôöé gzip:   7.21 kB[22m
[2m../dist/public/[22m[36massets/AdminDashboard-D324eC68.js               [39m[1m[2m   51.11 kB[22m[1m[22m[2m Ôöé gzip:   5.95 kB[22m
[2m../dist/public/[22m[36massets/ClientPortal-D6-VgE4H.js                 [39m[1m[2m   51.22 kB[22m[1m[22m[2m Ôöé gzip:   6.37 kB[22m
[2m../dist/public/[22m[36massets/OrgCommunications-CHFcg6Lx.js            [39m[1m[2m   51.29 kB[22m[1m[22m[2m Ôöé gzip:   5.70 kB[22m
[2m../dist/public/[22m[36massets/OrgDepartmentDetails-B9tDPLnw.js         [39m[1m[2m   51.85 kB[22m[1m[22m[2m Ôöé gzip:   6.38 kB[22m
[2m../dist/public/[22m[36massets/OrgKnowledgeBase-j99blAmB.js             [39m[1m[2m   52.52 kB[22m[1m[22m[2m Ôöé gzip:   6.35 kB[22m
[2m../dist/public/[22m[36massets/SupplierDetails-Cl1ds3ww.js              [39m[1m[2m   52.56 kB[22m[1m[22m[2m Ôöé gzip:   5.40 kB[22m
[2m../dist/public/[22m[36massets/Communications-B4_FA6Iv.js               [39m[1m[2m   52.99 kB[22m[1m[22m[2m Ôöé gzip:   6.43 kB[22m
[2m../dist/public/[22m[36massets/OrgStaffChat-DTcXyBDX.js                 [39m[1m[2m   53.23 kB[22m[1m[22m[2m Ôöé gzip:   8.53 kB[22m
[2m../dist/public/[22m[36massets/Approvals-DfCUn37A.js                    [39m[1m[2m   53.31 kB[22m[1m[22m[2m Ôöé gzip:   7.00 kB[22m
[2m../dist/public/[22m[36massets/OrgReports-Iqh5Vd8n.js                   [39m[1m[2m   53.64 kB[22m[1m[22m[2m Ôöé gzip:   7.22 kB[22m
[2m../dist/public/[22m[36massets/DocumentTemplates-BgdU2o22.js            [39m[1m[2m   54.52 kB[22m[1m[22m[2m Ôöé gzip:   7.95 kB[22m
[2m../dist/public/[22m[36massets/Subscriptions-Cjnn-Qiz.js                [39m[1m[2m   54.95 kB[22m[1m[22m[2m Ôöé gzip:   6.67 kB[22m
[2m../dist/public/[22m[36massets/CreateExpense-CygWDplO.js                [39m[1m[2m   55.62 kB[22m[1m[22m[2m Ôöé gzip:   8.21 kB[22m
[2m../dist/public/[22m[36massets/DocumentForm-DaJ0Fgrn.js                 [39m[1m[2m   56.05 kB[22m[1m[22m[2m Ôöé gzip:   7.92 kB[22m
[2m../dist/public/[22m[36massets/StaffDashboard-CLfQvzKa.js               [39m[1m[2m   56.20 kB[22m[1m[22m[2m Ôöé gzip:   6.52 kB[22m
[2m../dist/public/[22m[36massets/OrgApprovals-DVersgxH.js                 [39m[1m[2m   56.21 kB[22m[1m[22m[2m Ôöé gzip:   7.03 kB[22m
[2m../dist/public/[22m[36massets/DocumentManagement-ChXmOdXS.js           [39m[1m[2m   56.28 kB[22m[1m[22m[2m Ôöé gzip:   7.17 kB[22m
[2m../dist/public/[22m[36massets/BrandCustomization-jungElPT.js           [39m[1m[2m   56.53 kB[22m[1m[22m[2m Ôöé gzip:   6.57 kB[22m
[2m../dist/public/[22m[36massets/ICTDashboard-DEUx5W8h.js                 [39m[1m[2m   58.13 kB[22m[1m[22m[2m Ôöé gzip:   7.31 kB[22m
[2m../dist/public/[22m[36massets/OrgCreateExpense-DZR5LmO5.js             [39m[1m[2m   58.41 kB[22m[1m[22m[2m Ôöé gzip:   8.26 kB[22m
[2m../dist/public/[22m[36massets/BackupManagement-CsZfVocp.js             [39m[1m[2m   61.06 kB[22m[1m[22m[2m Ôöé gzip:   7.46 kB[22m
[2m../dist/public/[22m[36massets/lucide-react-DbDfnZmp.js                 [39m[1m[2m   61.45 kB[22m[1m[22m[2m Ôöé gzip:  18.13 kB[22m
[2m../dist/public/[22m[36massets/Employees-DMx0r1gu.js                    [39m[1m[2m   61.54 kB[22m[1m[22m[2m Ôöé gzip:   8.38 kB[22m
[2m../dist/public/[22m[36massets/CSVImportExport-BzhtDvOU.js              [39m[1m[2m   61.71 kB[22m[1m[22m[2m Ôöé gzip:   8.11 kB[22m
[2m../dist/public/[22m[36massets/AccountSettings-CiiBq59C.js              [39m[1m[2m   62.42 kB[22m[1m[22m[2m Ôöé gzip:   7.03 kB[22m
[2m../dist/public/[22m[36massets/AIHub-CyyEgxdN.js                        [39m[1m[2m   63.25 kB[22m[1m[22m[2m Ôöé gzip:   7.46 kB[22m
[2m../dist/public/[22m[36massets/EditEmployee-BOPBsRvK.js                 [39m[1m[2m   64.49 kB[22m[1m[22m[2m Ôöé gzip:   7.95 kB[22m
[2m../dist/public/[22m[36massets/OrgEmployees-ZQyAUvLH.js                 [39m[1m[2m   65.03 kB[22m[1m[22m[2m Ôöé gzip:   8.41 kB[22m
[2m../dist/public/[22m[36massets/InvoiceDetails-D2wDbbwG.js               [39m[1m[2m   70.06 kB[22m[1m[22m[2m Ôöé gzip:   9.10 kB[22m
[2m../dist/public/[22m[36massets/SuperAdminPricingTiers-Bm-PDAyz.js       [39m[1m[2m   70.16 kB[22m[1m[22m[2m Ôöé gzip:   7.90 kB[22m
[2m../dist/public/[22m[36massets/HRPayrollManagement-DkRdBzLF.js          [39m[1m[2m   74.59 kB[22m[1m[22m[2m Ôöé gzip:   8.14 kB[22m
[2m../dist/public/[22m[36massets/CreateEmployee-D81bWigc.js               [39m[1m[2m   77.01 kB[22m[1m[22m[2m Ôöé gzip:   8.63 kB[22m
[2m../dist/public/[22m[36massets/RichTextEditor-BJQVIiaQ.js               [39m[1m[2m   80.51 kB[22m[1m[22m[2m Ôöé gzip:  11.23 kB[22m
[2m../dist/public/[22m[36massets/api-client-DETi7onZ.js                   [39m[1m[2m   85.23 kB[22m[1m[22m[2m Ôöé gzip:  23.74 kB[22m
[2m../dist/public/[22m[36massets/CreateQuote-rJunhw-V.js                  [39m[1m[2m   87.22 kB[22m[1m[22m[2m Ôöé gzip:  20.61 kB[22m
[2m../dist/public/[22m[36massets/LandingPage-DA47EvGX.js                  [39m[1m[2m   95.13 kB[22m[1m[22m[2m Ôöé gzip:  13.36 kB[22m
[2m../dist/public/[22m[36massets/HRDashboard-CLmA2vve.js                  [39m[1m[2m   99.29 kB[22m[1m[22m[2m Ôöé gzip:  10.67 kB[22m
[2m../dist/public/[22m[36massets/AdminManagement-DC7RgzY7.js              [39m[1m[2m  102.30 kB[22m[1m[22m[2m Ôöé gzip:  12.91 kB[22m
[2m../dist/public/[22m[36massets/ClientDetails-BTp-j18C.js                [39m[1m[2m  112.07 kB[22m[1m[22m[2m Ôöé gzip:  11.41 kB[22m
[2m../dist/public/[22m[36massets/OrgLayout-DUhQ-ypx.js                    [39m[1m[2m  112.75 kB[22m[1m[22m[2m Ôöé gzip:  15.81 kB[22m
[2m../dist/public/[22m[36massets/AdminEmailTemplates-DTJgkb_k.js          [39m[1m[2m  130.55 kB[22m[1m[22m[2m Ôöé gzip:  17.02 kB[22m
[2m../dist/public/[22m[36massets/ProjectDetails-BWkL3vGv.js               [39m[1m[2m  154.13 kB[22m[1m[22m[2m Ôöé gzip:  16.24 kB[22m
[2m../dist/public/[22m[36massets/index.es-DFaFvrXl.js                     [39m[1m[2m  158.79 kB[22m[1m[22m[2m Ôöé gzip:  53.05 kB[22m
[2m../dist/public/[22m[36massets/EmployeeDetails-CpbuZHsX.js              [39m[1m[2m  165.67 kB[22m[1m[22m[2m Ôöé gzip:  15.36 kB[22m
[2m../dist/public/[22m[36massets/DocumentBlockEditor-DWvDFYTP.js          [39m[1m[2m  170.27 kB[22m[1m[22m[2m Ôöé gzip:  22.11 kB[22m
[2m../dist/public/[22m[36massets/OrgEmployeeDetails-CSPQqP_B.js           [39m[1m[2m  175.77 kB[22m[1m[22m[2m Ôöé gzip:  15.53 kB[22m
[2m../dist/public/[22m[36massets/html2canvas-DXEQVQnt.js                  [39m[1m[2m  201.04 kB[22m[1m[22m[2m Ôöé gzip:  47.43 kB[22m
[2m../dist/public/[22m[36massets/MultiTenancy-KnJH-soe.js                 [39m[1m[2m  215.84 kB[22m[1m[22m[2m Ôöé gzip:  23.84 kB[22m
[2m../dist/public/[22m[36massets/WebsiteAdmin-Dwn1Ll3N.js                 [39m[1m[2m  231.23 kB[22m[1m[22m[2m Ôöé gzip:  22.39 kB[22m
[2m../dist/public/[22m[36massets/jspdf.es.min-CnaXrmSw.js                 [39m[1m[2m  384.80 kB[22m[1m[22m[2m Ôöé gzip: 125.62 kB[22m
[2m../dist/public/[22m[36massets/rich-editor-DQKc7IGv.js                  [39m[1m[2m  414.84 kB[22m[1m[22m[2m Ôöé gzip: 130.90 kB[22m
[2m../dist/public/[22m[36massets/xlsx-BojT3SgY.js                         [39m[1m[2m  424.38 kB[22m[1m[22m[2m Ôöé gzip: 141.60 kB[22m
[2m../dist/public/[22m[36massets/vendor-react-ui-xSDcDLNa.js              [39m[1m[2m  517.32 kB[22m[1m[22m[2m Ôöé gzip: 157.74 kB[22m
[2m../dist/public/[22m[36massets/Settings-kiuNjSig.js                     [39m[1m[2m  754.04 kB[22m[1m[22m[2m Ôöé gzip:  87.74 kB[22m
[2m../dist/public/[22m[36massets/OrgSettings-lxcI-ZHp.js                  [39m[1m[2m  790.40 kB[22m[1m[22m[2m Ôöé gzip:  87.65 kB[22m
[2m../dist/public/[22m[36massets/index-u7R0UX5x.js                        [39m[1m[33m1,078.35 kB[39m[22m[2m Ôöé gzip: 233.41 kB[22m

(!) Some chunks are larger than 1000 kB after minification. Consider:
- Using dynamic import() to code-split the application
- Use build.rollupOptions.output.manualChunks to improve chunking: https://rollupjs.org/configuration-options/#output-manualchunks
- Adjust chunk size limit for this warning via build.chunkSizeWarningLimit.
[32mÔ£ô built in 18.46s[39m

  dist\index.js  3.5mb

Done in 92ms
