Already up to date
Done in 307ms using pnpm v11.22.0
$ vite build && esbuild server/_core/index.ts --platform=node --packages=external --bundle --format=esm --outdir=dist
[36mvite v7.3.1 [32mbuilding client environment for production...[36m[39m
(node:30276) [DEP0205] DeprecationWarning: `module.register()` is deprecated. Use `module.registerHooks()` instead.
(Use `node --trace-deprecation ...` to show where the warning was created)
transforming...
[32mÔ£ô[39m 3775 modules transformed.
rendering chunks...
computing gzip size...
[2m../dist/public/[22m[32mindex.html                                      [39m[1m[2m    3.94 kB[22m[1m[22m[2m Ôöé gzip:   1.63 kB[22m
[2m../dist/public/[22m[35massets/index-CjEtrYc_.css                       [39m[1m[2m  376.80 kB[22m[1m[22m[2m Ôöé gzip:  46.47 kB[22m
[2m../dist/public/[22m[36massets/trpc-9dPuvviz.js                         [39m[1m[2m    0.07 kB[22m[1m[22m[2m Ôöé gzip:   0.09 kB[22m
[2m../dist/public/[22m[36massets/tableSort-B6IToDRb.js                    [39m[1m[2m    0.14 kB[22m[1m[22m[2m Ôöé gzip:   0.12 kB[22m
[2m../dist/public/[22m[36massets/use-toast-lurVgV31.js                    [39m[1m[2m    0.24 kB[22m[1m[22m[2m Ôöé gzip:   0.20 kB[22m
[2m../dist/public/[22m[36massets/LineChart-Bfb1BDBI.js                    [39m[1m[2m    0.26 kB[22m[1m[22m[2m Ôöé gzip:   0.21 kB[22m
[2m../dist/public/[22m[36massets/AreaChart-Dk661vkv.js                    [39m[1m[2m    0.26 kB[22m[1m[22m[2m Ôöé gzip:   0.21 kB[22m
[2m../dist/public/[22m[36massets/communications-DPNzK-66.js               [39m[1m[2m    0.27 kB[22m[1m[22m[2m Ôöé gzip:   0.21 kB[22m
[2m../dist/public/[22m[36massets/paymentMethods-r32LliAe.js               [39m[1m[2m    0.31 kB[22m[1m[22m[2m Ôöé gzip:   0.24 kB[22m
[2m../dist/public/[22m[36massets/useUserLookup-FXwvN2qk.js                [39m[1m[2m    0.40 kB[22m[1m[22m[2m Ôöé gzip:   0.31 kB[22m
[2m../dist/public/[22m[36massets/ComposedChart-CCzrADOd.js                [39m[1m[2m    0.40 kB[22m[1m[22m[2m Ôöé gzip:   0.26 kB[22m
[2m../dist/public/[22m[36massets/skeleton-D4TWEU7H.js                     [39m[1m[2m    0.42 kB[22m[1m[22m[2m Ôöé gzip:   0.31 kB[22m
[2m../dist/public/[22m[36massets/exportCsv-CNzVNdz4.js                    [39m[1m[2m    0.44 kB[22m[1m[22m[2m Ôöé gzip:   0.33 kB[22m
[2m../dist/public/[22m[36massets/useRequireFeature-Ch7SwDZD.js            [39m[1m[2m    0.44 kB[22m[1m[22m[2m Ôöé gzip:   0.32 kB[22m
[2m../dist/public/[22m[36massets/csvGenerator-BbTLt5yV.js                 [39m[1m[2m    0.45 kB[22m[1m[22m[2m Ôöé gzip:   0.29 kB[22m
[2m../dist/public/[22m[36massets/spinner-DSB217OZ.js                      [39m[1m[2m    0.46 kB[22m[1m[22m[2m Ôöé gzip:   0.33 kB[22m
[2m../dist/public/[22m[36massets/label-BwDToj4k.js                        [39m[1m[2m    0.52 kB[22m[1m[22m[2m Ôöé gzip:   0.37 kB[22m
[2m../dist/public/[22m[36massets/useCompanyInfo-B8tU-Hn7.js               [39m[1m[2m    0.52 kB[22m[1m[22m[2m Ôöé gzip:   0.36 kB[22m
[2m../dist/public/[22m[36massets/payslipPdf-CH_MmSbk.js                   [39m[1m[2m    0.54 kB[22m[1m[22m[2m Ôöé gzip:   0.40 kB[22m
[2m../dist/public/[22m[36massets/export-utils-CNYswaLF.js                 [39m[1m[2m    0.57 kB[22m[1m[22m[2m Ôöé gzip:   0.40 kB[22m
[2m../dist/public/[22m[36massets/useOrgPermission-DBxsjmS5.js             [39m[1m[2m    0.59 kB[22m[1m[22m[2m Ôöé gzip:   0.40 kB[22m
[2m../dist/public/[22m[36massets/useFavorite-CDJXeyOq.js                  [39m[1m[2m    0.59 kB[22m[1m[22m[2m Ôöé gzip:   0.35 kB[22m
[2m../dist/public/[22m[36massets/documentTemplateHelpers-CduNLrpb.js      [39m[1m[2m    0.59 kB[22m[1m[22m[2m Ôöé gzip:   0.33 kB[22m
[2m../dist/public/[22m[36massets/textarea-nfpLz4_7.js                     [39m[1m[2m    0.69 kB[22m[1m[22m[2m Ôöé gzip:   0.46 kB[22m
[2m../dist/public/[22m[36massets/activityLog-B-yh0W2G.js                  [39m[1m[2m    0.75 kB[22m[1m[22m[2m Ôöé gzip:   0.36 kB[22m
[2m../dist/public/[22m[36massets/progress-Bkgdvv4G.js                     [39m[1m[2m    0.82 kB[22m[1m[22m[2m Ôöé gzip:   0.44 kB[22m
[2m../dist/public/[22m[36massets/healthScore-hLzRzKdj.js                  [39m[1m[2m    0.89 kB[22m[1m[22m[2m Ôöé gzip:   0.52 kB[22m
[2m../dist/public/[22m[36massets/collapsible-Lz7jueGH.js                  [39m[1m[2m    0.90 kB[22m[1m[22m[2m Ôöé gzip:   0.33 kB[22m
[2m../dist/public/[22m[36massets/format-XyXgtmZc.js                       [39m[1m[2m    1.15 kB[22m[1m[22m[2m Ôöé gzip:   0.55 kB[22m
[2m../dist/public/[22m[36massets/popover-DredgIL6.js                      [39m[1m[2m    1.20 kB[22m[1m[22m[2m Ôöé gzip:   0.58 kB[22m
[2m../dist/public/[22m[36massets/switch-CQkaDljA.js                       [39m[1m[2m    1.27 kB[22m[1m[22m[2m Ôöé gzip:   0.60 kB[22m
[2m../dist/public/[22m[36massets/checkbox-C5uriBOn.js                     [39m[1m[2m    1.48 kB[22m[1m[22m[2m Ôöé gzip:   0.61 kB[22m
[2m../dist/public/[22m[36massets/alert-BmxGj86N.js                        [39m[1m[2m    1.61 kB[22m[1m[22m[2m Ôöé gzip:   0.68 kB[22m
[2m../dist/public/[22m[36massets/designSystem-BjMWY9N5.js                 [39m[1m[2m    1.76 kB[22m[1m[22m[2m Ôöé gzip:   0.66 kB[22m
[2m../dist/public/[22m[36massets/useOrgAccess-DYvqbgQw.js                 [39m[1m[2m    2.18 kB[22m[1m[22m[2m Ôöé gzip:   1.09 kB[22m
[2m../dist/public/[22m[36massets/SummaryStatCards-CHX-uLGs.js             [39m[1m[2m    2.43 kB[22m[1m[22m[2m Ôöé gzip:   0.77 kB[22m
[2m../dist/public/[22m[36massets/accordion-CUSZs_g2.js                    [39m[1m[2m    2.59 kB[22m[1m[22m[2m Ôöé gzip:   0.81 kB[22m
[2m../dist/public/[22m[36massets/ModuleLayout-A1Ep5Swr.js                 [39m[1m[2m    2.62 kB[22m[1m[22m[2m Ôöé gzip:   0.74 kB[22m
[2m../dist/public/[22m[36massets/Messages-P5gkG6TN.js                     [39m[1m[2m    2.69 kB[22m[1m[22m[2m Ôöé gzip:   0.83 kB[22m
[2m../dist/public/[22m[36massets/PermissionGuard-G4oitWQQ.js              [39m[1m[2m    2.71 kB[22m[1m[22m[2m Ôöé gzip:   0.78 kB[22m
[2m../dist/public/[22m[36massets/UserSelector-CyArGQ61.js                 [39m[1m[2m    2.95 kB[22m[1m[22m[2m Ôöé gzip:   0.77 kB[22m
[2m../dist/public/[22m[36massets/actions-Daes8DY1.js                      [39m[1m[2m    3.01 kB[22m[1m[22m[2m Ôöé gzip:   1.34 kB[22m
[2m../dist/public/[22m[36massets/DeleteConfirmationModal-CqApRnPc.js      [39m[1m[2m    3.07 kB[22m[1m[22m[2m Ôöé gzip:   0.72 kB[22m
[2m../dist/public/[22m[36massets/privateChatUtils-peaQDzDt.js             [39m[1m[2m    3.17 kB[22m[1m[22m[2m Ôöé gzip:   1.21 kB[22m
[2m../dist/public/[22m[36massets/PhoneInput-B8nqAlQA.js                   [39m[1m[2m    3.21 kB[22m[1m[22m[2m Ôöé gzip:   0.95 kB[22m
[2m../dist/public/[22m[36massets/EmployeeSelector-nPsV9oWD.js             [39m[1m[2m    3.23 kB[22m[1m[22m[2m Ôöé gzip:   0.84 kB[22m
[2m../dist/public/[22m[36massets/RoleBasedDashboard-D4JhyYwX.js           [39m[1m[2m    3.30 kB[22m[1m[22m[2m Ôöé gzip:   0.93 kB[22m
[2m../dist/public/[22m[36massets/table-D2F6I8lD.js                        [39m[1m[2m    3.51 kB[22m[1m[22m[2m Ôöé gzip:   0.89 kB[22m
[2m../dist/public/[22m[36massets/stats-card-CFRL-iv6.js                   [39m[1m[2m    3.78 kB[22m[1m[22m[2m Ôöé gzip:   1.02 kB[22m
[2m../dist/public/[22m[36massets/alert-dialog-DzY4pglf.js                 [39m[1m[2m    3.99 kB[22m[1m[22m[2m Ôöé gzip:   0.96 kB[22m
[2m../dist/public/[22m[36massets/OrgAssets-HI0DcT8v.js                    [39m[1m[2m    4.14 kB[22m[1m[22m[2m Ôöé gzip:   0.88 kB[22m
[2m../dist/public/[22m[36massets/dialog-BupWdcnk.js                       [39m[1m[2m    4.21 kB[22m[1m[22m[2m Ôöé gzip:   1.09 kB[22m
[2m../dist/public/[22m[36massets/OrgDocuments-CD6OCXh_.js                 [39m[1m[2m    4.26 kB[22m[1m[22m[2m Ôöé gzip:   0.88 kB[22m
[2m../dist/public/[22m[36massets/CreateReceipt-Drj511Qt.js                [39m[1m[2m    4.35 kB[22m[1m[22m[2m Ôöé gzip:   1.55 kB[22m
[2m../dist/public/[22m[36massets/SmsQueue-Cm786CDP.js                     [39m[1m[2m    4.35 kB[22m[1m[22m[2m Ôöé gzip:   1.18 kB[22m
[2m../dist/public/[22m[36massets/OrgCreateReceipt-pCJkS573.js             [39m[1m[2m    4.42 kB[22m[1m[22m[2m Ôöé gzip:   1.57 kB[22m
[2m../dist/public/[22m[36massets/OrgPurchaseOrders-CverzXXF.js            [39m[1m[2m    4.43 kB[22m[1m[22m[2m Ôöé gzip:   0.89 kB[22m
[2m../dist/public/[22m[36massets/CreateClient-sMyNI7-Z.js                 [39m[1m[2m    4.48 kB[22m[1m[22m[2m Ôöé gzip:   1.57 kB[22m
[2m../dist/public/[22m[36massets/OrgCreateClient-Bs2gefjU.js              [39m[1m[2m    4.63 kB[22m[1m[22m[2m Ôöé gzip:   1.58 kB[22m
[2m../dist/public/[22m[36massets/CreateProduct-DP_5AHLn.js                [39m[1m[2m    4.64 kB[22m[1m[22m[2m Ôöé gzip:   1.51 kB[22m
[2m../dist/public/[22m[36massets/OrgCreateProduct-DilIbAVB.js             [39m[1m[2m    4.79 kB[22m[1m[22m[2m Ôöé gzip:   1.52 kB[22m
[2m../dist/public/[22m[36massets/CreateEstimate-D9sjgyOr.js               [39m[1m[2m    4.82 kB[22m[1m[22m[2m Ôöé gzip:   1.90 kB[22m
[2m../dist/public/[22m[36massets/OrgBreadcrumb-DodHhT9u.js                [39m[1m[2m    4.90 kB[22m[1m[22m[2m Ôöé gzip:   1.04 kB[22m
[2m../dist/public/[22m[36massets/NotFound-CUGCDa7i.js                     [39m[1m[2m    5.11 kB[22m[1m[22m[2m Ôöé gzip:   1.19 kB[22m
[2m../dist/public/[22m[36massets/OrgModulePage--jrFuqs1.js                [39m[1m[2m    5.30 kB[22m[1m[22m[2m Ôöé gzip:   1.30 kB[22m
[2m../dist/public/[22m[36massets/CreateSupplier-JY-LZQVX.js               [39m[1m[2m    5.38 kB[22m[1m[22m[2m Ôöé gzip:   1.82 kB[22m
[2m../dist/public/[22m[36massets/CreateImprest-BMd7cjWO.js                [39m[1m[2m    5.52 kB[22m[1m[22m[2m Ôöé gzip:   1.31 kB[22m
[2m../dist/public/[22m[36massets/OrgCreateSupplier-e7_de2rd.js            [39m[1m[2m    5.53 kB[22m[1m[22m[2m Ôöé gzip:   1.83 kB[22m
[2m../dist/public/[22m[36massets/BiTools-DzO0KNdP.js                      [39m[1m[2m    5.82 kB[22m[1m[22m[2m Ôöé gzip:   1.49 kB[22m
[2m../dist/public/[22m[36massets/PageHeader-8WH8fv1v.js                   [39m[1m[2m    5.85 kB[22m[1m[22m[2m Ôöé gzip:   1.27 kB[22m
[2m../dist/public/[22m[36massets/RowActionsMenu-Cxkp_Swk.js               [39m[1m[2m    5.97 kB[22m[1m[22m[2m Ôöé gzip:   1.09 kB[22m
[2m../dist/public/[22m[36massets/TenantAdminDetails-B7dERtcn.js           [39m[1m[2m    6.00 kB[22m[1m[22m[2m Ôöé gzip:   0.98 kB[22m
[2m../dist/public/[22m[36massets/data-table-controls-Caqo35mL.js          [39m[1m[2m    6.23 kB[22m[1m[22m[2m Ôöé gzip:   1.29 kB[22m
[2m../dist/public/[22m[36massets/ServiceSearchFilter-BJrmv7ms.js          [39m[1m[2m    6.33 kB[22m[1m[22m[2m Ôöé gzip:   1.08 kB[22m
[2m../dist/public/[22m[36massets/TenantUserDetails-C0EOshTl.js            [39m[1m[2m    6.48 kB[22m[1m[22m[2m Ôöé gzip:   1.03 kB[22m
[2m../dist/public/[22m[36massets/ICTSystemSettings-DsEGZrDd.js            [39m[1m[2m    6.90 kB[22m[1m[22m[2m Ôöé gzip:   1.52 kB[22m
[2m../dist/public/[22m[36massets/ListPageToolbar-DOF0V2ms.js              [39m[1m[2m    6.94 kB[22m[1m[22m[2m Ôöé gzip:   1.23 kB[22m
[2m../dist/public/[22m[36massets/EditReceipt-QUSpqQKM.js                  [39m[1m[2m    7.20 kB[22m[1m[22m[2m Ôöé gzip:   1.93 kB[22m
[2m../dist/public/[22m[36massets/CustomFields-BSNcR206.js                 [39m[1m[2m    7.30 kB[22m[1m[22m[2m Ôöé gzip:   1.31 kB[22m
[2m../dist/public/[22m[36massets/EditEstimate-vGWa4Ly0.js                 [39m[1m[2m    7.35 kB[22m[1m[22m[2m Ôöé gzip:   1.98 kB[22m
[2m../dist/public/[22m[36massets/OrgEditReceipt-DMssWLsN.js               [39m[1m[2m    7.43 kB[22m[1m[22m[2m Ôöé gzip:   1.94 kB[22m
[2m../dist/public/[22m[36massets/Sales-DomkkgXB.js                        [39m[1m[2m    7.47 kB[22m[1m[22m[2m Ôöé gzip:   1.68 kB[22m
[2m../dist/public/[22m[36massets/EnhancedBulkActions-Z3YcFBLc.js          [39m[1m[2m    7.48 kB[22m[1m[22m[2m Ôöé gzip:   1.59 kB[22m
[2m../dist/public/[22m[36massets/Search-D5oelb0S.js                       [39m[1m[2m    7.50 kB[22m[1m[22m[2m Ôöé gzip:   1.85 kB[22m
[2m../dist/public/[22m[36massets/OrgEditEstimate-B0r2lHb6.js              [39m[1m[2m    7.54 kB[22m[1m[22m[2m Ôöé gzip:   1.99 kB[22m
[2m../dist/public/[22m[36massets/UnifiedModuleLayout-Be03sKlt.js          [39m[1m[2m    7.66 kB[22m[1m[22m[2m Ôöé gzip:   1.44 kB[22m
[2m../dist/public/[22m[36massets/locations-CtzeVEdQ.js                    [39m[1m[2m    7.69 kB[22m[1m[22m[2m Ôöé gzip:   2.76 kB[22m
[2m../dist/public/[22m[36massets/EditInvoice-Dtju0lAR.js                  [39m[1m[2m    7.81 kB[22m[1m[22m[2m Ôöé gzip:   2.06 kB[22m
[2m../dist/public/[22m[36massets/Home-BQKYSslz.js                         [39m[1m[2m    7.92 kB[22m[1m[22m[2m Ôöé gzip:   1.82 kB[22m
[2m../dist/public/[22m[36massets/CreateBudget-DSKpMHe2.js                 [39m[1m[2m    7.93 kB[22m[1m[22m[2m Ôöé gzip:   1.74 kB[22m
[2m../dist/public/[22m[36massets/OrgEditInvoice-Dye2bnQc.js               [39m[1m[2m    8.04 kB[22m[1m[22m[2m Ôöé gzip:   2.07 kB[22m
[2m../dist/public/[22m[36massets/TableColumnSettings-DAkMIMN5.js          [39m[1m[2m    8.20 kB[22m[1m[22m[2m Ôöé gzip:   1.81 kB[22m
[2m../dist/public/[22m[36massets/LocationSelects-D-ioLZ7q.js              [39m[1m[2m    8.22 kB[22m[1m[22m[2m Ôöé gzip:   1.02 kB[22m
[2m../dist/public/[22m[36massets/OrgSuperAdminDashboard-B905cvF7.js       [39m[1m[2m    8.31 kB[22m[1m[22m[2m Ôöé gzip:   1.60 kB[22m
[2m../dist/public/[22m[36massets/MyPayslips-cMGR18H4.js                   [39m[1m[2m    8.82 kB[22m[1m[22m[2m Ôöé gzip:   1.67 kB[22m
[2m../dist/public/[22m[36massets/DashboardBuilderPro-BBYB9PvC.js          [39m[1m[2m    8.96 kB[22m[1m[22m[2m Ôöé gzip:   1.61 kB[22m
[2m../dist/public/[22m[36massets/EditDepartment-BkSL_mob.js               [39m[1m[2m    9.06 kB[22m[1m[22m[2m Ôöé gzip:   1.82 kB[22m
[2m../dist/public/[22m[36massets/EditBudget-DGgneY67.js                   [39m[1m[2m    9.15 kB[22m[1m[22m[2m Ôöé gzip:   1.96 kB[22m
[2m../dist/public/[22m[36massets/CreditNotes-DDPoOrpk.js                  [39m[1m[2m    9.31 kB[22m[1m[22m[2m Ôöé gzip:   1.76 kB[22m
[2m../dist/public/[22m[36massets/CreateDepartment-Jf24z6aa.js             [39m[1m[2m    9.31 kB[22m[1m[22m[2m Ôöé gzip:   1.85 kB[22m
[2m../dist/public/[22m[36massets/EditClient-DlFqjrS8.js                   [39m[1m[2m    9.35 kB[22m[1m[22m[2m Ôöé gzip:   2.33 kB[22m
[2m../dist/public/[22m[36massets/OrgEditDepartment-DFXJbkAc.js            [39m[1m[2m    9.51 kB[22m[1m[22m[2m Ôöé gzip:   1.83 kB[22m
[2m../dist/public/[22m[36massets/OrgEditBudget-B1GTa72Y.js                [39m[1m[2m    9.65 kB[22m[1m[22m[2m Ôöé gzip:   1.97 kB[22m
[2m../dist/public/[22m[36massets/ICTAnalytics-BoWU9cYm.js                 [39m[1m[2m    9.77 kB[22m[1m[22m[2m Ôöé gzip:   1.70 kB[22m
[2m../dist/public/[22m[36massets/OrgCreateDepartment-DkF6PqzN.js          [39m[1m[2m    9.79 kB[22m[1m[22m[2m Ôöé gzip:   1.86 kB[22m
[2m../dist/public/[22m[36massets/OrgCreditNotes-CIdaPyO9.js               [39m[1m[2m    9.83 kB[22m[1m[22m[2m Ôöé gzip:   1.77 kB[22m
[2m../dist/public/[22m[36massets/EditProduct-Dr7NnzAC.js                  [39m[1m[2m    9.89 kB[22m[1m[22m[2m Ôöé gzip:   2.29 kB[22m
[2m../dist/public/[22m[36massets/CreateLPO-_OOa27zZ.js                    [39m[1m[2m   10.03 kB[22m[1m[22m[2m Ôöé gzip:   1.95 kB[22m
[2m../dist/public/[22m[36massets/EditSupplier-CSWsHBLt.js                 [39m[1m[2m   10.06 kB[22m[1m[22m[2m Ôöé gzip:   2.55 kB[22m
[2m../dist/public/[22m[36massets/ReportsDetails-D7zj8BBU.js               [39m[1m[2m   10.11 kB[22m[1m[22m[2m Ôöé gzip:   1.69 kB[22m
[2m../dist/public/[22m[36massets/OrgEditProduct-ovYlt_uB.js               [39m[1m[2m   10.29 kB[22m[1m[22m[2m Ôöé gzip:   2.30 kB[22m
[2m../dist/public/[22m[36massets/CreatePurchaseOrder-C4aQ8Xij.js          [39m[1m[2m   10.37 kB[22m[1m[22m[2m Ôöé gzip:   1.72 kB[22m
[2m../dist/public/[22m[36massets/OrgAI-BatP6-LJ.js                        [39m[1m[2m   10.41 kB[22m[1m[22m[2m Ôöé gzip:   2.36 kB[22m
[2m../dist/public/[22m[36massets/FinancialReports-DIQQRlmN.js             [39m[1m[2m   10.41 kB[22m[1m[22m[2m Ôöé gzip:   1.73 kB[22m
[2m../dist/public/[22m[36massets/OrgEditSupplier-CUyWoVsW.js              [39m[1m[2m   10.42 kB[22m[1m[22m[2m Ôöé gzip:   2.55 kB[22m
[2m../dist/public/[22m[36massets/EmailQueue-BNgcqNh1.js                   [39m[1m[2m   10.44 kB[22m[1m[22m[2m Ôöé gzip:   2.10 kB[22m
[2m../dist/public/[22m[36massets/ProjectAnalytics-szDUMu4l.js             [39m[1m[2m   10.55 kB[22m[1m[22m[2m Ôöé gzip:   1.96 kB[22m
[2m../dist/public/[22m[36massets/OrgCreateLPO-DVgO9oOL.js                 [39m[1m[2m   10.61 kB[22m[1m[22m[2m Ôöé gzip:   1.96 kB[22m
[2m../dist/public/[22m[36massets/OrgProcurement-BxBwaDM3.js               [39m[1m[2m   10.80 kB[22m[1m[22m[2m Ôöé gzip:   2.28 kB[22m
[2m../dist/public/[22m[36massets/Area-CrEFan9y.js                         [39m[1m[2m   10.80 kB[22m[1m[22m[2m Ôöé gzip:   3.98 kB[22m
[2m../dist/public/[22m[36massets/ProductDetails-D1A_8fxv.js               [39m[1m[2m   10.83 kB[22m[1m[22m[2m Ôöé gzip:   1.88 kB[22m
[2m../dist/public/[22m[36massets/ChartOfAccountsDetails-FkAG0xGU.js       [39m[1m[2m   10.84 kB[22m[1m[22m[2m Ôöé gzip:   1.74 kB[22m
[2m../dist/public/[22m[36massets/FunnelAnalysis-D-E0Vbli.js               [39m[1m[2m   10.89 kB[22m[1m[22m[2m Ôöé gzip:   1.77 kB[22m
[2m../dist/public/[22m[36massets/OrgCreatePurchaseOrder-nTGqDLHL.js       [39m[1m[2m   10.91 kB[22m[1m[22m[2m Ôöé gzip:   1.73 kB[22m
[2m../dist/public/[22m[36massets/Line-Cm8y3nC-.js                         [39m[1m[2m   10.95 kB[22m[1m[22m[2m Ôöé gzip:   4.21 kB[22m
[2m../dist/public/[22m[36massets/OrgPurchaseOrderDetail-DXL_hDsM.js       [39m[1m[2m   11.09 kB[22m[1m[22m[2m Ôöé gzip:   1.72 kB[22m
[2m../dist/public/[22m[36massets/HRDetails-C3qOF2OE.js                    [39m[1m[2m   11.20 kB[22m[1m[22m[2m Ôöé gzip:   1.96 kB[22m
[2m../dist/public/[22m[36massets/Activity-BLoLndFL.js                     [39m[1m[2m   11.38 kB[22m[1m[22m[2m Ôöé gzip:   2.65 kB[22m
[2m../dist/public/[22m[36massets/EditSalaryStructure-C1YiDs6C.js          [39m[1m[2m   11.40 kB[22m[1m[22m[2m Ôöé gzip:   2.08 kB[22m
[2m../dist/public/[22m[36massets/OrgLPODetail-eqdfBjfi.js                 [39m[1m[2m   11.44 kB[22m[1m[22m[2m Ôöé gzip:   2.06 kB[22m
[2m../dist/public/[22m[36massets/CreateTicket-BIdLOQkD.js                 [39m[1m[2m   11.69 kB[22m[1m[22m[2m Ôöé gzip:   2.02 kB[22m
[2m../dist/public/[22m[36massets/CreateWarranty-C_BiTBhq.js               [39m[1m[2m   11.73 kB[22m[1m[22m[2m Ôöé gzip:   1.92 kB[22m
[2m../dist/public/[22m[36massets/Scatter-CMPTLN1O.js                      [39m[1m[2m   11.80 kB[22m[1m[22m[2m Ôöé gzip:   3.78 kB[22m
[2m../dist/public/[22m[36massets/DebitNotes-DA4-i__C.js                   [39m[1m[2m   11.84 kB[22m[1m[22m[2m Ôöé gzip:   2.85 kB[22m
[2m../dist/public/[22m[36massets/OrgEditApproval-sEiY--VJ.js              [39m[1m[2m   11.92 kB[22m[1m[22m[2m Ôöé gzip:   1.94 kB[22m
[2m../dist/public/[22m[36massets/OrgActivity-Dz1Jrh_a.js                  [39m[1m[2m   11.94 kB[22m[1m[22m[2m Ôöé gzip:   2.66 kB[22m
[2m../dist/public/[22m[36massets/OrgEditSalaryStructure-DlKhL1dq.js       [39m[1m[2m   11.96 kB[22m[1m[22m[2m Ôöé gzip:   2.10 kB[22m
[2m../dist/public/[22m[36massets/Login-C4wienzo.js                        [39m[1m[2m   11.99 kB[22m[1m[22m[2m Ôöé gzip:   2.54 kB[22m
[2m../dist/public/[22m[36massets/OrgEditPurchaseOrder-CyE2ErFG.js         [39m[1m[2m   12.11 kB[22m[1m[22m[2m Ôöé gzip:   2.03 kB[22m
[2m../dist/public/[22m[36massets/WarrantyDetails-D4X_jSOF.js              [39m[1m[2m   12.19 kB[22m[1m[22m[2m Ôöé gzip:   1.77 kB[22m
[2m../dist/public/[22m[36massets/AIAssistantModal-D7X5eJoE.js             [39m[1m[2m   12.22 kB[22m[1m[22m[2m Ôöé gzip:   2.27 kB[22m
[2m../dist/public/[22m[36massets/ChangePassword-DY66BYOx.js               [39m[1m[2m   12.24 kB[22m[1m[22m[2m Ôöé gzip:   2.33 kB[22m
[2m../dist/public/[22m[36massets/OrgReceiptDetail-CIDhZSIY.js             [39m[1m[2m   12.27 kB[22m[1m[22m[2m Ôöé gzip:   1.95 kB[22m
[2m../dist/public/[22m[36massets/CreateAttendance-BVmV2nYo.js             [39m[1m[2m   12.32 kB[22m[1m[22m[2m Ôöé gzip:   2.04 kB[22m
[2m../dist/public/[22m[36massets/EditAllowance-D7wKUibH.js                [39m[1m[2m   12.34 kB[22m[1m[22m[2m Ôöé gzip:   2.24 kB[22m
[2m../dist/public/[22m[36massets/OrgCreateTicket-D0fp9hGy.js              [39m[1m[2m   12.37 kB[22m[1m[22m[2m Ôöé gzip:   2.04 kB[22m
[2m../dist/public/[22m[36massets/OrgDebitNotes-zMxv_y-m.js                [39m[1m[2m   12.38 kB[22m[1m[22m[2m Ôöé gzip:   2.87 kB[22m
[2m../dist/public/[22m[36massets/CreateLeaveRequest-DmRX2gYl.js           [39m[1m[2m   12.40 kB[22m[1m[22m[2m Ôöé gzip:   2.03 kB[22m
[2m../dist/public/[22m[36massets/EditBenefit-CExFjVYM.js                  [39m[1m[2m   12.43 kB[22m[1m[22m[2m Ôöé gzip:   2.34 kB[22m
[2m../dist/public/[22m[36massets/CohortAnalysis-DeIaY72Q.js               [39m[1m[2m   12.43 kB[22m[1m[22m[2m Ôöé gzip:   1.81 kB[22m
[2m../dist/public/[22m[36massets/OrgQuotationDetail-DlACHnY1.js           [39m[1m[2m   12.48 kB[22m[1m[22m[2m Ôöé gzip:   1.95 kB[22m
[2m../dist/public/[22m[36massets/ServiceTemplates-2-WCXHzE.js             [39m[1m[2m   12.61 kB[22m[1m[22m[2m Ôöé gzip:   2.70 kB[22m
[2m../dist/public/[22m[36massets/CreateInvoice-DikIXzkW.js                [39m[1m[2m   12.63 kB[22m[1m[22m[2m Ôöé gzip:   3.02 kB[22m
[2m../dist/public/[22m[36massets/DepartmentForm-fw88hZSj.js               [39m[1m[2m   12.71 kB[22m[1m[22m[2m Ôöé gzip:   2.06 kB[22m
[2m../dist/public/[22m[36massets/Blog-BOMu52tg.js                         [39m[1m[2m   12.78 kB[22m[1m[22m[2m Ôöé gzip:   2.25 kB[22m
[2m../dist/public/[22m[36massets/SalesManagerDashboard-6hdqwA0_.js        [39m[1m[2m   12.81 kB[22m[1m[22m[2m Ôöé gzip:   1.72 kB[22m
[2m../dist/public/[22m[36massets/ProposalDetails-BYdvpt-H.js              [39m[1m[2m   12.91 kB[22m[1m[22m[2m Ôöé gzip:   1.90 kB[22m
[2m../dist/public/[22m[36massets/Services-3XeO9i19.js                     [39m[1m[2m   12.97 kB[22m[1m[22m[2m Ôöé gzip:   2.38 kB[22m
[2m../dist/public/[22m[36massets/OrgCreateAttendance-Dusp4tFk.js          [39m[1m[2m   12.99 kB[22m[1m[22m[2m Ôöé gzip:   2.06 kB[22m
[2m../dist/public/[22m[36massets/OrgCreateInvoice-C5s8cKln.js             [39m[1m[2m   13.12 kB[22m[1m[22m[2m Ôöé gzip:   3.03 kB[22m
[2m../dist/public/[22m[36massets/EditDeduction-CikmsKer.js                [39m[1m[2m   13.15 kB[22m[1m[22m[2m Ôöé gzip:   2.35 kB[22m
[2m../dist/public/[22m[36massets/CreateAllowance-Vp0eTemK.js              [39m[1m[2m   13.15 kB[22m[1m[22m[2m Ôöé gzip:   2.27 kB[22m
[2m../dist/public/[22m[36massets/OrgServiceTemplates-WEpcRfNE.js          [39m[1m[2m   13.19 kB[22m[1m[22m[2m Ôöé gzip:   2.72 kB[22m
[2m../dist/public/[22m[36massets/BudgetDetails-8HQWE3VP.js                [39m[1m[2m   13.19 kB[22m[1m[22m[2m Ôöé gzip:   1.99 kB[22m
[2m../dist/public/[22m[36massets/OrgEditLead-DVDU0Uut.js                  [39m[1m[2m   13.28 kB[22m[1m[22m[2m Ôöé gzip:   2.09 kB[22m
[2m../dist/public/[22m[36massets/TenantAdmins-CsIXRuJk.js                 [39m[1m[2m   13.39 kB[22m[1m[22m[2m Ôöé gzip:   2.01 kB[22m
[2m../dist/public/[22m[36massets/ConversionAnalytics-Bp6xaVe8.js          [39m[1m[2m   13.48 kB[22m[1m[22m[2m Ôöé gzip:   2.20 kB[22m
[2m../dist/public/[22m[36massets/ProcurementManagerDashboard-CfVwJGUd.js  [39m[1m[2m   13.60 kB[22m[1m[22m[2m Ôöé gzip:   1.71 kB[22m
[2m../dist/public/[22m[36massets/TenantUsers-BbPe14eU.js                  [39m[1m[2m   13.79 kB[22m[1m[22m[2m Ôöé gzip:   2.12 kB[22m
[2m../dist/public/[22m[36massets/EditAttendance-BSMgX4Sg.js               [39m[1m[2m   13.80 kB[22m[1m[22m[2m Ôöé gzip:   2.28 kB[22m
[2m../dist/public/[22m[36massets/Accounting-CN4fnW6E.js                   [39m[1m[2m   13.80 kB[22m[1m[22m[2m Ôöé gzip:   2.60 kB[22m
[2m../dist/public/[22m[36massets/EditTicket-C9yw2jKG.js                   [39m[1m[2m   13.91 kB[22m[1m[22m[2m Ôöé gzip:   2.28 kB[22m
[2m../dist/public/[22m[36massets/RevenueForecasting-B1EISXNW.js           [39m[1m[2m   13.94 kB[22m[1m[22m[2m Ôöé gzip:   2.33 kB[22m
[2m../dist/public/[22m[36massets/ServiceInvoices-CLVgDaSm.js              [39m[1m[2m   14.13 kB[22m[1m[22m[2m Ôöé gzip:   3.16 kB[22m
[2m../dist/public/[22m[36massets/QuotationDetails-vZkqveMJ.js             [39m[1m[2m   14.17 kB[22m[1m[22m[2m Ôöé gzip:   2.41 kB[22m
[2m../dist/public/[22m[36massets/OrgEditProcurement-DOR5WEn_.js           [39m[1m[2m   14.21 kB[22m[1m[22m[2m Ôöé gzip:   2.16 kB[22m
[2m../dist/public/[22m[36massets/PaymentDetails-BeZWbWBI.js               [39m[1m[2m   14.32 kB[22m[1m[22m[2m Ôöé gzip:   2.53 kB[22m
[2m../dist/public/[22m[36massets/EditWarranty-CKILCdcv.js                 [39m[1m[2m   14.35 kB[22m[1m[22m[2m Ôöé gzip:   2.33 kB[22m
[2m../dist/public/[22m[36massets/OrgProposalDetail-BX0QB7_G.js            [39m[1m[2m   14.36 kB[22m[1m[22m[2m Ôöé gzip:   2.11 kB[22m
[2m../dist/public/[22m[36massets/WarrantyManagement-CGYka81T.js           [39m[1m[2m   14.46 kB[22m[1m[22m[2m Ôöé gzip:   2.46 kB[22m
[2m../dist/public/[22m[36massets/OrgServiceDetail-ouyy-fZ2.js             [39m[1m[2m   14.46 kB[22m[1m[22m[2m Ôöé gzip:   1.89 kB[22m
[2m../dist/public/[22m[36massets/OrgAccounting-D9BcRY53.js                [39m[1m[2m   14.46 kB[22m[1m[22m[2m Ôöé gzip:   2.61 kB[22m
[2m../dist/public/[22m[36massets/OrgContactDetail-CZf88g10.js             [39m[1m[2m   14.51 kB[22m[1m[22m[2m Ôöé gzip:   1.91 kB[22m
[2m../dist/public/[22m[36massets/SalesReports-DCB4uy8G.js                 [39m[1m[2m   14.52 kB[22m[1m[22m[2m Ôöé gzip:   2.09 kB[22m
[2m../dist/public/[22m[36massets/OrgLeadDetail-ByqtyYjy.js                [39m[1m[2m   14.53 kB[22m[1m[22m[2m Ôöé gzip:   2.10 kB[22m
[2m../dist/public/[22m[36massets/OrgEditAttendance-R-FZNuzA.js            [39m[1m[2m   14.53 kB[22m[1m[22m[2m Ôöé gzip:   2.30 kB[22m
[2m../dist/public/[22m[36massets/OrgPaymentDetail-9nXRBskn.js             [39m[1m[2m   14.60 kB[22m[1m[22m[2m Ôöé gzip:   2.07 kB[22m
[2m../dist/public/[22m[36massets/Documentation-Cxz2JfJJ.js                [39m[1m[2m   14.60 kB[22m[1m[22m[2m Ôöé gzip:   3.11 kB[22m
[2m../dist/public/[22m[36massets/OrgEditQuotation-wKE-ah_F.js             [39m[1m[2m   14.61 kB[22m[1m[22m[2m Ôöé gzip:   2.43 kB[22m
[2m../dist/public/[22m[36massets/GRNDetails-ZoNM7qSt.js                   [39m[1m[2m   14.66 kB[22m[1m[22m[2m Ôöé gzip:   2.43 kB[22m
[2m../dist/public/[22m[36massets/OrgEditTicket-OtL4bG8G.js                [39m[1m[2m   14.74 kB[22m[1m[22m[2m Ôöé gzip:   2.29 kB[22m
[2m../dist/public/[22m[36massets/OrgServiceInvoices-DDb9FPnZ.js           [39m[1m[2m   14.76 kB[22m[1m[22m[2m Ôöé gzip:   3.18 kB[22m
[2m../dist/public/[22m[36massets/OrgEstimateDetail-CxrnUC2J.js            [39m[1m[2m   14.77 kB[22m[1m[22m[2m Ôöé gzip:   2.10 kB[22m
[2m../dist/public/[22m[36massets/HTMLEditor-DANNWYlY.js                   [39m[1m[2m   14.96 kB[22m[1m[22m[2m Ôöé gzip:   3.07 kB[22m
[2m../dist/public/[22m[36massets/AssetDetails-DFEsBRZc.js                 [39m[1m[2m   14.99 kB[22m[1m[22m[2m Ôöé gzip:   1.99 kB[22m
[2m../dist/public/[22m[36massets/OrgApprovalDetail-sKM6_5w4.js            [39m[1m[2m   14.99 kB[22m[1m[22m[2m Ôöé gzip:   2.07 kB[22m
[2m../dist/public/[22m[36massets/OrgProductDetail-CNIE4OU-.js             [39m[1m[2m   15.02 kB[22m[1m[22m[2m Ôöé gzip:   1.95 kB[22m
[2m../dist/public/[22m[36massets/OrgSubscriptions-BEkTVNuc.js             [39m[1m[2m   15.04 kB[22m[1m[22m[2m Ôöé gzip:   2.44 kB[22m
[2m../dist/public/[22m[36massets/PayslipDetails-BHRt4x2m.js               [39m[1m[2m   15.22 kB[22m[1m[22m[2m Ôöé gzip:   2.71 kB[22m
[2m../dist/public/[22m[36massets/TestPDFGeneration-Ba3Tleri.js            [39m[1m[2m   15.36 kB[22m[1m[22m[2m Ôöé gzip:   2.48 kB[22m
[2m../dist/public/[22m[36massets/ContractDetails-Cfmf_8zp.js              [39m[1m[2m   15.42 kB[22m[1m[22m[2m Ôöé gzip:   2.04 kB[22m
[2m../dist/public/[22m[36massets/OrgStaff-B2fm8Ehp.js                     [39m[1m[2m   15.45 kB[22m[1m[22m[2m Ôöé gzip:   3.01 kB[22m
[2m../dist/public/[22m[36massets/OrgAttendanceDetail-OlGsmw-w.js          [39m[1m[2m   15.52 kB[22m[1m[22m[2m Ôöé gzip:   2.12 kB[22m
[2m../dist/public/[22m[36massets/OrgServices-D7Hxe3Zn.js                  [39m[1m[2m   15.57 kB[22m[1m[22m[2m Ôöé gzip:   2.57 kB[22m
[2m../dist/public/[22m[36massets/SalaryStructureDetails-C2wphaqo.js       [39m[1m[2m   15.60 kB[22m[1m[22m[2m Ôöé gzip:   2.25 kB[22m
[2m../dist/public/[22m[36massets/EditLPO-Cgsfqaf9.js                      [39m[1m[2m   15.74 kB[22m[1m[22m[2m Ôöé gzip:   2.65 kB[22m
[2m../dist/public/[22m[36massets/DeliveryNoteDetails-COT9D0gA.js          [39m[1m[2m   15.77 kB[22m[1m[22m[2m Ôöé gzip:   2.41 kB[22m
[2m../dist/public/[22m[36massets/CreateWorkOrder-D3hgM_PO.js              [39m[1m[2m   15.87 kB[22m[1m[22m[2m Ôöé gzip:   2.46 kB[22m
[2m../dist/public/[22m[36massets/OrgProcurementDetail-GhG_JGGR.js         [39m[1m[2m   15.91 kB[22m[1m[22m[2m Ôöé gzip:   2.14 kB[22m
[2m../dist/public/[22m[36massets/OrgOrderDetail-BRgnGDt_.js               [39m[1m[2m   15.91 kB[22m[1m[22m[2m Ôöé gzip:   2.33 kB[22m
[2m../dist/public/[22m[36massets/OrgCreateQuotation-XoejNSjw.js           [39m[1m[2m   15.95 kB[22m[1m[22m[2m Ôöé gzip:   2.45 kB[22m
[2m../dist/public/[22m[36massets/ProcurementMaster-CHVe9OuH.js            [39m[1m[2m   15.99 kB[22m[1m[22m[2m Ôöé gzip:   2.41 kB[22m
[2m../dist/public/[22m[36massets/HR-DMN9B53A.js                           [39m[1m[2m   16.05 kB[22m[1m[22m[2m Ôöé gzip:   3.07 kB[22m
[2m../dist/public/[22m[36massets/MFA-Bw-sG9sL.js                          [39m[1m[2m   16.13 kB[22m[1m[22m[2m Ôöé gzip:   2.49 kB[22m
[2m../dist/public/[22m[36massets/OrgDebitNoteDetail-Bojx5-Pf.js           [39m[1m[2m   16.16 kB[22m[1m[22m[2m Ôöé gzip:   2.20 kB[22m
[2m../dist/public/[22m[36massets/EditBankReconciliation-COVb62oE.js       [39m[1m[2m   16.21 kB[22m[1m[22m[2m Ôöé gzip:   2.40 kB[22m
[2m../dist/public/[22m[36massets/BankReconciliation-CRaaiSrr.js           [39m[1m[2m   16.21 kB[22m[1m[22m[2m Ôöé gzip:   2.70 kB[22m
[2m../dist/public/[22m[36massets/ProjectsManagement-DQVou1wo.js           [39m[1m[2m   16.22 kB[22m[1m[22m[2m Ôöé gzip:   2.78 kB[22m
[2m../dist/public/[22m[36massets/TimesheetDetails-CqB7SJlo.js             [39m[1m[2m   16.38 kB[22m[1m[22m[2m Ôöé gzip:   2.14 kB[22m
[2m../dist/public/[22m[36massets/CustomerReports-BJnSf-HY.js              [39m[1m[2m   16.38 kB[22m[1m[22m[2m Ôöé gzip:   2.73 kB[22m
[2m../dist/public/[22m[36massets/OrgSalaryStructureDetails-NKJ3t6xj.js    [39m[1m[2m   16.42 kB[22m[1m[22m[2m Ôöé gzip:   2.26 kB[22m
[2m../dist/public/[22m[36massets/ImprestDetails-7pTpL4DU.js               [39m[1m[2m   16.45 kB[22m[1m[22m[2m Ôöé gzip:   2.30 kB[22m
[2m../dist/public/[22m[36massets/CreateDebitNote-0PxxkoHu.js              [39m[1m[2m   16.47 kB[22m[1m[22m[2m Ôöé gzip:   2.61 kB[22m
[2m../dist/public/[22m[36massets/OrgCreateLeave-D0GGkXnf.js               [39m[1m[2m   16.59 kB[22m[1m[22m[2m Ôöé gzip:   2.66 kB[22m
[2m../dist/public/[22m[36massets/ForgotPassword-BTxFGb9O.js               [39m[1m[2m   16.60 kB[22m[1m[22m[2m Ôöé gzip:   2.45 kB[22m
[2m../dist/public/[22m[36massets/OrgEditLPO-D19jPYA9.js                   [39m[1m[2m   16.68 kB[22m[1m[22m[2m Ôöé gzip:   2.67 kB[22m
[2m../dist/public/[22m[36massets/OrgCreateWorkOrder-Dra2oiHl.js           [39m[1m[2m   16.75 kB[22m[1m[22m[2m Ôöé gzip:   2.47 kB[22m
[2m../dist/public/[22m[36massets/OrgHR-CW9IOGKo.js                        [39m[1m[2m   16.85 kB[22m[1m[22m[2m Ôöé gzip:   3.09 kB[22m
[2m../dist/public/[22m[36massets/CreateSalaryStructure-VuS3--EN.js        [39m[1m[2m   16.86 kB[22m[1m[22m[2m Ôöé gzip:   2.57 kB[22m
[2m../dist/public/[22m[36massets/InvoiceSearchFilter-D7iC6Ga9.js          [39m[1m[2m   16.87 kB[22m[1m[22m[2m Ôöé gzip:   1.96 kB[22m
[2m../dist/public/[22m[36massets/Departments-r-Y6E2gt.js                  [39m[1m[2m   16.90 kB[22m[1m[22m[2m Ôöé gzip:   2.89 kB[22m
[2m../dist/public/[22m[36massets/OrgLeave-BIJvx1Cs.js                     [39m[1m[2m   16.92 kB[22m[1m[22m[2m Ôöé gzip:   3.09 kB[22m
[2m../dist/public/[22m[36massets/DebitNoteDetails-BGh_QJCx.js             [39m[1m[2m   16.94 kB[22m[1m[22m[2m Ôöé gzip:   2.71 kB[22m
[2m../dist/public/[22m[36massets/Calendar-BXMSy7UN.js                     [39m[1m[2m   16.97 kB[22m[1m[22m[2m Ôöé gzip:   3.16 kB[22m
[2m../dist/public/[22m[36massets/Profile-CYeYOakW.js                      [39m[1m[2m   17.06 kB[22m[1m[22m[2m Ôöé gzip:   3.02 kB[22m
[2m../dist/public/[22m[36massets/EditLeave-B_9PTjBX.js                    [39m[1m[2m   17.07 kB[22m[1m[22m[2m Ôöé gzip:   2.68 kB[22m
[2m../dist/public/[22m[36massets/EditWorkOrder-BGipG2h9.js                [39m[1m[2m   17.08 kB[22m[1m[22m[2m Ôöé gzip:   2.62 kB[22m
[2m../dist/public/[22m[36massets/OrgBankReconciliation-p-Z3PCsl.js        [39m[1m[2m   17.08 kB[22m[1m[22m[2m Ôöé gzip:   2.72 kB[22m
[2m../dist/public/[22m[36massets/ChurnPrediction-6njt89t7.js              [39m[1m[2m   17.12 kB[22m[1m[22m[2m Ôöé gzip:   2.31 kB[22m
[2m../dist/public/[22m[36massets/EditChartOfAccounts-DvrCAWrI.js          [39m[1m[2m   17.20 kB[22m[1m[22m[2m Ôöé gzip:   2.83 kB[22m
[2m../dist/public/[22m[36massets/AdvancedAnalytics-B3nK_XK4.js            [39m[1m[2m   17.25 kB[22m[1m[22m[2m Ôöé gzip:   2.14 kB[22m
[2m../dist/public/[22m[36massets/documentTemplate-C5ucgxv1.js             [39m[1m[2m   17.33 kB[22m[1m[22m[2m Ôöé gzip:   4.19 kB[22m
[2m../dist/public/[22m[36massets/AuditLogs-XVImogiG.js                    [39m[1m[2m   17.38 kB[22m[1m[22m[2m Ôöé gzip:   3.31 kB[22m
[2m../dist/public/[22m[36massets/OrgCreateProposal-BtO_fpnu.js            [39m[1m[2m   17.38 kB[22m[1m[22m[2m Ôöé gzip:   2.64 kB[22m
[2m../dist/public/[22m[36massets/OrgCreateDebitNote-Bdu2-_YO.js           [39m[1m[2m   17.41 kB[22m[1m[22m[2m Ôöé gzip:   2.64 kB[22m
[2m../dist/public/[22m[36massets/OpportunityDetails-B5vycM4b.js           [39m[1m[2m   17.44 kB[22m[1m[22m[2m Ôöé gzip:   2.57 kB[22m
[2m../dist/public/[22m[36massets/CreateDeduction-LRjyIuau.js              [39m[1m[2m   17.49 kB[22m[1m[22m[2m Ôöé gzip:   2.79 kB[22m
[2m../dist/public/[22m[36massets/OrgWarranty-BP3EEDhx.js                  [39m[1m[2m   17.64 kB[22m[1m[22m[2m Ôöé gzip:   2.88 kB[22m
[2m../dist/public/[22m[36massets/BankReconciliationDetails-FRfAyayH.js    [39m[1m[2m   17.65 kB[22m[1m[22m[2m Ôöé gzip:   2.24 kB[22m
[2m../dist/public/[22m[36massets/FinanceSettings-3UJFmebB.js              [39m[1m[2m   17.70 kB[22m[1m[22m[2m Ôöé gzip:   2.54 kB[22m
[2m../dist/public/[22m[36massets/OrgCreateSalaryStructure-DIJArc9k.js     [39m[1m[2m   17.71 kB[22m[1m[22m[2m Ôöé gzip:   2.59 kB[22m
[2m../dist/public/[22m[36massets/OrgSupplierDetail-69j8wCBV.js            [39m[1m[2m   17.73 kB[22m[1m[22m[2m Ôöé gzip:   2.35 kB[22m
[2m../dist/public/[22m[36massets/UserGuide-DzegFU5W.js                    [39m[1m[2m   17.77 kB[22m[1m[22m[2m Ôöé gzip:   3.76 kB[22m
[2m../dist/public/[22m[36massets/OrgCalendar-EZfQ4UYt.js                  [39m[1m[2m   17.87 kB[22m[1m[22m[2m Ôöé gzip:   3.17 kB[22m
[2m../dist/public/[22m[36massets/OrgContracts-B-rq64w3.js                 [39m[1m[2m   17.89 kB[22m[1m[22m[2m Ôöé gzip:   3.24 kB[22m
[2m../dist/public/[22m[36massets/OrderDetails-BL-hycvp.js                 [39m[1m[2m   17.98 kB[22m[1m[22m[2m Ôöé gzip:   2.44 kB[22m
[2m../dist/public/[22m[36massets/ServiceTemplateDetails-p5f6Ldrk.js       [39m[1m[2m   18.02 kB[22m[1m[22m[2m Ôöé gzip:   2.57 kB[22m
[2m../dist/public/[22m[36massets/OrgEditWorkOrder-BDKKpd0O.js             [39m[1m[2m   18.03 kB[22m[1m[22m[2m Ôöé gzip:   2.65 kB[22m
[2m../dist/public/[22m[36massets/OrgCreateProcurement-BcwuMdBt.js         [39m[1m[2m   18.03 kB[22m[1m[22m[2m Ôöé gzip:   2.64 kB[22m
[2m../dist/public/[22m[36massets/OrgEditLeave-r4sniYD1.js                 [39m[1m[2m   18.04 kB[22m[1m[22m[2m Ôöé gzip:   2.69 kB[22m
[2m../dist/public/[22m[36massets/SessionManager-BgWY-KIj.js               [39m[1m[2m   18.05 kB[22m[1m[22m[2m Ôöé gzip:   2.75 kB[22m
[2m../dist/public/[22m[36massets/LeaveManagementDetails-Dszk9OH_.js       [39m[1m[2m   18.14 kB[22m[1m[22m[2m Ôöé gzip:   2.55 kB[22m
[2m../dist/public/[22m[36massets/AttendanceDetails-C0XcA2lJ.js            [39m[1m[2m   18.17 kB[22m[1m[22m[2m Ôöé gzip:   2.71 kB[22m
[2m../dist/public/[22m[36massets/Signup-BWGpM8Bq.js                       [39m[1m[2m   18.27 kB[22m[1m[22m[2m Ôöé gzip:   3.07 kB[22m
[2m../dist/public/[22m[36massets/Budgets-Dy5DkJu3.js                      [39m[1m[2m   18.32 kB[22m[1m[22m[2m Ôöé gzip:   3.13 kB[22m
[2m../dist/public/[22m[36massets/Holidays-DiN5FmCh.js                     [39m[1m[2m   18.49 kB[22m[1m[22m[2m Ôöé gzip:   3.04 kB[22m
[2m../dist/public/[22m[36massets/OrgCreditNoteDetail-Dh7REjOX.js          [39m[1m[2m   18.53 kB[22m[1m[22m[2m Ôöé gzip:   2.37 kB[22m
[2m../dist/public/[22m[36massets/Attendance-BgPzaaY1.js                   [39m[1m[2m   18.59 kB[22m[1m[22m[2m Ôöé gzip:   2.86 kB[22m
[2m../dist/public/[22m[36massets/SystemHealthDashboard-BDbcyljZ.js        [39m[1m[2m   18.59 kB[22m[1m[22m[2m Ôöé gzip:   2.60 kB[22m
[2m../dist/public/[22m[36massets/Products-CG_Auncc.js                     [39m[1m[2m   18.63 kB[22m[1m[22m[2m Ôöé gzip:   3.44 kB[22m
[2m../dist/public/[22m[36massets/EnterpriseSettings-DpceK7Xi.js           [39m[1m[2m   18.68 kB[22m[1m[22m[2m Ôöé gzip:   2.90 kB[22m
[2m../dist/public/[22m[36massets/EditOpportunity-ZgkWxKIX.js              [39m[1m[2m   18.82 kB[22m[1m[22m[2m Ôöé gzip:   2.88 kB[22m
[2m../dist/public/[22m[36massets/ContactDetails-DMggjU9-.js               [39m[1m[2m   18.83 kB[22m[1m[22m[2m Ôöé gzip:   2.27 kB[22m
[2m../dist/public/[22m[36massets/LPODetails-CAqCJGsa.js                   [39m[1m[2m   18.94 kB[22m[1m[22m[2m Ôöé gzip:   2.88 kB[22m
[2m../dist/public/[22m[36massets/Reminders-CwX6de3T.js                    [39m[1m[2m   19.02 kB[22m[1m[22m[2m Ôöé gzip:   2.83 kB[22m
[2m../dist/public/[22m[36massets/CreditNoteDetails-C8yXlh_g.js            [39m[1m[2m   19.26 kB[22m[1m[22m[2m Ôöé gzip:   2.87 kB[22m
[2m../dist/public/[22m[36massets/CreateServiceInvoice-CwmScZvT.js         [39m[1m[2m   19.33 kB[22m[1m[22m[2m Ôöé gzip:   3.06 kB[22m
[2m../dist/public/[22m[36massets/OrgBudgets-O1BgD_A4.js                   [39m[1m[2m   19.38 kB[22m[1m[22m[2m Ôöé gzip:   3.14 kB[22m
[2m../dist/public/[22m[36massets/Projects-BIodxLYe.js                     [39m[1m[2m   19.39 kB[22m[1m[22m[2m Ôöé gzip:   3.50 kB[22m
[2m../dist/public/[22m[36massets/CreateService-BcJYO2IN.js                [39m[1m[2m   19.49 kB[22m[1m[22m[2m Ôöé gzip:   2.98 kB[22m
[2m../dist/public/[22m[36massets/OrgProducts-Bryt_gfn.js                  [39m[1m[2m   19.59 kB[22m[1m[22m[2m Ôöé gzip:   3.45 kB[22m
[2m../dist/public/[22m[36massets/ProjectReports-dDHXIgEx.js               [39m[1m[2m   19.62 kB[22m[1m[22m[2m Ôöé gzip:   3.17 kB[22m
[2m../dist/public/[22m[36massets/ProductForm-PeZ8P-4q.js                  [39m[1m[2m   19.64 kB[22m[1m[22m[2m Ôöé gzip:   2.48 kB[22m
[2m../dist/public/[22m[36massets/EditOrder-CfCr7pOm.js                    [39m[1m[2m   19.67 kB[22m[1m[22m[2m Ôöé gzip:   3.22 kB[22m
[2m../dist/public/[22m[36massets/OrgDepartments-BxpTDdP6.js               [39m[1m[2m   19.67 kB[22m[1m[22m[2m Ôöé gzip:   3.18 kB[22m
[2m../dist/public/[22m[36massets/OrgAttendance-D2vTdvdJ.js                [39m[1m[2m   19.71 kB[22m[1m[22m[2m Ôöé gzip:   2.87 kB[22m
[2m../dist/public/[22m[36massets/EditDebitNote-DaRtV6IV.js                [39m[1m[2m   19.72 kB[22m[1m[22m[2m Ôöé gzip:   3.05 kB[22m
[2m../dist/public/[22m[36massets/CreateContact-DPHbZ-wc.js                [39m[1m[2m   19.79 kB[22m[1m[22m[2m Ôöé gzip:   2.73 kB[22m
[2m../dist/public/[22m[36massets/ClientPerformance-C05DVpnB.js            [39m[1m[2m   19.85 kB[22m[1m[22m[2m Ôöé gzip:   2.92 kB[22m
[2m../dist/public/[22m[36massets/OrgEditContract-B3FG1DaW.js              [39m[1m[2m   19.96 kB[22m[1m[22m[2m Ôöé gzip:   2.96 kB[22m
[2m../dist/public/[22m[36massets/LeaveBalances-BbfxJHAw.js                [39m[1m[2m   20.01 kB[22m[1m[22m[2m Ôöé gzip:   2.98 kB[22m
[2m../dist/public/[22m[36massets/SalaryStructures-Cpa4etUD.js             [39m[1m[2m   20.12 kB[22m[1m[22m[2m Ôöé gzip:   3.10 kB[22m
[2m../dist/public/[22m[36massets/TaxComplianceReports-DXk9fIPh.js         [39m[1m[2m   20.13 kB[22m[1m[22m[2m Ôöé gzip:   2.41 kB[22m
[2m../dist/public/[22m[36massets/Contact-DGLkN-1_.js                      [39m[1m[2m   20.14 kB[22m[1m[22m[2m Ôöé gzip:   3.40 kB[22m
[2m../dist/public/[22m[36massets/EditService-CeFfWuug.js                  [39m[1m[2m   20.18 kB[22m[1m[22m[2m Ôöé gzip:   3.43 kB[22m
[2m../dist/public/[22m[36massets/WorkOrders-BYa8UoGs.js                   [39m[1m[2m   20.20 kB[22m[1m[22m[2m Ôöé gzip:   3.51 kB[22m
[2m../dist/public/[22m[36massets/OrgProjects-z8Bk8l9p.js                  [39m[1m[2m   20.31 kB[22m[1m[22m[2m Ôöé gzip:   3.49 kB[22m
[2m../dist/public/[22m[36massets/OrgCreateServiceInvoice-C4WHfdrZ.js      [39m[1m[2m   20.32 kB[22m[1m[22m[2m Ôöé gzip:   3.07 kB[22m
[2m../dist/public/[22m[36massets/CreateBenefit-e5OWzDYs.js                [39m[1m[2m   20.32 kB[22m[1m[22m[2m Ôöé gzip:   3.14 kB[22m
[2m../dist/public/[22m[36massets/IntegrationGuides-o6VteJ2x.js            [39m[1m[2m   20.43 kB[22m[1m[22m[2m Ôöé gzip:   3.97 kB[22m
[2m../dist/public/[22m[36massets/Benefits-Bl2f4iKu.js                     [39m[1m[2m   20.50 kB[22m[1m[22m[2m Ôöé gzip:   3.10 kB[22m
[2m../dist/public/[22m[36massets/EditServiceInvoice-Bix7N8G_.js           [39m[1m[2m   20.52 kB[22m[1m[22m[2m Ôöé gzip:   3.25 kB[22m
[2m../dist/public/[22m[36massets/About-GYku2rQ1.js                        [39m[1m[2m   20.54 kB[22m[1m[22m[2m Ôöé gzip:   4.20 kB[22m
[2m../dist/public/[22m[36massets/OrgCreateService-CzhA73ka.js             [39m[1m[2m   20.55 kB[22m[1m[22m[2m Ôöé gzip:   3.00 kB[22m
[2m../dist/public/[22m[36massets/ProjectManagerDashboard--jBFomnV.js      [39m[1m[2m   20.72 kB[22m[1m[22m[2m Ôöé gzip:   2.91 kB[22m
[2m../dist/public/[22m[36massets/OrgCreateContract-DQSyE4Rp.js            [39m[1m[2m   20.74 kB[22m[1m[22m[2m Ôöé gzip:   2.95 kB[22m
[2m../dist/public/[22m[36massets/OrgEditOrder-Dp0FvO4i.js                 [39m[1m[2m   20.80 kB[22m[1m[22m[2m Ôöé gzip:   3.24 kB[22m
[2m../dist/public/[22m[36massets/OrgEditDebitNote-Ysmtpd8q.js             [39m[1m[2m   20.86 kB[22m[1m[22m[2m Ôöé gzip:   3.07 kB[22m
[2m../dist/public/[22m[36massets/CreateOrder-CJuNpl6h.js                  [39m[1m[2m   20.90 kB[22m[1m[22m[2m Ôöé gzip:   3.22 kB[22m
[2m../dist/public/[22m[36massets/Security-c7Jn1i1U.js                     [39m[1m[2m   20.98 kB[22m[1m[22m[2m Ôöé gzip:   2.69 kB[22m
[2m../dist/public/[22m[36massets/ResetPassword-wXphFwIa.js                [39m[1m[2m   21.02 kB[22m[1m[22m[2m Ôöé gzip:   2.98 kB[22m
[2m../dist/public/[22m[36massets/EditContact-qCucfYbl.js                  [39m[1m[2m   21.04 kB[22m[1m[22m[2m Ôöé gzip:   3.00 kB[22m
[2m../dist/public/[22m[36massets/OrgCRM-CfikKMtb.js                       [39m[1m[2m   21.12 kB[22m[1m[22m[2m Ôöé gzip:   3.37 kB[22m
[2m../dist/public/[22m[36massets/OrgSalaryStructures-BT2hURVR.js          [39m[1m[2m   21.15 kB[22m[1m[22m[2m Ôöé gzip:   3.12 kB[22m
[2m../dist/public/[22m[36massets/OrgEditService-CNFjkmCk.js               [39m[1m[2m   21.24 kB[22m[1m[22m[2m Ôöé gzip:   3.45 kB[22m
[2m../dist/public/[22m[36massets/AccountingManagement-o7UBTrHH.js         [39m[1m[2m   21.28 kB[22m[1m[22m[2m Ôöé gzip:   3.05 kB[22m
[2m../dist/public/[22m[36massets/OrgWorkOrders-Bd-JjGwA.js                [39m[1m[2m   21.32 kB[22m[1m[22m[2m Ôöé gzip:   3.52 kB[22m
[2m../dist/public/[22m[36massets/TaxInformation-DJTlzXfz.js               [39m[1m[2m   21.45 kB[22m[1m[22m[2m Ôöé gzip:   3.15 kB[22m
[2m../dist/public/[22m[36massets/Dashboard-BYMlTh0A.js                    [39m[1m[2m   21.48 kB[22m[1m[22m[2m Ôöé gzip:   2.44 kB[22m
[2m../dist/public/[22m[36massets/EditPayroll-D8jJlEKI.js                  [39m[1m[2m   21.49 kB[22m[1m[22m[2m Ôöé gzip:   3.93 kB[22m
[2m../dist/public/[22m[36massets/Payments-CmTNSmEe.js                     [39m[1m[2m   21.51 kB[22m[1m[22m[2m Ôöé gzip:   4.24 kB[22m
[2m../dist/public/[22m[36massets/EditProposal-B91G0-4A.js                 [39m[1m[2m   21.53 kB[22m[1m[22m[2m Ôöé gzip:   3.06 kB[22m
[2m../dist/public/[22m[36massets/OrgEditServiceInvoice-Bm-RpETX.js        [39m[1m[2m   21.57 kB[22m[1m[22m[2m Ôöé gzip:   3.27 kB[22m
[2m../dist/public/[22m[36massets/TermsAndConditions-CFJ6GPOL.js           [39m[1m[2m   21.76 kB[22m[1m[22m[2m Ôöé gzip:   3.54 kB[22m
[2m../dist/public/[22m[36massets/Notifications-B3d2xMhk.js                [39m[1m[2m   21.89 kB[22m[1m[22m[2m Ôöé gzip:   2.94 kB[22m
[2m../dist/public/[22m[36massets/Estimates-D-4ZR9xg.js                    [39m[1m[2m   21.98 kB[22m[1m[22m[2m Ôöé gzip:   4.58 kB[22m
[2m../dist/public/[22m[36massets/HRReports-Caf-swzD.js                    [39m[1m[2m   22.04 kB[22m[1m[22m[2m Ôöé gzip:   3.41 kB[22m
[2m../dist/public/[22m[36massets/OrgCreateOrder-BnznRamg.js               [39m[1m[2m   22.07 kB[22m[1m[22m[2m Ôöé gzip:   3.24 kB[22m
[2m../dist/public/[22m[36massets/OrgTaxCompliance-bkgtpyEd.js             [39m[1m[2m   22.07 kB[22m[1m[22m[2m Ôöé gzip:   2.57 kB[22m
[2m../dist/public/[22m[36massets/UserDetails-BG3P4F3g.js                  [39m[1m[2m   22.13 kB[22m[1m[22m[2m Ôöé gzip:   2.59 kB[22m
[2m../dist/public/[22m[36massets/Notes-CE59ovRK.js                        [39m[1m[2m   22.21 kB[22m[1m[22m[2m Ôöé gzip:   3.72 kB[22m
[2m../dist/public/[22m[36massets/OrgEditContact-CXqR3-_S.js               [39m[1m[2m   22.26 kB[22m[1m[22m[2m Ôöé gzip:   3.01 kB[22m
[2m../dist/public/[22m[36massets/OrgEditPayroll-t6gwItPv.js               [39m[1m[2m   22.38 kB[22m[1m[22m[2m Ôöé gzip:   3.94 kB[22m
[2m../dist/public/[22m[36massets/OrgLeaveDetail-DVEU7ES-.js               [39m[1m[2m   22.56 kB[22m[1m[22m[2m Ôöé gzip:   2.80 kB[22m
[2m../dist/public/[22m[36massets/OrgPayments-CwexqTvs.js                  [39m[1m[2m   22.58 kB[22m[1m[22m[2m Ôöé gzip:   4.25 kB[22m
[2m../dist/public/[22m[36massets/SystemLogsViewer-fnFhvi4E.js             [39m[1m[2m   22.67 kB[22m[1m[22m[2m Ôöé gzip:   3.14 kB[22m
[2m../dist/public/[22m[36massets/OrgEditProposal-DOariF4U.js              [39m[1m[2m   22.76 kB[22m[1m[22m[2m Ôöé gzip:   3.08 kB[22m
[2m../dist/public/[22m[36massets/SystemHealth-BqjCobsP.js                 [39m[1m[2m   22.83 kB[22m[1m[22m[2m Ôöé gzip:   2.73 kB[22m
[2m../dist/public/[22m[36massets/OrgEstimates-DzYCXMTr.js                 [39m[1m[2m   22.99 kB[22m[1m[22m[2m Ôöé gzip:   4.60 kB[22m
[2m../dist/public/[22m[36massets/Quotes-DnFSOw9y.js                       [39m[1m[2m   23.01 kB[22m[1m[22m[2m Ôöé gzip:   4.39 kB[22m
[2m../dist/public/[22m[36massets/Features-BWe5j9B3.js                     [39m[1m[2m   23.05 kB[22m[1m[22m[2m Ôöé gzip:   5.15 kB[22m
[2m../dist/public/[22m[36massets/ProposalTemplates-D7z805Qj.js            [39m[1m[2m   23.09 kB[22m[1m[22m[2m Ôöé gzip:   3.42 kB[22m
[2m../dist/public/[22m[36massets/EditProject-BQB5qfZV.js                  [39m[1m[2m   23.23 kB[22m[1m[22m[2m Ôöé gzip:   3.37 kB[22m
[2m../dist/public/[22m[36massets/DashboardHome-C1PRsE7p.js                [39m[1m[2m   23.34 kB[22m[1m[22m[2m Ôöé gzip:   3.93 kB[22m
[2m../dist/public/[22m[36massets/ContractTemplates-CfOTT75u.js            [39m[1m[2m   23.40 kB[22m[1m[22m[2m Ôöé gzip:   3.51 kB[22m
[2m../dist/public/[22m[36massets/ActivityTrail-CL5h6urU.js                [39m[1m[2m   23.52 kB[22m[1m[22m[2m Ôöé gzip:   3.57 kB[22m
[2m../dist/public/[22m[36massets/Opportunities-CyWUSXf4.js                [39m[1m[2m   23.54 kB[22m[1m[22m[2m Ôöé gzip:   4.24 kB[22m
[2m../dist/public/[22m[36massets/EditPayment-CvHQy6j4.js                  [39m[1m[2m   23.59 kB[22m[1m[22m[2m Ôöé gzip:   4.10 kB[22m
[2m../dist/public/[22m[36massets/OrgServiceInvoiceDetails-PnoEveIa.js     [39m[1m[2m   23.60 kB[22m[1m[22m[2m Ôöé gzip:   3.03 kB[22m
[2m../dist/public/[22m[36massets/AllowancesDeductions-B4IbB3GJ.js         [39m[1m[2m   23.71 kB[22m[1m[22m[2m Ôöé gzip:   3.37 kB[22m
[2m../dist/public/[22m[36massets/ChartOfAccountsHierarchy-BZGwE6Eq.js     [39m[1m[2m   23.78 kB[22m[1m[22m[2m Ôöé gzip:   2.93 kB[22m
[2m../dist/public/[22m[36massets/EditCreditNote-zBOOoRVc.js               [39m[1m[2m   23.87 kB[22m[1m[22m[2m Ôöé gzip:   3.59 kB[22m
[2m../dist/public/[22m[36massets/OrgPricing-Dy-zX2OI.js                   [39m[1m[2m   23.89 kB[22m[1m[22m[2m Ôöé gzip:   4.40 kB[22m
[2m../dist/public/[22m[36massets/OrgContractDetail-DL9WgK_x.js            [39m[1m[2m   23.89 kB[22m[1m[22m[2m Ôöé gzip:   2.81 kB[22m
[2m../dist/public/[22m[36massets/Expenses-VPfZlz7x.js                     [39m[1m[2m   24.09 kB[22m[1m[22m[2m Ôöé gzip:   4.53 kB[22m
[2m../dist/public/[22m[36massets/PayrollDetails-Cwdqwk56.js               [39m[1m[2m   24.29 kB[22m[1m[22m[2m Ôöé gzip:   3.07 kB[22m
[2m../dist/public/[22m[36massets/OrgEditProject-DnCSyEiR.js               [39m[1m[2m   24.52 kB[22m[1m[22m[2m Ôöé gzip:   3.38 kB[22m
[2m../dist/public/[22m[36massets/CreatePayment-CqHDDuAx.js                [39m[1m[2m   24.52 kB[22m[1m[22m[2m Ôöé gzip:   4.02 kB[22m
[2m../dist/public/[22m[36massets/TaskDetails-BNxxch4K.js                  [39m[1m[2m   24.59 kB[22m[1m[22m[2m Ôöé gzip:   3.31 kB[22m
[2m../dist/public/[22m[36massets/OrgDashboardHome-Bfv-knyW.js             [39m[1m[2m   24.60 kB[22m[1m[22m[2m Ôöé gzip:   4.13 kB[22m
[2m../dist/public/[22m[36massets/OrgContractTemplates-CsLkfDqr.js         [39m[1m[2m   24.62 kB[22m[1m[22m[2m Ôöé gzip:   3.54 kB[22m
[2m../dist/public/[22m[36massets/ExpenseBudgetReport-CcrDhnBl.js          [39m[1m[2m   24.65 kB[22m[1m[22m[2m Ôöé gzip:   2.80 kB[22m
[2m../dist/public/[22m[36massets/OrgEditPayment-B-kkc75b.js               [39m[1m[2m   24.69 kB[22m[1m[22m[2m Ôöé gzip:   4.12 kB[22m
[2m../dist/public/[22m[36massets/DatabaseManagement-9cgdXJkP.js           [39m[1m[2m   24.80 kB[22m[1m[22m[2m Ôöé gzip:   2.84 kB[22m
[2m../dist/public/[22m[36massets/Warehouses-Cf2T8FJV.js                   [39m[1m[2m   24.84 kB[22m[1m[22m[2m Ôöé gzip:   3.38 kB[22m
[2m../dist/public/[22m[36massets/OrgEditCreditNote-BLM5hLaV.js            [39m[1m[2m   25.18 kB[22m[1m[22m[2m Ôöé gzip:   3.61 kB[22m
[2m../dist/public/[22m[36massets/date-utils-COA5zMcC.js                   [39m[1m[2m   25.29 kB[22m[1m[22m[2m Ôöé gzip:   7.51 kB[22m
[2m../dist/public/[22m[36massets/OrgExpenses-DPa2K8xI.js                  [39m[1m[2m   25.30 kB[22m[1m[22m[2m Ôöé gzip:   4.55 kB[22m
[2m../dist/public/[22m[36massets/FinancialDashboard-c1ftnCJz.js           [39m[1m[2m   25.41 kB[22m[1m[22m[2m Ôöé gzip:   3.59 kB[22m
[2m../dist/public/[22m[36massets/ExpenseBudgetReport-CkoBVqXS.js          [39m[1m[2m   25.57 kB[22m[1m[22m[2m Ôöé gzip:   3.73 kB[22m
[2m../dist/public/[22m[36massets/OrgPayrollDetails-Y9ChjlQK.js            [39m[1m[2m   25.64 kB[22m[1m[22m[2m Ôöé gzip:   3.09 kB[22m
[2m../dist/public/[22m[36massets/OrgInvoiceDetail-BVkbuumt.js             [39m[1m[2m   25.76 kB[22m[1m[22m[2m Ôöé gzip:   3.06 kB[22m
[2m../dist/public/[22m[36massets/CreateProject-DyH3_jxM.js                [39m[1m[2m   25.93 kB[22m[1m[22m[2m Ôöé gzip:   3.53 kB[22m
[2m../dist/public/[22m[36massets/EstimateDetails-DeQ3maxE.js              [39m[1m[2m   25.95 kB[22m[1m[22m[2m Ôöé gzip:   3.78 kB[22m
[2m../dist/public/[22m[36massets/BillingDashboard-CBvMUcVk.js             [39m[1m[2m   26.17 kB[22m[1m[22m[2m Ôöé gzip:   4.22 kB[22m
[2m../dist/public/[22m[36massets/CreateCreditNote-D_9o_B5X.js             [39m[1m[2m   26.23 kB[22m[1m[22m[2m Ôöé gzip:   3.84 kB[22m
[2m../dist/public/[22m[36massets/AccountantDashboard-DH8bvFKG.js          [39m[1m[2m   26.41 kB[22m[1m[22m[2m Ôöé gzip:   3.89 kB[22m
[2m../dist/public/[22m[36massets/PrivacyPolicy-BQml4kOY.js                [39m[1m[2m   26.41 kB[22m[1m[22m[2m Ôöé gzip:   3.94 kB[22m
[2m../dist/public/[22m[36massets/CreateUser-BYaZlxwV.js                   [39m[1m[2m   26.56 kB[22m[1m[22m[2m Ôöé gzip:   4.21 kB[22m
[2m../dist/public/[22m[36massets/DisciplinaryRecords-Bm_7W5Bg.js          [39m[1m[2m   26.76 kB[22m[1m[22m[2m Ôöé gzip:   3.57 kB[22m
[2m../dist/public/[22m[36massets/OrgFinancialDashboard-COPye2_1.js        [39m[1m[2m   26.77 kB[22m[1m[22m[2m Ôöé gzip:   3.60 kB[22m
[2m../dist/public/[22m[36massets/LeaveManagement-Bfe_n8S4.js              [39m[1m[2m   26.82 kB[22m[1m[22m[2m Ôöé gzip:   3.69 kB[22m
[2m../dist/public/[22m[36massets/PerformanceReviews-rXAiMIc8.js           [39m[1m[2m   26.87 kB[22m[1m[22m[2m Ôöé gzip:   3.78 kB[22m
[2m../dist/public/[22m[36massets/EditUser-BT3tSJTF.js                     [39m[1m[2m   26.94 kB[22m[1m[22m[2m Ôöé gzip:   4.13 kB[22m
[2m../dist/public/[22m[36massets/LPOs-66q2phYW.js                         [39m[1m[2m   27.29 kB[22m[1m[22m[2m Ôöé gzip:   5.28 kB[22m
[2m../dist/public/[22m[36massets/Receipts-CGhttrGg.js                     [39m[1m[2m   27.30 kB[22m[1m[22m[2m Ôöé gzip:   4.82 kB[22m
[2m../dist/public/[22m[36massets/OrgWorkOrderDetail-Cmqzc9pW.js           [39m[1m[2m   27.31 kB[22m[1m[22m[2m Ôöé gzip:   3.05 kB[22m
[2m../dist/public/[22m[36massets/OrgCreateProject-DBPTYRae.js             [39m[1m[2m   27.45 kB[22m[1m[22m[2m Ôöé gzip:   3.56 kB[22m
[2m../dist/public/[22m[36massets/CreateServiceTemplate-BzQrRAx5.js        [39m[1m[2m   27.50 kB[22m[1m[22m[2m Ôöé gzip:   4.03 kB[22m
[2m../dist/public/[22m[36massets/CSVImportExport-HvzSZNKh.js              [39m[1m[2m   27.60 kB[22m[1m[22m[2m Ôöé gzip:   4.17 kB[22m
[2m../dist/public/[22m[36massets/OrgCreateCreditNote-CltMZFRF.js          [39m[1m[2m   27.61 kB[22m[1m[22m[2m Ôöé gzip:   3.86 kB[22m
[2m../dist/public/[22m[36massets/TroubleshootingGuide-CnIAh2Sq.js         [39m[1m[2m   27.63 kB[22m[1m[22m[2m Ôöé gzip:   5.73 kB[22m
[2m../dist/public/[22m[36massets/ReportBuilder-SgLHLOv6.js                [39m[1m[2m   27.75 kB[22m[1m[22m[2m Ôöé gzip:   3.85 kB[22m
[2m../dist/public/[22m[36massets/HRAdminDashboard-1F_8fYVz.js             [39m[1m[2m   27.85 kB[22m[1m[22m[2m Ôöé gzip:   3.52 kB[22m
[2m../dist/public/[22m[36massets/ProjectMilestones-DzjfQmP-.js            [39m[1m[2m   27.87 kB[22m[1m[22m[2m Ôöé gzip:   4.10 kB[22m
[2m../dist/public/[22m[36massets/RecurringInvoices-C7KBf9He.js            [39m[1m[2m   27.97 kB[22m[1m[22m[2m Ôöé gzip:   3.93 kB[22m
[2m../dist/public/[22m[36massets/OverduePayments-ZVtj8Ovp.js              [39m[1m[2m   28.13 kB[22m[1m[22m[2m Ôöé gzip:   3.77 kB[22m
[2m../dist/public/[22m[36massets/OrgPerformanceReviews-DBDQ8Q4Z.js        [39m[1m[2m   28.34 kB[22m[1m[22m[2m Ôöé gzip:   3.80 kB[22m
[2m../dist/public/[22m[36massets/UnifiedLanding-kwjNvNF4.js               [39m[1m[2m   28.50 kB[22m[1m[22m[2m Ôöé gzip:   4.21 kB[22m
[2m../dist/public/[22m[36massets/DeliveryNotes-G1G_lE8h.js                [39m[1m[2m   28.71 kB[22m[1m[22m[2m Ôöé gzip:   4.48 kB[22m
[2m../dist/public/[22m[36massets/OrgLPOs-CxB9PTre.js                      [39m[1m[2m   28.74 kB[22m[1m[22m[2m Ôöé gzip:   5.31 kB[22m
[2m../dist/public/[22m[36massets/purify.es-4eNOHKSq.js                    [39m[1m[2m   28.74 kB[22m[1m[22m[2m Ôöé gzip:  11.02 kB[22m
[2m../dist/public/[22m[36massets/OrgReceipts-U9yqNkZY.js                  [39m[1m[2m   28.77 kB[22m[1m[22m[2m Ôöé gzip:   4.84 kB[22m
[2m../dist/public/[22m[36massets/AssetManagement-cw7Krftj.js              [39m[1m[2m   29.04 kB[22m[1m[22m[2m Ôöé gzip:   3.94 kB[22m
[2m../dist/public/[22m[36massets/Pricing-wwHA7H5J.js                      [39m[1m[2m   29.18 kB[22m[1m[22m[2m Ôöé gzip:   5.45 kB[22m
[2m../dist/public/[22m[36massets/MaintenanceAdmin-CJS69-rI.js             [39m[1m[2m   29.40 kB[22m[1m[22m[2m Ôöé gzip:   4.49 kB[22m
[2m../dist/public/[22m[36massets/Quotations-wliP1g4i.js                   [39m[1m[2m   29.75 kB[22m[1m[22m[2m Ôöé gzip:   4.82 kB[22m
[2m../dist/public/[22m[36massets/EnhancedReceiptManagement-CaptB3S9.js    [39m[1m[2m   30.09 kB[22m[1m[22m[2m Ôöé gzip:   4.39 kB[22m
[2m../dist/public/[22m[36massets/OrgDeliveryNotes-B42kXStR.js             [39m[1m[2m   30.28 kB[22m[1m[22m[2m Ôöé gzip:   4.49 kB[22m
[2m../dist/public/[22m[36massets/HRAnalyticsPage-DU4TQZvG.js              [39m[1m[2m   30.29 kB[22m[1m[22m[2m Ôöé gzip:   3.41 kB[22m
[2m../dist/public/[22m[36massets/Inventory-Qy1KiRYf.js                    [39m[1m[2m   30.33 kB[22m[1m[22m[2m Ôöé gzip:   4.44 kB[22m
[2m../dist/public/[22m[36massets/PayrollApprovals-BaJvMop-.js             [39m[1m[2m   30.70 kB[22m[1m[22m[2m Ôöé gzip:   4.03 kB[22m
[2m../dist/public/[22m[36massets/LeadsDetails-BeiDxFQ9.js                 [39m[1m[2m   30.91 kB[22m[1m[22m[2m Ôöé gzip:   3.91 kB[22m
[2m../dist/public/[22m[36massets/OrgProjectDetail-AQqeIqT-.js             [39m[1m[2m   31.17 kB[22m[1m[22m[2m Ôöé gzip:   4.86 kB[22m
[2m../dist/public/[22m[36massets/OrgQuotations-Dulc0uc5.js                [39m[1m[2m   31.33 kB[22m[1m[22m[2m Ôöé gzip:   4.84 kB[22m
[2m../dist/public/[22m[36massets/GRN-BEmxtTBJ.js                          [39m[1m[2m   31.42 kB[22m[1m[22m[2m Ôöé gzip:   4.72 kB[22m
[2m../dist/public/[22m[36massets/SupplierForm-CWeborMe.js                 [39m[1m[2m   31.47 kB[22m[1m[22m[2m Ôöé gzip:   3.60 kB[22m
[2m../dist/public/[22m[36massets/Contacts-Ccs1vRns.js                     [39m[1m[2m   31.66 kB[22m[1m[22m[2m Ôöé gzip:   5.02 kB[22m
[2m../dist/public/[22m[36massets/Integrations-BNr2-C76.js                 [39m[1m[2m   31.70 kB[22m[1m[22m[2m Ôöé gzip:   4.46 kB[22m
[2m../dist/public/[22m[36massets/AdminCronJobs-SdXz43OM.js                [39m[1m[2m   31.96 kB[22m[1m[22m[2m Ôöé gzip:   4.40 kB[22m
[2m../dist/public/[22m[36massets/HRAnalytics-CZ0SKFed.js                  [39m[1m[2m   31.97 kB[22m[1m[22m[2m Ôöé gzip:   4.21 kB[22m
[2m../dist/public/[22m[36massets/OrgInventory-C9jME8bV.js                 [39m[1m[2m   32.11 kB[22m[1m[22m[2m Ôöé gzip:   4.45 kB[22m
[2m../dist/public/[22m[36massets/GlobalSettings-CrvMBXZy.js               [39m[1m[2m   32.21 kB[22m[1m[22m[2m Ôöé gzip:   4.38 kB[22m
[2m../dist/public/[22m[36massets/CannedResponses-XqJ7xtQR.js              [39m[1m[2m   32.23 kB[22m[1m[22m[2m Ôöé gzip:   4.48 kB[22m
[2m../dist/public/[22m[36massets/KPITracking-C2BIT62n.js                  [39m[1m[2m   32.38 kB[22m[1m[22m[2m Ôöé gzip:   4.46 kB[22m
[2m../dist/public/[22m[36massets/QuoteDetails-CQlc1U7C.js                 [39m[1m[2m   32.63 kB[22m[1m[22m[2m Ôöé gzip:   4.45 kB[22m
[2m../dist/public/[22m[36massets/PaymentReconciliation-CjnUqbmv.js        [39m[1m[2m   32.81 kB[22m[1m[22m[2m Ôöé gzip:   4.28 kB[22m
[2m../dist/public/[22m[36massets/TimeTracking-B1dq9zcm.js                 [39m[1m[2m   32.86 kB[22m[1m[22m[2m Ôöé gzip:   4.79 kB[22m
[2m../dist/public/[22m[36massets/CommunicationDetails-DRbTzdG3.js         [39m[1m[2m   32.90 kB[22m[1m[22m[2m Ôöé gzip:   4.22 kB[22m
[2m../dist/public/[22m[36massets/Clients-0Z2Vw9Ky.js                      [39m[1m[2m   33.04 kB[22m[1m[22m[2m Ôöé gzip:   5.80 kB[22m
[2m../dist/public/[22m[36massets/SystemSettings-DnRA7w-F.js               [39m[1m[2m   33.12 kB[22m[1m[22m[2m Ôöé gzip:   4.50 kB[22m
[2m../dist/public/[22m[36massets/OrgGRN-BfK_HJpX.js                       [39m[1m[2m   33.37 kB[22m[1m[22m[2m Ôöé gzip:   4.74 kB[22m
[2m../dist/public/[22m[36massets/OrgContacts-BQHDXIpj.js                  [39m[1m[2m   33.37 kB[22m[1m[22m[2m Ôöé gzip:   5.00 kB[22m
[2m../dist/public/[22m[36massets/Onboarding-D0HZI9UY.js                   [39m[1m[2m   33.57 kB[22m[1m[22m[2m Ôöé gzip:   4.29 kB[22m
[2m../dist/public/[22m[36massets/ClientForm-Z74JGOZS.js                   [39m[1m[2m   33.70 kB[22m[1m[22m[2m Ôöé gzip:   3.79 kB[22m
[2m../dist/public/[22m[36massets/OrgCannedResponses-Btl0dgxm.js           [39m[1m[2m   33.99 kB[22m[1m[22m[2m Ôöé gzip:   4.51 kB[22m
[2m../dist/public/[22m[36massets/OrgTicketDetail-BAzSCSuE.js              [39m[1m[2m   34.14 kB[22m[1m[22m[2m Ôöé gzip:   3.70 kB[22m
[2m../dist/public/[22m[36massets/BudgetDetail-gOezZdkf.js                 [39m[1m[2m   34.22 kB[22m[1m[22m[2m Ôöé gzip:   4.78 kB[22m
[2m../dist/public/[22m[36massets/PaymentPlans-D0jCNtD6.js                 [39m[1m[2m   34.44 kB[22m[1m[22m[2m Ôöé gzip:   4.67 kB[22m
[2m../dist/public/[22m[36massets/DepartmentPayrollReports-CNAshTHJ.js     [39m[1m[2m   34.50 kB[22m[1m[22m[2m Ôöé gzip:   4.39 kB[22m
[2m../dist/public/[22m[36massets/BackupRestore-DnTZrcCL.js                [39m[1m[2m   34.61 kB[22m[1m[22m[2m Ôöé gzip:   4.58 kB[22m
[2m../dist/public/[22m[36massets/Invoices-CQexUxcf.js                     [39m[1m[2m   34.98 kB[22m[1m[22m[2m Ôöé gzip:   6.33 kB[22m
[2m../dist/public/[22m[36massets/Timesheets-K0Eq2v8A.js                   [39m[1m[2m   35.02 kB[22m[1m[22m[2m Ôöé gzip:   5.40 kB[22m
[2m../dist/public/[22m[36massets/Payslips-BP1CJ2ga.js                     [39m[1m[2m   35.04 kB[22m[1m[22m[2m Ôöé gzip:   4.77 kB[22m
[2m../dist/public/[22m[36massets/OrgExpenseDetail-B5FsRlwz.js             [39m[1m[2m   35.10 kB[22m[1m[22m[2m Ôöé gzip:   4.29 kB[22m
[2m../dist/public/[22m[36massets/Leads-B9FnJqxT.js                        [39m[1m[2m   35.12 kB[22m[1m[22m[2m Ôöé gzip:   5.26 kB[22m
[2m../dist/public/[22m[36massets/EnhancedChangePassword-DxkyxVoc.js       [39m[1m[2m   35.30 kB[22m[1m[22m[2m Ôöé gzip:   4.37 kB[22m
[2m../dist/public/[22m[36massets/SalesPipeline-D6AMV6NA.js                [39m[1m[2m   35.32 kB[22m[1m[22m[2m Ôöé gzip:   5.14 kB[22m
[2m../dist/public/[22m[36massets/JobGroups-WV5aF2JA.js                    [39m[1m[2m   35.44 kB[22m[1m[22m[2m Ôöé gzip:   4.56 kB[22m
[2m../dist/public/[22m[36massets/Suppliers-B9-i2Yow.js                    [39m[1m[2m   35.68 kB[22m[1m[22m[2m Ôöé gzip:   5.92 kB[22m
[2m../dist/public/[22m[36massets/ExecutiveDashboard-DusyVbqC.js           [39m[1m[2m   35.81 kB[22m[1m[22m[2m Ôöé gzip:   4.75 kB[22m
[2m../dist/public/[22m[36massets/NotificationCenter-AvuNHdHT.js           [39m[1m[2m   35.85 kB[22m[1m[22m[2m Ôöé gzip:   4.69 kB[22m
[2m../dist/public/[22m[36massets/OrgBudgetDetail-NWW5oYCj.js              [39m[1m[2m   36.17 kB[22m[1m[22m[2m Ôöé gzip:   4.82 kB[22m
[2m../dist/public/[22m[36massets/PaymentReports-psgTq00A.js               [39m[1m[2m   36.19 kB[22m[1m[22m[2m Ôöé gzip:   4.52 kB[22m
[2m../dist/public/[22m[36massets/OrgInvoices-BtPgX7C3.js                  [39m[1m[2m   36.60 kB[22m[1m[22m[2m Ôöé gzip:   6.31 kB[22m
[2m../dist/public/[22m[36massets/OrgTimesheets-BcYrmMBM.js                [39m[1m[2m   36.92 kB[22m[1m[22m[2m Ôöé gzip:   5.42 kB[22m
[2m../dist/public/[22m[36massets/OrgLeads-DCwEtXXM.js                     [39m[1m[2m   37.09 kB[22m[1m[22m[2m Ôöé gzip:   5.28 kB[22m
[2m../dist/public/[22m[36massets/RecurringExpenses-B0LIyw5H.js            [39m[1m[2m   37.10 kB[22m[1m[22m[2m Ôöé gzip:   5.30 kB[22m
[2m../dist/public/[22m[36massets/CreateOpportunity-QxWMncWV.js            [39m[1m[2m   37.13 kB[22m[1m[22m[2m Ôöé gzip:   4.86 kB[22m
[2m../dist/public/[22m[36massets/EmployeeContracts-CNDfd7LA.js            [39m[1m[2m   37.20 kB[22m[1m[22m[2m Ôöé gzip:   4.17 kB[22m
[2m../dist/public/[22m[36massets/OrgSalesPipeline-R-M82pcM.js             [39m[1m[2m   37.20 kB[22m[1m[22m[2m Ôöé gzip:   5.17 kB[22m
[2m../dist/public/[22m[36massets/Training-8AZGnggk.js                     [39m[1m[2m   37.47 kB[22m[1m[22m[2m Ôöé gzip:   5.01 kB[22m
[2m../dist/public/[22m[36massets/OrgJobGroups-VB6buujQ.js                 [39m[1m[2m   37.51 kB[22m[1m[22m[2m Ôöé gzip:   4.58 kB[22m
[2m../dist/public/[22m[36massets/OrgSuppliers-CNsikIVC.js                 [39m[1m[2m   37.60 kB[22m[1m[22m[2m Ôöé gzip:   5.94 kB[22m
[2m../dist/public/[22m[36massets/pdfGenerator-B2TvXVCe.js                 [39m[1m[2m   37.65 kB[22m[1m[22m[2m Ôöé gzip:  11.12 kB[22m
[2m../dist/public/[22m[36massets/Demo-CCk9D2Ek.js                         [39m[1m[2m   37.66 kB[22m[1m[22m[2m Ôöé gzip:   5.47 kB[22m
[2m../dist/public/[22m[36massets/Proposals-B1v9GWDh.js                    [39m[1m[2m   38.06 kB[22m[1m[22m[2m Ôöé gzip:   5.69 kB[22m
[2m../dist/public/[22m[36massets/Tasks-CyaTkiw0.js                        [39m[1m[2m   38.09 kB[22m[1m[22m[2m Ôöé gzip:   5.49 kB[22m
[2m../dist/public/[22m[36massets/CustomReportBuilder-BPz4IeuF.js          [39m[1m[2m   38.62 kB[22m[1m[22m[2m Ôöé gzip:   4.99 kB[22m
[2m../dist/public/[22m[36massets/ReceiptDetails-CGVKONV3.js               [39m[1m[2m   38.92 kB[22m[1m[22m[2m Ôöé gzip:   5.03 kB[22m
[2m../dist/public/[22m[36massets/Imprests-DPF3mn88.js                     [39m[1m[2m   39.00 kB[22m[1m[22m[2m Ôöé gzip:   6.38 kB[22m
[2m../dist/public/[22m[36massets/WorkflowAutomation-BtSr7PPh.js           [39m[1m[2m   39.01 kB[22m[1m[22m[2m Ôöé gzip:   5.02 kB[22m
[2m../dist/public/[22m[36massets/Tickets-TvujhxJR.js                      [39m[1m[2m   39.10 kB[22m[1m[22m[2m Ôöé gzip:   5.92 kB[22m
[2m../dist/public/[22m[36massets/OrgDashboard-CsLME5Cp.js                 [39m[1m[2m   39.16 kB[22m[1m[22m[2m Ôöé gzip:   5.41 kB[22m
[2m../dist/public/[22m[36massets/ExpensesDetails-Bq87kXbe.js              [39m[1m[2m   39.25 kB[22m[1m[22m[2m Ôöé gzip:   5.56 kB[22m
[2m../dist/public/[22m[36massets/SubscriptionDetails-BxBExXu_.js          [39m[1m[2m   39.45 kB[22m[1m[22m[2m Ôöé gzip:   4.52 kB[22m
[2m../dist/public/[22m[36massets/Account-CmY67YHi.js                      [39m[1m[2m   39.54 kB[22m[1m[22m[2m Ôöé gzip:   5.08 kB[22m
[2m../dist/public/[22m[36massets/FeatureDetail-KvWCMn8Q.js                [39m[1m[2m   39.95 kB[22m[1m[22m[2m Ôöé gzip:   7.09 kB[22m
[2m../dist/public/[22m[36massets/JobGroupDetails-tqZ37up8.js              [39m[1m[2m   40.17 kB[22m[1m[22m[2m Ôöé gzip:   5.09 kB[22m
[2m../dist/public/[22m[36massets/OrgProposals-Bc1EzaNA.js                 [39m[1m[2m   40.21 kB[22m[1m[22m[2m Ôöé gzip:   5.71 kB[22m
[2m../dist/public/[22m[36massets/TenantCommunications-82Qxyfyg.js         [39m[1m[2m   40.25 kB[22m[1m[22m[2m Ôöé gzip:   4.69 kB[22m
[2m../dist/public/[22m[36massets/OrgTasks-1QmfW2dG.js                     [39m[1m[2m   40.35 kB[22m[1m[22m[2m Ôöé gzip:   5.51 kB[22m
[2m../dist/public/[22m[36massets/WebsiteFooter-YbXbNnpa.js                [39m[1m[2m   40.36 kB[22m[1m[22m[2m Ôöé gzip:   6.00 kB[22m
[2m../dist/public/[22m[36massets/ChartOfAccounts-BNEEC6lM.js              [39m[1m[2m   40.44 kB[22m[1m[22m[2m Ôöé gzip:   5.77 kB[22m
[2m../dist/public/[22m[36massets/ProcurementLPOs-CuEhIHLq.js              [39m[1m[2m   40.49 kB[22m[1m[22m[2m Ôöé gzip:   4.70 kB[22m
[2m../dist/public/[22m[36massets/ContractManagement-D0jVXze9.js           [39m[1m[2m   40.71 kB[22m[1m[22m[2m Ôöé gzip:   4.96 kB[22m
[2m../dist/public/[22m[36massets/HRAutomation-Blz3C-C9.js                 [39m[1m[2m   40.88 kB[22m[1m[22m[2m Ôöé gzip:   4.72 kB[22m
[2m../dist/public/[22m[36massets/BecomeAPartner-DGoYwXv4.js               [39m[1m[2m   41.05 kB[22m[1m[22m[2m Ôöé gzip:   6.90 kB[22m
[2m../dist/public/[22m[36massets/CreatePayroll-B_ZHENYF.js                [39m[1m[2m   41.06 kB[22m[1m[22m[2m Ôöé gzip:   4.82 kB[22m
[2m../dist/public/[22m[36massets/OrgImprests-DePcumsc.js                  [39m[1m[2m   41.14 kB[22m[1m[22m[2m Ôöé gzip:   6.40 kB[22m
[2m../dist/public/[22m[36massets/OrgTickets-z_sfkuEz.js                   [39m[1m[2m   41.36 kB[22m[1m[22m[2m Ôöé gzip:   5.93 kB[22m
[2m../dist/public/[22m[36massets/OrgBilling-CGdFaESy.js                   [39m[1m[2m   41.68 kB[22m[1m[22m[2m Ôöé gzip:   5.81 kB[22m
[2m../dist/public/[22m[36massets/OrgChartOfAccounts-DMaOOvbz.js           [39m[1m[2m   42.60 kB[22m[1m[22m[2m Ôöé gzip:   5.83 kB[22m
[2m../dist/public/[22m[36massets/OrganizationUsersManagement-DdqHnUYZ.js  [39m[1m[2m   42.87 kB[22m[1m[22m[2m Ôöé gzip:   5.08 kB[22m
[2m../dist/public/[22m[36massets/ThemeCustomization-B-Ukinht.js           [39m[1m[2m   43.09 kB[22m[1m[22m[2m Ôöé gzip:   5.51 kB[22m
[2m../dist/public/[22m[36massets/OrgCreatePayroll-D_VfisZa.js             [39m[1m[2m   43.34 kB[22m[1m[22m[2m Ôöé gzip:   4.85 kB[22m
[2m../dist/public/[22m[36massets/Payroll-Dv78rXCH.js                      [39m[1m[2m   43.46 kB[22m[1m[22m[2m Ôöé gzip:   6.13 kB[22m
[2m../dist/public/[22m[36massets/ServiceDetails-BGhudV1u.js               [39m[1m[2m   43.48 kB[22m[1m[22m[2m Ôöé gzip:   5.04 kB[22m
[2m../dist/public/[22m[36massets/ProcurementImprests-CMUoYg9z.js          [39m[1m[2m   43.87 kB[22m[1m[22m[2m Ôöé gzip:   4.61 kB[22m
[2m../dist/public/[22m[36massets/Forecasting-0esSlS4Z.js                  [39m[1m[2m   44.73 kB[22m[1m[22m[2m Ôöé gzip:   5.45 kB[22m
[2m../dist/public/[22m[36massets/SuperAdminDashboard-DglzstQc.js          [39m[1m[2m   44.85 kB[22m[1m[22m[2m Ôöé gzip:   6.09 kB[22m
[2m../dist/public/[22m[36massets/Roles-BFCLtQCt.js                        [39m[1m[2m   44.85 kB[22m[1m[22m[2m Ôöé gzip:   5.72 kB[22m
[2m../dist/public/[22m[36massets/Recruitment-B-uQ9wBh.js                  [39m[1m[2m   45.02 kB[22m[1m[22m[2m Ôöé gzip:   5.12 kB[22m
[2m../dist/public/[22m[36massets/HRAnalyticsDashboard-ByR5PwCu.js         [39m[1m[2m   45.10 kB[22m[1m[22m[2m Ôöé gzip:   4.75 kB[22m
[2m../dist/public/[22m[36massets/Orders-CU6mGy7q.js                       [39m[1m[2m   45.25 kB[22m[1m[22m[2m Ôöé gzip:   6.96 kB[22m
[2m../dist/public/[22m[36massets/CustomerPortal-B8C_irmm.js               [39m[1m[2m   45.62 kB[22m[1m[22m[2m Ôöé gzip:   4.95 kB[22m
[2m../dist/public/[22m[36massets/BookADemo-BeUpmw1A.js                    [39m[1m[2m   45.86 kB[22m[1m[22m[2m Ôöé gzip:   6.94 kB[22m
[2m../dist/public/[22m[36massets/OrgPayroll-D9p9l5DY.js                   [39m[1m[2m   45.95 kB[22m[1m[22m[2m Ôöé gzip:   6.15 kB[22m
[2m../dist/public/[22m[36massets/EditExpense-DJutYpat.js                  [39m[1m[2m   46.34 kB[22m[1m[22m[2m Ôöé gzip:   6.98 kB[22m
[2m../dist/public/[22m[36massets/ProfessionalBudgeting-B0Kh9CzO.js        [39m[1m[2m   47.03 kB[22m[1m[22m[2m Ôöé gzip:   5.89 kB[22m
[2m../dist/public/[22m[36massets/OrgForecasting-BAx538RI.js               [39m[1m[2m   47.22 kB[22m[1m[22m[2m Ôöé gzip:   5.47 kB[22m
[2m../dist/public/[22m[36massets/CustomHomepageBuilder-Cq07ZYBZ.js        [39m[1m[2m   47.53 kB[22m[1m[22m[2m Ôöé gzip:   6.61 kB[22m
[2m../dist/public/[22m[36massets/Checkout-DYcajyNr.js                     [39m[1m[2m   47.72 kB[22m[1m[22m[2m Ôöé gzip:   9.54 kB[22m
[2m../dist/public/[22m[36massets/OrgOrders-Ckss74Fc.js                    [39m[1m[2m   47.81 kB[22m[1m[22m[2m Ôöé gzip:   6.99 kB[22m
[2m../dist/public/[22m[36massets/OrgEditExpense-DyU4SZJX.js               [39m[1m[2m   48.63 kB[22m[1m[22m[2m Ôöé gzip:   7.01 kB[22m
[2m../dist/public/[22m[36massets/KenyanPayrollCalculator-5Qbl-_sq.js      [39m[1m[2m   48.64 kB[22m[1m[22m[2m Ôöé gzip:   5.74 kB[22m
[2m../dist/public/[22m[36massets/ProcurementOrders-Dwy7C25O.js            [39m[1m[2m   48.68 kB[22m[1m[22m[2m Ôöé gzip:   5.26 kB[22m
[2m../dist/public/[22m[36massets/EnterpriseTenantsManagement-D2TIp9kf.js  [39m[1m[2m   48.70 kB[22m[1m[22m[2m Ôöé gzip:   5.26 kB[22m
[2m../dist/public/[22m[36massets/DepartmentDetails-DP8AzSK9.js            [39m[1m[2m   49.26 kB[22m[1m[22m[2m Ôöé gzip:   6.37 kB[22m
[2m../dist/public/[22m[36massets/KnowledgeBase-Ck58YOwm.js                [39m[1m[2m   49.76 kB[22m[1m[22m[2m Ôöé gzip:   6.32 kB[22m
[2m../dist/public/[22m[36massets/OrgClientDetail-D0t-lT8a.js              [39m[1m[2m   50.27 kB[22m[1m[22m[2m Ôöé gzip:   6.36 kB[22m
[2m../dist/public/[22m[36massets/CreateCommunication-BjTnrHf7.js          [39m[1m[2m   50.28 kB[22m[1m[22m[2m Ôöé gzip:  11.29 kB[22m
[2m../dist/public/[22m[36massets/PayslipManagement-CLwCSbv8.js            [39m[1m[2m   50.42 kB[22m[1m[22m[2m Ôöé gzip:   8.69 kB[22m
[2m../dist/public/[22m[36massets/StaffChat-CipZM2vB.js                    [39m[1m[2m   50.66 kB[22m[1m[22m[2m Ôöé gzip:   8.51 kB[22m
[2m../dist/public/[22m[36massets/Reports-D8H14Us8.js                      [39m[1m[2m   50.96 kB[22m[1m[22m[2m Ôöé gzip:   7.21 kB[22m
[2m../dist/public/[22m[36massets/AdminDashboard-BQvfSlMi.js               [39m[1m[2m   51.11 kB[22m[1m[22m[2m Ôöé gzip:   5.95 kB[22m
[2m../dist/public/[22m[36massets/ClientPortal-BC8ztbKK.js                 [39m[1m[2m   51.22 kB[22m[1m[22m[2m Ôöé gzip:   6.38 kB[22m
[2m../dist/public/[22m[36massets/OrgCommunications-CWI7xazP.js            [39m[1m[2m   51.29 kB[22m[1m[22m[2m Ôöé gzip:   5.70 kB[22m
[2m../dist/public/[22m[36massets/OrgDepartmentDetails-CDzmAfQG.js         [39m[1m[2m   51.85 kB[22m[1m[22m[2m Ôöé gzip:   6.39 kB[22m
[2m../dist/public/[22m[36massets/OrgKnowledgeBase-rBLl3ShA.js             [39m[1m[2m   52.52 kB[22m[1m[22m[2m Ôöé gzip:   6.35 kB[22m
[2m../dist/public/[22m[36massets/SupplierDetails-D-jcthuh.js              [39m[1m[2m   52.56 kB[22m[1m[22m[2m Ôöé gzip:   5.40 kB[22m
[2m../dist/public/[22m[36massets/Communications-CJanwWVX.js               [39m[1m[2m   52.99 kB[22m[1m[22m[2m Ôöé gzip:   6.44 kB[22m
[2m../dist/public/[22m[36massets/OrgStaffChat-B4jCF3dN.js                 [39m[1m[2m   53.23 kB[22m[1m[22m[2m Ôöé gzip:   8.53 kB[22m
[2m../dist/public/[22m[36massets/Approvals-DtFMaE_K.js                    [39m[1m[2m   53.31 kB[22m[1m[22m[2m Ôöé gzip:   7.01 kB[22m
[2m../dist/public/[22m[36massets/OrgReports-BUmtGWKO.js                   [39m[1m[2m   53.64 kB[22m[1m[22m[2m Ôöé gzip:   7.23 kB[22m
[2m../dist/public/[22m[36massets/DocumentTemplates-DxUbX_WD.js            [39m[1m[2m   54.52 kB[22m[1m[22m[2m Ôöé gzip:   7.95 kB[22m
[2m../dist/public/[22m[36massets/Subscriptions-wRK22h6v.js                [39m[1m[2m   54.95 kB[22m[1m[22m[2m Ôöé gzip:   6.67 kB[22m
[2m../dist/public/[22m[36massets/CreateExpense-CWnMOUUd.js                [39m[1m[2m   55.62 kB[22m[1m[22m[2m Ôöé gzip:   8.21 kB[22m
[2m../dist/public/[22m[36massets/DocumentForm-BKCFveg6.js                 [39m[1m[2m   56.05 kB[22m[1m[22m[2m Ôöé gzip:   7.92 kB[22m
[2m../dist/public/[22m[36massets/StaffDashboard-DFy9z0YM.js               [39m[1m[2m   56.20 kB[22m[1m[22m[2m Ôöé gzip:   6.52 kB[22m
[2m../dist/public/[22m[36massets/OrgApprovals-DYcrkh7L.js                 [39m[1m[2m   56.21 kB[22m[1m[22m[2m Ôöé gzip:   7.04 kB[22m
[2m../dist/public/[22m[36massets/DocumentManagement-BGqPwY_Z.js           [39m[1m[2m   56.28 kB[22m[1m[22m[2m Ôöé gzip:   7.17 kB[22m
[2m../dist/public/[22m[36massets/BrandCustomization-BB7_HZXD.js           [39m[1m[2m   56.53 kB[22m[1m[22m[2m Ôöé gzip:   6.57 kB[22m
[2m../dist/public/[22m[36massets/ICTDashboard-CiSIxM6Q.js                 [39m[1m[2m   58.13 kB[22m[1m[22m[2m Ôöé gzip:   7.31 kB[22m
[2m../dist/public/[22m[36massets/OrgCreateExpense-Y9sBP-5r.js             [39m[1m[2m   58.41 kB[22m[1m[22m[2m Ôöé gzip:   8.26 kB[22m
[2m../dist/public/[22m[36massets/BackupManagement-BK1C21-q.js             [39m[1m[2m   61.06 kB[22m[1m[22m[2m Ôöé gzip:   7.46 kB[22m
[2m../dist/public/[22m[36massets/lucide-react-DbDfnZmp.js                 [39m[1m[2m   61.45 kB[22m[1m[22m[2m Ôöé gzip:  18.13 kB[22m
[2m../dist/public/[22m[36massets/Employees-o3hdYKHp.js                    [39m[1m[2m   61.54 kB[22m[1m[22m[2m Ôöé gzip:   8.38 kB[22m
[2m../dist/public/[22m[36massets/AccountSettings-CDfpAJAp.js              [39m[1m[2m   62.42 kB[22m[1m[22m[2m Ôöé gzip:   7.03 kB[22m
[2m../dist/public/[22m[36massets/AIHub-C5nlLlWI.js                        [39m[1m[2m   63.25 kB[22m[1m[22m[2m Ôöé gzip:   7.47 kB[22m
[2m../dist/public/[22m[36massets/EditEmployee-K_RFugUn.js                 [39m[1m[2m   64.49 kB[22m[1m[22m[2m Ôöé gzip:   7.95 kB[22m
[2m../dist/public/[22m[36massets/OrgEmployees-lYi-f8kG.js                 [39m[1m[2m   65.03 kB[22m[1m[22m[2m Ôöé gzip:   8.41 kB[22m
[2m../dist/public/[22m[36massets/InvoiceDetails-ytbVJtP2.js               [39m[1m[2m   70.06 kB[22m[1m[22m[2m Ôöé gzip:   9.11 kB[22m
[2m../dist/public/[22m[36massets/SuperAdminPricingTiers-C-wNCAuA.js       [39m[1m[2m   70.16 kB[22m[1m[22m[2m Ôöé gzip:   7.90 kB[22m
[2m../dist/public/[22m[36massets/HRPayrollManagement-Cw9nnMtK.js          [39m[1m[2m   74.59 kB[22m[1m[22m[2m Ôöé gzip:   8.14 kB[22m
[2m../dist/public/[22m[36massets/CreateEmployee-Dg-Wl4qf.js               [39m[1m[2m   77.01 kB[22m[1m[22m[2m Ôöé gzip:   8.63 kB[22m
[2m../dist/public/[22m[36massets/RichTextEditor-B5ISwOUY.js               [39m[1m[2m   80.51 kB[22m[1m[22m[2m Ôöé gzip:  11.23 kB[22m
[2m../dist/public/[22m[36massets/api-client-DETi7onZ.js                   [39m[1m[2m   85.23 kB[22m[1m[22m[2m Ôöé gzip:  23.74 kB[22m
[2m../dist/public/[22m[36massets/CreateQuote-zFELJHRe.js                  [39m[1m[2m   87.22 kB[22m[1m[22m[2m Ôöé gzip:  20.61 kB[22m
[2m../dist/public/[22m[36massets/LandingPage-Dx60iA6p.js                  [39m[1m[2m   95.13 kB[22m[1m[22m[2m Ôöé gzip:  13.36 kB[22m
[2m../dist/public/[22m[36massets/HRDashboard-CTsdFUVJ.js                  [39m[1m[2m   99.29 kB[22m[1m[22m[2m Ôöé gzip:  10.67 kB[22m
[2m../dist/public/[22m[36massets/AdminManagement-DojBct93.js              [39m[1m[2m  102.30 kB[22m[1m[22m[2m Ôöé gzip:  12.92 kB[22m
[2m../dist/public/[22m[36massets/ClientDetails-CdPTRYSR.js                [39m[1m[2m  112.07 kB[22m[1m[22m[2m Ôöé gzip:  11.41 kB[22m
[2m../dist/public/[22m[36massets/OrgLayout-BIMNVPix.js                    [39m[1m[2m  112.75 kB[22m[1m[22m[2m Ôöé gzip:  15.82 kB[22m
[2m../dist/public/[22m[36massets/AdminEmailTemplates-DDrxdApi.js          [39m[1m[2m  130.55 kB[22m[1m[22m[2m Ôöé gzip:  17.02 kB[22m
[2m../dist/public/[22m[36massets/ProjectDetails-Bu-w8Ybx.js               [39m[1m[2m  154.13 kB[22m[1m[22m[2m Ôöé gzip:  16.25 kB[22m
[2m../dist/public/[22m[36massets/index.es-COaLgeF1.js                     [39m[1m[2m  158.79 kB[22m[1m[22m[2m Ôöé gzip:  53.05 kB[22m
[2m../dist/public/[22m[36massets/EmployeeDetails-CnNdV_9l.js              [39m[1m[2m  165.67 kB[22m[1m[22m[2m Ôöé gzip:  15.36 kB[22m
[2m../dist/public/[22m[36massets/DocumentBlockEditor-CA0zhVsB.js          [39m[1m[2m  170.27 kB[22m[1m[22m[2m Ôöé gzip:  22.11 kB[22m
[2m../dist/public/[22m[36massets/OrgEmployeeDetails-DluKyMKZ.js           [39m[1m[2m  175.77 kB[22m[1m[22m[2m Ôöé gzip:  15.53 kB[22m
[2m../dist/public/[22m[36massets/html2canvas-DXEQVQnt.js                  [39m[1m[2m  201.04 kB[22m[1m[22m[2m Ôöé gzip:  47.43 kB[22m
[2m../dist/public/[22m[36massets/MultiTenancy-B3hMDwam.js                 [39m[1m[2m  215.84 kB[22m[1m[22m[2m Ôöé gzip:  23.84 kB[22m
[2m../dist/public/[22m[36massets/WebsiteAdmin-D6sJQheE.js                 [39m[1m[2m  231.23 kB[22m[1m[22m[2m Ôöé gzip:  22.39 kB[22m
[2m../dist/public/[22m[36massets/jspdf.es.min-QXB9wFuU.js                 [39m[1m[2m  384.80 kB[22m[1m[22m[2m Ôöé gzip: 125.61 kB[22m
[2m../dist/public/[22m[36massets/rich-editor-DQKc7IGv.js                  [39m[1m[2m  414.84 kB[22m[1m[22m[2m Ôöé gzip: 130.90 kB[22m
[2m../dist/public/[22m[36massets/xlsx-BojT3SgY.js                         [39m[1m[2m  424.38 kB[22m[1m[22m[2m Ôöé gzip: 141.60 kB[22m
[2m../dist/public/[22m[36massets/vendor-react-ui-xSDcDLNa.js              [39m[1m[2m  517.32 kB[22m[1m[22m[2m Ôöé gzip: 157.74 kB[22m
[2m../dist/public/[22m[36massets/Settings-JOQZPBiJ.js                     [39m[1m[2m  754.10 kB[22m[1m[22m[2m Ôöé gzip:  87.77 kB[22m
[2m../dist/public/[22m[36massets/OrgSettings-Cf7mzUaM.js                  [39m[1m[2m  790.47 kB[22m[1m[22m[2m Ôöé gzip:  87.69 kB[22m
[2m../dist/public/[22m[36massets/index-D5W5QFMQ.js                        [39m[1m[33m1,078.37 kB[39m[22m[2m Ôöé gzip: 233.43 kB[22m

(!) Some chunks are larger than 1000 kB after minification. Consider:
- Using dynamic import() to code-split the application
- Use build.rollupOptions.output.manualChunks to improve chunking: https://rollupjs.org/configuration-options/#output-manualchunks
- Adjust chunk size limit for this warning via build.chunkSizeWarningLimit.
[32mÔ£ô built in 18.82s[39m

  dist\index.js  3.5mb

Done in 71ms
