 Image Kiini: One Hub. Total Control-app Building 
#1 [internal] load local bake definitions
#1 reading from stdin 733B done
#1 DONE 0.0s

#2 [internal] load build definition from Dockerfile
#2 transferring dockerfile: 1.23kB 0.0s done
#2 DONE 0.0s

#3 [internal] load metadata for docker.io/library/node:22-bookworm-slim
#3 DONE 1.9s

#4 [internal] load .dockerignore
#4 transferring context: 193B done
#4 DONE 0.0s

#5 [1/9] FROM docker.io/library/node:22-bookworm-slim@sha256:83f487e0a63425e5b4d146fb5e5be574bcbe1b7b843d3ebafdd95eaf7767a7e5
#5 resolve docker.io/library/node:22-bookworm-slim@sha256:83f487e0a63425e5b4d146fb5e5be574bcbe1b7b843d3ebafdd95eaf7767a7e5 0.0s done
#5 DONE 0.0s

#6 [internal] load build context
#6 transferring context: 636.88kB 0.1s done
#6 DONE 0.2s

#7 [3/9] RUN corepack enable
#7 CACHED

#8 [4/9] RUN apt-get update  && apt-get install -y --no-install-recommends chromium  && rm -rf /var/lib/apt/lists/*
#8 CACHED

#9 [5/9] COPY package.json pnpm-lock.yaml ./
#9 CACHED

#10 [2/9] WORKDIR /app
#10 CACHED

#11 [6/9] RUN PNPM_VERSION=$(node -p "require('./package.json').packageManager.replace('pnpm@', '')")  && corepack prepare pnpm@$PNPM_VERSION --activate  && pnpm config set --location=project --json allowBuilds '{"better-sqlite3":true,"core-js":true,"esbuild":true,"sqlite3":true}'  && pnpm config set fetch-timeout 600000  && pnpm install --frozen-lockfile
#11 CACHED

#12 [7/9] COPY . .
#12 DONE 2.6s

#13 [8/9] RUN pnpm build
#13 1.264 Ô£ô Lockfile passes supply-chain policies (verified 17h ago)
#13 1.275 Lockfile is up to date, resolution step is skipped
#13 1.400 Already up to date
#13 2.705 
#13 2.854 Done in 2.2s using pnpm v11.22.0
#13 2.867 $ vite build && esbuild server/_core/index.ts --platform=node --packages=external --bundle --format=esm --outdir=dist
#13 3.103 vite v7.3.1 building client environment for production...
#13 3.135 (!) %VITE_ANALYTICS_ENDPOINT% is not defined in env variables found in /index.html. Is the variable mistyped?
#13 3.136 (!) %VITE_ANALYTICS_WEBSITE_ID% is not defined in env variables found in /index.html. Is the variable mistyped?
#13 3.161 transforming...
#13 15.29 Ô£ô 3786 modules transformed.
#13 16.74 rendering chunks...
#13 17.44 computing gzip size...
#13 17.56 ../dist/public/index.html                                        3.99 kB Ôöé gzip:   1.67 kB
#13 17.56 ../dist/public/assets/OrgSettings-Bx3OTr2t.css                  29.89 kB Ôöé gzip:   5.84 kB
#13 17.56 ../dist/public/assets/index-CY8zV1SM.css                       401.34 kB Ôöé gzip:  49.40 kB
#13 17.56 ../dist/public/assets/trpc-DGOfIRhv.js                           0.07 kB Ôöé gzip:   0.09 kB
#13 17.56 ../dist/public/assets/tableSort-B6IToDRb.js                      0.14 kB Ôöé gzip:   0.12 kB
#13 17.56 ../dist/public/assets/AreaChart-DD_4XxbR.js                      0.23 kB Ôöé gzip:   0.19 kB
#13 17.56 ../dist/public/assets/LineChart-DxpbVi4P.js                      0.23 kB Ôöé gzip:   0.19 kB
#13 17.56 ../dist/public/assets/use-toast-XCvpx1EI.js                      0.24 kB Ôöé gzip:   0.20 kB
#13 17.56 ../dist/public/assets/skeleton-MqFdlkRn.js                       0.24 kB Ôöé gzip:   0.20 kB
#13 17.56 ../dist/public/assets/communications-DPNzK-66.js                 0.27 kB Ôöé gzip:   0.21 kB
#13 17.56 ../dist/public/assets/spinner-DneqonX8.js                        0.28 kB Ôöé gzip:   0.22 kB
#13 17.56 ../dist/public/assets/BarChart-DEkQCwaZ.js                       0.30 kB Ôöé gzip:   0.22 kB
#13 17.56 ../dist/public/assets/paymentMethods-r32LliAe.js                 0.31 kB Ôöé gzip:   0.24 kB
#13 17.56 ../dist/public/assets/collapsible-DaZGlMFo.js                    0.32 kB Ôöé gzip:   0.19 kB
#13 17.56 ../dist/public/assets/label-DcbaQ-dx.js                          0.33 kB Ôöé gzip:   0.25 kB
#13 17.56 ../dist/public/assets/useUserLookup-C3lhaEvM.js                  0.40 kB Ôöé gzip:   0.31 kB
#13 17.56 ../dist/public/assets/exportCsv-CNzVNdz4.js                      0.44 kB Ôöé gzip:   0.33 kB
#13 17.56 ../dist/public/assets/useRequireFeature-CzJ54uwf.js              0.44 kB Ôöé gzip:   0.31 kB
#13 17.56 ../dist/public/assets/csvGenerator-BbTLt5yV.js                   0.45 kB Ôöé gzip:   0.29 kB
#13 17.56 ../dist/public/assets/textarea-CB0R3EDn.js                       0.50 kB Ôöé gzip:   0.34 kB
#13 17.56 ../dist/public/assets/useCompanyInfo-WAHc5ql2.js                 0.51 kB Ôöé gzip:   0.35 kB
#13 17.56 ../dist/public/assets/export-utils-Faa_DFQ8.js                   0.57 kB Ôöé gzip:   0.40 kB
#13 17.56 ../dist/public/assets/useOrgPermission-C8n8FMBa.js               0.59 kB Ôöé gzip:   0.40 kB
#13 17.56 ../dist/public/assets/useFavorite-Bc0FcB4U.js                    0.59 kB Ôöé gzip:   0.35 kB
#13 17.56 ../dist/public/assets/documentTemplateHelpers-CduNLrpb.js        0.59 kB Ôöé gzip:   0.33 kB
#13 17.56 ../dist/public/assets/payslipPdf-CX2TzJVR.js                     0.63 kB Ôöé gzip:   0.44 kB
#13 17.56 ../dist/public/assets/activityLog-B-yh0W2G.js                    0.75 kB Ôöé gzip:   0.36 kB
#13 17.56 ../dist/public/assets/popover-7zdlvFsq.js                        0.83 kB Ôöé gzip:   0.45 kB
#13 17.56 ../dist/public/assets/DeleteConfirmationModal-DPrqwi4B.js        0.85 kB Ôöé gzip:   0.49 kB
#13 17.56 ../dist/public/assets/healthScore-hLzRzKdj.js                    0.89 kB Ôöé gzip:   0.52 kB
#13 17.56 ../dist/public/assets/switch-CzJngAqo.js                         0.90 kB Ôöé gzip:   0.47 kB
#13 17.56 ../dist/public/assets/checkbox-BWQ5Wf4Q.js                       0.92 kB Ôöé gzip:   0.47 kB
#13 17.56 ../dist/public/assets/UserSelector-DKNePRs5.js                   0.96 kB Ôöé gzip:   0.55 kB
#13 17.56 ../dist/public/assets/CustomPage-_2EEvX-2.js                     1.04 kB Ôöé gzip:   0.60 kB
#13 17.56 ../dist/public/assets/PermissionGuard-BfqfUJvs.js                1.05 kB Ôöé gzip:   0.59 kB
#13 17.56 ../dist/public/assets/EmployeeSelector-BhUoCr8O.js               1.10 kB Ôöé gzip:   0.61 kB
#13 17.56 ../dist/public/assets/format-XyXgtmZc.js                         1.15 kB Ôöé gzip:   0.55 kB
#13 17.56 ../dist/public/assets/Messages-1YfSS74Z.js                       1.18 kB Ôöé gzip:   0.63 kB
#13 17.56 ../dist/public/assets/ModuleLayout-CGqYHjCU.js                   1.25 kB Ôöé gzip:   0.62 kB
#13 17.56 ../dist/public/assets/accordion-DphxNv5h.js                      1.27 kB Ôöé gzip:   0.62 kB
#13 17.56 ../dist/public/assets/OrgAssets-CpzpeEUF.js                      1.28 kB Ôöé gzip:   0.62 kB
#13 17.56 ../dist/public/assets/OrgDocuments-DQEB9hA4.js                   1.29 kB Ôöé gzip:   0.62 kB
#13 17.56 ../dist/public/assets/OrgPurchaseOrders-B-1FGhKj.js              1.31 kB Ôöé gzip:   0.63 kB
#13 17.56 ../dist/public/assets/PhoneInput-D5MINA-f.js                     1.40 kB Ôöé gzip:   0.73 kB
#13 17.56 ../dist/public/assets/TenantAdminDetails-dAr3nlEJ.js             1.56 kB Ôöé gzip:   0.68 kB
#13 17.56 ../dist/public/assets/TenantUserDetails-VKlHmB6Z.js              1.69 kB Ôöé gzip:   0.71 kB
#13 17.56 ../dist/public/assets/RoleBasedDashboard-B4Re6irb.js             1.71 kB Ôöé gzip:   0.74 kB
#13 17.56 ../dist/public/assets/JobGroupPayrollItems-C7gLRDWF.js           1.72 kB Ôöé gzip:   0.81 kB
#13 17.56 ../dist/public/assets/RowActionsMenu-BpJnD2TN.js                 1.73 kB Ôöé gzip:   0.74 kB
#13 17.56 ../dist/public/assets/designSystem-BjMWY9N5.js                   1.76 kB Ôöé gzip:   0.66 kB
#13 17.56 ../dist/public/assets/OrgBreadcrumb-BZ4pEq0o.js                  1.76 kB Ôöé gzip:   0.74 kB
#13 17.56 ../dist/public/assets/SmsQueue-tjn7SH2S.js                       1.78 kB Ôöé gzip:   0.91 kB
#13 17.56 ../dist/public/assets/ServiceSearchFilter-BmG2uxdB.js            1.90 kB Ôöé gzip:   0.77 kB
#13 17.56 ../dist/public/assets/NotFound-Cs8Z7wPa.js                       1.92 kB Ôöé gzip:   0.91 kB
#13 17.56 ../dist/public/assets/SummaryStatCards-ZQyZXHHz.js               1.92 kB Ôöé gzip:   0.84 kB
#13 17.56 ../dist/public/assets/ModuleAnalyticsStrip-DeUc-JOr.js           1.98 kB Ôöé gzip:   0.90 kB
#13 17.56 ../dist/public/assets/CustomFields-CnQ3Hy2G.js                   2.00 kB Ôöé gzip:   0.93 kB
#13 17.56 ../dist/public/assets/VerifyEmail-7Yiy0ZXS.js                    2.00 kB Ôöé gzip:   1.09 kB
#13 17.56 ../dist/public/assets/alert-dialog-D1TL1Ar3.js                   2.04 kB Ôöé gzip:   0.74 kB
#13 17.56 ../dist/public/assets/table-BmlsNkRH.js                          2.06 kB Ôöé gzip:   0.77 kB
#13 17.56 ../dist/public/assets/LocationSelects-B_5i2xU_.js                2.07 kB Ôöé gzip:   0.58 kB
#13 17.56 ../dist/public/assets/CreateImprest-DcpSk86S.js                  2.13 kB Ôöé gzip:   1.03 kB
#13 17.56 ../dist/public/assets/useOrgAccess-BO_Fx9MP.js                   2.18 kB Ôöé gzip:   1.09 kB
#13 17.56 ../dist/public/assets/PageHeader-DQu9Ppa8.js                     2.21 kB Ôöé gzip:   0.94 kB
#13 17.56 ../dist/public/assets/data-table-controls-Bq2xyoXV.js            2.30 kB Ôöé gzip:   0.97 kB
#13 17.56 ../dist/public/assets/OrgModulePage-BPWSHGYo.js                  2.36 kB Ôöé gzip:   1.02 kB
#13 17.56 ../dist/public/assets/UnifiedModuleLayout-BPOvdBBu.js            2.42 kB Ôöé gzip:   1.05 kB
#13 17.56 ../dist/public/assets/EmployeeAccountSection-DavJXeJZ.js         2.55 kB Ôöé gzip:   0.94 kB
#13 17.56 ../dist/public/assets/BiTools-DKbemdus.js                        2.68 kB Ôöé gzip:   1.18 kB
#13 17.56 ../dist/public/assets/CreateClient-Cf69r-1i.js                   2.70 kB Ôöé gzip:   1.37 kB
#13 17.56 ../dist/public/assets/OrgCreateClient-uP5v5ICi.js                2.70 kB Ôöé gzip:   1.37 kB
#13 17.56 ../dist/public/assets/OrgSuperAdminDashboard-n9uCQZH_.js         2.76 kB Ôöé gzip:   1.21 kB
#13 17.56 ../dist/public/assets/CreateBudget-D27Fzhdg.js                   2.80 kB Ôöé gzip:   1.32 kB
#13 17.56 ../dist/public/assets/ICTSystemSettings-2a86sV7g.js              2.81 kB Ôöé gzip:   1.18 kB
#13 17.56 ../dist/public/assets/CreateReceipt-BuG5zQ1B.js                  2.83 kB Ôöé gzip:   1.18 kB
#13 17.56 ../dist/public/assets/CreateProduct-DfkYb2Tb.js                  2.84 kB Ôöé gzip:   1.27 kB
#13 17.56 ../dist/public/assets/OrgCreateProduct-3EnvdmoR.js               2.84 kB Ôöé gzip:   1.27 kB
#13 17.56 ../dist/public/assets/DashboardBuilderPro-BvrKB2_Y.js            2.86 kB Ôöé gzip:   1.18 kB
#13 17.56 ../dist/public/assets/EnhancedBulkActions-neRtKoBC.js            2.89 kB Ôöé gzip:   1.21 kB
#13 17.56 ../dist/public/assets/MyPayslips-DSNO9miw.js                     2.95 kB Ôöé gzip:   1.24 kB
#13 17.56 ../dist/public/assets/actions-XEFM9G4-.js                        3.01 kB Ôöé gzip:   1.34 kB
#13 17.56 ../dist/public/assets/FinancialReports-CRmVTDLo.js               3.03 kB Ôöé gzip:   1.23 kB
#13 17.56 ../dist/public/assets/Search-0CLrZOup.js                         3.20 kB Ôöé gzip:   1.47 kB
#13 17.56 ../dist/public/assets/CreditNotes-CTWeH390.js                    3.20 kB Ôöé gzip:   1.32 kB
#13 17.56 ../dist/public/assets/OrgCreditNotes-ZULCxtfm.js                 3.20 kB Ôöé gzip:   1.32 kB
#13 17.56 ../dist/public/assets/privateChatUtils-Bv4qHQl7.js               3.20 kB Ôöé gzip:   1.23 kB
#13 17.56 ../dist/public/assets/SalesManagerDashboard-D0PvJIsW.js          3.24 kB Ôöé gzip:   1.16 kB
#13 17.56 ../dist/public/assets/ICTAnalytics-DflG2GhW.js                   3.26 kB Ôöé gzip:   1.22 kB
#13 17.56 ../dist/public/assets/ReportsDetails-B5gIXJmG.js                 3.27 kB Ôöé gzip:   1.22 kB
#13 17.56 ../dist/public/assets/ProcurementManagerDashboard-Dsy0-paS.js    3.27 kB Ôöé gzip:   1.15 kB
#13 17.56 ../dist/public/assets/FunnelAnalysis-DYeArR1Y.js                 3.33 kB Ôöé gzip:   1.26 kB
#13 17.56 ../dist/public/assets/TableColumnSettings-Bd6qh20s.js            3.35 kB Ôöé gzip:   1.44 kB
#13 17.56 ../dist/public/assets/OrgCreateLPO-DAG9YyjR.js                   3.36 kB Ôöé gzip:   1.44 kB
#13 17.56 ../dist/public/assets/CreateDepartment-BiqVXBwF.js               3.38 kB Ôöé gzip:   1.40 kB
#13 17.56 ../dist/public/assets/OrgCreateDepartment-Bjly0-ke.js            3.38 kB Ôöé gzip:   1.40 kB
#13 17.56 ../dist/public/assets/CohortAnalysis-DuIS9t0f.js                 3.43 kB Ôöé gzip:   1.23 kB
#13 17.56 ../dist/public/assets/EditBudget-BcMxuKsK.js                     3.43 kB Ôöé gzip:   1.52 kB
#13 17.56 ../dist/public/assets/OrgEditBudget-BzXszVq5.js                  3.43 kB Ôöé gzip:   1.52 kB
#13 17.56 ../dist/public/assets/OrgCreateReceipt-nYymyoFd.js               3.47 kB Ôöé gzip:   1.41 kB
#13 17.56 ../dist/public/assets/OrgPurchaseOrderDetail-CWCBevve.js         3.49 kB Ôöé gzip:   1.25 kB
#13 17.56 ../dist/public/assets/CreatePurchaseOrder-Qh4SRYOR.js            3.49 kB Ôöé gzip:   1.26 kB
#13 17.56 ../dist/public/assets/OrgCreatePurchaseOrder-Ba2-4qmo.js         3.49 kB Ôöé gzip:   1.26 kB
#13 17.56 ../dist/public/assets/CreateSupplier-B4QedpbU.js                 3.56 kB Ôöé gzip:   1.61 kB
#13 17.56 ../dist/public/assets/OrgCreateSupplier-Cxi4tRTD.js              3.56 kB Ôöé gzip:   1.61 kB
#13 17.56 ../dist/public/assets/ListPageToolbar-SbtdLE9Y.js                3.56 kB Ôöé gzip:   1.01 kB
#13 17.56 ../dist/public/assets/CreateWarranty-Bopr_ICJ.js                 3.57 kB Ôöé gzip:   1.36 kB
#13 17.56 ../dist/public/assets/EditDepartment-D9peU2jX.js                 3.60 kB Ôöé gzip:   1.40 kB
#13 17.56 ../dist/public/assets/OrgEditDepartment-CBNNpppN.js              3.60 kB Ôöé gzip:   1.40 kB
#13 17.56 ../dist/public/assets/WarrantyDetails-BxmsScxO.js                3.60 kB Ôöé gzip:   1.21 kB
#13 17.56 ../dist/public/assets/EmailQueue-Cb1bt3VZ.js                     3.63 kB Ôöé gzip:   1.59 kB
#13 17.56 ../dist/public/assets/CreateEstimate-AQ1BHdpL.js                 3.67 kB Ôöé gzip:   1.58 kB
#13 17.56 ../dist/public/assets/DepartmentForm-BxBo93CH.js                 3.67 kB Ôöé gzip:   1.40 kB
#13 17.56 ../dist/public/assets/OrgContactDetail-CJPDjXLJ.js               3.68 kB Ôöé gzip:   1.24 kB
#13 17.56 ../dist/public/assets/CreateTicket-sDSUIzEl.js                   3.70 kB Ôöé gzip:   1.46 kB
#13 17.56 ../dist/public/assets/OrgCreateTicket-DYZj-ax0.js                3.70 kB Ôöé gzip:   1.46 kB
#13 17.56 ../dist/public/assets/ChartOfAccountsDetails-C37IQTgC.js         3.72 kB Ôöé gzip:   1.29 kB
#13 17.56 ../dist/public/assets/ProductDetails-DU-56G0m.js                 3.76 kB Ôöé gzip:   1.39 kB
#13 17.56 ../dist/public/assets/ProposalDetails-xVTJg-YL.js                3.78 kB Ôöé gzip:   1.30 kB
#13 17.56 ../dist/public/assets/OrgServiceDetail-CKt2wnwR.js               3.80 kB Ôöé gzip:   1.25 kB
#13 17.56 ../dist/public/assets/ConversionAnalytics-C_-pulXP.js            3.82 kB Ôöé gzip:   1.56 kB
#13 17.56 ../dist/public/assets/OrgEditApproval-DeNvqyLI.js                3.83 kB Ôöé gzip:   1.41 kB
#13 17.56 ../dist/public/assets/CreateLeaveRequest-B4B40LC-.js             3.87 kB Ôöé gzip:   1.45 kB
#13 17.56 ../dist/public/assets/TenantAdmins-DNfziX_V.js                   3.87 kB Ôöé gzip:   1.37 kB
#13 17.56 ../dist/public/assets/Home-DglLMG12.js                           3.88 kB Ôöé gzip:   1.47 kB
#13 17.56 ../dist/public/assets/OrgReceiptDetail-DUfhDWLX.js               3.91 kB Ôöé gzip:   1.40 kB
#13 17.56 ../dist/public/assets/InvoiceSearchFilter-Cw8cX9-R.js            3.93 kB Ôöé gzip:   1.29 kB
#13 17.56 ../dist/public/assets/OrgPaymentDetail-Dkzclc1B.js               3.95 kB Ôöé gzip:   1.41 kB
#13 17.56 ../dist/public/assets/OrgQuotationDetail-kD_KwGRz.js             3.95 kB Ôöé gzip:   1.40 kB
#13 17.56 ../dist/public/assets/CreateAttendance-CUVYNi6k.js               3.96 kB Ôöé gzip:   1.46 kB
#13 17.56 ../dist/public/assets/OrgCreateAttendance-rdHBNJVp.js            3.96 kB Ôöé gzip:   1.46 kB
#13 17.56 ../dist/public/assets/OrgProductDetail-PEWR0233.js               3.97 kB Ôöé gzip:   1.29 kB
#13 17.56 ../dist/public/assets/HRDetails-mVRwspWI.js                      3.97 kB Ôöé gzip:   1.44 kB
#13 17.56 ../dist/public/assets/TenantUsers-Deu0gKK5.js                    3.99 kB Ôöé gzip:   1.47 kB
#13 17.56 ../dist/public/assets/OrgLPODetail-Za-4WVcK.js                   4.00 kB Ôöé gzip:   1.55 kB
#13 17.56 ../dist/public/assets/ProjectAnalytics-DntRbFLm.js               4.00 kB Ôöé gzip:   1.49 kB
#13 17.56 ../dist/public/assets/OrgLeadDetail-C9pxkhzt.js                  4.01 kB Ôöé gzip:   1.43 kB
#13 17.56 ../dist/public/assets/OrgEstimateDetail-C7oo3-Gv.js              4.02 kB Ôöé gzip:   1.44 kB
#13 17.56 ../dist/public/assets/Sales-BdTMBgnD.js                          4.03 kB Ôöé gzip:   1.50 kB
#13 17.56 ../dist/public/assets/OrgApprovalDetail-BaB69icc.js              4.04 kB Ôöé gzip:   1.40 kB
#13 17.56 ../dist/public/assets/AIAssistantModal-PcNdpVtT.js               4.14 kB Ôöé gzip:   1.72 kB
#13 17.56 ../dist/public/assets/OrgAttendanceDetail-XdXMnC85.js            4.14 kB Ôöé gzip:   1.43 kB
#13 17.56 ../dist/public/assets/EditAllowance-C1NbLuJ_.js                  4.17 kB Ôöé gzip:   1.68 kB
#13 17.56 ../dist/public/assets/SalesReports-BMLagy4O.js                   4.21 kB Ôöé gzip:   1.40 kB
#13 17.56 ../dist/public/assets/OrgEditLead-DN3xrAhB.js                    4.21 kB Ôöé gzip:   1.48 kB
#13 17.56 ../dist/public/assets/OrgProcurementDetail-JdxbR7tm.js           4.22 kB Ôöé gzip:   1.45 kB
#13 17.56 ../dist/public/assets/BudgetDetails-D0ayrBmR.js                  4.22 kB Ôöé gzip:   1.39 kB
#13 17.56 ../dist/public/assets/EditSalaryStructure-BEaOHMJ7.js            4.23 kB Ôöé gzip:   1.60 kB
#13 17.56 ../dist/public/assets/OrgEditSalaryStructure-BYFCdX2H.js         4.23 kB Ôöé gzip:   1.60 kB
#13 17.56 ../dist/public/assets/OrgEditPurchaseOrder-BfrELjXW.js           4.23 kB Ôöé gzip:   1.57 kB
#13 17.56 ../dist/public/assets/RevenueForecasting-DoMPOZPm.js             4.24 kB Ôöé gzip:   1.70 kB
#13 17.56 ../dist/public/assets/CreateAllowance-DkNYWLpx.js                4.24 kB Ôöé gzip:   1.64 kB
#13 17.56 ../dist/public/assets/EditTicket-DOBDLj2-.js                     4.33 kB Ôöé gzip:   1.61 kB
#13 17.56 ../dist/public/assets/OrgEditTicket-i9GEnsks.js                  4.33 kB Ôöé gzip:   1.61 kB
#13 17.56 ../dist/public/assets/AssetDetails-B3ZXfDE4.js                   4.34 kB Ôöé gzip:   1.28 kB
#13 17.56 ../dist/public/assets/OrgProposalDetail-zWOt0LRa.js              4.34 kB Ôöé gzip:   1.46 kB
#13 17.56 ../dist/public/assets/EditDeduction-BYN-JuJi.js                  4.42 kB Ôöé gzip:   1.76 kB
#13 17.56 ../dist/public/assets/Services-WsZslYXG.js                       4.47 kB Ôöé gzip:   1.76 kB
#13 17.56 ../dist/public/assets/OrgEditProcurement-BUmsQyTV.js             4.47 kB Ôöé gzip:   1.56 kB
#13 17.56 ../dist/public/assets/OrgDebitNoteDetail-CbGCp_ev.js             4.48 kB Ôöé gzip:   1.53 kB
#13 17.56 ../dist/public/assets/AdvancedAnalytics-DmYID-sW.js              4.51 kB Ôöé gzip:   1.38 kB
#13 17.56 ../dist/public/assets/EditReceipt-B_5tX_Lo.js                    4.59 kB Ôöé gzip:   1.68 kB
#13 17.56 ../dist/public/assets/OrgEditReceipt-Dmh_z9D3.js                 4.59 kB Ôöé gzip:   1.68 kB
#13 17.56 ../dist/public/assets/EditBenefit-Dk_FTmRW.js                    4.59 kB Ôöé gzip:   1.79 kB
#13 17.56 ../dist/public/assets/Blog-DFg-kbAM.js                           4.60 kB Ôöé gzip:   1.63 kB
#13 17.56 ../dist/public/assets/ContractDetails-Ce1Iw_BL.js                4.60 kB Ôöé gzip:   1.37 kB
#13 17.56 ../dist/public/assets/WarrantyManagement-DVHjBSI5.js             4.74 kB Ôöé gzip:   1.84 kB
#13 17.56 ../dist/public/assets/ESignatures-y2NaKQqE.js                    4.74 kB Ôöé gzip:   1.82 kB
#13 17.56 ../dist/public/assets/SalaryStructureDetails-BqHfOMO0.js         4.76 kB Ôöé gzip:   1.62 kB
#13 17.56 ../dist/public/assets/OrgSalaryStructureDetails-DscEEIq1.js      4.76 kB Ôöé gzip:   1.62 kB
#13 17.56 ../dist/public/assets/OrgAI-BkZ_RYfS.js                          4.77 kB Ôöé gzip:   1.89 kB
#13 17.56 ../dist/public/assets/CreateLPO-BskV8rOw.js                      4.80 kB Ôöé gzip:   1.93 kB
#13 17.56 ../dist/public/assets/EditWarranty-BToFH20G.js                   4.83 kB Ôöé gzip:   1.70 kB
#13 17.56 ../dist/public/assets/TimesheetDetails-C_RE70h-.js               4.83 kB Ôöé gzip:   1.42 kB
#13 17.56 ../dist/public/assets/OrgOrderDetail-Djrsl7fK.js                 4.86 kB Ôöé gzip:   1.62 kB
#13 17.56 ../dist/public/assets/CreateDebitNote-C6kgQfhE.js                4.86 kB Ôöé gzip:   1.90 kB
#13 17.56 ../dist/public/assets/OrgCreateDebitNote-D2TTbWa8.js             4.86 kB Ôöé gzip:   1.90 kB
#13 17.56 ../dist/public/assets/EditAttendance-CBiI7wIo.js                 4.87 kB Ôöé gzip:   1.66 kB
#13 17.56 ../dist/public/assets/OrgEditAttendance-BVGSIwLn.js              4.87 kB Ôöé gzip:   1.66 kB
#13 17.56 ../dist/public/assets/BankReconciliationDetails-CJfkdWBu.js      4.91 kB Ôöé gzip:   1.51 kB
#13 17.56 ../dist/public/assets/OrgSubscriptions-DabNvOP5.js               4.94 kB Ôöé gzip:   1.81 kB
#13 17.56 ../dist/public/assets/CustomerReports-CJEhvNbP.js                4.96 kB Ôöé gzip:   2.01 kB
#13 17.56 ../dist/public/assets/OrgSupplierDetail-II4oWeaS.js              4.96 kB Ôöé gzip:   1.57 kB
#13 17.56 ../dist/public/assets/EditClient-CmvYrV7e.js                     4.99 kB Ôöé gzip:   1.95 kB
#13 17.56 ../dist/public/assets/ImprestDetails-I2D6Yo-j.js                 5.00 kB Ôöé gzip:   1.56 kB
#13 17.56 ../dist/public/assets/CreateWorkOrder-BtSeTRYb.js                5.01 kB Ôöé gzip:   1.70 kB
#13 17.56 ../dist/public/assets/OrgCreateWorkOrder-M53-GxMr.js             5.01 kB Ôöé gzip:   1.70 kB
#13 17.56 ../dist/public/assets/ChangePassword-C0GYYf-g.js                 5.02 kB Ôöé gzip:   1.79 kB
#13 17.56 ../dist/public/assets/OrgEditQuotation-BK_uVMJP.js               5.04 kB Ôöé gzip:   1.82 kB
#13 17.56 ../dist/public/assets/EditEstimate-L34nCwd6.js                   5.06 kB Ôöé gzip:   1.75 kB
#13 17.56 ../dist/public/assets/OrgEditEstimate-BRovd26m.js                5.06 kB Ôöé gzip:   1.75 kB
#13 17.56 ../dist/public/assets/ChurnPrediction-_TVWbp9W.js                5.07 kB Ôöé gzip:   1.58 kB
#13 17.56 ../dist/public/assets/BankReconciliation-DmaOHbLw.js             5.09 kB Ôöé gzip:   2.00 kB
#13 17.56 ../dist/public/assets/SystemHealthDashboard-LLcEx_Tn.js          5.09 kB Ôöé gzip:   1.72 kB
#13 17.56 ../dist/public/assets/OrgBankReconciliation-CQ51Fiuk.js          5.09 kB Ôöé gzip:   2.00 kB
#13 17.56 ../dist/public/assets/Activity-DvmSqXqX.js                       5.09 kB Ôöé gzip:   2.15 kB
#13 17.56 ../dist/public/assets/OrgActivity-BsBj-IUc.js                    5.09 kB Ôöé gzip:   2.15 kB
#13 17.56 ../dist/public/assets/OrgProcurement-BCrbyw16.js                 5.09 kB Ôöé gzip:   1.83 kB
#13 17.56 ../dist/public/assets/EditProduct-C0A2g7rU.js                    5.12 kB Ôöé gzip:   1.89 kB
#13 17.56 ../dist/public/assets/OrgEditProduct-gFEZqMr9.js                 5.12 kB Ôöé gzip:   1.89 kB
#13 17.56 ../dist/public/assets/OrgCreditNoteDetail-CBT7eGDa.js            5.14 kB Ôöé gzip:   1.61 kB
#13 17.56 ../dist/public/assets/EditLPO-DiFtYyYU.js                        5.15 kB Ôöé gzip:   1.91 kB
#13 17.56 ../dist/public/assets/OrgEditLPO-CTDpkDuK.js                     5.15 kB Ôöé gzip:   1.91 kB
#13 17.56 ../dist/public/assets/EditInvoice-Ds-laHt2.js                    5.20 kB Ôöé gzip:   1.80 kB
#13 17.56 ../dist/public/assets/OrgEditInvoice-D_s0ELPG.js                 5.20 kB Ôöé gzip:   1.80 kB
#13 17.56 ../dist/public/assets/ContactDetails-BCGHEkfw.js                 5.20 kB Ôöé gzip:   1.40 kB
#13 17.56 ../dist/public/assets/OrgCreateQuotation-Dbr3uUfG.js             5.20 kB Ôöé gzip:   1.79 kB
#13 17.56 ../dist/public/assets/QuotationDetails-BJSqLIwG.js               5.23 kB Ôöé gzip:   1.81 kB
#13 17.56 ../dist/public/assets/SessionManager-CrXV5io3.js                 5.26 kB Ôöé gzip:   1.96 kB
#13 17.56 ../dist/public/assets/ProductForm-BtaFpzRs.js                    5.30 kB Ôöé gzip:   1.59 kB
#13 17.56 ../dist/public/assets/ServiceTemplates-aGjLtSFT.js               5.31 kB Ôöé gzip:   2.16 kB
#13 17.56 ../dist/public/assets/OrgServiceTemplates-C7EB0N14.js            5.31 kB Ôöé gzip:   2.16 kB
#13 17.56 ../dist/public/assets/FinanceSettings-DnonPcyE.js                5.32 kB Ôöé gzip:   1.78 kB
#13 17.56 ../dist/public/assets/Departments-BSMy37Bt.js                    5.34 kB Ôöé gzip:   2.03 kB
#13 17.56 ../dist/public/assets/TestPDFGeneration-B4Elh2ie.js              5.37 kB Ôöé gzip:   1.89 kB
#13 17.56 ../dist/public/assets/Dashboard-D9GXV1Sk.js                      5.39 kB Ôöé gzip:   1.48 kB
#13 17.56 ../dist/public/assets/OrgServices-CdDJbDyt.js                    5.40 kB Ôöé gzip:   1.89 kB
#13 17.56 ../dist/public/assets/PaymentDetails-BRO87QKM.js                 5.40 kB Ôöé gzip:   1.92 kB
#13 17.56 ../dist/public/assets/GRNDetails-kIDu_Hn2.js                     5.43 kB Ôöé gzip:   1.80 kB
#13 17.56 ../dist/public/assets/TaxComplianceReports-Cn5dgNDA.js           5.45 kB Ôöé gzip:   1.50 kB
#13 17.56 ../dist/public/assets/CreateDeduction-C6joljjg.js                5.45 kB Ôöé gzip:   2.02 kB
#13 17.56 ../dist/public/assets/PayslipDetails-Cnie005Y.js                 5.49 kB Ôöé gzip:   2.07 kB
#13 17.56 ../dist/public/assets/OrderDetails-FAPPk4oB.js                   5.53 kB Ôöé gzip:   1.63 kB
#13 17.56 ../dist/public/assets/OrgWarranty-C80oozXd.js                    5.54 kB Ôöé gzip:   2.10 kB
#13 17.56 ../dist/public/assets/OrgDebitNotes-CBehHXSj.js                  5.57 kB Ôöé gzip:   2.34 kB
#13 17.56 ../dist/public/assets/OrgCreateProposal-CDhvMsvV.js              5.57 kB Ôöé gzip:   1.93 kB
#13 17.56 ../dist/public/assets/DeliveryNoteDetails-D9U1Qj6r.js            5.58 kB Ôöé gzip:   1.77 kB
#13 17.56 ../dist/public/assets/EditSupplier-C60DaMxm.js                   5.60 kB Ôöé gzip:   2.17 kB
#13 17.56 ../dist/public/assets/OrgEditSupplier-DTE3Gp1r.js                5.60 kB Ôöé gzip:   2.17 kB
#13 17.56 ../dist/public/assets/ProcurementMaster-BCY8A5DG.js              5.61 kB Ôöé gzip:   1.73 kB
#13 17.56 ../dist/public/assets/Attendance-Cg72-E_G.js                     5.63 kB Ôöé gzip:   2.00 kB
#13 17.56 ../dist/public/assets/OrgAttendance-BixnrfNT.js                  5.63 kB Ôöé gzip:   2.00 kB
#13 17.56 ../dist/public/assets/ForgotPassword-CTdACccf.js                 5.67 kB Ôöé gzip:   1.77 kB
#13 17.56 ../dist/public/assets/EditWorkOrder-BdvE-CNQ.js                  5.70 kB Ôöé gzip:   1.85 kB
#13 17.56 ../dist/public/assets/OrgEditWorkOrder-9TBLSJL_.js               5.70 kB Ôöé gzip:   1.85 kB
#13 17.56 ../dist/public/assets/OrgTaxCompliance-cNbo85qJ.js               5.71 kB Ôöé gzip:   1.61 kB
#13 17.56 ../dist/public/assets/MFA-DMvq0via.js                            5.71 kB Ôöé gzip:   1.72 kB
#13 17.56 ../dist/public/assets/ServiceTemplateDetails-Cp4hO_2V.js         5.72 kB Ôöé gzip:   1.80 kB
#13 17.56 ../dist/public/assets/CreateContact-yjzwGaTO.js                  5.73 kB Ôöé gzip:   1.88 kB
#13 17.56 ../dist/public/assets/ClientPerformance-HLA7FkN9.js              5.73 kB Ôöé gzip:   2.06 kB
#13 17.56 ../dist/public/assets/ProjectsManagement-_43Zyfs9.js             5.76 kB Ôöé gzip:   2.11 kB
#13 17.56 ../dist/public/assets/DebitNoteDetails-Cp92eCnb.js               5.77 kB Ôöé gzip:   1.99 kB
#13 17.56 ../dist/public/assets/DatabaseManagement-DeesiI0y.js             5.80 kB Ôöé gzip:   1.74 kB
#13 17.56 ../dist/public/assets/OrgCreateSalaryStructure-DKnvOlIf.js       5.83 kB Ôöé gzip:   1.89 kB
#13 17.56 ../dist/public/assets/Holidays-BStA4L93.js                       5.83 kB Ôöé gzip:   2.16 kB
#13 17.56 ../dist/public/assets/LeaveManagementDetails-BM3k05GR.js         5.84 kB Ôöé gzip:   1.80 kB
#13 17.56 ../dist/public/assets/DebitNotes-SjdmaAI1.js                     5.85 kB Ôöé gzip:   2.42 kB
#13 17.56 ../dist/public/assets/CreateSalaryStructure-BiDIhsUR.js          5.89 kB Ôöé gzip:   1.92 kB
#13 17.56 ../dist/public/assets/ProjectReports-C6yk2dCT.js                 5.92 kB Ôöé gzip:   2.26 kB
#13 17.56 ../dist/public/assets/EnterpriseSettings-5E2oCLTW.js             5.99 kB Ôöé gzip:   2.08 kB
#13 17.56 ../dist/public/assets/EditDebitNote-CFaOavN6.js                  6.00 kB Ôöé gzip:   2.20 kB
#13 17.56 ../dist/public/assets/OrgEditDebitNote-DE2Us6gJ.js               6.00 kB Ôöé gzip:   2.20 kB
#13 17.56 ../dist/public/assets/OrgCreateInvoice-XaZfx3Ig.js               6.04 kB Ôöé gzip:   2.39 kB
#13 17.56 ../dist/public/assets/EditLeave-DqJ_Lzrz.js                      6.04 kB Ôöé gzip:   1.89 kB
#13 17.56 ../dist/public/assets/OrgEditLeave-CIXt65Ab.js                   6.04 kB Ôöé gzip:   1.89 kB
#13 17.56 ../dist/public/assets/CreateInvoice-BEcg_uhR.js                  6.05 kB Ôöé gzip:   2.39 kB
#13 17.56 ../dist/public/assets/EditChartOfAccounts-8Q2b7Ho9.js            6.06 kB Ôöé gzip:   2.09 kB
#13 17.56 ../dist/public/assets/OrgStaff-DbCHeVUc.js                       6.07 kB Ôöé gzip:   2.32 kB
#13 17.56 ../dist/public/assets/EditBankReconciliation-XKtmSWkG.js         6.09 kB Ôöé gzip:   1.78 kB
#13 17.56 ../dist/public/assets/LeaveBalances-CCOG-3Vs.js                  6.09 kB Ôöé gzip:   2.06 kB
#13 17.56 ../dist/public/assets/OrgCreateLeave-DZC-QhLz.js                 6.09 kB Ôöé gzip:   1.97 kB
#13 17.56 ../dist/public/assets/OrgAccounting-Ckw_XZlD.js                  6.11 kB Ôöé gzip:   2.13 kB
#13 17.56 ../dist/public/assets/Security-Djt7PQ-d.js                       6.18 kB Ôöé gzip:   1.71 kB
#13 17.56 ../dist/public/assets/OrgDepartments-BYw37JiW.js                 6.19 kB Ôöé gzip:   2.25 kB
#13 17.56 ../dist/public/assets/OpportunityDetails-DULlG3-g.js             6.20 kB Ôöé gzip:   1.89 kB
#13 17.56 ../dist/public/assets/OrgCreateProcurement-c2GRXa5s.js           6.26 kB Ôöé gzip:   1.93 kB
#13 17.56 ../dist/public/assets/Budgets-CGAdiSai.js                        6.28 kB Ôöé gzip:   2.26 kB
#13 17.56 ../dist/public/assets/OrgBudgets-BUV2as-Y.js                     6.28 kB Ôöé gzip:   2.26 kB
#13 17.56 ../dist/public/assets/OrgLeaveDetail-DQFfU4eE.js                 6.32 kB Ôöé gzip:   1.83 kB
#13 17.56 ../dist/public/assets/HTMLEditor-CRrjXmhD.js                     6.37 kB Ôöé gzip:   2.47 kB
#13 17.56 ../dist/public/assets/Profile-B-4HlgPG.js                        6.38 kB Ôöé gzip:   2.22 kB
#13 17.56 ../dist/public/assets/ServiceInvoices-DEyUH4Eu.js                6.40 kB Ôöé gzip:   2.59 kB
#13 17.56 ../dist/public/assets/OrgServiceInvoices-BHzzmQ6D.js             6.40 kB Ôöé gzip:   2.59 kB
#13 17.56 ../dist/public/assets/ProjectManagerDashboard-D4g2Octg.js        6.46 kB Ôöé gzip:   2.11 kB
#13 17.56 ../dist/public/assets/CreditNoteDetails-BXFGfHH-.js              6.46 kB Ôöé gzip:   2.08 kB
#13 17.56 ../dist/public/assets/AttendanceDetails-DkhTv3_G.js              6.50 kB Ôöé gzip:   1.98 kB
#13 17.56 ../dist/public/assets/CreateServiceInvoice-BVt2dyA3.js           6.50 kB Ôöé gzip:   2.22 kB
#13 17.56 ../dist/public/assets/OrgCreateServiceInvoice-Dyxw0WiY.js        6.50 kB Ôöé gzip:   2.22 kB
#13 17.56 ../dist/public/assets/Documentation-BMEnQ-ZE.js                  6.50 kB Ôöé gzip:   2.55 kB
#13 17.56 ../dist/public/assets/ExpenseBudgetReport-hxwLGAVs.js            6.51 kB Ôöé gzip:   1.79 kB
#13 17.56 ../dist/public/assets/SystemLogsViewer-C8e1zApp.js               6.51 kB Ôöé gzip:   2.21 kB
#13 17.56 ../dist/public/assets/Notifications-ClqT3i4I.js                  6.51 kB Ôöé gzip:   1.99 kB
#13 17.56 ../dist/public/assets/OrgContractDetail-1yk5QFyz.js              6.55 kB Ôöé gzip:   1.80 kB
#13 17.56 ../dist/public/assets/EditContact-BumlO8Yc.js                    6.57 kB Ôöé gzip:   2.12 kB
#13 17.56 ../dist/public/assets/OrgEditContact-CfL-KOmz.js                 6.57 kB Ôöé gzip:   2.12 kB
#13 17.56 ../dist/public/assets/TaxInformation-yu9nfODL.js                 6.60 kB Ôöé gzip:   2.22 kB
#13 17.56 ../dist/public/assets/CreateOrder-VYvOqg4o.js                    6.62 kB Ôöé gzip:   2.21 kB
#13 17.56 ../dist/public/assets/EditOpportunity-DFbpa8Un.js                6.65 kB Ôöé gzip:   2.08 kB
#13 17.56 ../dist/public/assets/AuditLogs-D5VUBjwK.js                      6.66 kB Ôöé gzip:   2.55 kB
#13 17.56 ../dist/public/assets/EditOrder-5I72fj40.js                      6.68 kB Ôöé gzip:   2.33 kB
#13 17.56 ../dist/public/assets/OrgEditOrder-g4cQ9QfK.js                   6.68 kB Ôöé gzip:   2.33 kB
#13 17.56 ../dist/public/assets/LPODetails-Bu0mJbny.js                     6.73 kB Ôöé gzip:   2.05 kB
#13 17.56 ../dist/public/assets/CreateService-76GhA1lp.js                  6.73 kB Ôöé gzip:   2.26 kB
#13 17.56 ../dist/public/assets/OrgCreateService-CHqA7iJE.js               6.73 kB Ôöé gzip:   2.26 kB
#13 17.56 ../dist/public/assets/CreateBenefit-BTSSsBfd.js                  6.73 kB Ôöé gzip:   2.27 kB
#13 17.56 ../dist/public/assets/Login-DGva2Ifu.js                          6.76 kB Ôöé gzip:   2.26 kB
#13 17.56 ../dist/public/assets/OrgLeave-BmWAQdhE.js                       6.80 kB Ôöé gzip:   2.39 kB
#13 17.56 ../dist/public/assets/OrgEditContract-DmTXV0Aw.js                6.80 kB Ôöé gzip:   2.13 kB
#13 17.56 ../dist/public/assets/Calendar-IaJImxsW.js                       6.81 kB Ôöé gzip:   2.40 kB
#13 17.56 ../dist/public/assets/OrgCalendar-DeiBJNSW.js                    6.81 kB Ôöé gzip:   2.40 kB
#13 17.56 ../dist/public/assets/Reminders-DIHbv5C-.js                      6.84 kB Ôöé gzip:   2.16 kB
#13 17.56 ../dist/public/assets/OrgServiceInvoiceDetails-COQLE6ry.js       6.84 kB Ôöé gzip:   2.06 kB
#13 17.56 ../dist/public/assets/HRReports-ohVOQUZ-.js                      6.86 kB Ôöé gzip:   2.41 kB
#13 17.56 ../dist/public/assets/UserDetails-CIjXXMHo.js                    6.87 kB Ôöé gzip:   1.68 kB
#13 17.56 ../dist/public/assets/EditProposal-BheTQp8U.js                   6.90 kB Ôöé gzip:   2.13 kB
#13 17.56 ../dist/public/assets/OrgEditProposal-ClYLW1Kw.js                6.90 kB Ôöé gzip:   2.13 kB
#13 17.56 ../dist/public/assets/OrgCreateOrder-DFijEvCX.js                 7.02 kB Ôöé gzip:   2.30 kB
#13 17.56 ../dist/public/assets/ResetPassword-D8V1Wp9P.js                  7.09 kB Ôöé gzip:   2.02 kB
#13 17.56 ../dist/public/assets/OrgContracts-CSeTe8XT.js                   7.13 kB Ôöé gzip:   2.52 kB
#13 17.56 ../dist/public/assets/WorkOrders-MYVj8jIE.js                     7.16 kB Ôöé gzip:   2.59 kB
#13 17.56 ../dist/public/assets/OrgWorkOrders-BAuMNEF0.js                  7.16 kB Ôöé gzip:   2.59 kB
#13 17.56 ../dist/public/assets/SalaryStructures-D6yipvA6.js               7.18 kB Ôöé gzip:   2.27 kB
#13 17.56 ../dist/public/assets/OrgSalaryStructures-Cn0IbD-j.js            7.18 kB Ôöé gzip:   2.27 kB
#13 17.56 ../dist/public/assets/EditServiceInvoice-DfDqwDQ9.js             7.19 kB Ôöé gzip:   2.37 kB
#13 17.56 ../dist/public/assets/OrgEditServiceInvoice-C1G9Jn_8.js          7.19 kB Ôöé gzip:   2.37 kB
#13 17.56 ../dist/public/assets/OrgInvoiceDetail-DQGrVPHl.js               7.24 kB Ôöé gzip:   1.99 kB
#13 17.56 ../dist/public/assets/Benefits-DxtqHcid.js                       7.31 kB Ôöé gzip:   2.20 kB
#13 17.56 ../dist/public/assets/OrgCreateContract-BSuujoN9.js              7.33 kB Ôöé gzip:   2.14 kB
#13 17.56 ../dist/public/assets/Signup-kTyoCm2f.js                         7.36 kB Ôöé gzip:   2.29 kB
#13 17.56 ../dist/public/assets/ChartOfAccountsHierarchy-DYkKdNmq.js       7.45 kB Ôöé gzip:   2.02 kB
#13 17.56 ../dist/public/assets/ExpenseBudgetReport-CvjRyskI.js            7.51 kB Ôöé gzip:   2.64 kB
#13 17.56 ../dist/public/assets/OrgHR-D6CFFtjC.js                          7.51 kB Ôöé gzip:   2.39 kB
#13 17.56 ../dist/public/assets/OrgCreateProject-D2Z1mkQG.js               7.53 kB Ôöé gzip:   2.40 kB
#13 17.56 ../dist/public/assets/Warehouses-DgP6Sh9h.js                     7.54 kB Ôöé gzip:   2.30 kB
#13 17.56 ../dist/public/assets/SystemHealth-CSefmC_o.js                   7.56 kB Ôöé gzip:   1.75 kB
#13 17.56 ../dist/public/assets/HRAnalyticsPage-DWbE52-p.js                7.57 kB Ôöé gzip:   2.07 kB
#13 17.56 ../dist/public/assets/Products-B2mSMZxa.js                       7.68 kB Ôöé gzip:   2.64 kB
#13 17.56 ../dist/public/assets/OrgProducts-B9MjovGW.js                    7.68 kB Ôöé gzip:   2.64 kB
#13 17.56 ../dist/public/assets/locations-CtzeVEdQ.js                      7.69 kB Ôöé gzip:   2.76 kB
#13 17.56 ../dist/public/assets/AllowancesDeductions-CRWN8Uvz.js           7.70 kB Ôöé gzip:   2.37 kB
#13 17.56 ../dist/public/assets/TermsAndConditions-DEMHBEK-.js             7.76 kB Ôöé gzip:   2.64 kB
#13 17.56 ../dist/public/assets/LeaveManagement-BIAnzyW6.js                7.77 kB Ôöé gzip:   2.50 kB
#13 17.56 ../dist/public/assets/Contact-C2Jyno6g.js                        7.77 kB Ôöé gzip:   2.77 kB
#13 17.56 ../dist/public/assets/HR-cLThhixD.js                             7.79 kB Ôöé gzip:   2.51 kB
#13 17.56 ../dist/public/assets/ProposalTemplates-Btcbita7.js              7.79 kB Ôöé gzip:   2.50 kB
#13 17.56 ../dist/public/assets/OrgWorkOrderDetail-D0StoGoI.js             7.80 kB Ôöé gzip:   1.95 kB
#13 17.56 ../dist/public/assets/EditService-CVr-3ZrC.js                    7.85 kB Ôöé gzip:   2.55 kB
#13 17.56 ../dist/public/assets/OrgEditService-Dn2CWl2O.js                 7.85 kB Ôöé gzip:   2.55 kB
#13 17.56 ../dist/public/assets/PayrollDetails-D_9fN7Ix.js                 7.88 kB Ôöé gzip:   2.05 kB
#13 17.56 ../dist/public/assets/OrgPayrollDetails-B3YN8J8M.js              7.88 kB Ôöé gzip:   2.05 kB
#13 17.56 ../dist/public/assets/DisciplinaryRecords-BD9nxg25.js            7.88 kB Ôöé gzip:   2.43 kB
#13 17.56 ../dist/public/assets/OrgCRM-CRia4VXW.js                         7.93 kB Ôöé gzip:   2.50 kB
#13 17.56 ../dist/public/assets/HRAdminDashboard-BsSVNcIl.js               7.95 kB Ôöé gzip:   2.35 kB
#13 17.56 ../dist/public/assets/OrgEditProject-DXHwQ2wR.js                 7.99 kB Ôöé gzip:   2.34 kB
#13 17.56 ../dist/public/assets/EditCreditNote-BNhIuLKL.js                 8.00 kB Ôöé gzip:   2.59 kB
#13 17.56 ../dist/public/assets/OrgEditCreditNote-GZgPRZo7.js              8.00 kB Ôöé gzip:   2.59 kB
#13 17.56 ../dist/public/assets/FinancialDashboard-F3v0oWcq.js             8.03 kB Ôöé gzip:   2.55 kB
#13 17.56 ../dist/public/assets/Accounting-CJjRlULO.js                     8.04 kB Ôöé gzip:   2.56 kB
#13 17.56 ../dist/public/assets/OrgFinancialDashboard-Cpw3kZod.js          8.05 kB Ôöé gzip:   2.52 kB
#13 17.56 ../dist/public/assets/ContractTemplates-DlS63PfR.js              8.11 kB Ôöé gzip:   2.58 kB
#13 17.56 ../dist/public/assets/OrgContractTemplates-PSQWNclr.js           8.11 kB Ôöé gzip:   2.58 kB
#13 17.56 ../dist/public/assets/UserGuide-BO_pVBDt.js                      8.15 kB Ôöé gzip:   3.04 kB
#13 17.56 ../dist/public/assets/PerformanceReviews-Bznx3Nd4.js             8.18 kB Ôöé gzip:   2.64 kB
#13 17.56 ../dist/public/assets/OrgPerformanceReviews-CK38eHN5.js          8.18 kB Ôöé gzip:   2.64 kB
#13 17.56 ../dist/public/assets/TaskDetails-Dz9T7XrU.js                    8.21 kB Ôöé gzip:   2.23 kB
#13 17.56 ../dist/public/assets/OrgProjects-GhRq3flI.js                    8.25 kB Ôöé gzip:   2.71 kB
#13 17.56 ../dist/public/assets/Notes-C_p-h2HH.js                          8.38 kB Ôöé gzip:   2.71 kB
#13 17.56 ../dist/public/assets/IntegrationGuides-Cz5GH0jd.js              8.55 kB Ôöé gzip:   3.17 kB
#13 17.56 ../dist/public/assets/EstimateDetails-XFNeIGFb.js                8.77 kB Ôöé gzip:   2.73 kB
#13 17.56 ../dist/public/assets/AccountingManagement-De3roz67.js           8.81 kB Ôöé gzip:   2.32 kB
#13 17.56 ../dist/public/assets/UiElements-DoAi3l5E.js                     8.86 kB Ôöé gzip:   2.85 kB
#13 17.56 ../dist/public/assets/AssetManagement-HnWz9rhb.js                8.90 kB Ôöé gzip:   2.80 kB
#13 17.56 ../dist/public/assets/CSVImportExport-D5JIcXDy.js                8.90 kB Ôöé gzip:   3.02 kB
#13 17.56 ../dist/public/assets/EnhancedReceiptManagement-COlGFpdd.js      8.91 kB Ôöé gzip:   3.16 kB
#13 17.56 ../dist/public/assets/LeadsDetails-C2VcjwcT.js                   8.93 kB Ôöé gzip:   2.53 kB
#13 17.56 ../dist/public/assets/OverduePayments-DTLpYeAx.js                8.98 kB Ôöé gzip:   2.64 kB
#13 17.56 ../dist/public/assets/Payments-Z2P5ajim.js                       9.04 kB Ôöé gzip:   3.33 kB
#13 17.56 ../dist/public/assets/OrgPayments-BLE_scdd.js                    9.04 kB Ôöé gzip:   3.33 kB
#13 17.56 ../dist/public/assets/ActivityTrail-CTCRu9c2.js                  9.05 kB Ôöé gzip:   2.70 kB
#13 17.56 ../dist/public/assets/RecurringInvoices-ubaT8C83.js              9.06 kB Ôöé gzip:   2.76 kB
#13 17.56 ../dist/public/assets/CreateCreditNote-M6ZPcD9r.js               9.08 kB Ôöé gzip:   2.82 kB
#13 17.56 ../dist/public/assets/OrgCreateCreditNote-bRJNdH5V.js            9.08 kB Ôöé gzip:   2.82 kB
#13 17.56 ../dist/public/assets/PaymentReconciliation-kWfhejTi.js          9.20 kB Ôöé gzip:   2.93 kB
#13 17.56 ../dist/public/assets/PrivacyPolicy-DxyjLgn9.js                  9.21 kB Ôöé gzip:   2.83 kB
#13 17.56 ../dist/public/assets/PayrollApprovals-BD5BgqpL.js               9.21 kB Ôöé gzip:   2.70 kB
#13 17.56 ../dist/public/assets/Opportunities-CAeu-kz9.js                  9.23 kB Ôöé gzip:   3.27 kB
#13 17.56 ../dist/public/assets/BillingDashboard-DY2PoCqJ.js               9.30 kB Ôöé gzip:   3.15 kB
#13 17.56 ../dist/public/assets/DepartmentPayrollReports-L27zkoy1.js       9.31 kB Ôöé gzip:   2.96 kB
#13 17.56 ../dist/public/assets/Quotes-CTh0MpMK.js                         9.34 kB Ôöé gzip:   3.38 kB
#13 17.56 ../dist/public/assets/HRAnalytics-Cf2YMRvH.js                    9.37 kB Ôöé gzip:   2.74 kB
#13 17.56 ../dist/public/assets/About-B27aRI1i.js                          9.44 kB Ôöé gzip:   3.53 kB
#13 17.56 ../dist/public/assets/OrgPricing-BvolhmRb.js                     9.50 kB Ôöé gzip:   3.40 kB
#13 17.56 ../dist/public/assets/CreatePayment-DO1dw8Ua.js                  9.56 kB Ôöé gzip:   3.02 kB
#13 17.56 ../dist/public/assets/OrgTicketDetail-DiKk3tF4.js                9.59 kB Ôöé gzip:   2.25 kB
#13 17.56 ../dist/public/assets/OrgInventory-B6ZnJ_dO.js                   9.60 kB Ôöé gzip:   3.07 kB
#13 17.56 ../dist/public/assets/OrgDeliveryNotes-CnTCLy-d.js               9.72 kB Ôöé gzip:   3.30 kB
#13 17.56 ../dist/public/assets/Onboarding-dEs0xH8I.js                     9.81 kB Ôöé gzip:   2.80 kB
#13 17.56 ../dist/public/assets/DeliveryNotes-BQJaKaJK.js                  9.81 kB Ôöé gzip:   3.31 kB
#13 17.56 ../dist/public/assets/EditUser-uqSka51u.js                       9.84 kB Ôöé gzip:   2.98 kB
#13 17.56 ../dist/public/assets/CommunicationDetails-Dbu66EcI.js           9.88 kB Ôöé gzip:   2.87 kB
#13 17.56 ../dist/public/assets/AdminCronJobs-69dbtFFG.js                  9.89 kB Ôöé gzip:   3.18 kB
#13 17.56 ../dist/public/assets/ProjectMilestones-ByWMYsgr.js              9.97 kB Ôöé gzip:   2.98 kB
#13 17.56 ../dist/public/assets/Estimates-9zP07ask.js                      9.98 kB Ôöé gzip:   3.66 kB
#13 17.56 ../dist/public/assets/CreateUser-HMr1NnIT.js                    10.02 kB Ôöé gzip:   3.21 kB
#13 17.56 ../dist/public/assets/Expenses-ABRTMbAv.js                      10.04 kB Ôöé gzip:   3.50 kB
#13 17.56 ../dist/public/assets/OrgExpenses-Da06vPpL.js                   10.04 kB Ôöé gzip:   3.50 kB
#13 17.56 ../dist/public/assets/Inventory-Bj0u6o7X.js                     10.08 kB Ôöé gzip:   3.24 kB
#13 17.56 ../dist/public/assets/Receipts-CtODwg0l.js                      10.14 kB Ôöé gzip:   3.58 kB
#13 17.56 ../dist/public/assets/ClientForm-BTKy5wnC.js                    10.15 kB Ôöé gzip:   2.41 kB
#13 17.56 ../dist/public/assets/OrgExpenseDetail-DBDpEy8H.js              10.25 kB Ôöé gzip:   2.76 kB
#13 17.56 ../dist/public/assets/AccountantDashboard-xJUl3-Ge.js           10.26 kB Ôöé gzip:   3.09 kB
#13 17.56 ../dist/public/assets/Integrations-D_xlpbxn.js                  10.33 kB Ôöé gzip:   3.08 kB
#13 17.56 ../dist/public/assets/HRAutomation-CmsMoknu.js                  10.33 kB Ôöé gzip:   2.79 kB
#13 17.56 ../dist/public/assets/PaymentReports-CcSQRN-g.js                10.37 kB Ôöé gzip:   2.97 kB
#13 17.56 ../dist/public/assets/SupplierForm-09drUPGw.js                  10.38 kB Ôöé gzip:   2.70 kB
#13 17.56 ../dist/public/assets/HRAnalyticsDashboard-Bs6fzvsh.js          10.39 kB Ôöé gzip:   2.76 kB
#13 17.56 ../dist/public/assets/OrgEstimates-V2Ug9F5M.js                  10.40 kB Ôöé gzip:   3.75 kB
#13 17.56 ../dist/public/assets/PaymentPlans-ARiQFD-_.js                  10.48 kB Ôöé gzip:   3.22 kB
#13 17.56 ../dist/public/assets/GlobalSettings-CS3xR8tb.js                10.48 kB Ôöé gzip:   3.02 kB
#13 17.56 ../dist/public/assets/ReportBuilder-Co19a-nu.js                 10.49 kB Ôöé gzip:   2.77 kB
#13 17.56 ../dist/public/assets/OrgReceipts-CVFrmsJ9.js                   10.57 kB Ôöé gzip:   3.67 kB
#13 17.56 ../dist/public/assets/CreateServiceTemplate-vQQSZCFV.js         10.58 kB Ôöé gzip:   2.98 kB
#13 17.56 ../dist/public/assets/GRN-Cb7aV2sz.js                           10.58 kB Ôöé gzip:   3.32 kB
#13 17.56 ../dist/public/assets/OrgGRN-D3HF7c1h.js                        10.58 kB Ôöé gzip:   3.32 kB
#13 17.56 ../dist/public/assets/CreateProject-CwQ09h1b.js                 10.64 kB Ôöé gzip:   3.28 kB
#13 17.56 ../dist/public/assets/OrgQuotations-CPYWTrF_.js                 10.64 kB Ôöé gzip:   3.56 kB
#13 17.56 ../dist/public/assets/CannedResponses-CPAmQYrn.js               10.64 kB Ôöé gzip:   3.08 kB
#13 17.56 ../dist/public/assets/OrgCannedResponses-BoY8unlI.js            10.64 kB Ôöé gzip:   3.08 kB
#13 17.56 ../dist/public/assets/BudgetDetail-BWXCyWHJ.js                  10.67 kB Ôöé gzip:   3.34 kB
#13 17.56 ../dist/public/assets/OrgBudgetDetail-OxzR41Sy.js               10.67 kB Ôöé gzip:   3.34 kB
#13 17.56 ../dist/public/assets/DashboardHome-DBxucLQD.js                 10.69 kB Ôöé gzip:   3.10 kB
#13 17.56 ../dist/public/assets/EditPayment-B0-73dxA.js                   10.73 kB Ôöé gzip:   3.21 kB
#13 17.56 ../dist/public/assets/OrgEditPayment-Bbfx5A59.js                10.73 kB Ôöé gzip:   3.21 kB
#13 17.56 ../dist/public/assets/CreateOpportunity-BaHPGdV1.js             10.80 kB Ôöé gzip:   3.26 kB
#13 17.56 ../dist/public/assets/EmployeeContracts-DtbLnked.js             10.82 kB Ôöé gzip:   2.61 kB
#13 17.56 ../dist/public/assets/TenantCommunications-DJwYcvfL.js          10.84 kB Ôöé gzip:   3.11 kB
#13 17.56 ../dist/public/assets/EditPayroll-DI4SWiTX.js                   10.90 kB Ôöé gzip:   3.18 kB
#13 17.56 ../dist/public/assets/OrgEditPayroll-CoEEpVHZ.js                10.90 kB Ôöé gzip:   3.18 kB
#13 17.56 ../dist/public/assets/Payslips-ora-TDW-.js                      10.93 kB Ôöé gzip:   3.27 kB
#13 17.56 ../dist/public/assets/OrgDashboardHome-C4XLbjyv.js              11.03 kB Ôöé gzip:   3.28 kB
#13 17.56 ../dist/public/assets/ProcurementLPOs-C8uL8mo4.js               11.03 kB Ôöé gzip:   3.00 kB
#13 17.56 ../dist/public/assets/LPOs-BryrIL5Q.js                          11.09 kB Ôöé gzip:   4.03 kB
#13 17.56 ../dist/public/assets/MaintenanceAdmin-BgLbaair.js              11.13 kB Ôöé gzip:   3.37 kB
#13 17.56 ../dist/public/assets/CustomReportBuilder-DpwosF4L.js           11.16 kB Ôöé gzip:   3.31 kB
#13 17.56 ../dist/public/assets/Quotations-acioGt9P.js                    11.23 kB Ôöé gzip:   3.73 kB
#13 17.56 ../dist/public/assets/TimeTracking-CjKNULdS.js                  11.30 kB Ôöé gzip:   3.34 kB
#13 17.56 ../dist/public/assets/ContractManagement-CPUYHOkO.js            11.36 kB Ôöé gzip:   3.28 kB
#13 17.56 ../dist/public/assets/OrgLPOs-CQLDBQj_.js                       11.37 kB Ôöé gzip:   4.07 kB
#13 17.56 ../dist/public/assets/OrgProjectDetail-X1wTotzy.js              11.44 kB Ôöé gzip:   3.61 kB
#13 17.56 ../dist/public/assets/OrgContacts-BBQwDtcw.js                   11.45 kB Ôöé gzip:   3.67 kB
#13 17.56 ../dist/public/assets/QuoteDetails-ZNgl_2zj.js                  11.46 kB Ôöé gzip:   3.15 kB
#13 17.56 ../dist/public/assets/Suppliers-B-Ow-TQu.js                     11.49 kB Ôöé gzip:   4.20 kB
#13 17.56 ../dist/public/assets/Contacts-CZP0p9Ib.js                      11.52 kB Ôöé gzip:   3.70 kB
#13 17.56 ../dist/public/assets/ProcurementImprests-CDXmo3cg.js           11.60 kB Ôöé gzip:   2.85 kB
#13 17.56 ../dist/public/assets/SystemSettings-DC3Ebau3.js                11.62 kB Ôöé gzip:   3.18 kB
#13 17.56 ../dist/public/assets/EnterpriseTenantsManagement-B74ElGIY.js   11.63 kB Ôöé gzip:   3.31 kB
#13 17.56 ../dist/public/assets/FileManager-BjlcZZFb.js                   11.68 kB Ôöé gzip:   4.02 kB
#13 17.56 ../dist/public/assets/KPITracking-DVLwqsxK.js                   11.69 kB Ôöé gzip:   3.11 kB
#13 17.56 ../dist/public/assets/EnhancedChangePassword-Dx8hv8Bi.js        11.73 kB Ôöé gzip:   2.95 kB
#13 17.56 ../dist/public/assets/UnifiedLanding-C2ZrrS18.js                11.89 kB Ôöé gzip:   3.15 kB
#13 17.56 ../dist/public/assets/WorkflowAutomation-xhHAWGdn.js            11.97 kB Ôöé gzip:   3.37 kB
#13 17.56 ../dist/public/assets/Training-CrAA9nq_.js                      11.99 kB Ôöé gzip:   3.42 kB
#13 17.56 ../dist/public/assets/SubscriptionDetails-CZwX3-iX.js           12.04 kB Ôöé gzip:   2.91 kB
#13 17.56 ../dist/public/assets/CustomerPortal-DC--Tsdq.js                12.06 kB Ôöé gzip:   2.91 kB
#13 17.56 ../dist/public/assets/RecurringExpenses-BygxHJZR.js             12.15 kB Ôöé gzip:   3.77 kB
#13 17.56 ../dist/public/assets/OrganizationUsersManagement-DKuvYLBI.js   12.18 kB Ôöé gzip:   3.46 kB
#13 17.56 ../dist/public/assets/SalesPipeline-DMC7ZhZi.js                 12.22 kB Ôöé gzip:   3.62 kB
#13 17.56 ../dist/public/assets/OrgSalesPipeline-BGU2hBO1.js              12.22 kB Ôöé gzip:   3.62 kB
#13 17.56 ../dist/public/assets/Projects-BbKIBg0l.js                      12.26 kB Ôöé gzip:   3.63 kB
#13 17.56 ../dist/public/assets/ServiceDetails-nzXV4bCr.js                12.27 kB Ôöé gzip:   3.17 kB
#13 17.56 ../dist/public/assets/Demo-LkSTc0_h.js                          12.37 kB Ôöé gzip:   3.79 kB
#13 17.56 ../dist/public/assets/Features-CQK-ORkq.js                      12.65 kB Ôöé gzip:   4.43 kB
#13 17.56 ../dist/public/assets/OrgTimesheets-8LiC7PuA.js                 12.84 kB Ôöé gzip:   3.88 kB
#13 17.56 ../dist/public/assets/Timesheets-CSZH3aM4.js                    12.84 kB Ôöé gzip:   3.88 kB
#13 17.56 ../dist/public/assets/NotificationCenter-Fc0wsN43.js            12.87 kB Ôöé gzip:   3.33 kB
#13 17.56 ../dist/public/assets/Account-CvJtpSck.js                       12.87 kB Ôöé gzip:   3.34 kB
#13 17.56 ../dist/public/assets/ExecutiveDashboard-Elg4Vr_U.js            12.88 kB Ôöé gzip:   3.37 kB
#13 17.56 ../dist/public/assets/OrgJobGroups-BVNaNBcs.js                  12.95 kB Ôöé gzip:   3.43 kB
#13 17.56 ../dist/public/assets/ReceiptDetails-CA9remZL.js                13.06 kB Ôöé gzip:   3.43 kB
#13 17.56 ../dist/public/assets/Proposals-CnVy6RU-.js                     13.11 kB Ôöé gzip:   4.02 kB
#13 17.56 ../dist/public/assets/OrgProposals-BXIyiPuK.js                  13.11 kB Ôöé gzip:   4.02 kB
#13 17.56 ../dist/public/assets/OrgDashboard-Bs2sZvBM.js                  13.20 kB Ôöé gzip:   3.91 kB
#13 17.56 ../dist/public/assets/ProcurementOrders-9VtsCI0f.js             13.25 kB Ôöé gzip:   3.29 kB
#13 17.56 ../dist/public/assets/Recruitment-D0qYAAUF.js                   13.36 kB Ôöé gzip:   3.23 kB
#13 17.56 ../dist/public/assets/EditProject-CgLQ2mgg.js                   13.42 kB Ôöé gzip:   3.92 kB
#13 17.56 ../dist/public/assets/OrgSuppliers-CcPXHzL5.js                  13.43 kB Ôöé gzip:   4.43 kB
#13 17.56 ../dist/public/assets/OrgLeads-Fv31R11x.js                      13.45 kB Ôöé gzip:   3.74 kB
#13 17.56 ../dist/public/assets/OrgTasks-B2LykTea.js                      13.45 kB Ôöé gzip:   3.79 kB
#13 17.56 ../dist/public/assets/Tasks-DgcIA4ws.js                         13.45 kB Ôöé gzip:   3.79 kB
#13 17.56 ../dist/public/assets/Leads-Dztydfht.js                         13.45 kB Ôöé gzip:   3.74 kB
#13 17.56 ../dist/public/assets/OrgCommunications-D7XJ4Uqc.js             13.51 kB Ôöé gzip:   3.57 kB
#13 17.56 ../dist/public/assets/ChartOfAccounts-N8AoIgGH.js               13.59 kB Ôöé gzip:   4.10 kB
#13 17.56 ../dist/public/assets/OrgChartOfAccounts-lEbYyR3r.js            13.59 kB Ôöé gzip:   4.10 kB
#13 17.56 ../dist/public/assets/CreatePayroll-BGWRSAkv.js                 13.64 kB Ôöé gzip:   3.11 kB
#13 17.56 ../dist/public/assets/OrgCreatePayroll-Cl1EjjGv.js              13.64 kB Ôöé gzip:   3.11 kB
#13 17.56 ../dist/public/assets/ExpensesDetails-DKJ4q6-7.js               13.64 kB Ôöé gzip:   3.97 kB
#13 17.56 ../dist/public/assets/Tickets-CvKs3jzs.js                       13.65 kB Ôöé gzip:   4.14 kB
#13 17.56 ../dist/public/assets/OrgTickets-DQFKDm3m.js                    13.65 kB Ôöé gzip:   4.14 kB
#13 17.56 ../dist/public/assets/TroubleshootingGuide-CrG2uGtp.js          13.85 kB Ôöé gzip:   4.85 kB
#13 17.56 ../dist/public/assets/BackupRestore-CyYxfTS5.js                 13.89 kB Ôöé gzip:   3.27 kB
#13 17.56 ../dist/public/assets/OrgBilling-HMoD23Ui.js                    13.94 kB Ôöé gzip:   4.04 kB
#13 17.56 ../dist/public/assets/ProfessionalBudgeting-clYF36BK.js         13.96 kB Ôöé gzip:   3.99 kB
#13 17.56 ../dist/public/assets/Pricing-CyNVYmRo.js                       14.20 kB Ôöé gzip:   4.56 kB
#13 17.56 ../dist/public/assets/Imprests-DFyiBNGa.js                      14.33 kB Ôöé gzip:   4.62 kB
#13 17.56 ../dist/public/assets/KenyanPayrollCalculator-BuYy7jT4.js       14.57 kB Ôöé gzip:   3.72 kB
#13 17.57 ../dist/public/assets/OrgImprests-Bg23e3Va.js                   14.63 kB Ôöé gzip:   4.68 kB
#13 17.57 ../dist/public/assets/ThemeCustomization-BTTG_ZJp.js            14.81 kB Ôöé gzip:   3.82 kB
#13 17.57 ../dist/public/assets/Roles-DtYViVJG.js                         15.06 kB Ôöé gzip:   3.60 kB
#13 17.57 ../dist/public/assets/Payroll-DtidmKig.js                       15.06 kB Ôöé gzip:   4.15 kB
#13 17.57 ../dist/public/assets/OrgPayroll-Be6rPuZQ.js                    15.06 kB Ôöé gzip:   4.15 kB
#13 17.57 ../dist/public/assets/Clients-C9JIi_bP.js                       15.13 kB Ôöé gzip:   4.55 kB
#13 17.57 ../dist/public/assets/Communications-ISAliA0y.js                15.14 kB Ôöé gzip:   4.33 kB
#13 17.57 ../dist/public/assets/SupplierDetails-SKj_tJXu.js               15.21 kB Ôöé gzip:   3.26 kB
#13 17.57 ../dist/public/assets/JobGroupDetails-BIqgGdcA.js               15.38 kB Ôöé gzip:   4.17 kB
#13 17.57 ../dist/public/assets/Forecasting-BMwr7gR5.js                   15.44 kB Ôöé gzip:   3.58 kB
#13 17.57 ../dist/public/assets/OrgForecasting-CVoz-GI0.js                15.44 kB Ôöé gzip:   3.58 kB
#13 17.57 ../dist/public/assets/OrgInvoices-D4ZKjhul.js                   15.99 kB Ôöé gzip:   5.03 kB
#13 17.57 ../dist/public/assets/Invoices-DIDtFKhw.js                      16.05 kB Ôöé gzip:   5.06 kB
#13 17.57 ../dist/public/assets/ClientPortal-CaBWnpoj.js                  16.08 kB Ôöé gzip:   4.04 kB
#13 17.57 ../dist/public/assets/JobGroups-CmInOCRn.js                     16.21 kB Ôöé gzip:   3.90 kB
#13 17.57 ../dist/public/assets/DepartmentDetails-Q8Ph93ds.js             16.39 kB Ôöé gzip:   4.31 kB
#13 17.57 ../dist/public/assets/OrgDepartmentDetails-wAHNBiNw.js          16.39 kB Ôöé gzip:   4.31 kB
#13 17.57 ../dist/public/assets/OrgKnowledgeBase-DC6gYHe0.js              16.40 kB Ôöé gzip:   4.25 kB
#13 17.57 ../dist/public/assets/KnowledgeBase-C2a_KCyS.js                 16.40 kB Ôöé gzip:   4.25 kB
#13 17.57 ../dist/public/assets/OrgClientDetail-Bjqz6dtA.js               16.62 kB Ôöé gzip:   4.35 kB
#13 17.57 ../dist/public/assets/Orders-Do0fcY1M.js                        16.74 kB Ôöé gzip:   4.94 kB
#13 17.57 ../dist/public/assets/OrgOrders-vKVv9tah.js                     16.74 kB Ôöé gzip:   4.94 kB
#13 17.57 ../dist/public/assets/SuperAdminDashboard-HeLkHOFJ.js           16.89 kB Ôöé gzip:   4.48 kB
#13 17.57 ../dist/public/assets/WebsiteFooter-rLt5dwkm.js                 16.93 kB Ôöé gzip:   4.60 kB
#13 17.57 ../dist/public/assets/AdminDashboard-Df37crUc.js                16.98 kB Ôöé gzip:   4.03 kB
#13 17.57 ../dist/public/assets/DocumentManagement-B0-IIlxD.js            17.04 kB Ôöé gzip:   4.84 kB
#13 17.57 ../dist/public/assets/Subscriptions-B36W192l.js                 17.14 kB Ôöé gzip:   4.29 kB
#13 17.57 ../dist/public/assets/StaffDashboard-B-BByL81.js                17.27 kB Ôöé gzip:   4.33 kB
#13 17.57 ../dist/public/assets/BackupManagement-DmCRi8VW.js              17.31 kB Ôöé gzip:   4.83 kB
#13 17.57 ../dist/public/assets/documentTemplate-C1To6Bzg.js              17.35 kB Ôöé gzip:   4.20 kB
#13 17.57 ../dist/public/assets/BecomeAPartner-BZwNUhnD.js                17.41 kB Ôöé gzip:   5.28 kB
#13 17.57 ../dist/public/assets/AccountSettings-CKxaI_2E.js               18.19 kB Ôöé gzip:   4.46 kB
#13 17.57 ../dist/public/assets/AIHub-DLRVf_ZD.js                         18.65 kB Ôöé gzip:   4.64 kB
#13 17.57 ../dist/public/assets/CustomHomepageBuilder-02ydLmc_.js         18.87 kB Ôöé gzip:   5.08 kB
#13 17.57 ../dist/public/assets/BrandCustomization-C3qpbUCe.js            18.93 kB Ôöé gzip:   4.35 kB
#13 17.57 ../dist/public/assets/BookADemo-eqdX_vHC.js                     19.11 kB Ôöé gzip:   5.12 kB
#13 17.57 ../dist/public/assets/EditExpense-BCUt_eTv.js                   19.35 kB Ôöé gzip:   5.26 kB
#13 17.57 ../dist/public/assets/OrgEditExpense-DwORjIdT.js                19.35 kB Ôöé gzip:   5.26 kB
#13 17.57 ../dist/public/assets/Approvals-IDV_qyy6.js                     19.97 kB Ôöé gzip:   4.89 kB
#13 17.57 ../dist/public/assets/OrgApprovals-Z64r10aw.js                  19.97 kB Ôöé gzip:   4.89 kB
#13 17.57 ../dist/public/assets/CreateEmployee-CEJ53Piu.js                20.76 kB Ôöé gzip:   5.05 kB
#13 17.57 ../dist/public/assets/OrgReports-CyNKKpQR.js                    20.77 kB Ôöé gzip:   5.26 kB
#13 17.57 ../dist/public/assets/OrgStaffChat-FVlQTZj1.js                  20.90 kB Ôöé gzip:   6.40 kB
#13 17.57 ../dist/public/assets/ICTDashboard-DLRf6Pyc.js                  21.11 kB Ôöé gzip:   5.16 kB
#13 17.57 ../dist/public/assets/EditEmployee-PdcEpggb.js                  21.17 kB Ôöé gzip:   5.00 kB
#13 17.57 ../dist/public/assets/SuperAdminPricingTiers-Co25NV3O.js        21.43 kB Ôöé gzip:   5.20 kB
#13 17.57 ../dist/public/assets/HRPayrollManagement-B5FuHvBI.js           21.46 kB Ôöé gzip:   5.04 kB
#13 17.57 ../dist/public/assets/PayslipManagement-CK65WmQ4.js             21.67 kB Ôöé gzip:   6.93 kB
#13 17.57 ../dist/public/assets/DocumentForm-nRu3xXT4.js                  21.87 kB Ôöé gzip:   5.90 kB
#13 17.57 ../dist/public/assets/CreateExpense-DBYNMbLq.js                 22.03 kB Ôöé gzip:   6.09 kB
#13 17.57 ../dist/public/assets/OrgCreateExpense-C4HWrDtD.js              22.03 kB Ôöé gzip:   6.09 kB
#13 17.57 ../dist/public/assets/Employees-zSGDaPFH.js                     22.08 kB Ôöé gzip:   5.81 kB
#13 17.57 ../dist/public/assets/OrgEmployees-BpMWlqUG.js                  22.08 kB Ôöé gzip:   5.81 kB
#13 17.57 ../dist/public/assets/Checkout-DN6qeF0K.js                      23.41 kB Ôöé gzip:   7.82 kB
#13 17.57 ../dist/public/assets/InvoiceDetails-DxxAS5UA.js                23.48 kB Ôöé gzip:   6.05 kB
#13 17.57 ../dist/public/assets/FeatureDetail-FpPBEGhY.js                 23.79 kB Ôöé gzip:   7.47 kB
#13 17.57 ../dist/public/assets/StaffChat-e2TECnu-.js                     24.37 kB Ôöé gzip:   7.01 kB
#13 17.57 ../dist/public/assets/date-utils-COA5zMcC.js                    25.29 kB Ôöé gzip:   7.51 kB
#13 17.57 ../dist/public/assets/Reports-BMyMzQ9J.js                       25.84 kB Ôöé gzip:   6.59 kB
#13 17.57 ../dist/public/assets/purify.es-4eNOHKSq.js                     28.74 kB Ôöé gzip:  11.02 kB
#13 17.57 ../dist/public/assets/CreateCommunication-_on2Cst_.js           30.73 kB Ôöé gzip:  10.18 kB
#13 17.57 ../dist/public/assets/HRDashboard-DFBhIQ7v.js                   30.93 kB Ôöé gzip:   6.60 kB
#13 17.57 ../dist/public/assets/ClientDetails-RQhjRCOF.js                 31.37 kB Ôöé gzip:   6.57 kB
#13 17.57 ../dist/public/assets/DocumentTemplates-CixTMgfz.js             31.39 kB Ôöé gzip:   6.59 kB
#13 17.57 ../dist/public/assets/pdfGenerator-itwELLAP.js                  37.65 kB Ôöé gzip:  11.12 kB
#13 17.57 ../dist/public/assets/RichTextEditor-DRWwi93w.js                37.96 kB Ôöé gzip:   8.43 kB
#13 17.57 ../dist/public/assets/LandingPage-CYwslckE.js                   38.07 kB Ôöé gzip:  10.10 kB
#13 17.57 ../dist/public/assets/OrgEmployeeDetails-Djce7Epp.js            41.96 kB Ôöé gzip:   8.45 kB
#13 17.57 ../dist/public/assets/AdminManagement-BfNXtguY.js               42.17 kB Ôöé gzip:   9.96 kB
#13 17.57 ../dist/public/assets/EmployeeDetails-DY463J7I.js               42.71 kB Ôöé gzip:   8.54 kB
#13 17.57 ../dist/public/assets/OrgLayout-BRzzBdPy.js                     44.28 kB Ôöé gzip:  11.13 kB
#13 17.57 ../dist/public/assets/ProjectDetails-yYKZKF6j.js                45.29 kB Ôöé gzip:   9.41 kB
#13 17.57 ../dist/public/assets/AdminEmailTemplates-TKRU66hC.js           51.49 kB Ôöé gzip:  12.42 kB
#13 17.57 ../dist/public/assets/lucide-react-BFIjfoL5.js                  61.58 kB Ôöé gzip:  18.04 kB
#13 17.57 ../dist/public/assets/DocumentBlockEditor-ChnvyVcD.js           68.90 kB Ôöé gzip:  15.76 kB
#13 17.57 ../dist/public/assets/MultiTenancy-q5P37kEu.js                  69.67 kB Ôöé gzip:  13.95 kB
#13 17.57 ../dist/public/assets/CreateQuote-PR05tU0E.js                   71.71 kB Ôöé gzip:  19.54 kB
#13 17.57 ../dist/public/assets/WebsiteAdmin-BhA5z537.js                  80.39 kB Ôöé gzip:  15.28 kB
#13 17.57 ../dist/public/assets/api-client-BvX2riSn.js                    81.61 kB Ôöé gzip:  22.27 kB
#13 17.57 ../dist/public/assets/index.es-CM_ne-21.js                     158.79 kB Ôöé gzip:  53.05 kB
#13 17.57 ../dist/public/assets/html2canvas-DXEQVQnt.js                  201.04 kB Ôöé gzip:  47.43 kB
#13 17.57 ../dist/public/assets/Settings-CjGeQK2S.js                     284.76 kB Ôöé gzip:  53.89 kB
#13 17.57 ../dist/public/assets/vendor-react-ui-BcLy8Tpi.js              314.57 kB Ôöé gzip: 100.19 kB
#13 17.57 ../dist/public/assets/OrgSettings-D0AcPgiZ.js                  326.36 kB Ôöé gzip:  65.40 kB
#13 17.57 ../dist/public/assets/jspdf.es.min-BNUvuFbv.js                 384.80 kB Ôöé gzip: 125.62 kB
#13 17.57 ../dist/public/assets/rich-editor-DQKc7IGv.js                  414.84 kB Ôöé gzip: 130.90 kB
#13 17.57 ../dist/public/assets/xlsx-BojT3SgY.js                         424.38 kB Ôöé gzip: 141.60 kB
#13 17.57 ../dist/public/assets/index-Dx1ZllxS.js                        873.90 kB Ôöé gzip: 224.29 kB
#13 17.57 Ô£ô built in 14.44s
#13 18.08 
#13 18.08   dist/index.js  3.6mb ÔÜá´©Å
#13 18.08 
#13 18.08 ÔÜí Done in 68ms
#13 DONE 18.7s

#14 [9/9] RUN chmod +x /app/docker/entrypoint.sh
#14 DONE 0.5s

#15 exporting to image
#15 exporting layers
#15 exporting layers 6.8s done
#15 exporting manifest sha256:1d4dedeb864dc31c18ba2806cde1c911f567f170b3c0399c056f6b5241980c57 0.0s done
#15 exporting config sha256:8fb6ceb542922c9e2609e8a9c6badf7632769df5cf83a3ac91de4dfb983233fc 0.0s done
#15 exporting attestation manifest sha256:b68b4b4f463a5f3b22da2c9566823d57221cdd230be95bd2129b3d9766d1017b 0.0s done
#15 exporting manifest list sha256:60dafbe48e0e792cca4d00892db59bc364fe3bdb87563c4e4735f6d75c981fc5
#15 exporting manifest list sha256:60dafbe48e0e792cca4d00892db59bc364fe3bdb87563c4e4735f6d75c981fc5 0.0s done
#15 naming to docker.io/library/Kiini: One Hub. Total Control-app:latest done
#15 unpacking to docker.io/library/Kiini: One Hub. Total Control-app:latest
#15 unpacking to docker.io/library/Kiini: One Hub. Total Control-app:latest 1.5s done
#15 DONE 8.5s

#16 resolving provenance for metadata file
#16 DONE 0.0s
 Image Kiini: One Hub. Total Control-app Built 
 Container Kiini: One Hub. Total Control-db-1 Running 
 Container Kiini: One Hub. Total Control-app-1 Recreate 
 Container Kiini: One Hub. Total Control-app-1 Recreated 
 Container Kiini: One Hub. Total Control-db-1 Waiting 
 Container Kiini: One Hub. Total Control-db-1 Healthy 
 Container Kiini: One Hub. Total Control-app-1 Starting 
 Container Kiini: One Hub. Total Control-app-1 Started 
