Already up to date
Done in 348ms using pnpm v11.22.0
$ vite build && esbuild server/_core/index.ts --platform=node --packages=external --bundle --format=esm --outdir=dist
NODE_ENV=production is not supported in the .env file. Only NODE_ENV=development is supported to create a development build of your project. If you need to set process.env.NODE_ENV, you can set it in the Vite config instead.
[36mvite v7.3.1 [32mbuilding client environment for production...[36m[39m
(node:3868) [DEP0205] DeprecationWarning: `module.register()` is deprecated. Use `module.registerHooks()` instead.
(Use `node --trace-deprecation ...` to show where the warning was created)
transforming...
[32mÔ£ô[39m 3786 modules transformed.
rendering chunks...
computing gzip size...
[2m../dist/public/[22m[32mindex.html                                      [39m[1m[2m  3.94 kB[22m[1m[22m[2m Ôöé gzip:   1.63 kB[22m
[2m../dist/public/[22m[35massets/OrgSettings-Bx3OTr2t.css                 [39m[1m[2m 29.89 kB[22m[1m[22m[2m Ôöé gzip:   5.84 kB[22m
[2m../dist/public/[22m[35massets/index-CY8zV1SM.css                       [39m[1m[2m401.34 kB[22m[1m[22m[2m Ôöé gzip:  49.40 kB[22m
[2m../dist/public/[22m[36massets/trpc-DGOfIRhv.js                         [39m[1m[2m  0.07 kB[22m[1m[22m[2m Ôöé gzip:   0.09 kB[22m
[2m../dist/public/[22m[36massets/tableSort-B6IToDRb.js                    [39m[1m[2m  0.14 kB[22m[1m[22m[2m Ôöé gzip:   0.12 kB[22m
[2m../dist/public/[22m[36massets/AreaChart-B62Udq_6.js                    [39m[1m[2m  0.23 kB[22m[1m[22m[2m Ôöé gzip:   0.18 kB[22m
[2m../dist/public/[22m[36massets/LineChart-CmBbVfIS.js                    [39m[1m[2m  0.23 kB[22m[1m[22m[2m Ôöé gzip:   0.19 kB[22m
[2m../dist/public/[22m[36massets/use-toast-B-LiE5Ey.js                    [39m[1m[2m  0.24 kB[22m[1m[22m[2m Ôöé gzip:   0.20 kB[22m
[2m../dist/public/[22m[36massets/skeleton-D7nqIjTc.js                     [39m[1m[2m  0.24 kB[22m[1m[22m[2m Ôöé gzip:   0.20 kB[22m
[2m../dist/public/[22m[36massets/communications-DPNzK-66.js               [39m[1m[2m  0.27 kB[22m[1m[22m[2m Ôöé gzip:   0.21 kB[22m
[2m../dist/public/[22m[36massets/spinner-DEjDPrbW.js                      [39m[1m[2m  0.28 kB[22m[1m[22m[2m Ôöé gzip:   0.22 kB[22m
[2m../dist/public/[22m[36massets/BarChart-WxuN4SqR.js                     [39m[1m[2m  0.30 kB[22m[1m[22m[2m Ôöé gzip:   0.22 kB[22m
[2m../dist/public/[22m[36massets/paymentMethods-r32LliAe.js               [39m[1m[2m  0.31 kB[22m[1m[22m[2m Ôöé gzip:   0.24 kB[22m
[2m../dist/public/[22m[36massets/collapsible-DaZGlMFo.js                  [39m[1m[2m  0.32 kB[22m[1m[22m[2m Ôöé gzip:   0.19 kB[22m
[2m../dist/public/[22m[36massets/label-BhU1DEOp.js                        [39m[1m[2m  0.33 kB[22m[1m[22m[2m Ôöé gzip:   0.25 kB[22m
[2m../dist/public/[22m[36massets/useUserLookup-BiW7CM9D.js                [39m[1m[2m  0.40 kB[22m[1m[22m[2m Ôöé gzip:   0.31 kB[22m
[2m../dist/public/[22m[36massets/exportCsv-CNzVNdz4.js                    [39m[1m[2m  0.44 kB[22m[1m[22m[2m Ôöé gzip:   0.33 kB[22m
[2m../dist/public/[22m[36massets/useRequireFeature-DBnbb6RG.js            [39m[1m[2m  0.44 kB[22m[1m[22m[2m Ôöé gzip:   0.31 kB[22m
[2m../dist/public/[22m[36massets/csvGenerator-BbTLt5yV.js                 [39m[1m[2m  0.45 kB[22m[1m[22m[2m Ôöé gzip:   0.29 kB[22m
[2m../dist/public/[22m[36massets/textarea-CK6DrXBX.js                     [39m[1m[2m  0.50 kB[22m[1m[22m[2m Ôöé gzip:   0.34 kB[22m
[2m../dist/public/[22m[36massets/useCompanyInfo-BVeRDZiP.js               [39m[1m[2m  0.52 kB[22m[1m[22m[2m Ôöé gzip:   0.36 kB[22m
[2m../dist/public/[22m[36massets/export-utils-B3RoM9Jo.js                 [39m[1m[2m  0.57 kB[22m[1m[22m[2m Ôöé gzip:   0.40 kB[22m
[2m../dist/public/[22m[36massets/useOrgPermission-DMhBtwjP.js             [39m[1m[2m  0.59 kB[22m[1m[22m[2m Ôöé gzip:   0.40 kB[22m
[2m../dist/public/[22m[36massets/useFavorite-C7GheBcH.js                  [39m[1m[2m  0.59 kB[22m[1m[22m[2m Ôöé gzip:   0.36 kB[22m
[2m../dist/public/[22m[36massets/documentTemplateHelpers-CduNLrpb.js      [39m[1m[2m  0.59 kB[22m[1m[22m[2m Ôöé gzip:   0.33 kB[22m
[2m../dist/public/[22m[36massets/payslipPdf-DP3DnCIL.js                   [39m[1m[2m  0.63 kB[22m[1m[22m[2m Ôöé gzip:   0.44 kB[22m
[2m../dist/public/[22m[36massets/activityLog-B-yh0W2G.js                  [39m[1m[2m  0.75 kB[22m[1m[22m[2m Ôöé gzip:   0.36 kB[22m
[2m../dist/public/[22m[36massets/popover-B-wyFLZi.js                      [39m[1m[2m  0.83 kB[22m[1m[22m[2m Ôöé gzip:   0.45 kB[22m
[2m../dist/public/[22m[36massets/DeleteConfirmationModal-Bg82zPRP.js      [39m[1m[2m  0.85 kB[22m[1m[22m[2m Ôöé gzip:   0.49 kB[22m
[2m../dist/public/[22m[36massets/healthScore-hLzRzKdj.js                  [39m[1m[2m  0.89 kB[22m[1m[22m[2m Ôöé gzip:   0.52 kB[22m
[2m../dist/public/[22m[36massets/switch-CkBwhgy1.js                       [39m[1m[2m  0.90 kB[22m[1m[22m[2m Ôöé gzip:   0.47 kB[22m
[2m../dist/public/[22m[36massets/checkbox-BL2NmipI.js                     [39m[1m[2m  0.92 kB[22m[1m[22m[2m Ôöé gzip:   0.47 kB[22m
[2m../dist/public/[22m[36massets/UserSelector-Cf8QsrOT.js                 [39m[1m[2m  0.96 kB[22m[1m[22m[2m Ôöé gzip:   0.55 kB[22m
[2m../dist/public/[22m[36massets/CustomPage-oQivH_4n.js                   [39m[1m[2m  1.04 kB[22m[1m[22m[2m Ôöé gzip:   0.60 kB[22m
[2m../dist/public/[22m[36massets/PermissionGuard-BIq0e-sx.js              [39m[1m[2m  1.05 kB[22m[1m[22m[2m Ôöé gzip:   0.59 kB[22m
[2m../dist/public/[22m[36massets/EmployeeSelector-DKjhpiRa.js             [39m[1m[2m  1.10 kB[22m[1m[22m[2m Ôöé gzip:   0.61 kB[22m
[2m../dist/public/[22m[36massets/format-XyXgtmZc.js                       [39m[1m[2m  1.15 kB[22m[1m[22m[2m Ôöé gzip:   0.55 kB[22m
[2m../dist/public/[22m[36massets/Messages-CTYhkXY5.js                     [39m[1m[2m  1.18 kB[22m[1m[22m[2m Ôöé gzip:   0.63 kB[22m
[2m../dist/public/[22m[36massets/ModuleLayout-CU57P3g7.js                 [39m[1m[2m  1.25 kB[22m[1m[22m[2m Ôöé gzip:   0.62 kB[22m
[2m../dist/public/[22m[36massets/accordion-VGuj-tEv.js                    [39m[1m[2m  1.27 kB[22m[1m[22m[2m Ôöé gzip:   0.62 kB[22m
[2m../dist/public/[22m[36massets/OrgAssets-Cb0wVKI-.js                    [39m[1m[2m  1.28 kB[22m[1m[22m[2m Ôöé gzip:   0.62 kB[22m
[2m../dist/public/[22m[36massets/OrgDocuments-BhLuCxlz.js                 [39m[1m[2m  1.29 kB[22m[1m[22m[2m Ôöé gzip:   0.62 kB[22m
[2m../dist/public/[22m[36massets/OrgPurchaseOrders-CDa-aLMC.js            [39m[1m[2m  1.31 kB[22m[1m[22m[2m Ôöé gzip:   0.63 kB[22m
[2m../dist/public/[22m[36massets/PhoneInput-C2JEbWOS.js                   [39m[1m[2m  1.40 kB[22m[1m[22m[2m Ôöé gzip:   0.73 kB[22m
[2m../dist/public/[22m[36massets/TenantAdminDetails-DeaK6I6D.js           [39m[1m[2m  1.56 kB[22m[1m[22m[2m Ôöé gzip:   0.68 kB[22m
[2m../dist/public/[22m[36massets/TenantUserDetails-pzF-6i0L.js            [39m[1m[2m  1.69 kB[22m[1m[22m[2m Ôöé gzip:   0.72 kB[22m
[2m../dist/public/[22m[36massets/RoleBasedDashboard-CQEniXDi.js           [39m[1m[2m  1.71 kB[22m[1m[22m[2m Ôöé gzip:   0.74 kB[22m
[2m../dist/public/[22m[36massets/JobGroupPayrollItems-BDb29IzC.js         [39m[1m[2m  1.72 kB[22m[1m[22m[2m Ôöé gzip:   0.81 kB[22m
[2m../dist/public/[22m[36massets/RowActionsMenu-DkIevKZU.js               [39m[1m[2m  1.73 kB[22m[1m[22m[2m Ôöé gzip:   0.74 kB[22m
[2m../dist/public/[22m[36massets/designSystem-BjMWY9N5.js                 [39m[1m[2m  1.76 kB[22m[1m[22m[2m Ôöé gzip:   0.66 kB[22m
[2m../dist/public/[22m[36massets/OrgBreadcrumb--fwHY3Ni.js                [39m[1m[2m  1.76 kB[22m[1m[22m[2m Ôöé gzip:   0.74 kB[22m
[2m../dist/public/[22m[36massets/SmsQueue-KrtlfV5Q.js                     [39m[1m[2m  1.78 kB[22m[1m[22m[2m Ôöé gzip:   0.91 kB[22m
[2m../dist/public/[22m[36massets/ServiceSearchFilter-6Zq3LHo1.js          [39m[1m[2m  1.90 kB[22m[1m[22m[2m Ôöé gzip:   0.77 kB[22m
[2m../dist/public/[22m[36massets/NotFound-B5AnP0aa.js                     [39m[1m[2m  1.92 kB[22m[1m[22m[2m Ôöé gzip:   0.91 kB[22m
[2m../dist/public/[22m[36massets/SummaryStatCards-DLIUZvey.js             [39m[1m[2m  1.92 kB[22m[1m[22m[2m Ôöé gzip:   0.84 kB[22m
[2m../dist/public/[22m[36massets/ModuleAnalyticsStrip-DlLJd4TO.js         [39m[1m[2m  1.98 kB[22m[1m[22m[2m Ôöé gzip:   0.90 kB[22m
[2m../dist/public/[22m[36massets/CustomFields-DKUj85Ox.js                 [39m[1m[2m  2.00 kB[22m[1m[22m[2m Ôöé gzip:   0.93 kB[22m
[2m../dist/public/[22m[36massets/VerifyEmail-B-HJwp5Y.js                  [39m[1m[2m  2.00 kB[22m[1m[22m[2m Ôöé gzip:   1.09 kB[22m
[2m../dist/public/[22m[36massets/alert-dialog-DEwZmuq7.js                 [39m[1m[2m  2.04 kB[22m[1m[22m[2m Ôöé gzip:   0.74 kB[22m
[2m../dist/public/[22m[36massets/table-LUK7JHi9.js                        [39m[1m[2m  2.06 kB[22m[1m[22m[2m Ôöé gzip:   0.76 kB[22m
[2m../dist/public/[22m[36massets/LocationSelects-CqrxvKzL.js              [39m[1m[2m  2.07 kB[22m[1m[22m[2m Ôöé gzip:   0.58 kB[22m
[2m../dist/public/[22m[36massets/CreateImprest-BApN50jC.js                [39m[1m[2m  2.13 kB[22m[1m[22m[2m Ôöé gzip:   1.03 kB[22m
[2m../dist/public/[22m[36massets/useOrgAccess-B6FAQViy.js                 [39m[1m[2m  2.18 kB[22m[1m[22m[2m Ôöé gzip:   1.09 kB[22m
[2m../dist/public/[22m[36massets/PageHeader-BBw_ixyh.js                   [39m[1m[2m  2.21 kB[22m[1m[22m[2m Ôöé gzip:   0.94 kB[22m
[2m../dist/public/[22m[36massets/data-table-controls-B2Xi_DAA.js          [39m[1m[2m  2.30 kB[22m[1m[22m[2m Ôöé gzip:   0.97 kB[22m
[2m../dist/public/[22m[36massets/OrgModulePage-DlHStnKZ.js                [39m[1m[2m  2.36 kB[22m[1m[22m[2m Ôöé gzip:   1.02 kB[22m
[2m../dist/public/[22m[36massets/UnifiedModuleLayout-C6MborZg.js          [39m[1m[2m  2.42 kB[22m[1m[22m[2m Ôöé gzip:   1.05 kB[22m
[2m../dist/public/[22m[36massets/EmployeeAccountSection-C2ln3DQJ.js       [39m[1m[2m  2.55 kB[22m[1m[22m[2m Ôöé gzip:   0.95 kB[22m
[2m../dist/public/[22m[36massets/BiTools-BkMyJoPi.js                      [39m[1m[2m  2.68 kB[22m[1m[22m[2m Ôöé gzip:   1.18 kB[22m
[2m../dist/public/[22m[36massets/CreateClient-1wZibfLd.js                 [39m[1m[2m  2.70 kB[22m[1m[22m[2m Ôöé gzip:   1.37 kB[22m
[2m../dist/public/[22m[36massets/OrgCreateClient-DyjNsh84.js              [39m[1m[2m  2.70 kB[22m[1m[22m[2m Ôöé gzip:   1.37 kB[22m
[2m../dist/public/[22m[36massets/OrgSuperAdminDashboard-7V92njZF.js       [39m[1m[2m  2.76 kB[22m[1m[22m[2m Ôöé gzip:   1.21 kB[22m
[2m../dist/public/[22m[36massets/CreateBudget-Bay5QjYi.js                 [39m[1m[2m  2.80 kB[22m[1m[22m[2m Ôöé gzip:   1.32 kB[22m
[2m../dist/public/[22m[36massets/ICTSystemSettings-BPu_7DW8.js            [39m[1m[2m  2.81 kB[22m[1m[22m[2m Ôöé gzip:   1.18 kB[22m
[2m../dist/public/[22m[36massets/CreateReceipt-C5hbnRhe.js                [39m[1m[2m  2.83 kB[22m[1m[22m[2m Ôöé gzip:   1.19 kB[22m
[2m../dist/public/[22m[36massets/CreateProduct-BmVWVVkw.js                [39m[1m[2m  2.84 kB[22m[1m[22m[2m Ôöé gzip:   1.28 kB[22m
[2m../dist/public/[22m[36massets/OrgCreateProduct-B4EG1Ban.js             [39m[1m[2m  2.84 kB[22m[1m[22m[2m Ôöé gzip:   1.28 kB[22m
[2m../dist/public/[22m[36massets/DashboardBuilderPro-ZcbOUlkz.js          [39m[1m[2m  2.86 kB[22m[1m[22m[2m Ôöé gzip:   1.18 kB[22m
[2m../dist/public/[22m[36massets/EnhancedBulkActions-BVTxB5yy.js          [39m[1m[2m  2.89 kB[22m[1m[22m[2m Ôöé gzip:   1.21 kB[22m
[2m../dist/public/[22m[36massets/MyPayslips-DDfn9iHG.js                   [39m[1m[2m  2.95 kB[22m[1m[22m[2m Ôöé gzip:   1.24 kB[22m
[2m../dist/public/[22m[36massets/actions-BnY1D-mN.js                      [39m[1m[2m  3.01 kB[22m[1m[22m[2m Ôöé gzip:   1.34 kB[22m
[2m../dist/public/[22m[36massets/FinancialReports-BRgq_06U.js             [39m[1m[2m  3.03 kB[22m[1m[22m[2m Ôöé gzip:   1.24 kB[22m
[2m../dist/public/[22m[36massets/Search-BZ8e8hCQ.js                       [39m[1m[2m  3.20 kB[22m[1m[22m[2m Ôöé gzip:   1.47 kB[22m
[2m../dist/public/[22m[36massets/CreditNotes-Bza5eGKj.js                  [39m[1m[2m  3.20 kB[22m[1m[22m[2m Ôöé gzip:   1.32 kB[22m
[2m../dist/public/[22m[36massets/OrgCreditNotes-zPv9KiML.js               [39m[1m[2m  3.20 kB[22m[1m[22m[2m Ôöé gzip:   1.32 kB[22m
[2m../dist/public/[22m[36massets/privateChatUtils-Bv4qHQl7.js             [39m[1m[2m  3.20 kB[22m[1m[22m[2m Ôöé gzip:   1.23 kB[22m
[2m../dist/public/[22m[36massets/SalesManagerDashboard-BhCfkwqU.js        [39m[1m[2m  3.24 kB[22m[1m[22m[2m Ôöé gzip:   1.16 kB[22m
[2m../dist/public/[22m[36massets/ICTAnalytics-C-hb21HQ.js                 [39m[1m[2m  3.26 kB[22m[1m[22m[2m Ôöé gzip:   1.22 kB[22m
[2m../dist/public/[22m[36massets/ReportsDetails-BRrjsMvY.js               [39m[1m[2m  3.27 kB[22m[1m[22m[2m Ôöé gzip:   1.22 kB[22m
[2m../dist/public/[22m[36massets/ProcurementManagerDashboard-CGaqu_ny.js  [39m[1m[2m  3.27 kB[22m[1m[22m[2m Ôöé gzip:   1.15 kB[22m
[2m../dist/public/[22m[36massets/FunnelAnalysis-BG1aAeu5.js               [39m[1m[2m  3.33 kB[22m[1m[22m[2m Ôöé gzip:   1.27 kB[22m
[2m../dist/public/[22m[36massets/TableColumnSettings-DeORxaxE.js          [39m[1m[2m  3.35 kB[22m[1m[22m[2m Ôöé gzip:   1.44 kB[22m
[2m../dist/public/[22m[36massets/OrgCreateLPO-iuZgoF-4.js                 [39m[1m[2m  3.36 kB[22m[1m[22m[2m Ôöé gzip:   1.44 kB[22m
[2m../dist/public/[22m[36massets/CreateDepartment-5wxauK2K.js             [39m[1m[2m  3.38 kB[22m[1m[22m[2m Ôöé gzip:   1.40 kB[22m
[2m../dist/public/[22m[36massets/OrgCreateDepartment-BFPEPAds.js          [39m[1m[2m  3.38 kB[22m[1m[22m[2m Ôöé gzip:   1.40 kB[22m
[2m../dist/public/[22m[36massets/CohortAnalysis--athCWZC.js               [39m[1m[2m  3.43 kB[22m[1m[22m[2m Ôöé gzip:   1.24 kB[22m
[2m../dist/public/[22m[36massets/EditBudget-DgirrfoX.js                   [39m[1m[2m  3.43 kB[22m[1m[22m[2m Ôöé gzip:   1.52 kB[22m
[2m../dist/public/[22m[36massets/OrgEditBudget-BD0SUOA_.js                [39m[1m[2m  3.43 kB[22m[1m[22m[2m Ôöé gzip:   1.52 kB[22m
[2m../dist/public/[22m[36massets/OrgCreateReceipt-V-LD2jSa.js             [39m[1m[2m  3.47 kB[22m[1m[22m[2m Ôöé gzip:   1.41 kB[22m
[2m../dist/public/[22m[36massets/OrgPurchaseOrderDetail-DvtS-KfG.js       [39m[1m[2m  3.49 kB[22m[1m[22m[2m Ôöé gzip:   1.25 kB[22m
[2m../dist/public/[22m[36massets/CreatePurchaseOrder-Dn3Q3WRr.js          [39m[1m[2m  3.49 kB[22m[1m[22m[2m Ôöé gzip:   1.26 kB[22m
[2m../dist/public/[22m[36massets/OrgCreatePurchaseOrder-PAPaQpiq.js       [39m[1m[2m  3.49 kB[22m[1m[22m[2m Ôöé gzip:   1.26 kB[22m
[2m../dist/public/[22m[36massets/CreateSupplier-D0GLqOgK.js               [39m[1m[2m  3.56 kB[22m[1m[22m[2m Ôöé gzip:   1.62 kB[22m
[2m../dist/public/[22m[36massets/OrgCreateSupplier-CLhe6vKG.js            [39m[1m[2m  3.56 kB[22m[1m[22m[2m Ôöé gzip:   1.62 kB[22m
[2m../dist/public/[22m[36massets/ListPageToolbar-DzBQDJHK.js              [39m[1m[2m  3.56 kB[22m[1m[22m[2m Ôöé gzip:   1.01 kB[22m
[2m../dist/public/[22m[36massets/CreateWarranty-CbjIcuxP.js               [39m[1m[2m  3.57 kB[22m[1m[22m[2m Ôöé gzip:   1.36 kB[22m
[2m../dist/public/[22m[36massets/EditDepartment-CCW8jB_5.js               [39m[1m[2m  3.60 kB[22m[1m[22m[2m Ôöé gzip:   1.40 kB[22m
[2m../dist/public/[22m[36massets/OrgEditDepartment-DDUTTZWE.js            [39m[1m[2m  3.60 kB[22m[1m[22m[2m Ôöé gzip:   1.40 kB[22m
[2m../dist/public/[22m[36massets/WarrantyDetails-Bl6gzN5e.js              [39m[1m[2m  3.60 kB[22m[1m[22m[2m Ôöé gzip:   1.21 kB[22m
[2m../dist/public/[22m[36massets/EmailQueue-I1-LzMzS.js                   [39m[1m[2m  3.63 kB[22m[1m[22m[2m Ôöé gzip:   1.59 kB[22m
[2m../dist/public/[22m[36massets/CreateEstimate-Hhy2IZf0.js               [39m[1m[2m  3.67 kB[22m[1m[22m[2m Ôöé gzip:   1.58 kB[22m
[2m../dist/public/[22m[36massets/DepartmentForm-C844RXCJ.js               [39m[1m[2m  3.67 kB[22m[1m[22m[2m Ôöé gzip:   1.41 kB[22m
[2m../dist/public/[22m[36massets/OrgContactDetail-DnneDhtY.js             [39m[1m[2m  3.68 kB[22m[1m[22m[2m Ôöé gzip:   1.24 kB[22m
[2m../dist/public/[22m[36massets/CreateTicket-R8ulmQcU.js                 [39m[1m[2m  3.70 kB[22m[1m[22m[2m Ôöé gzip:   1.47 kB[22m
[2m../dist/public/[22m[36massets/OrgCreateTicket-2DhC5RB4.js              [39m[1m[2m  3.70 kB[22m[1m[22m[2m Ôöé gzip:   1.47 kB[22m
[2m../dist/public/[22m[36massets/ChartOfAccountsDetails-DzJPBALO.js       [39m[1m[2m  3.72 kB[22m[1m[22m[2m Ôöé gzip:   1.29 kB[22m
[2m../dist/public/[22m[36massets/ProductDetails-Biaphdqq.js               [39m[1m[2m  3.76 kB[22m[1m[22m[2m Ôöé gzip:   1.39 kB[22m
[2m../dist/public/[22m[36massets/ProposalDetails-CT7uCLoe.js              [39m[1m[2m  3.78 kB[22m[1m[22m[2m Ôöé gzip:   1.30 kB[22m
[2m../dist/public/[22m[36massets/OrgServiceDetail-BMj5G5ue.js             [39m[1m[2m  3.80 kB[22m[1m[22m[2m Ôöé gzip:   1.25 kB[22m
[2m../dist/public/[22m[36massets/ConversionAnalytics-CqrATHmk.js          [39m[1m[2m  3.82 kB[22m[1m[22m[2m Ôöé gzip:   1.56 kB[22m
[2m../dist/public/[22m[36massets/OrgEditApproval-bJEH_0J_.js              [39m[1m[2m  3.83 kB[22m[1m[22m[2m Ôöé gzip:   1.41 kB[22m
[2m../dist/public/[22m[36massets/CreateLeaveRequest-DCfxxtQz.js           [39m[1m[2m  3.87 kB[22m[1m[22m[2m Ôöé gzip:   1.46 kB[22m
[2m../dist/public/[22m[36massets/TenantAdmins-Da7oFlw-.js                 [39m[1m[2m  3.87 kB[22m[1m[22m[2m Ôöé gzip:   1.37 kB[22m
[2m../dist/public/[22m[36massets/Home-CueXtQBO.js                         [39m[1m[2m  3.88 kB[22m[1m[22m[2m Ôöé gzip:   1.47 kB[22m
[2m../dist/public/[22m[36massets/OrgReceiptDetail-CqEkW3lL.js             [39m[1m[2m  3.91 kB[22m[1m[22m[2m Ôöé gzip:   1.40 kB[22m
[2m../dist/public/[22m[36massets/InvoiceSearchFilter-CZA4UoZE.js          [39m[1m[2m  3.93 kB[22m[1m[22m[2m Ôöé gzip:   1.29 kB[22m
[2m../dist/public/[22m[36massets/OrgPaymentDetail-BWkeqHYe.js             [39m[1m[2m  3.95 kB[22m[1m[22m[2m Ôöé gzip:   1.40 kB[22m
[2m../dist/public/[22m[36massets/OrgQuotationDetail-BkQM9ha0.js           [39m[1m[2m  3.95 kB[22m[1m[22m[2m Ôöé gzip:   1.40 kB[22m
[2m../dist/public/[22m[36massets/CreateAttendance-CMEYesri.js             [39m[1m[2m  3.96 kB[22m[1m[22m[2m Ôöé gzip:   1.46 kB[22m
[2m../dist/public/[22m[36massets/OrgCreateAttendance-CJxKn4oG.js          [39m[1m[2m  3.96 kB[22m[1m[22m[2m Ôöé gzip:   1.46 kB[22m
[2m../dist/public/[22m[36massets/OrgProductDetail-Ds7NebaU.js             [39m[1m[2m  3.97 kB[22m[1m[22m[2m Ôöé gzip:   1.29 kB[22m
[2m../dist/public/[22m[36massets/HRDetails-C0K9Kd4o.js                    [39m[1m[2m  3.97 kB[22m[1m[22m[2m Ôöé gzip:   1.44 kB[22m
[2m../dist/public/[22m[36massets/TenantUsers-KXgEY2E3.js                  [39m[1m[2m  3.99 kB[22m[1m[22m[2m Ôöé gzip:   1.47 kB[22m
[2m../dist/public/[22m[36massets/OrgLPODetail-BMW0gK1t.js                 [39m[1m[2m  4.00 kB[22m[1m[22m[2m Ôöé gzip:   1.55 kB[22m
[2m../dist/public/[22m[36massets/ProjectAnalytics-CdZfDQ8i.js             [39m[1m[2m  4.00 kB[22m[1m[22m[2m Ôöé gzip:   1.48 kB[22m
[2m../dist/public/[22m[36massets/OrgLeadDetail-BKUpEngZ.js                [39m[1m[2m  4.01 kB[22m[1m[22m[2m Ôöé gzip:   1.43 kB[22m
[2m../dist/public/[22m[36massets/OrgEstimateDetail-CTFExl7U.js            [39m[1m[2m  4.02 kB[22m[1m[22m[2m Ôöé gzip:   1.44 kB[22m
[2m../dist/public/[22m[36massets/Sales-Cqw-o7qB.js                        [39m[1m[2m  4.03 kB[22m[1m[22m[2m Ôöé gzip:   1.50 kB[22m
[2m../dist/public/[22m[36massets/OrgApprovalDetail-WPSa_KGt.js            [39m[1m[2m  4.04 kB[22m[1m[22m[2m Ôöé gzip:   1.40 kB[22m
[2m../dist/public/[22m[36massets/AIAssistantModal-C3NAubFX.js             [39m[1m[2m  4.14 kB[22m[1m[22m[2m Ôöé gzip:   1.72 kB[22m
[2m../dist/public/[22m[36massets/OrgAttendanceDetail-BOcvhNUu.js          [39m[1m[2m  4.14 kB[22m[1m[22m[2m Ôöé gzip:   1.43 kB[22m
[2m../dist/public/[22m[36massets/EditAllowance-DyEzvyh6.js                [39m[1m[2m  4.17 kB[22m[1m[22m[2m Ôöé gzip:   1.69 kB[22m
[2m../dist/public/[22m[36massets/SalesReports-CPwIOdVj.js                 [39m[1m[2m  4.21 kB[22m[1m[22m[2m Ôöé gzip:   1.41 kB[22m
[2m../dist/public/[22m[36massets/OrgEditLead-CUwJMrzy.js                  [39m[1m[2m  4.21 kB[22m[1m[22m[2m Ôöé gzip:   1.48 kB[22m
[2m../dist/public/[22m[36massets/OrgProcurementDetail-HygNkMai.js         [39m[1m[2m  4.22 kB[22m[1m[22m[2m Ôöé gzip:   1.45 kB[22m
[2m../dist/public/[22m[36massets/BudgetDetails-Dw-Ns9Xz.js                [39m[1m[2m  4.22 kB[22m[1m[22m[2m Ôöé gzip:   1.39 kB[22m
[2m../dist/public/[22m[36massets/EditSalaryStructure-Ctyii040.js          [39m[1m[2m  4.23 kB[22m[1m[22m[2m Ôöé gzip:   1.60 kB[22m
[2m../dist/public/[22m[36massets/OrgEditSalaryStructure-v76Yjio1.js       [39m[1m[2m  4.23 kB[22m[1m[22m[2m Ôöé gzip:   1.60 kB[22m
[2m../dist/public/[22m[36massets/OrgEditPurchaseOrder-DGKLFq6a.js         [39m[1m[2m  4.23 kB[22m[1m[22m[2m Ôöé gzip:   1.58 kB[22m
[2m../dist/public/[22m[36massets/RevenueForecasting-Dx0SueJT.js           [39m[1m[2m  4.24 kB[22m[1m[22m[2m Ôöé gzip:   1.70 kB[22m
[2m../dist/public/[22m[36massets/CreateAllowance-FWqR6naR.js              [39m[1m[2m  4.24 kB[22m[1m[22m[2m Ôöé gzip:   1.65 kB[22m
[2m../dist/public/[22m[36massets/EditTicket-BhMJlaZq.js                   [39m[1m[2m  4.33 kB[22m[1m[22m[2m Ôöé gzip:   1.62 kB[22m
[2m../dist/public/[22m[36massets/OrgEditTicket-7MpCHoM9.js                [39m[1m[2m  4.33 kB[22m[1m[22m[2m Ôöé gzip:   1.62 kB[22m
[2m../dist/public/[22m[36massets/AssetDetails-2mWGyaKz.js                 [39m[1m[2m  4.34 kB[22m[1m[22m[2m Ôöé gzip:   1.28 kB[22m
[2m../dist/public/[22m[36massets/OrgProposalDetail-CSJPBAfe.js            [39m[1m[2m  4.34 kB[22m[1m[22m[2m Ôöé gzip:   1.46 kB[22m
[2m../dist/public/[22m[36massets/EditDeduction-5LpJG_8X.js                [39m[1m[2m  4.42 kB[22m[1m[22m[2m Ôöé gzip:   1.77 kB[22m
[2m../dist/public/[22m[36massets/Services-CkK-vf8r.js                     [39m[1m[2m  4.47 kB[22m[1m[22m[2m Ôöé gzip:   1.76 kB[22m
[2m../dist/public/[22m[36massets/OrgEditProcurement-C498OmSy.js           [39m[1m[2m  4.47 kB[22m[1m[22m[2m Ôöé gzip:   1.56 kB[22m
[2m../dist/public/[22m[36massets/OrgDebitNoteDetail-DjJddVgP.js           [39m[1m[2m  4.48 kB[22m[1m[22m[2m Ôöé gzip:   1.54 kB[22m
[2m../dist/public/[22m[36massets/AdvancedAnalytics-CPmdokG4.js            [39m[1m[2m  4.51 kB[22m[1m[22m[2m Ôöé gzip:   1.39 kB[22m
[2m../dist/public/[22m[36massets/EditReceipt-DKE6VeBt.js                  [39m[1m[2m  4.59 kB[22m[1m[22m[2m Ôöé gzip:   1.68 kB[22m
[2m../dist/public/[22m[36massets/OrgEditReceipt-lvIGyZhA.js               [39m[1m[2m  4.59 kB[22m[1m[22m[2m Ôöé gzip:   1.68 kB[22m
[2m../dist/public/[22m[36massets/EditBenefit-DhJL3Egt.js                  [39m[1m[2m  4.59 kB[22m[1m[22m[2m Ôöé gzip:   1.79 kB[22m
[2m../dist/public/[22m[36massets/Blog-Dwdeutux.js                         [39m[1m[2m  4.60 kB[22m[1m[22m[2m Ôöé gzip:   1.63 kB[22m
[2m../dist/public/[22m[36massets/ContractDetails-DW3U1TXV.js              [39m[1m[2m  4.60 kB[22m[1m[22m[2m Ôöé gzip:   1.37 kB[22m
[2m../dist/public/[22m[36massets/WarrantyManagement-DQ-_f7uE.js           [39m[1m[2m  4.74 kB[22m[1m[22m[2m Ôöé gzip:   1.84 kB[22m
[2m../dist/public/[22m[36massets/ESignatures-DkqgSiUZ.js                  [39m[1m[2m  4.74 kB[22m[1m[22m[2m Ôöé gzip:   1.82 kB[22m
[2m../dist/public/[22m[36massets/SalaryStructureDetails-g2OL66hc.js       [39m[1m[2m  4.76 kB[22m[1m[22m[2m Ôöé gzip:   1.62 kB[22m
[2m../dist/public/[22m[36massets/OrgSalaryStructureDetails-C8-LMmRy.js    [39m[1m[2m  4.76 kB[22m[1m[22m[2m Ôöé gzip:   1.62 kB[22m
[2m../dist/public/[22m[36massets/OrgAI-Dj9_SBCE.js                        [39m[1m[2m  4.77 kB[22m[1m[22m[2m Ôöé gzip:   1.89 kB[22m
[2m../dist/public/[22m[36massets/CreateLPO-Dmzp44f-.js                    [39m[1m[2m  4.80 kB[22m[1m[22m[2m Ôöé gzip:   1.93 kB[22m
[2m../dist/public/[22m[36massets/EditWarranty-C5cBIEL_.js                 [39m[1m[2m  4.83 kB[22m[1m[22m[2m Ôöé gzip:   1.70 kB[22m
[2m../dist/public/[22m[36massets/TimesheetDetails-CMK7nnkv.js             [39m[1m[2m  4.83 kB[22m[1m[22m[2m Ôöé gzip:   1.42 kB[22m
[2m../dist/public/[22m[36massets/OrgOrderDetail-DiKqiHoP.js               [39m[1m[2m  4.86 kB[22m[1m[22m[2m Ôöé gzip:   1.62 kB[22m
[2m../dist/public/[22m[36massets/CreateDebitNote-4IQwEssc.js              [39m[1m[2m  4.86 kB[22m[1m[22m[2m Ôöé gzip:   1.91 kB[22m
[2m../dist/public/[22m[36massets/OrgCreateDebitNote-CvXAnH41.js           [39m[1m[2m  4.86 kB[22m[1m[22m[2m Ôöé gzip:   1.91 kB[22m
[2m../dist/public/[22m[36massets/EditAttendance-DQxZsNlB.js               [39m[1m[2m  4.87 kB[22m[1m[22m[2m Ôöé gzip:   1.66 kB[22m
[2m../dist/public/[22m[36massets/OrgEditAttendance-JttD6eFw.js            [39m[1m[2m  4.87 kB[22m[1m[22m[2m Ôöé gzip:   1.66 kB[22m
[2m../dist/public/[22m[36massets/BankReconciliationDetails-Bq2nRlsc.js    [39m[1m[2m  4.91 kB[22m[1m[22m[2m Ôöé gzip:   1.51 kB[22m
[2m../dist/public/[22m[36massets/OrgSubscriptions-DGqIcDQy.js             [39m[1m[2m  4.94 kB[22m[1m[22m[2m Ôöé gzip:   1.81 kB[22m
[2m../dist/public/[22m[36massets/CustomerReports-D6rfnCGV.js              [39m[1m[2m  4.96 kB[22m[1m[22m[2m Ôöé gzip:   2.02 kB[22m
[2m../dist/public/[22m[36massets/OrgSupplierDetail-C1yQswTB.js            [39m[1m[2m  4.96 kB[22m[1m[22m[2m Ôöé gzip:   1.58 kB[22m
[2m../dist/public/[22m[36massets/EditClient-BBtq9cgH.js                   [39m[1m[2m  4.99 kB[22m[1m[22m[2m Ôöé gzip:   1.95 kB[22m
[2m../dist/public/[22m[36massets/ImprestDetails-B5qH6U_9.js               [39m[1m[2m  5.00 kB[22m[1m[22m[2m Ôöé gzip:   1.56 kB[22m
[2m../dist/public/[22m[36massets/CreateWorkOrder-DJv1uZ_8.js              [39m[1m[2m  5.01 kB[22m[1m[22m[2m Ôöé gzip:   1.71 kB[22m
[2m../dist/public/[22m[36massets/OrgCreateWorkOrder-d2tqJxyN.js           [39m[1m[2m  5.01 kB[22m[1m[22m[2m Ôöé gzip:   1.71 kB[22m
[2m../dist/public/[22m[36massets/ChangePassword-C1Zagk5R.js               [39m[1m[2m  5.02 kB[22m[1m[22m[2m Ôöé gzip:   1.79 kB[22m
[2m../dist/public/[22m[36massets/OrgEditQuotation-C74lLmHO.js             [39m[1m[2m  5.04 kB[22m[1m[22m[2m Ôöé gzip:   1.83 kB[22m
[2m../dist/public/[22m[36massets/EditEstimate-BmszNyv7.js                 [39m[1m[2m  5.06 kB[22m[1m[22m[2m Ôöé gzip:   1.75 kB[22m
[2m../dist/public/[22m[36massets/OrgEditEstimate-hbsxwVXy.js              [39m[1m[2m  5.06 kB[22m[1m[22m[2m Ôöé gzip:   1.75 kB[22m
[2m../dist/public/[22m[36massets/ChurnPrediction-D_O1nNdW.js              [39m[1m[2m  5.07 kB[22m[1m[22m[2m Ôöé gzip:   1.58 kB[22m
[2m../dist/public/[22m[36massets/BankReconciliation-C8wQN3Vb.js           [39m[1m[2m  5.09 kB[22m[1m[22m[2m Ôöé gzip:   2.01 kB[22m
[2m../dist/public/[22m[36massets/SystemHealthDashboard-CBa3QjAu.js        [39m[1m[2m  5.09 kB[22m[1m[22m[2m Ôöé gzip:   1.72 kB[22m
[2m../dist/public/[22m[36massets/OrgBankReconciliation-BAdaZ3se.js        [39m[1m[2m  5.09 kB[22m[1m[22m[2m Ôöé gzip:   2.01 kB[22m
[2m../dist/public/[22m[36massets/Activity-RNKoP2WM.js                     [39m[1m[2m  5.09 kB[22m[1m[22m[2m Ôöé gzip:   2.15 kB[22m
[2m../dist/public/[22m[36massets/OrgActivity-5qrXrlIe.js                  [39m[1m[2m  5.09 kB[22m[1m[22m[2m Ôöé gzip:   2.15 kB[22m
[2m../dist/public/[22m[36massets/OrgProcurement-DHm9EyPw.js               [39m[1m[2m  5.09 kB[22m[1m[22m[2m Ôöé gzip:   1.83 kB[22m
[2m../dist/public/[22m[36massets/EditProduct-BbFudXR_.js                  [39m[1m[2m  5.12 kB[22m[1m[22m[2m Ôöé gzip:   1.89 kB[22m
[2m../dist/public/[22m[36massets/OrgEditProduct-DNhGm7PM.js               [39m[1m[2m  5.12 kB[22m[1m[22m[2m Ôöé gzip:   1.89 kB[22m
[2m../dist/public/[22m[36massets/OrgCreditNoteDetail-B_aDrtKX.js          [39m[1m[2m  5.14 kB[22m[1m[22m[2m Ôöé gzip:   1.62 kB[22m
[2m../dist/public/[22m[36massets/EditLPO-BQ_-Ieyk.js                      [39m[1m[2m  5.15 kB[22m[1m[22m[2m Ôöé gzip:   1.91 kB[22m
[2m../dist/public/[22m[36massets/OrgEditLPO-DKlca-rA.js                   [39m[1m[2m  5.15 kB[22m[1m[22m[2m Ôöé gzip:   1.91 kB[22m
[2m../dist/public/[22m[36massets/EditInvoice-_-yqBrNY.js                  [39m[1m[2m  5.20 kB[22m[1m[22m[2m Ôöé gzip:   1.80 kB[22m
[2m../dist/public/[22m[36massets/OrgEditInvoice-CJWNcGnF.js               [39m[1m[2m  5.20 kB[22m[1m[22m[2m Ôöé gzip:   1.80 kB[22m
[2m../dist/public/[22m[36massets/ContactDetails-BpUi6bNd.js               [39m[1m[2m  5.20 kB[22m[1m[22m[2m Ôöé gzip:   1.40 kB[22m
[2m../dist/public/[22m[36massets/OrgCreateQuotation-BWx2skR6.js           [39m[1m[2m  5.20 kB[22m[1m[22m[2m Ôöé gzip:   1.79 kB[22m
[2m../dist/public/[22m[36massets/QuotationDetails-zgkiZENx.js             [39m[1m[2m  5.23 kB[22m[1m[22m[2m Ôöé gzip:   1.81 kB[22m
[2m../dist/public/[22m[36massets/SessionManager-BaQvrE1D.js               [39m[1m[2m  5.26 kB[22m[1m[22m[2m Ôöé gzip:   1.96 kB[22m
[2m../dist/public/[22m[36massets/ProductForm-BTAUwQfs.js                  [39m[1m[2m  5.30 kB[22m[1m[22m[2m Ôöé gzip:   1.59 kB[22m
[2m../dist/public/[22m[36massets/ServiceTemplates-D5FD1CkZ.js             [39m[1m[2m  5.31 kB[22m[1m[22m[2m Ôöé gzip:   2.16 kB[22m
[2m../dist/public/[22m[36massets/OrgServiceTemplates-C6tEIi6f.js          [39m[1m[2m  5.31 kB[22m[1m[22m[2m Ôöé gzip:   2.16 kB[22m
[2m../dist/public/[22m[36massets/FinanceSettings-BgFJvJIE.js              [39m[1m[2m  5.32 kB[22m[1m[22m[2m Ôöé gzip:   1.79 kB[22m
[2m../dist/public/[22m[36massets/Departments-DNkvCZsG.js                  [39m[1m[2m  5.34 kB[22m[1m[22m[2m Ôöé gzip:   2.03 kB[22m
[2m../dist/public/[22m[36massets/TestPDFGeneration-DGSZ8P61.js            [39m[1m[2m  5.37 kB[22m[1m[22m[2m Ôöé gzip:   1.89 kB[22m
[2m../dist/public/[22m[36massets/Dashboard-0NmWHOy2.js                    [39m[1m[2m  5.39 kB[22m[1m[22m[2m Ôöé gzip:   1.48 kB[22m
[2m../dist/public/[22m[36massets/OrgServices-DoRgAn9o.js                  [39m[1m[2m  5.40 kB[22m[1m[22m[2m Ôöé gzip:   1.89 kB[22m
[2m../dist/public/[22m[36massets/PaymentDetails-D4UinQAm.js               [39m[1m[2m  5.40 kB[22m[1m[22m[2m Ôöé gzip:   1.92 kB[22m
[2m../dist/public/[22m[36massets/GRNDetails-Bw9RdKD4.js                   [39m[1m[2m  5.43 kB[22m[1m[22m[2m Ôöé gzip:   1.80 kB[22m
[2m../dist/public/[22m[36massets/TaxComplianceReports-Cvo9Urvh.js         [39m[1m[2m  5.45 kB[22m[1m[22m[2m Ôöé gzip:   1.50 kB[22m
[2m../dist/public/[22m[36massets/CreateDeduction-Xs5tbtPe.js              [39m[1m[2m  5.45 kB[22m[1m[22m[2m Ôöé gzip:   2.02 kB[22m
[2m../dist/public/[22m[36massets/PayslipDetails-DdVM4XQV.js               [39m[1m[2m  5.49 kB[22m[1m[22m[2m Ôöé gzip:   2.07 kB[22m
[2m../dist/public/[22m[36massets/OrderDetails-DtLwFt0b.js                 [39m[1m[2m  5.53 kB[22m[1m[22m[2m Ôöé gzip:   1.63 kB[22m
[2m../dist/public/[22m[36massets/OrgWarranty-O28ysc-R.js                  [39m[1m[2m  5.54 kB[22m[1m[22m[2m Ôöé gzip:   2.10 kB[22m
[2m../dist/public/[22m[36massets/OrgDebitNotes-iyau3yKc.js                [39m[1m[2m  5.57 kB[22m[1m[22m[2m Ôöé gzip:   2.34 kB[22m
[2m../dist/public/[22m[36massets/OrgCreateProposal-CiIwDmso.js            [39m[1m[2m  5.57 kB[22m[1m[22m[2m Ôöé gzip:   1.93 kB[22m
[2m../dist/public/[22m[36massets/DeliveryNoteDetails-CJNdqKoe.js          [39m[1m[2m  5.58 kB[22m[1m[22m[2m Ôöé gzip:   1.77 kB[22m
[2m../dist/public/[22m[36massets/EditSupplier-Cff3meE9.js                 [39m[1m[2m  5.60 kB[22m[1m[22m[2m Ôöé gzip:   2.18 kB[22m
[2m../dist/public/[22m[36massets/OrgEditSupplier-C-iNN_fP.js              [39m[1m[2m  5.60 kB[22m[1m[22m[2m Ôöé gzip:   2.18 kB[22m
[2m../dist/public/[22m[36massets/ProcurementMaster-DKRVG3FZ.js            [39m[1m[2m  5.61 kB[22m[1m[22m[2m Ôöé gzip:   1.73 kB[22m
[2m../dist/public/[22m[36massets/Attendance-BTSHe8YT.js                   [39m[1m[2m  5.63 kB[22m[1m[22m[2m Ôöé gzip:   2.00 kB[22m
[2m../dist/public/[22m[36massets/OrgAttendance-CUzb20Xp.js                [39m[1m[2m  5.63 kB[22m[1m[22m[2m Ôöé gzip:   2.00 kB[22m
[2m../dist/public/[22m[36massets/ForgotPassword-C9TYbQKy.js               [39m[1m[2m  5.67 kB[22m[1m[22m[2m Ôöé gzip:   1.77 kB[22m
[2m../dist/public/[22m[36massets/EditWorkOrder-Bt71sqkw.js                [39m[1m[2m  5.70 kB[22m[1m[22m[2m Ôöé gzip:   1.86 kB[22m
[2m../dist/public/[22m[36massets/OrgEditWorkOrder-CpgTMhn9.js             [39m[1m[2m  5.70 kB[22m[1m[22m[2m Ôöé gzip:   1.86 kB[22m
[2m../dist/public/[22m[36massets/OrgTaxCompliance-C3typ44x.js             [39m[1m[2m  5.71 kB[22m[1m[22m[2m Ôöé gzip:   1.61 kB[22m
[2m../dist/public/[22m[36massets/MFA-Czk7ZBJl.js                          [39m[1m[2m  5.71 kB[22m[1m[22m[2m Ôöé gzip:   1.72 kB[22m
[2m../dist/public/[22m[36massets/ServiceTemplateDetails-COra6xmi.js       [39m[1m[2m  5.72 kB[22m[1m[22m[2m Ôöé gzip:   1.80 kB[22m
[2m../dist/public/[22m[36massets/CreateContact-DmTlQmdy.js                [39m[1m[2m  5.73 kB[22m[1m[22m[2m Ôöé gzip:   1.88 kB[22m
[2m../dist/public/[22m[36massets/ClientPerformance-FOR29htA.js            [39m[1m[2m  5.73 kB[22m[1m[22m[2m Ôöé gzip:   2.07 kB[22m
[2m../dist/public/[22m[36massets/ProjectsManagement-DQtqN7uY.js           [39m[1m[2m  5.76 kB[22m[1m[22m[2m Ôöé gzip:   2.11 kB[22m
[2m../dist/public/[22m[36massets/DebitNoteDetails-D8PfxX2j.js             [39m[1m[2m  5.77 kB[22m[1m[22m[2m Ôöé gzip:   1.99 kB[22m
[2m../dist/public/[22m[36massets/DatabaseManagement-DJl2oVbt.js           [39m[1m[2m  5.80 kB[22m[1m[22m[2m Ôöé gzip:   1.75 kB[22m
[2m../dist/public/[22m[36massets/OrgCreateSalaryStructure-B-mwmFPr.js     [39m[1m[2m  5.83 kB[22m[1m[22m[2m Ôöé gzip:   1.89 kB[22m
[2m../dist/public/[22m[36massets/Holidays-BQcfDSbS.js                     [39m[1m[2m  5.83 kB[22m[1m[22m[2m Ôöé gzip:   2.16 kB[22m
[2m../dist/public/[22m[36massets/LeaveManagementDetails-C3gWVprt.js       [39m[1m[2m  5.84 kB[22m[1m[22m[2m Ôöé gzip:   1.80 kB[22m
[2m../dist/public/[22m[36massets/DebitNotes-CmzVfrn2.js                   [39m[1m[2m  5.85 kB[22m[1m[22m[2m Ôöé gzip:   2.42 kB[22m
[2m../dist/public/[22m[36massets/CreateSalaryStructure-CiyiVPOF.js        [39m[1m[2m  5.89 kB[22m[1m[22m[2m Ôöé gzip:   1.93 kB[22m
[2m../dist/public/[22m[36massets/ProjectReports-x-fjyORJ.js               [39m[1m[2m  5.92 kB[22m[1m[22m[2m Ôöé gzip:   2.26 kB[22m
[2m../dist/public/[22m[36massets/EnterpriseSettings-BheQobD9.js           [39m[1m[2m  5.99 kB[22m[1m[22m[2m Ôöé gzip:   2.08 kB[22m
[2m../dist/public/[22m[36massets/EditDebitNote-Dnbjp3Dq.js                [39m[1m[2m  6.00 kB[22m[1m[22m[2m Ôöé gzip:   2.21 kB[22m
[2m../dist/public/[22m[36massets/OrgEditDebitNote-DfxBTc-1.js             [39m[1m[2m  6.00 kB[22m[1m[22m[2m Ôöé gzip:   2.21 kB[22m
[2m../dist/public/[22m[36massets/OrgCreateInvoice-BXxSGdNs.js             [39m[1m[2m  6.04 kB[22m[1m[22m[2m Ôöé gzip:   2.39 kB[22m
[2m../dist/public/[22m[36massets/EditLeave-iAhtd1l_.js                    [39m[1m[2m  6.04 kB[22m[1m[22m[2m Ôöé gzip:   1.89 kB[22m
[2m../dist/public/[22m[36massets/OrgEditLeave-DRTD-C2b.js                 [39m[1m[2m  6.04 kB[22m[1m[22m[2m Ôöé gzip:   1.89 kB[22m
[2m../dist/public/[22m[36massets/CreateInvoice-CA0YIc5S.js                [39m[1m[2m  6.05 kB[22m[1m[22m[2m Ôöé gzip:   2.40 kB[22m
[2m../dist/public/[22m[36massets/EditChartOfAccounts-BdqaZfnB.js          [39m[1m[2m  6.06 kB[22m[1m[22m[2m Ôöé gzip:   2.09 kB[22m
[2m../dist/public/[22m[36massets/OrgStaff-D_DrVixj.js                     [39m[1m[2m  6.07 kB[22m[1m[22m[2m Ôöé gzip:   2.32 kB[22m
[2m../dist/public/[22m[36massets/EditBankReconciliation-mHzCsC11.js       [39m[1m[2m  6.09 kB[22m[1m[22m[2m Ôöé gzip:   1.79 kB[22m
[2m../dist/public/[22m[36massets/LeaveBalances-DBHMD-WF.js                [39m[1m[2m  6.09 kB[22m[1m[22m[2m Ôöé gzip:   2.06 kB[22m
[2m../dist/public/[22m[36massets/OrgCreateLeave-D_pp5Jnw.js               [39m[1m[2m  6.09 kB[22m[1m[22m[2m Ôöé gzip:   1.97 kB[22m
[2m../dist/public/[22m[36massets/OrgAccounting-BGqpX8Qz.js                [39m[1m[2m  6.11 kB[22m[1m[22m[2m Ôöé gzip:   2.14 kB[22m
[2m../dist/public/[22m[36massets/Security-DytVA_vf.js                     [39m[1m[2m  6.18 kB[22m[1m[22m[2m Ôöé gzip:   1.71 kB[22m
[2m../dist/public/[22m[36massets/OrgDepartments-og2_U-Mp.js               [39m[1m[2m  6.19 kB[22m[1m[22m[2m Ôöé gzip:   2.26 kB[22m
[2m../dist/public/[22m[36massets/OpportunityDetails-G06cuU5b.js           [39m[1m[2m  6.20 kB[22m[1m[22m[2m Ôöé gzip:   1.89 kB[22m
[2m../dist/public/[22m[36massets/OrgCreateProcurement-BMbyMXs9.js         [39m[1m[2m  6.26 kB[22m[1m[22m[2m Ôöé gzip:   1.93 kB[22m
[2m../dist/public/[22m[36massets/Budgets-Db8O5yXq.js                      [39m[1m[2m  6.28 kB[22m[1m[22m[2m Ôöé gzip:   2.26 kB[22m
[2m../dist/public/[22m[36massets/OrgBudgets-DMMzPIOy.js                   [39m[1m[2m  6.28 kB[22m[1m[22m[2m Ôöé gzip:   2.26 kB[22m
[2m../dist/public/[22m[36massets/OrgLeaveDetail-Dve_U4F8.js               [39m[1m[2m  6.32 kB[22m[1m[22m[2m Ôöé gzip:   1.83 kB[22m
[2m../dist/public/[22m[36massets/HTMLEditor-D0mrlNjI.js                   [39m[1m[2m  6.37 kB[22m[1m[22m[2m Ôöé gzip:   2.47 kB[22m
[2m../dist/public/[22m[36massets/Profile-CZuspGW_.js                      [39m[1m[2m  6.38 kB[22m[1m[22m[2m Ôöé gzip:   2.23 kB[22m
[2m../dist/public/[22m[36massets/ServiceInvoices-DP4wLgef.js              [39m[1m[2m  6.40 kB[22m[1m[22m[2m Ôöé gzip:   2.59 kB[22m
[2m../dist/public/[22m[36massets/OrgServiceInvoices-ChKURX-x.js           [39m[1m[2m  6.40 kB[22m[1m[22m[2m Ôöé gzip:   2.59 kB[22m
[2m../dist/public/[22m[36massets/ProjectManagerDashboard-DHN2S7hy.js      [39m[1m[2m  6.46 kB[22m[1m[22m[2m Ôöé gzip:   2.11 kB[22m
[2m../dist/public/[22m[36massets/CreditNoteDetails-jtE_URvu.js            [39m[1m[2m  6.46 kB[22m[1m[22m[2m Ôöé gzip:   2.08 kB[22m
[2m../dist/public/[22m[36massets/AttendanceDetails-CJiORLPK.js            [39m[1m[2m  6.50 kB[22m[1m[22m[2m Ôöé gzip:   1.98 kB[22m
[2m../dist/public/[22m[36massets/CreateServiceInvoice-d643dTO-.js         [39m[1m[2m  6.50 kB[22m[1m[22m[2m Ôöé gzip:   2.23 kB[22m
[2m../dist/public/[22m[36massets/OrgCreateServiceInvoice-BXNav4Np.js      [39m[1m[2m  6.50 kB[22m[1m[22m[2m Ôöé gzip:   2.23 kB[22m
[2m../dist/public/[22m[36massets/Documentation-CDAGlETj.js                [39m[1m[2m  6.50 kB[22m[1m[22m[2m Ôöé gzip:   2.55 kB[22m
[2m../dist/public/[22m[36massets/ExpenseBudgetReport-xOA8JY6t.js          [39m[1m[2m  6.51 kB[22m[1m[22m[2m Ôöé gzip:   1.80 kB[22m
[2m../dist/public/[22m[36massets/SystemLogsViewer-v2EixBIe.js             [39m[1m[2m  6.51 kB[22m[1m[22m[2m Ôöé gzip:   2.21 kB[22m
[2m../dist/public/[22m[36massets/Notifications-CNQQypG1.js                [39m[1m[2m  6.51 kB[22m[1m[22m[2m Ôöé gzip:   1.99 kB[22m
[2m../dist/public/[22m[36massets/OrgContractDetail-DHc34xPZ.js            [39m[1m[2m  6.55 kB[22m[1m[22m[2m Ôöé gzip:   1.80 kB[22m
[2m../dist/public/[22m[36massets/EditContact-CAFKgwgC.js                  [39m[1m[2m  6.57 kB[22m[1m[22m[2m Ôöé gzip:   2.12 kB[22m
[2m../dist/public/[22m[36massets/OrgEditContact-CUXMk2nv.js               [39m[1m[2m  6.57 kB[22m[1m[22m[2m Ôöé gzip:   2.12 kB[22m
[2m../dist/public/[22m[36massets/TaxInformation-DHQ2FxxR.js               [39m[1m[2m  6.60 kB[22m[1m[22m[2m Ôöé gzip:   2.23 kB[22m
[2m../dist/public/[22m[36massets/CreateOrder-C7bdv3D_.js                  [39m[1m[2m  6.62 kB[22m[1m[22m[2m Ôöé gzip:   2.22 kB[22m
[2m../dist/public/[22m[36massets/EditOpportunity-B7BXK7iC.js              [39m[1m[2m  6.65 kB[22m[1m[22m[2m Ôöé gzip:   2.08 kB[22m
[2m../dist/public/[22m[36massets/AuditLogs-CDowV23f.js                    [39m[1m[2m  6.66 kB[22m[1m[22m[2m Ôöé gzip:   2.55 kB[22m
[2m../dist/public/[22m[36massets/EditOrder-P13iN_6S.js                    [39m[1m[2m  6.68 kB[22m[1m[22m[2m Ôöé gzip:   2.33 kB[22m
[2m../dist/public/[22m[36massets/OrgEditOrder-5QqDKR5L.js                 [39m[1m[2m  6.68 kB[22m[1m[22m[2m Ôöé gzip:   2.33 kB[22m
[2m../dist/public/[22m[36massets/LPODetails-5a0vrgSa.js                   [39m[1m[2m  6.73 kB[22m[1m[22m[2m Ôöé gzip:   2.05 kB[22m
[2m../dist/public/[22m[36massets/CreateService-Cjxn6rWL.js                [39m[1m[2m  6.73 kB[22m[1m[22m[2m Ôöé gzip:   2.26 kB[22m
[2m../dist/public/[22m[36massets/OrgCreateService-CyyE1FJ1.js             [39m[1m[2m  6.73 kB[22m[1m[22m[2m Ôöé gzip:   2.26 kB[22m
[2m../dist/public/[22m[36massets/CreateBenefit-BV7-tHVR.js                [39m[1m[2m  6.73 kB[22m[1m[22m[2m Ôöé gzip:   2.27 kB[22m
[2m../dist/public/[22m[36massets/Login-ByFMDIKB.js                        [39m[1m[2m  6.76 kB[22m[1m[22m[2m Ôöé gzip:   2.26 kB[22m
[2m../dist/public/[22m[36massets/OrgLeave-BUNitypP.js                     [39m[1m[2m  6.80 kB[22m[1m[22m[2m Ôöé gzip:   2.39 kB[22m
[2m../dist/public/[22m[36massets/OrgEditContract-cIt6gRaq.js              [39m[1m[2m  6.80 kB[22m[1m[22m[2m Ôöé gzip:   2.13 kB[22m
[2m../dist/public/[22m[36massets/Calendar-C29cj8JC.js                     [39m[1m[2m  6.81 kB[22m[1m[22m[2m Ôöé gzip:   2.40 kB[22m
[2m../dist/public/[22m[36massets/OrgCalendar-Nubl5Ned.js                  [39m[1m[2m  6.81 kB[22m[1m[22m[2m Ôöé gzip:   2.40 kB[22m
[2m../dist/public/[22m[36massets/Reminders-Cta7zBji.js                    [39m[1m[2m  6.84 kB[22m[1m[22m[2m Ôöé gzip:   2.16 kB[22m
[2m../dist/public/[22m[36massets/OrgServiceInvoiceDetails-B3B9mU3_.js     [39m[1m[2m  6.84 kB[22m[1m[22m[2m Ôöé gzip:   2.06 kB[22m
[2m../dist/public/[22m[36massets/HRReports-wSyFAULv.js                    [39m[1m[2m  6.86 kB[22m[1m[22m[2m Ôöé gzip:   2.42 kB[22m
[2m../dist/public/[22m[36massets/UserDetails-Dp4vhuqy.js                  [39m[1m[2m  6.87 kB[22m[1m[22m[2m Ôöé gzip:   1.68 kB[22m
[2m../dist/public/[22m[36massets/EditProposal-PMMHScVX.js                 [39m[1m[2m  6.90 kB[22m[1m[22m[2m Ôöé gzip:   2.13 kB[22m
[2m../dist/public/[22m[36massets/OrgEditProposal-BtFtI9sz.js              [39m[1m[2m  6.90 kB[22m[1m[22m[2m Ôöé gzip:   2.13 kB[22m
[2m../dist/public/[22m[36massets/OrgCreateOrder-DzC3MQCl.js               [39m[1m[2m  7.02 kB[22m[1m[22m[2m Ôöé gzip:   2.30 kB[22m
[2m../dist/public/[22m[36massets/ResetPassword-txN_c_eO.js                [39m[1m[2m  7.09 kB[22m[1m[22m[2m Ôöé gzip:   2.02 kB[22m
[2m../dist/public/[22m[36massets/OrgContracts-Cor0jJq-.js                 [39m[1m[2m  7.13 kB[22m[1m[22m[2m Ôöé gzip:   2.52 kB[22m
[2m../dist/public/[22m[36massets/WorkOrders-dXa2P_pz.js                   [39m[1m[2m  7.16 kB[22m[1m[22m[2m Ôöé gzip:   2.60 kB[22m
[2m../dist/public/[22m[36massets/OrgWorkOrders-CEQlOiCh.js                [39m[1m[2m  7.16 kB[22m[1m[22m[2m Ôöé gzip:   2.60 kB[22m
[2m../dist/public/[22m[36massets/SalaryStructures-BIXPb-f7.js             [39m[1m[2m  7.18 kB[22m[1m[22m[2m Ôöé gzip:   2.28 kB[22m
[2m../dist/public/[22m[36massets/OrgSalaryStructures-CSEGQ8S1.js          [39m[1m[2m  7.18 kB[22m[1m[22m[2m Ôöé gzip:   2.28 kB[22m
[2m../dist/public/[22m[36massets/EditServiceInvoice-EN6N8A3H.js           [39m[1m[2m  7.19 kB[22m[1m[22m[2m Ôöé gzip:   2.38 kB[22m
[2m../dist/public/[22m[36massets/OrgEditServiceInvoice-__qkNAi8.js        [39m[1m[2m  7.19 kB[22m[1m[22m[2m Ôöé gzip:   2.38 kB[22m
[2m../dist/public/[22m[36massets/OrgInvoiceDetail-CtfU9RXY.js             [39m[1m[2m  7.24 kB[22m[1m[22m[2m Ôöé gzip:   1.99 kB[22m
[2m../dist/public/[22m[36massets/Benefits-c5S4iwFJ.js                     [39m[1m[2m  7.31 kB[22m[1m[22m[2m Ôöé gzip:   2.20 kB[22m
[2m../dist/public/[22m[36massets/OrgCreateContract-5exJzJvc.js            [39m[1m[2m  7.33 kB[22m[1m[22m[2m Ôöé gzip:   2.14 kB[22m
[2m../dist/public/[22m[36massets/Signup-DBNd1oX1.js                       [39m[1m[2m  7.36 kB[22m[1m[22m[2m Ôöé gzip:   2.29 kB[22m
[2m../dist/public/[22m[36massets/ChartOfAccountsHierarchy-wnJQil0K.js     [39m[1m[2m  7.45 kB[22m[1m[22m[2m Ôöé gzip:   2.02 kB[22m
[2m../dist/public/[22m[36massets/ExpenseBudgetReport-C7-WvMHv.js          [39m[1m[2m  7.51 kB[22m[1m[22m[2m Ôöé gzip:   2.64 kB[22m
[2m../dist/public/[22m[36massets/OrgHR-D74z52S_.js                        [39m[1m[2m  7.51 kB[22m[1m[22m[2m Ôöé gzip:   2.39 kB[22m
[2m../dist/public/[22m[36massets/OrgCreateProject-Bh94DR9d.js             [39m[1m[2m  7.53 kB[22m[1m[22m[2m Ôöé gzip:   2.41 kB[22m
[2m../dist/public/[22m[36massets/Warehouses-CQPqWxg6.js                   [39m[1m[2m  7.54 kB[22m[1m[22m[2m Ôöé gzip:   2.31 kB[22m
[2m../dist/public/[22m[36massets/SystemHealth-QVCKBR1N.js                 [39m[1m[2m  7.56 kB[22m[1m[22m[2m Ôöé gzip:   1.75 kB[22m
[2m../dist/public/[22m[36massets/HRAnalyticsPage-DwGuAstL.js              [39m[1m[2m  7.57 kB[22m[1m[22m[2m Ôöé gzip:   2.07 kB[22m
[2m../dist/public/[22m[36massets/Products-DZCQogcr.js                     [39m[1m[2m  7.68 kB[22m[1m[22m[2m Ôöé gzip:   2.65 kB[22m
[2m../dist/public/[22m[36massets/OrgProducts-CiwmxiUr.js                  [39m[1m[2m  7.68 kB[22m[1m[22m[2m Ôöé gzip:   2.65 kB[22m
[2m../dist/public/[22m[36massets/locations-CtzeVEdQ.js                    [39m[1m[2m  7.69 kB[22m[1m[22m[2m Ôöé gzip:   2.76 kB[22m
[2m../dist/public/[22m[36massets/AllowancesDeductions-0qHY-p1R.js         [39m[1m[2m  7.70 kB[22m[1m[22m[2m Ôöé gzip:   2.38 kB[22m
[2m../dist/public/[22m[36massets/TermsAndConditions-C8yAYsJN.js           [39m[1m[2m  7.76 kB[22m[1m[22m[2m Ôöé gzip:   2.64 kB[22m
[2m../dist/public/[22m[36massets/LeaveManagement-CMmRKbJn.js              [39m[1m[2m  7.77 kB[22m[1m[22m[2m Ôöé gzip:   2.50 kB[22m
[2m../dist/public/[22m[36massets/Contact-CA4cGbI8.js                      [39m[1m[2m  7.77 kB[22m[1m[22m[2m Ôöé gzip:   2.77 kB[22m
[2m../dist/public/[22m[36massets/HR-Cn2ZQUFm.js                           [39m[1m[2m  7.79 kB[22m[1m[22m[2m Ôöé gzip:   2.51 kB[22m
[2m../dist/public/[22m[36massets/ProposalTemplates-Prk88XBe.js            [39m[1m[2m  7.79 kB[22m[1m[22m[2m Ôöé gzip:   2.50 kB[22m
[2m../dist/public/[22m[36massets/OrgWorkOrderDetail-CxNvR3lG.js           [39m[1m[2m  7.80 kB[22m[1m[22m[2m Ôöé gzip:   1.95 kB[22m
[2m../dist/public/[22m[36massets/EditService-BRsJtR4k.js                  [39m[1m[2m  7.85 kB[22m[1m[22m[2m Ôöé gzip:   2.55 kB[22m
[2m../dist/public/[22m[36massets/OrgEditService-bF8I111i.js               [39m[1m[2m  7.85 kB[22m[1m[22m[2m Ôöé gzip:   2.55 kB[22m
[2m../dist/public/[22m[36massets/PayrollDetails-m7qYjH2a.js               [39m[1m[2m  7.88 kB[22m[1m[22m[2m Ôöé gzip:   2.05 kB[22m
[2m../dist/public/[22m[36massets/OrgPayrollDetails-Cupf_-s5.js            [39m[1m[2m  7.88 kB[22m[1m[22m[2m Ôöé gzip:   2.05 kB[22m
[2m../dist/public/[22m[36massets/DisciplinaryRecords-ChRfWxfV.js          [39m[1m[2m  7.88 kB[22m[1m[22m[2m Ôöé gzip:   2.44 kB[22m
[2m../dist/public/[22m[36massets/OrgCRM-CC4JcxOI.js                       [39m[1m[2m  7.93 kB[22m[1m[22m[2m Ôöé gzip:   2.50 kB[22m
[2m../dist/public/[22m[36massets/HRAdminDashboard-44ouZCSi.js             [39m[1m[2m  7.95 kB[22m[1m[22m[2m Ôöé gzip:   2.36 kB[22m
[2m../dist/public/[22m[36massets/OrgEditProject-hDfUMIMQ.js               [39m[1m[2m  7.99 kB[22m[1m[22m[2m Ôöé gzip:   2.35 kB[22m
[2m../dist/public/[22m[36massets/EditCreditNote-B1CMbAjJ.js               [39m[1m[2m  8.00 kB[22m[1m[22m[2m Ôöé gzip:   2.59 kB[22m
[2m../dist/public/[22m[36massets/OrgEditCreditNote-DlgFwzPy.js            [39m[1m[2m  8.00 kB[22m[1m[22m[2m Ôöé gzip:   2.59 kB[22m
[2m../dist/public/[22m[36massets/FinancialDashboard-LqiQLBMS.js           [39m[1m[2m  8.03 kB[22m[1m[22m[2m Ôöé gzip:   2.55 kB[22m
[2m../dist/public/[22m[36massets/Accounting-prrMQoN4.js                   [39m[1m[2m  8.04 kB[22m[1m[22m[2m Ôöé gzip:   2.56 kB[22m
[2m../dist/public/[22m[36massets/OrgFinancialDashboard-DBqVNd5H.js        [39m[1m[2m  8.05 kB[22m[1m[22m[2m Ôöé gzip:   2.52 kB[22m
[2m../dist/public/[22m[36massets/ContractTemplates-BFLjJ_5n.js            [39m[1m[2m  8.11 kB[22m[1m[22m[2m Ôöé gzip:   2.58 kB[22m
[2m../dist/public/[22m[36massets/OrgContractTemplates-BofMNwzO.js         [39m[1m[2m  8.11 kB[22m[1m[22m[2m Ôöé gzip:   2.58 kB[22m
[2m../dist/public/[22m[36massets/UserGuide-BY9X-PgH.js                    [39m[1m[2m  8.15 kB[22m[1m[22m[2m Ôöé gzip:   3.04 kB[22m
[2m../dist/public/[22m[36massets/PerformanceReviews-RxpKW5y9.js           [39m[1m[2m  8.18 kB[22m[1m[22m[2m Ôöé gzip:   2.64 kB[22m
[2m../dist/public/[22m[36massets/OrgPerformanceReviews-Kd3BJtm6.js        [39m[1m[2m  8.18 kB[22m[1m[22m[2m Ôöé gzip:   2.64 kB[22m
[2m../dist/public/[22m[36massets/TaskDetails-ChuPK1ou.js                  [39m[1m[2m  8.21 kB[22m[1m[22m[2m Ôöé gzip:   2.23 kB[22m
[2m../dist/public/[22m[36massets/OrgProjects-D0tZP9Lc.js                  [39m[1m[2m  8.25 kB[22m[1m[22m[2m Ôöé gzip:   2.72 kB[22m
[2m../dist/public/[22m[36massets/Notes-B7sRCVPn.js                        [39m[1m[2m  8.38 kB[22m[1m[22m[2m Ôöé gzip:   2.71 kB[22m
[2m../dist/public/[22m[36massets/IntegrationGuides-C3wGHXvX.js            [39m[1m[2m  8.55 kB[22m[1m[22m[2m Ôöé gzip:   3.17 kB[22m
[2m../dist/public/[22m[36massets/EstimateDetails-QhRlAnXi.js              [39m[1m[2m  8.77 kB[22m[1m[22m[2m Ôöé gzip:   2.73 kB[22m
[2m../dist/public/[22m[36massets/AccountingManagement-jtyLnCBp.js         [39m[1m[2m  8.81 kB[22m[1m[22m[2m Ôöé gzip:   2.32 kB[22m
[2m../dist/public/[22m[36massets/UiElements-CoO1pncC.js                   [39m[1m[2m  8.86 kB[22m[1m[22m[2m Ôöé gzip:   2.86 kB[22m
[2m../dist/public/[22m[36massets/AssetManagement-DDMo3Gy0.js              [39m[1m[2m  8.90 kB[22m[1m[22m[2m Ôöé gzip:   2.80 kB[22m
[2m../dist/public/[22m[36massets/CSVImportExport-Yodze1fj.js              [39m[1m[2m  8.90 kB[22m[1m[22m[2m Ôöé gzip:   3.02 kB[22m
[2m../dist/public/[22m[36massets/EnhancedReceiptManagement-Q-Q8uReW.js    [39m[1m[2m  8.91 kB[22m[1m[22m[2m Ôöé gzip:   3.16 kB[22m
[2m../dist/public/[22m[36massets/LeadsDetails-631AsF4L.js                 [39m[1m[2m  8.93 kB[22m[1m[22m[2m Ôöé gzip:   2.54 kB[22m
[2m../dist/public/[22m[36massets/OverduePayments-DJM1DlY1.js              [39m[1m[2m  8.98 kB[22m[1m[22m[2m Ôöé gzip:   2.64 kB[22m
[2m../dist/public/[22m[36massets/Payments-Cf4UYHll.js                     [39m[1m[2m  9.04 kB[22m[1m[22m[2m Ôöé gzip:   3.33 kB[22m
[2m../dist/public/[22m[36massets/OrgPayments-BXQLss6k.js                  [39m[1m[2m  9.04 kB[22m[1m[22m[2m Ôöé gzip:   3.33 kB[22m
[2m../dist/public/[22m[36massets/ActivityTrail-0L0I-XRI.js                [39m[1m[2m  9.05 kB[22m[1m[22m[2m Ôöé gzip:   2.70 kB[22m
[2m../dist/public/[22m[36massets/RecurringInvoices-CFAXz-Dj.js            [39m[1m[2m  9.06 kB[22m[1m[22m[2m Ôöé gzip:   2.77 kB[22m
[2m../dist/public/[22m[36massets/CreateCreditNote-DiQNppPG.js             [39m[1m[2m  9.08 kB[22m[1m[22m[2m Ôöé gzip:   2.82 kB[22m
[2m../dist/public/[22m[36massets/OrgCreateCreditNote-DFWbfij-.js          [39m[1m[2m  9.08 kB[22m[1m[22m[2m Ôöé gzip:   2.82 kB[22m
[2m../dist/public/[22m[36massets/PaymentReconciliation-CEKWWRuV.js        [39m[1m[2m  9.20 kB[22m[1m[22m[2m Ôöé gzip:   2.94 kB[22m
[2m../dist/public/[22m[36massets/PrivacyPolicy-i3BgH0E-.js                [39m[1m[2m  9.21 kB[22m[1m[22m[2m Ôöé gzip:   2.83 kB[22m
[2m../dist/public/[22m[36massets/PayrollApprovals-BpWOVPw7.js             [39m[1m[2m  9.21 kB[22m[1m[22m[2m Ôöé gzip:   2.71 kB[22m
[2m../dist/public/[22m[36massets/Opportunities-CWbM7hnm.js                [39m[1m[2m  9.23 kB[22m[1m[22m[2m Ôöé gzip:   3.28 kB[22m
[2m../dist/public/[22m[36massets/BillingDashboard-p95ym8qC.js             [39m[1m[2m  9.30 kB[22m[1m[22m[2m Ôöé gzip:   3.15 kB[22m
[2m../dist/public/[22m[36massets/DepartmentPayrollReports-lKqgjxuy.js     [39m[1m[2m  9.31 kB[22m[1m[22m[2m Ôöé gzip:   2.96 kB[22m
[2m../dist/public/[22m[36massets/Quotes-B0lwZIrn.js                       [39m[1m[2m  9.34 kB[22m[1m[22m[2m Ôöé gzip:   3.38 kB[22m
[2m../dist/public/[22m[36massets/HRAnalytics-ChYongpl.js                  [39m[1m[2m  9.37 kB[22m[1m[22m[2m Ôöé gzip:   2.74 kB[22m
[2m../dist/public/[22m[36massets/About-CWYta7vM.js                        [39m[1m[2m  9.44 kB[22m[1m[22m[2m Ôöé gzip:   3.53 kB[22m
[2m../dist/public/[22m[36massets/OrgPricing-D8z_Oj1c.js                   [39m[1m[2m  9.50 kB[22m[1m[22m[2m Ôöé gzip:   3.40 kB[22m
[2m../dist/public/[22m[36massets/CreatePayment-BLKH56iE.js                [39m[1m[2m  9.56 kB[22m[1m[22m[2m Ôöé gzip:   3.02 kB[22m
[2m../dist/public/[22m[36massets/OrgTicketDetail-C2BKKioH.js              [39m[1m[2m  9.59 kB[22m[1m[22m[2m Ôöé gzip:   2.25 kB[22m
[2m../dist/public/[22m[36massets/OrgInventory-BFrvJ8B-.js                 [39m[1m[2m  9.60 kB[22m[1m[22m[2m Ôöé gzip:   3.07 kB[22m
[2m../dist/public/[22m[36massets/OrgDeliveryNotes-CMzeATu-.js             [39m[1m[2m  9.72 kB[22m[1m[22m[2m Ôöé gzip:   3.30 kB[22m
[2m../dist/public/[22m[36massets/Onboarding-DQdB7RQo.js                   [39m[1m[2m  9.81 kB[22m[1m[22m[2m Ôöé gzip:   2.80 kB[22m
[2m../dist/public/[22m[36massets/DeliveryNotes-BpVhCSRh.js                [39m[1m[2m  9.81 kB[22m[1m[22m[2m Ôöé gzip:   3.31 kB[22m
[2m../dist/public/[22m[36massets/EditUser-5-axZd7F.js                     [39m[1m[2m  9.84 kB[22m[1m[22m[2m Ôöé gzip:   2.98 kB[22m
[2m../dist/public/[22m[36massets/CommunicationDetails-Ss8wbQwb.js         [39m[1m[2m  9.88 kB[22m[1m[22m[2m Ôöé gzip:   2.87 kB[22m
[2m../dist/public/[22m[36massets/AdminCronJobs-CfSQ5Rp-.js                [39m[1m[2m  9.89 kB[22m[1m[22m[2m Ôöé gzip:   3.18 kB[22m
[2m../dist/public/[22m[36massets/ProjectMilestones-m48kbFnt.js            [39m[1m[2m  9.97 kB[22m[1m[22m[2m Ôöé gzip:   2.99 kB[22m
[2m../dist/public/[22m[36massets/Estimates-BbLgGpHR.js                    [39m[1m[2m  9.98 kB[22m[1m[22m[2m Ôöé gzip:   3.66 kB[22m
[2m../dist/public/[22m[36massets/CreateUser-DAA3CLZl.js                   [39m[1m[2m 10.02 kB[22m[1m[22m[2m Ôöé gzip:   3.21 kB[22m
[2m../dist/public/[22m[36massets/Expenses-BF2IYeDz.js                     [39m[1m[2m 10.04 kB[22m[1m[22m[2m Ôöé gzip:   3.51 kB[22m
[2m../dist/public/[22m[36massets/OrgExpenses-CjRy4O-e.js                  [39m[1m[2m 10.04 kB[22m[1m[22m[2m Ôöé gzip:   3.51 kB[22m
[2m../dist/public/[22m[36massets/Inventory-CrJD8oUX.js                    [39m[1m[2m 10.08 kB[22m[1m[22m[2m Ôöé gzip:   3.25 kB[22m
[2m../dist/public/[22m[36massets/Receipts-B-nA4njf.js                     [39m[1m[2m 10.14 kB[22m[1m[22m[2m Ôöé gzip:   3.58 kB[22m
[2m../dist/public/[22m[36massets/ClientForm-BY_pjL6y.js                   [39m[1m[2m 10.15 kB[22m[1m[22m[2m Ôöé gzip:   2.41 kB[22m
[2m../dist/public/[22m[36massets/OrgExpenseDetail-CKqM2vbN.js             [39m[1m[2m 10.25 kB[22m[1m[22m[2m Ôöé gzip:   2.77 kB[22m
[2m../dist/public/[22m[36massets/AccountantDashboard-DqOK_EB-.js          [39m[1m[2m 10.26 kB[22m[1m[22m[2m Ôöé gzip:   3.10 kB[22m
[2m../dist/public/[22m[36massets/Integrations-BcqzfzR9.js                 [39m[1m[2m 10.33 kB[22m[1m[22m[2m Ôöé gzip:   3.08 kB[22m
[2m../dist/public/[22m[36massets/HRAutomation-BFOgcYym.js                 [39m[1m[2m 10.33 kB[22m[1m[22m[2m Ôöé gzip:   2.79 kB[22m
[2m../dist/public/[22m[36massets/PaymentReports-BvfFkWWc.js               [39m[1m[2m 10.37 kB[22m[1m[22m[2m Ôöé gzip:   2.97 kB[22m
[2m../dist/public/[22m[36massets/SupplierForm-CwNImfP6.js                 [39m[1m[2m 10.38 kB[22m[1m[22m[2m Ôöé gzip:   2.71 kB[22m
[2m../dist/public/[22m[36massets/HRAnalyticsDashboard-a7rhjH-z.js         [39m[1m[2m 10.39 kB[22m[1m[22m[2m Ôöé gzip:   2.77 kB[22m
[2m../dist/public/[22m[36massets/OrgEstimates-B8zd6YeC.js                 [39m[1m[2m 10.40 kB[22m[1m[22m[2m Ôöé gzip:   3.75 kB[22m
[2m../dist/public/[22m[36massets/PaymentPlans-BCxFSQ7-.js                 [39m[1m[2m 10.48 kB[22m[1m[22m[2m Ôöé gzip:   3.22 kB[22m
[2m../dist/public/[22m[36massets/GlobalSettings-BIrRgDlQ.js               [39m[1m[2m 10.48 kB[22m[1m[22m[2m Ôöé gzip:   3.03 kB[22m
[2m../dist/public/[22m[36massets/ReportBuilder-B_l8UoMk.js                [39m[1m[2m 10.49 kB[22m[1m[22m[2m Ôöé gzip:   2.77 kB[22m
[2m../dist/public/[22m[36massets/OrgReceipts-L9Js2D6B.js                  [39m[1m[2m 10.57 kB[22m[1m[22m[2m Ôöé gzip:   3.68 kB[22m
[2m../dist/public/[22m[36massets/CreateServiceTemplate-0FK1HZJ_.js        [39m[1m[2m 10.58 kB[22m[1m[22m[2m Ôöé gzip:   2.98 kB[22m
[2m../dist/public/[22m[36massets/GRN-Dq4R9HUk.js                          [39m[1m[2m 10.58 kB[22m[1m[22m[2m Ôöé gzip:   3.32 kB[22m
[2m../dist/public/[22m[36massets/OrgGRN-DMbykr31.js                       [39m[1m[2m 10.58 kB[22m[1m[22m[2m Ôöé gzip:   3.32 kB[22m
[2m../dist/public/[22m[36massets/CreateProject-RABIQVpM.js                [39m[1m[2m 10.64 kB[22m[1m[22m[2m Ôöé gzip:   3.29 kB[22m
[2m../dist/public/[22m[36massets/OrgQuotations-Bbe1WNIT.js                [39m[1m[2m 10.64 kB[22m[1m[22m[2m Ôöé gzip:   3.56 kB[22m
[2m../dist/public/[22m[36massets/CannedResponses-BHkpdiFd.js              [39m[1m[2m 10.64 kB[22m[1m[22m[2m Ôöé gzip:   3.08 kB[22m
[2m../dist/public/[22m[36massets/OrgCannedResponses-DvymvShi.js           [39m[1m[2m 10.64 kB[22m[1m[22m[2m Ôöé gzip:   3.08 kB[22m
[2m../dist/public/[22m[36massets/BudgetDetail-CC26xF5t.js                 [39m[1m[2m 10.67 kB[22m[1m[22m[2m Ôöé gzip:   3.34 kB[22m
[2m../dist/public/[22m[36massets/OrgBudgetDetail-BImF82kf.js              [39m[1m[2m 10.67 kB[22m[1m[22m[2m Ôöé gzip:   3.34 kB[22m
[2m../dist/public/[22m[36massets/DashboardHome-BizaVYsL.js                [39m[1m[2m 10.69 kB[22m[1m[22m[2m Ôöé gzip:   3.10 kB[22m
[2m../dist/public/[22m[36massets/EditPayment-D61XOLNi.js                  [39m[1m[2m 10.73 kB[22m[1m[22m[2m Ôöé gzip:   3.22 kB[22m
[2m../dist/public/[22m[36massets/OrgEditPayment-GLSjytfW.js               [39m[1m[2m 10.73 kB[22m[1m[22m[2m Ôöé gzip:   3.22 kB[22m
[2m../dist/public/[22m[36massets/CreateOpportunity-D4q6IrUR.js            [39m[1m[2m 10.80 kB[22m[1m[22m[2m Ôöé gzip:   3.26 kB[22m
[2m../dist/public/[22m[36massets/EmployeeContracts-Bk1voJj8.js            [39m[1m[2m 10.82 kB[22m[1m[22m[2m Ôöé gzip:   2.61 kB[22m
[2m../dist/public/[22m[36massets/TenantCommunications-DI3C7wQG.js         [39m[1m[2m 10.84 kB[22m[1m[22m[2m Ôöé gzip:   3.11 kB[22m
[2m../dist/public/[22m[36massets/EditPayroll-FVAVyN0W.js                  [39m[1m[2m 10.90 kB[22m[1m[22m[2m Ôöé gzip:   3.18 kB[22m
[2m../dist/public/[22m[36massets/OrgEditPayroll-5jjNHjWP.js               [39m[1m[2m 10.90 kB[22m[1m[22m[2m Ôöé gzip:   3.18 kB[22m
[2m../dist/public/[22m[36massets/Payslips-Bv7pd3rj.js                     [39m[1m[2m 10.93 kB[22m[1m[22m[2m Ôöé gzip:   3.27 kB[22m
[2m../dist/public/[22m[36massets/OrgDashboardHome-CPOgDWqk.js             [39m[1m[2m 11.03 kB[22m[1m[22m[2m Ôöé gzip:   3.28 kB[22m
[2m../dist/public/[22m[36massets/ProcurementLPOs-CmeFJALB.js              [39m[1m[2m 11.03 kB[22m[1m[22m[2m Ôöé gzip:   3.01 kB[22m
[2m../dist/public/[22m[36massets/LPOs-DN4fHDJt.js                         [39m[1m[2m 11.09 kB[22m[1m[22m[2m Ôöé gzip:   4.03 kB[22m
[2m../dist/public/[22m[36massets/MaintenanceAdmin-BW4N-84l.js             [39m[1m[2m 11.13 kB[22m[1m[22m[2m Ôöé gzip:   3.37 kB[22m
[2m../dist/public/[22m[36massets/CustomReportBuilder-0hVZYUid.js          [39m[1m[2m 11.16 kB[22m[1m[22m[2m Ôöé gzip:   3.32 kB[22m
[2m../dist/public/[22m[36massets/Quotations-7YXgcvS8.js                   [39m[1m[2m 11.23 kB[22m[1m[22m[2m Ôöé gzip:   3.73 kB[22m
[2m../dist/public/[22m[36massets/TimeTracking-Dv6RIJRn.js                 [39m[1m[2m 11.30 kB[22m[1m[22m[2m Ôöé gzip:   3.34 kB[22m
[2m../dist/public/[22m[36massets/ContractManagement-Q610TvEo.js           [39m[1m[2m 11.36 kB[22m[1m[22m[2m Ôöé gzip:   3.28 kB[22m
[2m../dist/public/[22m[36massets/OrgLPOs-mVDGYE5l.js                      [39m[1m[2m 11.37 kB[22m[1m[22m[2m Ôöé gzip:   4.08 kB[22m
[2m../dist/public/[22m[36massets/OrgProjectDetail-1TdB7T8e.js             [39m[1m[2m 11.44 kB[22m[1m[22m[2m Ôöé gzip:   3.61 kB[22m
[2m../dist/public/[22m[36massets/OrgContacts-gql6DQpJ.js                  [39m[1m[2m 11.45 kB[22m[1m[22m[2m Ôöé gzip:   3.67 kB[22m
[2m../dist/public/[22m[36massets/QuoteDetails-DSEIbZPb.js                 [39m[1m[2m 11.46 kB[22m[1m[22m[2m Ôöé gzip:   3.16 kB[22m
[2m../dist/public/[22m[36massets/Suppliers-CVJu6U02.js                    [39m[1m[2m 11.49 kB[22m[1m[22m[2m Ôöé gzip:   4.20 kB[22m
[2m../dist/public/[22m[36massets/Contacts-Ayo6uFpe.js                     [39m[1m[2m 11.52 kB[22m[1m[22m[2m Ôöé gzip:   3.70 kB[22m
[2m../dist/public/[22m[36massets/ProcurementImprests-CuwlMvtB.js          [39m[1m[2m 11.60 kB[22m[1m[22m[2m Ôöé gzip:   2.85 kB[22m
[2m../dist/public/[22m[36massets/SystemSettings-DkeZCo2R.js               [39m[1m[2m 11.62 kB[22m[1m[22m[2m Ôöé gzip:   3.18 kB[22m
[2m../dist/public/[22m[36massets/EnterpriseTenantsManagement-C0Evyf73.js  [39m[1m[2m 11.63 kB[22m[1m[22m[2m Ôöé gzip:   3.31 kB[22m
[2m../dist/public/[22m[36massets/FileManager-C1TkR0dS.js                  [39m[1m[2m 11.68 kB[22m[1m[22m[2m Ôöé gzip:   4.02 kB[22m
[2m../dist/public/[22m[36massets/KPITracking-aqnQwYv3.js                  [39m[1m[2m 11.69 kB[22m[1m[22m[2m Ôöé gzip:   3.11 kB[22m
[2m../dist/public/[22m[36massets/EnhancedChangePassword-5oUvVuKK.js       [39m[1m[2m 11.73 kB[22m[1m[22m[2m Ôöé gzip:   2.95 kB[22m
[2m../dist/public/[22m[36massets/UnifiedLanding-lCz_IAf3.js               [39m[1m[2m 11.89 kB[22m[1m[22m[2m Ôöé gzip:   3.15 kB[22m
[2m../dist/public/[22m[36massets/WorkflowAutomation-dwY5ESUH.js           [39m[1m[2m 11.97 kB[22m[1m[22m[2m Ôöé gzip:   3.37 kB[22m
[2m../dist/public/[22m[36massets/Training-MWULeMYV.js                     [39m[1m[2m 11.99 kB[22m[1m[22m[2m Ôöé gzip:   3.43 kB[22m
[2m../dist/public/[22m[36massets/SubscriptionDetails-C_LYLA99.js          [39m[1m[2m 12.04 kB[22m[1m[22m[2m Ôöé gzip:   2.92 kB[22m
[2m../dist/public/[22m[36massets/CustomerPortal-BvW0Aiwu.js               [39m[1m[2m 12.06 kB[22m[1m[22m[2m Ôöé gzip:   2.91 kB[22m
[2m../dist/public/[22m[36massets/RecurringExpenses-CSJ3stgb.js            [39m[1m[2m 12.15 kB[22m[1m[22m[2m Ôöé gzip:   3.77 kB[22m
[2m../dist/public/[22m[36massets/OrganizationUsersManagement-pM8kKhSs.js  [39m[1m[2m 12.18 kB[22m[1m[22m[2m Ôöé gzip:   3.46 kB[22m
[2m../dist/public/[22m[36massets/SalesPipeline-DaQEnOda.js                [39m[1m[2m 12.22 kB[22m[1m[22m[2m Ôöé gzip:   3.62 kB[22m
[2m../dist/public/[22m[36massets/OrgSalesPipeline-qSgXOi9L.js             [39m[1m[2m 12.22 kB[22m[1m[22m[2m Ôöé gzip:   3.62 kB[22m
[2m../dist/public/[22m[36massets/Projects-DYZAvVEN.js                     [39m[1m[2m 12.26 kB[22m[1m[22m[2m Ôöé gzip:   3.63 kB[22m
[2m../dist/public/[22m[36massets/ServiceDetails-BSfVotn0.js               [39m[1m[2m 12.27 kB[22m[1m[22m[2m Ôöé gzip:   3.18 kB[22m
[2m../dist/public/[22m[36massets/Demo-FCuXyOHi.js                         [39m[1m[2m 12.37 kB[22m[1m[22m[2m Ôöé gzip:   3.80 kB[22m
[2m../dist/public/[22m[36massets/Features-UUVXW21y.js                     [39m[1m[2m 12.65 kB[22m[1m[22m[2m Ôöé gzip:   4.43 kB[22m
[2m../dist/public/[22m[36massets/OrgTimesheets-DJgV_eQp.js                [39m[1m[2m 12.84 kB[22m[1m[22m[2m Ôöé gzip:   3.88 kB[22m
[2m../dist/public/[22m[36massets/Timesheets-BIQiPgwH.js                   [39m[1m[2m 12.84 kB[22m[1m[22m[2m Ôöé gzip:   3.88 kB[22m
[2m../dist/public/[22m[36massets/NotificationCenter-D1_CnaOT.js           [39m[1m[2m 12.87 kB[22m[1m[22m[2m Ôöé gzip:   3.33 kB[22m
[2m../dist/public/[22m[36massets/Account-xgkQqnGT.js                      [39m[1m[2m 12.87 kB[22m[1m[22m[2m Ôöé gzip:   3.34 kB[22m
[2m../dist/public/[22m[36massets/ExecutiveDashboard-CYvDI_r3.js           [39m[1m[2m 12.88 kB[22m[1m[22m[2m Ôöé gzip:   3.37 kB[22m
[2m../dist/public/[22m[36massets/OrgJobGroups-C5PJpHLX.js                 [39m[1m[2m 12.95 kB[22m[1m[22m[2m Ôöé gzip:   3.43 kB[22m
[2m../dist/public/[22m[36massets/ReceiptDetails-CDgvWOLk.js               [39m[1m[2m 13.06 kB[22m[1m[22m[2m Ôöé gzip:   3.43 kB[22m
[2m../dist/public/[22m[36massets/Proposals-DSL428r-.js                    [39m[1m[2m 13.11 kB[22m[1m[22m[2m Ôöé gzip:   4.02 kB[22m
[2m../dist/public/[22m[36massets/OrgProposals-C7pIUhwb.js                 [39m[1m[2m 13.11 kB[22m[1m[22m[2m Ôöé gzip:   4.02 kB[22m
[2m../dist/public/[22m[36massets/OrgDashboard-DmMylY_C.js                 [39m[1m[2m 13.20 kB[22m[1m[22m[2m Ôöé gzip:   3.91 kB[22m
[2m../dist/public/[22m[36massets/ProcurementOrders-CL1g9Q68.js            [39m[1m[2m 13.25 kB[22m[1m[22m[2m Ôöé gzip:   3.29 kB[22m
[2m../dist/public/[22m[36massets/Recruitment-DVepraK8.js                  [39m[1m[2m 13.36 kB[22m[1m[22m[2m Ôöé gzip:   3.23 kB[22m
[2m../dist/public/[22m[36massets/EditProject-DAbMxGV2.js                  [39m[1m[2m 13.42 kB[22m[1m[22m[2m Ôöé gzip:   3.93 kB[22m
[2m../dist/public/[22m[36massets/OrgSuppliers-DMg320Q5.js                 [39m[1m[2m 13.43 kB[22m[1m[22m[2m Ôöé gzip:   4.43 kB[22m
[2m../dist/public/[22m[36massets/OrgLeads-fDnb1tVV.js                     [39m[1m[2m 13.45 kB[22m[1m[22m[2m Ôöé gzip:   3.75 kB[22m
[2m../dist/public/[22m[36massets/OrgTasks-Be3wf_um.js                     [39m[1m[2m 13.45 kB[22m[1m[22m[2m Ôöé gzip:   3.79 kB[22m
[2m../dist/public/[22m[36massets/Tasks-GAkrnmLH.js                        [39m[1m[2m 13.45 kB[22m[1m[22m[2m Ôöé gzip:   3.79 kB[22m
[2m../dist/public/[22m[36massets/Leads-Dyf9zLoD.js                        [39m[1m[2m 13.45 kB[22m[1m[22m[2m Ôöé gzip:   3.75 kB[22m
[2m../dist/public/[22m[36massets/OrgCommunications-DjdyUpkR.js            [39m[1m[2m 13.51 kB[22m[1m[22m[2m Ôöé gzip:   3.58 kB[22m
[2m../dist/public/[22m[36massets/ChartOfAccounts-T6a63vJF.js              [39m[1m[2m 13.59 kB[22m[1m[22m[2m Ôöé gzip:   4.10 kB[22m
[2m../dist/public/[22m[36massets/OrgChartOfAccounts-B0L2_Kdm.js           [39m[1m[2m 13.59 kB[22m[1m[22m[2m Ôöé gzip:   4.10 kB[22m
[2m../dist/public/[22m[36massets/CreatePayroll-XLf1D0l8.js                [39m[1m[2m 13.64 kB[22m[1m[22m[2m Ôöé gzip:   3.11 kB[22m
[2m../dist/public/[22m[36massets/OrgCreatePayroll-o5NnUidm.js             [39m[1m[2m 13.64 kB[22m[1m[22m[2m Ôöé gzip:   3.11 kB[22m
[2m../dist/public/[22m[36massets/ExpensesDetails-0vtftCmu.js              [39m[1m[2m 13.64 kB[22m[1m[22m[2m Ôöé gzip:   3.98 kB[22m
[2m../dist/public/[22m[36massets/Tickets-C7sSAcrs.js                      [39m[1m[2m 13.65 kB[22m[1m[22m[2m Ôöé gzip:   4.15 kB[22m
[2m../dist/public/[22m[36massets/OrgTickets-W7poO8k3.js                   [39m[1m[2m 13.65 kB[22m[1m[22m[2m Ôöé gzip:   4.15 kB[22m
[2m../dist/public/[22m[36massets/TroubleshootingGuide-aHRslC4f.js         [39m[1m[2m 13.85 kB[22m[1m[22m[2m Ôöé gzip:   4.85 kB[22m
[2m../dist/public/[22m[36massets/BackupRestore-DL71U-dc.js                [39m[1m[2m 13.89 kB[22m[1m[22m[2m Ôöé gzip:   3.27 kB[22m
[2m../dist/public/[22m[36massets/OrgBilling-5cVd0IDJ.js                   [39m[1m[2m 13.94 kB[22m[1m[22m[2m Ôöé gzip:   4.04 kB[22m
[2m../dist/public/[22m[36massets/ProfessionalBudgeting-jzZdy4R0.js        [39m[1m[2m 13.96 kB[22m[1m[22m[2m Ôöé gzip:   4.00 kB[22m
[2m../dist/public/[22m[36massets/Pricing-C4Xa_Bs5.js                      [39m[1m[2m 14.20 kB[22m[1m[22m[2m Ôöé gzip:   4.56 kB[22m
[2m../dist/public/[22m[36massets/Imprests-CURKGavg.js                     [39m[1m[2m 14.33 kB[22m[1m[22m[2m Ôöé gzip:   4.62 kB[22m
[2m../dist/public/[22m[36massets/KenyanPayrollCalculator-DYfAzRUO.js      [39m[1m[2m 14.57 kB[22m[1m[22m[2m Ôöé gzip:   3.72 kB[22m
[2m../dist/public/[22m[36massets/OrgImprests-DOM6WRWN.js                  [39m[1m[2m 14.63 kB[22m[1m[22m[2m Ôöé gzip:   4.68 kB[22m
[2m../dist/public/[22m[36massets/ThemeCustomization-DAHOUTVw.js           [39m[1m[2m 14.81 kB[22m[1m[22m[2m Ôöé gzip:   3.83 kB[22m
[2m../dist/public/[22m[36massets/Roles-B9tQBUj9.js                        [39m[1m[2m 15.06 kB[22m[1m[22m[2m Ôöé gzip:   3.60 kB[22m
[2m../dist/public/[22m[36massets/Payroll-D399hJcP.js                      [39m[1m[2m 15.06 kB[22m[1m[22m[2m Ôöé gzip:   4.15 kB[22m
[2m../dist/public/[22m[36massets/OrgPayroll-BeZhtGAp.js                   [39m[1m[2m 15.06 kB[22m[1m[22m[2m Ôöé gzip:   4.15 kB[22m
[2m../dist/public/[22m[36massets/Clients-Vm7buNhy.js                      [39m[1m[2m 15.13 kB[22m[1m[22m[2m Ôöé gzip:   4.55 kB[22m
[2m../dist/public/[22m[36massets/Communications-Qp9XGmOc.js               [39m[1m[2m 15.14 kB[22m[1m[22m[2m Ôöé gzip:   4.33 kB[22m
[2m../dist/public/[22m[36massets/SupplierDetails-DQ_K8E_D.js              [39m[1m[2m 15.21 kB[22m[1m[22m[2m Ôöé gzip:   3.26 kB[22m
[2m../dist/public/[22m[36massets/JobGroupDetails-iybXw2x8.js              [39m[1m[2m 15.38 kB[22m[1m[22m[2m Ôöé gzip:   4.18 kB[22m
[2m../dist/public/[22m[36massets/Forecasting-BwUPVXTX.js                  [39m[1m[2m 15.44 kB[22m[1m[22m[2m Ôöé gzip:   3.59 kB[22m
[2m../dist/public/[22m[36massets/OrgForecasting-D2tEvl7n.js               [39m[1m[2m 15.44 kB[22m[1m[22m[2m Ôöé gzip:   3.59 kB[22m
[2m../dist/public/[22m[36massets/OrgInvoices-DDIpag86.js                  [39m[1m[2m 15.99 kB[22m[1m[22m[2m Ôöé gzip:   5.03 kB[22m
[2m../dist/public/[22m[36massets/Invoices-4tg6Z7Xn.js                     [39m[1m[2m 16.05 kB[22m[1m[22m[2m Ôöé gzip:   5.07 kB[22m
[2m../dist/public/[22m[36massets/ClientPortal-2cw8UmFZ.js                 [39m[1m[2m 16.08 kB[22m[1m[22m[2m Ôöé gzip:   4.04 kB[22m
[2m../dist/public/[22m[36massets/JobGroups-Ckju509j.js                    [39m[1m[2m 16.21 kB[22m[1m[22m[2m Ôöé gzip:   3.90 kB[22m
[2m../dist/public/[22m[36massets/DepartmentDetails-Cx9e_Wo6.js            [39m[1m[2m 16.39 kB[22m[1m[22m[2m Ôöé gzip:   4.32 kB[22m
[2m../dist/public/[22m[36massets/OrgDepartmentDetails-Bod_VTnD.js         [39m[1m[2m 16.39 kB[22m[1m[22m[2m Ôöé gzip:   4.32 kB[22m
[2m../dist/public/[22m[36massets/OrgKnowledgeBase-vaN7oE_M.js             [39m[1m[2m 16.40 kB[22m[1m[22m[2m Ôöé gzip:   4.26 kB[22m
[2m../dist/public/[22m[36massets/KnowledgeBase-DkPvjjIF.js                [39m[1m[2m 16.40 kB[22m[1m[22m[2m Ôöé gzip:   4.26 kB[22m
[2m../dist/public/[22m[36massets/OrgClientDetail-DkPwYb2T.js              [39m[1m[2m 16.62 kB[22m[1m[22m[2m Ôöé gzip:   4.35 kB[22m
[2m../dist/public/[22m[36massets/Orders-DCmBIFP3.js                       [39m[1m[2m 16.74 kB[22m[1m[22m[2m Ôöé gzip:   4.95 kB[22m
[2m../dist/public/[22m[36massets/OrgOrders-Byae8FbW.js                    [39m[1m[2m 16.74 kB[22m[1m[22m[2m Ôöé gzip:   4.95 kB[22m
[2m../dist/public/[22m[36massets/SuperAdminDashboard-DGPFt7me.js          [39m[1m[2m 16.89 kB[22m[1m[22m[2m Ôöé gzip:   4.48 kB[22m
[2m../dist/public/[22m[36massets/WebsiteFooter-DneZesSA.js                [39m[1m[2m 16.93 kB[22m[1m[22m[2m Ôöé gzip:   4.60 kB[22m
[2m../dist/public/[22m[36massets/AdminDashboard-BMHu2UKT.js               [39m[1m[2m 16.98 kB[22m[1m[22m[2m Ôöé gzip:   4.03 kB[22m
[2m../dist/public/[22m[36massets/DocumentManagement-DCONJ6E0.js           [39m[1m[2m 17.04 kB[22m[1m[22m[2m Ôöé gzip:   4.84 kB[22m
[2m../dist/public/[22m[36massets/Subscriptions-Df4oWX5K.js                [39m[1m[2m 17.14 kB[22m[1m[22m[2m Ôöé gzip:   4.30 kB[22m
[2m../dist/public/[22m[36massets/StaffDashboard-BHD5p1Od.js               [39m[1m[2m 17.27 kB[22m[1m[22m[2m Ôöé gzip:   4.33 kB[22m
[2m../dist/public/[22m[36massets/BackupManagement-Bjg_e05Z.js             [39m[1m[2m 17.31 kB[22m[1m[22m[2m Ôöé gzip:   4.84 kB[22m
[2m../dist/public/[22m[36massets/documentTemplate-C1To6Bzg.js             [39m[1m[2m 17.35 kB[22m[1m[22m[2m Ôöé gzip:   4.20 kB[22m
[2m../dist/public/[22m[36massets/BecomeAPartner-BXXwHmCo.js               [39m[1m[2m 17.41 kB[22m[1m[22m[2m Ôöé gzip:   5.29 kB[22m
[2m../dist/public/[22m[36massets/AccountSettings-Dzfhu3k2.js              [39m[1m[2m 18.19 kB[22m[1m[22m[2m Ôöé gzip:   4.47 kB[22m
[2m../dist/public/[22m[36massets/AIHub-2zW_JoGb.js                        [39m[1m[2m 18.65 kB[22m[1m[22m[2m Ôöé gzip:   4.64 kB[22m
[2m../dist/public/[22m[36massets/CustomHomepageBuilder-Db6j9Nec.js        [39m[1m[2m 18.87 kB[22m[1m[22m[2m Ôöé gzip:   5.09 kB[22m
[2m../dist/public/[22m[36massets/BrandCustomization-B_bDCb81.js           [39m[1m[2m 18.93 kB[22m[1m[22m[2m Ôöé gzip:   4.36 kB[22m
[2m../dist/public/[22m[36massets/BookADemo-CJ4KDwPq.js                    [39m[1m[2m 19.11 kB[22m[1m[22m[2m Ôöé gzip:   5.13 kB[22m
[2m../dist/public/[22m[36massets/EditExpense-BKJpu0if.js                  [39m[1m[2m 19.35 kB[22m[1m[22m[2m Ôöé gzip:   5.26 kB[22m
[2m../dist/public/[22m[36massets/OrgEditExpense-CAUnUyDH.js               [39m[1m[2m 19.35 kB[22m[1m[22m[2m Ôöé gzip:   5.26 kB[22m
[2m../dist/public/[22m[36massets/Approvals-CyhogSWO.js                    [39m[1m[2m 19.97 kB[22m[1m[22m[2m Ôöé gzip:   4.90 kB[22m
[2m../dist/public/[22m[36massets/OrgApprovals-CJ623Jad.js                 [39m[1m[2m 19.97 kB[22m[1m[22m[2m Ôöé gzip:   4.90 kB[22m
[2m../dist/public/[22m[36massets/CreateEmployee-WEoYZ309.js               [39m[1m[2m 20.76 kB[22m[1m[22m[2m Ôöé gzip:   5.05 kB[22m
[2m../dist/public/[22m[36massets/OrgReports-Cdv88SLu.js                   [39m[1m[2m 20.77 kB[22m[1m[22m[2m Ôöé gzip:   5.26 kB[22m
[2m../dist/public/[22m[36massets/OrgStaffChat-a4yETYJg.js                 [39m[1m[2m 20.90 kB[22m[1m[22m[2m Ôöé gzip:   6.40 kB[22m
[2m../dist/public/[22m[36massets/ICTDashboard-CJsCj1DJ.js                 [39m[1m[2m 21.11 kB[22m[1m[22m[2m Ôöé gzip:   5.16 kB[22m
[2m../dist/public/[22m[36massets/EditEmployee-Cm92zHZ6.js                 [39m[1m[2m 21.17 kB[22m[1m[22m[2m Ôöé gzip:   5.00 kB[22m
[2m../dist/public/[22m[36massets/SuperAdminPricingTiers-CdFToaFi.js       [39m[1m[2m 21.43 kB[22m[1m[22m[2m Ôöé gzip:   5.20 kB[22m
[2m../dist/public/[22m[36massets/HRPayrollManagement-BZ98GKF2.js          [39m[1m[2m 21.46 kB[22m[1m[22m[2m Ôöé gzip:   5.05 kB[22m
[2m../dist/public/[22m[36massets/PayslipManagement-Ba1l_6Yg.js            [39m[1m[2m 21.67 kB[22m[1m[22m[2m Ôöé gzip:   6.93 kB[22m
[2m../dist/public/[22m[36massets/DocumentForm-BMf2TjrU.js                 [39m[1m[2m 21.87 kB[22m[1m[22m[2m Ôöé gzip:   5.90 kB[22m
[2m../dist/public/[22m[36massets/CreateExpense-By9VFncL.js                [39m[1m[2m 22.03 kB[22m[1m[22m[2m Ôöé gzip:   6.10 kB[22m
[2m../dist/public/[22m[36massets/OrgCreateExpense-CUncgwmF.js             [39m[1m[2m 22.03 kB[22m[1m[22m[2m Ôöé gzip:   6.10 kB[22m
[2m../dist/public/[22m[36massets/Employees-DzQs32wS.js                    [39m[1m[2m 22.08 kB[22m[1m[22m[2m Ôöé gzip:   5.82 kB[22m
[2m../dist/public/[22m[36massets/OrgEmployees-CqJVThoM.js                 [39m[1m[2m 22.08 kB[22m[1m[22m[2m Ôöé gzip:   5.82 kB[22m
[2m../dist/public/[22m[36massets/Checkout-B0qjZtlw.js                     [39m[1m[2m 23.41 kB[22m[1m[22m[2m Ôöé gzip:   7.82 kB[22m
[2m../dist/public/[22m[36massets/InvoiceDetails-VjpnJE7L.js               [39m[1m[2m 23.48 kB[22m[1m[22m[2m Ôöé gzip:   6.05 kB[22m
[2m../dist/public/[22m[36massets/FeatureDetail-BqPAgMhH.js                [39m[1m[2m 23.79 kB[22m[1m[22m[2m Ôöé gzip:   7.47 kB[22m
[2m../dist/public/[22m[36massets/StaffChat-D1Nvbemt.js                    [39m[1m[2m 24.37 kB[22m[1m[22m[2m Ôöé gzip:   7.02 kB[22m
[2m../dist/public/[22m[36massets/date-utils-COA5zMcC.js                   [39m[1m[2m 25.29 kB[22m[1m[22m[2m Ôöé gzip:   7.51 kB[22m
[2m../dist/public/[22m[36massets/Reports-DJuL_jJ0.js                      [39m[1m[2m 25.84 kB[22m[1m[22m[2m Ôöé gzip:   6.60 kB[22m
[2m../dist/public/[22m[36massets/purify.es-4eNOHKSq.js                    [39m[1m[2m 28.74 kB[22m[1m[22m[2m Ôöé gzip:  11.02 kB[22m
[2m../dist/public/[22m[36massets/CreateCommunication-CXpyrGGa.js          [39m[1m[2m 30.73 kB[22m[1m[22m[2m Ôöé gzip:  10.18 kB[22m
[2m../dist/public/[22m[36massets/HRDashboard-VZ5dV0JF.js                  [39m[1m[2m 30.93 kB[22m[1m[22m[2m Ôöé gzip:   6.61 kB[22m
[2m../dist/public/[22m[36massets/ClientDetails-xmwN4GvI.js                [39m[1m[2m 31.37 kB[22m[1m[22m[2m Ôöé gzip:   6.57 kB[22m
[2m../dist/public/[22m[36massets/DocumentTemplates-CoweWY9b.js            [39m[1m[2m 31.39 kB[22m[1m[22m[2m Ôöé gzip:   6.59 kB[22m
[2m../dist/public/[22m[36massets/pdfGenerator-BUKV2vCQ.js                 [39m[1m[2m 37.65 kB[22m[1m[22m[2m Ôöé gzip:  11.12 kB[22m
[2m../dist/public/[22m[36massets/RichTextEditor-BqcYl2w1.js               [39m[1m[2m 37.96 kB[22m[1m[22m[2m Ôöé gzip:   8.43 kB[22m
[2m../dist/public/[22m[36massets/LandingPage-CF5HbKkC.js                  [39m[1m[2m 38.07 kB[22m[1m[22m[2m Ôöé gzip:  10.10 kB[22m
[2m../dist/public/[22m[36massets/OrgEmployeeDetails-ni5gvVzS.js           [39m[1m[2m 41.96 kB[22m[1m[22m[2m Ôöé gzip:   8.45 kB[22m
[2m../dist/public/[22m[36massets/AdminManagement-CnwWnsdR.js              [39m[1m[2m 42.17 kB[22m[1m[22m[2m Ôöé gzip:   9.96 kB[22m
[2m../dist/public/[22m[36massets/EmployeeDetails-DOEv_byH.js              [39m[1m[2m 42.71 kB[22m[1m[22m[2m Ôöé gzip:   8.55 kB[22m
[2m../dist/public/[22m[36massets/OrgLayout-2T1UpHMt.js                    [39m[1m[2m 44.28 kB[22m[1m[22m[2m Ôöé gzip:  11.13 kB[22m
[2m../dist/public/[22m[36massets/ProjectDetails-qcpCFVCC.js               [39m[1m[2m 45.29 kB[22m[1m[22m[2m Ôöé gzip:   9.43 kB[22m
[2m../dist/public/[22m[36massets/AdminEmailTemplates-CAp3NwOO.js          [39m[1m[2m 51.49 kB[22m[1m[22m[2m Ôöé gzip:  12.43 kB[22m
[2m../dist/public/[22m[36massets/lucide-react-BFIjfoL5.js                 [39m[1m[2m 61.58 kB[22m[1m[22m[2m Ôöé gzip:  18.04 kB[22m
[2m../dist/public/[22m[36massets/DocumentBlockEditor-Bfb63-Ol.js          [39m[1m[2m 68.90 kB[22m[1m[22m[2m Ôöé gzip:  15.76 kB[22m
[2m../dist/public/[22m[36massets/MultiTenancy-3T96uozZ.js                 [39m[1m[2m 69.67 kB[22m[1m[22m[2m Ôöé gzip:  13.96 kB[22m
[2m../dist/public/[22m[36massets/CreateQuote-DTNMNRW2.js                  [39m[1m[2m 71.71 kB[22m[1m[22m[2m Ôöé gzip:  19.54 kB[22m
[2m../dist/public/[22m[36massets/WebsiteAdmin-CiCfz2z-.js                 [39m[1m[2m 80.39 kB[22m[1m[22m[2m Ôöé gzip:  15.28 kB[22m
[2m../dist/public/[22m[36massets/api-client-BvX2riSn.js                   [39m[1m[2m 81.61 kB[22m[1m[22m[2m Ôöé gzip:  22.27 kB[22m
[2m../dist/public/[22m[36massets/index.es-CJ0nRJOa.js                     [39m[1m[2m158.79 kB[22m[1m[22m[2m Ôöé gzip:  53.05 kB[22m
[2m../dist/public/[22m[36massets/html2canvas-DXEQVQnt.js                  [39m[1m[2m201.04 kB[22m[1m[22m[2m Ôöé gzip:  47.43 kB[22m
[2m../dist/public/[22m[36massets/Settings-CJYOzRgF.js                     [39m[1m[2m284.76 kB[22m[1m[22m[2m Ôöé gzip:  53.90 kB[22m
[2m../dist/public/[22m[36massets/vendor-react-ui-BcLy8Tpi.js              [39m[1m[2m314.57 kB[22m[1m[22m[2m Ôöé gzip: 100.19 kB[22m
[2m../dist/public/[22m[36massets/OrgSettings-Bp8G6BEO.js                  [39m[1m[2m326.36 kB[22m[1m[22m[2m Ôöé gzip:  65.40 kB[22m
[2m../dist/public/[22m[36massets/jspdf.es.min-DA-UwQ_i.js                 [39m[1m[2m384.80 kB[22m[1m[22m[2m Ôöé gzip: 125.62 kB[22m
[2m../dist/public/[22m[36massets/rich-editor-DQKc7IGv.js                  [39m[1m[2m414.84 kB[22m[1m[22m[2m Ôöé gzip: 130.90 kB[22m
[2m../dist/public/[22m[36massets/xlsx-BojT3SgY.js                         [39m[1m[2m424.38 kB[22m[1m[22m[2m Ôöé gzip: 141.60 kB[22m
[2m../dist/public/[22m[36massets/index-RZxZg5od.js                        [39m[1m[2m873.56 kB[22m[1m[22m[2m Ôöé gzip: 224.20 kB[22m
[32mÔ£ô built in 16.87s[39m

  dist\index.js  3.6mb

Done in 66ms
