Already up to date
Done in 351ms using pnpm v11.22.0
$ vite build && esbuild server/_core/index.ts --platform=node --packages=external --bundle --format=esm --outdir=dist
NODE_ENV=production is not supported in the .env file. Only NODE_ENV=development is supported to create a development build of your project. If you need to set process.env.NODE_ENV, you can set it in the Vite config instead.
[36mvite v7.3.1 [32mbuilding client environment for production...[36m[39m
(node:3956) [DEP0205] DeprecationWarning: `module.register()` is deprecated. Use `module.registerHooks()` instead.
(Use `node --trace-deprecation ...` to show where the warning was created)
transforming...
[plugin vite:esbuild] client/src/pages/Login.tsx: Duplicate "className" attribute in JSX element
211 |                    value={formData.email}
212 |                    onChange={(e) => setFormData({ ...formData, email: e.target.value })}
213 |                    className="pl-10"
    |                    ^
214 |                    required
215 |                    autoFocus

[plugin vite:esbuild] client/src/pages/Login.tsx: Duplicate "className" attribute in JSX element
231 |                      value={formData.password}
232 |                      onChange={(e) => setFormData({ ...formData, password: e.target.value })}
233 |                      className="pl-10 pr-10"
    |                      ^
234 |                      required
235 |                      disabled={loading}

[32mÔ£ô[39m 3786 modules transformed.
rendering chunks...
computing gzip size...
[2m../dist/public/[22m[32mindex.html                                      [39m[1m[2m  3.94 kB[22m[1m[22m[2m Ôöé gzip:   1.64 kB[22m
[2m../dist/public/[22m[35massets/OrgSettings-Bx3OTr2t.css                 [39m[1m[2m 29.89 kB[22m[1m[22m[2m Ôöé gzip:   5.84 kB[22m
[2m../dist/public/[22m[35massets/index-CY8zV1SM.css                       [39m[1m[2m401.34 kB[22m[1m[22m[2m Ôöé gzip:  49.40 kB[22m
[2m../dist/public/[22m[36massets/trpc-Crr7eInz.js                         [39m[1m[2m  0.07 kB[22m[1m[22m[2m Ôöé gzip:   0.09 kB[22m
[2m../dist/public/[22m[36massets/tableSort-B6IToDRb.js                    [39m[1m[2m  0.14 kB[22m[1m[22m[2m Ôöé gzip:   0.12 kB[22m
[2m../dist/public/[22m[36massets/AreaChart-CXy1ZMKY.js                    [39m[1m[2m  0.23 kB[22m[1m[22m[2m Ôöé gzip:   0.19 kB[22m
[2m../dist/public/[22m[36massets/LineChart-CNSZoV1i.js                    [39m[1m[2m  0.23 kB[22m[1m[22m[2m Ôöé gzip:   0.19 kB[22m
[2m../dist/public/[22m[36massets/use-toast-F1WSE7Nw.js                    [39m[1m[2m  0.24 kB[22m[1m[22m[2m Ôöé gzip:   0.20 kB[22m
[2m../dist/public/[22m[36massets/communications-DPNzK-66.js               [39m[1m[2m  0.27 kB[22m[1m[22m[2m Ôöé gzip:   0.21 kB[22m
[2m../dist/public/[22m[36massets/skeleton-B5jlgcb1.js                     [39m[1m[2m  0.30 kB[22m[1m[22m[2m Ôöé gzip:   0.23 kB[22m
[2m../dist/public/[22m[36massets/BarChart-BNeVLLsm.js                     [39m[1m[2m  0.30 kB[22m[1m[22m[2m Ôöé gzip:   0.22 kB[22m
[2m../dist/public/[22m[36massets/paymentMethods-r32LliAe.js               [39m[1m[2m  0.31 kB[22m[1m[22m[2m Ôöé gzip:   0.24 kB[22m
[2m../dist/public/[22m[36massets/spinner-BWpPEmy_.js                      [39m[1m[2m  0.33 kB[22m[1m[22m[2m Ôöé gzip:   0.25 kB[22m
[2m../dist/public/[22m[36massets/label-Crd5z1Kr.js                        [39m[1m[2m  0.40 kB[22m[1m[22m[2m Ôöé gzip:   0.30 kB[22m
[2m../dist/public/[22m[36massets/useUserLookup-BVLq9gL2.js                [39m[1m[2m  0.40 kB[22m[1m[22m[2m Ôöé gzip:   0.31 kB[22m
[2m../dist/public/[22m[36massets/exportCsv-CNzVNdz4.js                    [39m[1m[2m  0.44 kB[22m[1m[22m[2m Ôöé gzip:   0.33 kB[22m
[2m../dist/public/[22m[36massets/useRequireFeature-Y89jXPwQ.js            [39m[1m[2m  0.44 kB[22m[1m[22m[2m Ôöé gzip:   0.31 kB[22m
[2m../dist/public/[22m[36massets/csvGenerator-BbTLt5yV.js                 [39m[1m[2m  0.45 kB[22m[1m[22m[2m Ôöé gzip:   0.29 kB[22m
[2m../dist/public/[22m[36massets/collapsible-Cpr1tLAM.js                  [39m[1m[2m  0.51 kB[22m[1m[22m[2m Ôöé gzip:   0.24 kB[22m
[2m../dist/public/[22m[36massets/useCompanyInfo-DgRXIJnr.js               [39m[1m[2m  0.52 kB[22m[1m[22m[2m Ôöé gzip:   0.36 kB[22m
[2m../dist/public/[22m[36massets/textarea-1wosV-q3.js                     [39m[1m[2m  0.56 kB[22m[1m[22m[2m Ôöé gzip:   0.38 kB[22m
[2m../dist/public/[22m[36massets/export-utils-DYNE0Rhs.js                 [39m[1m[2m  0.57 kB[22m[1m[22m[2m Ôöé gzip:   0.40 kB[22m
[2m../dist/public/[22m[36massets/useOrgPermission-peLaAgx6.js             [39m[1m[2m  0.59 kB[22m[1m[22m[2m Ôöé gzip:   0.40 kB[22m
[2m../dist/public/[22m[36massets/useFavorite-C6pmZ9hS.js                  [39m[1m[2m  0.59 kB[22m[1m[22m[2m Ôöé gzip:   0.35 kB[22m
[2m../dist/public/[22m[36massets/documentTemplateHelpers-CduNLrpb.js      [39m[1m[2m  0.59 kB[22m[1m[22m[2m Ôöé gzip:   0.33 kB[22m
[2m../dist/public/[22m[36massets/payslipPdf-roR5S7IU.js                   [39m[1m[2m  0.63 kB[22m[1m[22m[2m Ôöé gzip:   0.44 kB[22m
[2m../dist/public/[22m[36massets/activityLog-B-yh0W2G.js                  [39m[1m[2m  0.75 kB[22m[1m[22m[2m Ôöé gzip:   0.36 kB[22m
[2m../dist/public/[22m[36massets/healthScore-hLzRzKdj.js                  [39m[1m[2m  0.89 kB[22m[1m[22m[2m Ôöé gzip:   0.52 kB[22m
[2m../dist/public/[22m[36massets/popover-BjLD1MOk.js                      [39m[1m[2m  0.94 kB[22m[1m[22m[2m Ôöé gzip:   0.49 kB[22m
[2m../dist/public/[22m[36massets/switch-BnR66sZz.js                       [39m[1m[2m  1.02 kB[22m[1m[22m[2m Ôöé gzip:   0.51 kB[22m
[2m../dist/public/[22m[36massets/checkbox-BeojHObU.js                     [39m[1m[2m  1.10 kB[22m[1m[22m[2m Ôöé gzip:   0.51 kB[22m
[2m../dist/public/[22m[36massets/format-XyXgtmZc.js                       [39m[1m[2m  1.15 kB[22m[1m[22m[2m Ôöé gzip:   0.55 kB[22m
[2m../dist/public/[22m[36massets/CustomPage-DQOvdS2S.js                   [39m[1m[2m  1.40 kB[22m[1m[22m[2m Ôöé gzip:   0.66 kB[22m
[2m../dist/public/[22m[36massets/DeleteConfirmationModal-CDA1zjOC.js      [39m[1m[2m  1.54 kB[22m[1m[22m[2m Ôöé gzip:   0.57 kB[22m
[2m../dist/public/[22m[36massets/PermissionGuard-qjRj-kLw.js              [39m[1m[2m  1.54 kB[22m[1m[22m[2m Ôöé gzip:   0.66 kB[22m
[2m../dist/public/[22m[36massets/UserSelector-BrGZzByf.js                 [39m[1m[2m  1.55 kB[22m[1m[22m[2m Ôöé gzip:   0.62 kB[22m
[2m../dist/public/[22m[36massets/Messages-CUHUQUlj.js                     [39m[1m[2m  1.62 kB[22m[1m[22m[2m Ôöé gzip:   0.70 kB[22m
[2m../dist/public/[22m[36massets/accordion-Dv5kj7Np.js                    [39m[1m[2m  1.69 kB[22m[1m[22m[2m Ôöé gzip:   0.68 kB[22m
[2m../dist/public/[22m[36massets/ModuleLayout-DGHGNH5l.js                 [39m[1m[2m  1.71 kB[22m[1m[22m[2m Ôöé gzip:   0.69 kB[22m
[2m../dist/public/[22m[36massets/designSystem-BjMWY9N5.js                 [39m[1m[2m  1.76 kB[22m[1m[22m[2m Ôöé gzip:   0.66 kB[22m
[2m../dist/public/[22m[36massets/EmployeeSelector-B8sXgeuv.js             [39m[1m[2m  1.79 kB[22m[1m[22m[2m Ôöé gzip:   0.69 kB[22m
[2m../dist/public/[22m[36massets/PhoneInput-BjEREBwr.js                   [39m[1m[2m  1.96 kB[22m[1m[22m[2m Ôöé gzip:   0.81 kB[22m
[2m../dist/public/[22m[36massets/OrgAssets-BDZetRf0.js                    [39m[1m[2m  2.15 kB[22m[1m[22m[2m Ôöé gzip:   0.71 kB[22m
[2m../dist/public/[22m[36massets/useOrgAccess-CUY0b1Om.js                 [39m[1m[2m  2.18 kB[22m[1m[22m[2m Ôöé gzip:   1.10 kB[22m
[2m../dist/public/[22m[36massets/OrgDocuments-B5DpTqTR.js                 [39m[1m[2m  2.22 kB[22m[1m[22m[2m Ôöé gzip:   0.71 kB[22m
[2m../dist/public/[22m[36massets/RoleBasedDashboard-D5Sj7jJB.js           [39m[1m[2m  2.22 kB[22m[1m[22m[2m Ôöé gzip:   0.81 kB[22m
[2m../dist/public/[22m[36massets/OrgPurchaseOrders-BllXLckA.js            [39m[1m[2m  2.32 kB[22m[1m[22m[2m Ôöé gzip:   0.72 kB[22m
[2m../dist/public/[22m[36massets/SmsQueue-CXNbHTCS.js                     [39m[1m[2m  2.52 kB[22m[1m[22m[2m Ôöé gzip:   0.99 kB[22m
[2m../dist/public/[22m[36massets/VerifyEmail-C340jzjj.js                  [39m[1m[2m  2.57 kB[22m[1m[22m[2m Ôöé gzip:   1.16 kB[22m
[2m../dist/public/[22m[36massets/table-eR01qMFj.js                        [39m[1m[2m  2.60 kB[22m[1m[22m[2m Ôöé gzip:   0.84 kB[22m
[2m../dist/public/[22m[36massets/alert-dialog-CQbnx47r.js                 [39m[1m[2m  2.66 kB[22m[1m[22m[2m Ôöé gzip:   0.83 kB[22m
[2m../dist/public/[22m[36massets/OrgBreadcrumb-Du1yX_qH.js                [39m[1m[2m  2.71 kB[22m[1m[22m[2m Ôöé gzip:   0.85 kB[22m
[2m../dist/public/[22m[36massets/SummaryStatCards-BLMOgQOk.js             [39m[1m[2m  2.73 kB[22m[1m[22m[2m Ôöé gzip:   0.94 kB[22m
[2m../dist/public/[22m[36massets/ModuleAnalyticsStrip-V9kIjcHX.js         [39m[1m[2m  2.77 kB[22m[1m[22m[2m Ôöé gzip:   0.99 kB[22m
[2m../dist/public/[22m[36massets/JobGroupPayrollItems-DqkKbSaK.js         [39m[1m[2m  2.78 kB[22m[1m[22m[2m Ôöé gzip:   0.93 kB[22m
[2m../dist/public/[22m[36massets/NotFound-B8iwaT5x.js                     [39m[1m[2m  2.84 kB[22m[1m[22m[2m Ôöé gzip:   1.01 kB[22m
[2m../dist/public/[22m[36massets/actions-Y7YsV_lh.js                      [39m[1m[2m  3.01 kB[22m[1m[22m[2m Ôöé gzip:   1.34 kB[22m
[2m../dist/public/[22m[36massets/TenantAdminDetails-D9iH0lEl.js           [39m[1m[2m  3.01 kB[22m[1m[22m[2m Ôöé gzip:   0.79 kB[22m
[2m../dist/public/[22m[36massets/CreateReceipt-DDzqOcfI.js                [39m[1m[2m  3.10 kB[22m[1m[22m[2m Ôöé gzip:   1.23 kB[22m
[2m../dist/public/[22m[36massets/PageHeader-Ba_0edf_.js                   [39m[1m[2m  3.15 kB[22m[1m[22m[2m Ôöé gzip:   1.05 kB[22m
[2m../dist/public/[22m[36massets/CreateImprest-BCIvMWVn.js                [39m[1m[2m  3.16 kB[22m[1m[22m[2m Ôöé gzip:   1.13 kB[22m
[2m../dist/public/[22m[36massets/RowActionsMenu-Co-YX8IP.js               [39m[1m[2m  3.16 kB[22m[1m[22m[2m Ôöé gzip:   0.87 kB[22m
[2m../dist/public/[22m[36massets/privateChatUtils-Bv4qHQl7.js             [39m[1m[2m  3.20 kB[22m[1m[22m[2m Ôöé gzip:   1.23 kB[22m
[2m../dist/public/[22m[36massets/CreateClient-ygvpv7CW.js                 [39m[1m[2m  3.24 kB[22m[1m[22m[2m Ôöé gzip:   1.43 kB[22m
[2m../dist/public/[22m[36massets/TenantUserDetails-iv3_HDO-.js            [39m[1m[2m  3.25 kB[22m[1m[22m[2m Ôöé gzip:   0.83 kB[22m
[2m../dist/public/[22m[36massets/OrgModulePage-C6wXrxnu.js                [39m[1m[2m  3.25 kB[22m[1m[22m[2m Ôöé gzip:   1.12 kB[22m
[2m../dist/public/[22m[36massets/OrgCreateClient-Ubmw3q5A.js              [39m[1m[2m  3.32 kB[22m[1m[22m[2m Ôöé gzip:   1.44 kB[22m
[2m../dist/public/[22m[36massets/CreateProduct-Ty4SJ9PA.js                [39m[1m[2m  3.39 kB[22m[1m[22m[2m Ôöé gzip:   1.36 kB[22m
[2m../dist/public/[22m[36massets/ServiceSearchFilter-DDoH6-12.js          [39m[1m[2m  3.45 kB[22m[1m[22m[2m Ôöé gzip:   0.90 kB[22m
[2m../dist/public/[22m[36massets/OrgCreateProduct-N-Yh847b.js             [39m[1m[2m  3.47 kB[22m[1m[22m[2m Ôöé gzip:   1.37 kB[22m
[2m../dist/public/[22m[36massets/BiTools-DL7gefUD.js                      [39m[1m[2m  3.59 kB[22m[1m[22m[2m Ôöé gzip:   1.29 kB[22m
[2m../dist/public/[22m[36massets/data-table-controls--ES1KsU2.js          [39m[1m[2m  3.61 kB[22m[1m[22m[2m Ôöé gzip:   1.10 kB[22m
[2m../dist/public/[22m[36massets/CustomFields-C04XQoFd.js                 [39m[1m[2m  3.67 kB[22m[1m[22m[2m Ôöé gzip:   1.07 kB[22m
[2m../dist/public/[22m[36massets/OrgCreateReceipt-iNk8PGx7.js             [39m[1m[2m  3.79 kB[22m[1m[22m[2m Ôöé gzip:   1.47 kB[22m
[2m../dist/public/[22m[36massets/CreateEstimate-mFX-geJi.js               [39m[1m[2m  3.84 kB[22m[1m[22m[2m Ôöé gzip:   1.63 kB[22m
[2m../dist/public/[22m[36massets/LocationSelects-anop6gO4.js              [39m[1m[2m  4.04 kB[22m[1m[22m[2m Ôöé gzip:   0.76 kB[22m
[2m../dist/public/[22m[36massets/UnifiedModuleLayout-Ca6-wdxo.js          [39m[1m[2m  4.07 kB[22m[1m[22m[2m Ôöé gzip:   1.19 kB[22m
[2m../dist/public/[22m[36massets/ICTSystemSettings-WfYGwXSZ.js            [39m[1m[2m  4.08 kB[22m[1m[22m[2m Ôöé gzip:   1.30 kB[22m
[2m../dist/public/[22m[36massets/CreateSupplier-DDMc-9Nl.js               [39m[1m[2m  4.12 kB[22m[1m[22m[2m Ôöé gzip:   1.69 kB[22m
[2m../dist/public/[22m[36massets/OrgCreateSupplier-Bmfx4TYM.js            [39m[1m[2m  4.20 kB[22m[1m[22m[2m Ôöé gzip:   1.70 kB[22m
[2m../dist/public/[22m[36massets/CreateBudget-Do4Aifby.js                 [39m[1m[2m  4.35 kB[22m[1m[22m[2m Ôöé gzip:   1.47 kB[22m
[2m../dist/public/[22m[36massets/EnhancedBulkActions-CLUJEEgb.js          [39m[1m[2m  4.42 kB[22m[1m[22m[2m Ôöé gzip:   1.36 kB[22m
[2m../dist/public/[22m[36massets/Search-Du95wUyw.js                       [39m[1m[2m  4.43 kB[22m[1m[22m[2m Ôöé gzip:   1.60 kB[22m
[2m../dist/public/[22m[36massets/OrgSuperAdminDashboard-DfF_IFx2.js       [39m[1m[2m  4.60 kB[22m[1m[22m[2m Ôöé gzip:   1.35 kB[22m
[2m../dist/public/[22m[36massets/MyPayslips-BpUmoZkM.js                   [39m[1m[2m  4.68 kB[22m[1m[22m[2m Ôöé gzip:   1.38 kB[22m
[2m../dist/public/[22m[36massets/DashboardBuilderPro-CFQI7Ax0.js          [39m[1m[2m  4.79 kB[22m[1m[22m[2m Ôöé gzip:   1.34 kB[22m
[2m../dist/public/[22m[36massets/EmployeeAccountSection-jBnaMJF3.js       [39m[1m[2m  4.99 kB[22m[1m[22m[2m Ôöé gzip:   1.14 kB[22m
[2m../dist/public/[22m[36massets/CreditNotes-BsEll-47.js                  [39m[1m[2m  5.02 kB[22m[1m[22m[2m Ôöé gzip:   1.48 kB[22m
[2m../dist/public/[22m[36massets/TableColumnSettings-4vrlsOJa.js          [39m[1m[2m  5.02 kB[22m[1m[22m[2m Ôöé gzip:   1.58 kB[22m
[2m../dist/public/[22m[36massets/Home-B0hdK_8Y.js                         [39m[1m[2m  5.04 kB[22m[1m[22m[2m Ôöé gzip:   1.60 kB[22m
[2m../dist/public/[22m[36massets/ListPageToolbar-BXgo_sNR.js              [39m[1m[2m  5.08 kB[22m[1m[22m[2m Ôöé gzip:   1.15 kB[22m
[2m../dist/public/[22m[36massets/EditBudget-C9nsK-Op.js                   [39m[1m[2m  5.14 kB[22m[1m[22m[2m Ôöé gzip:   1.68 kB[22m
[2m../dist/public/[22m[36massets/Sales-EG1ate5l.js                        [39m[1m[2m  5.18 kB[22m[1m[22m[2m Ôöé gzip:   1.63 kB[22m
[2m../dist/public/[22m[36massets/CreateDepartment-ZVw-Ka_Z.js             [39m[1m[2m  5.22 kB[22m[1m[22m[2m Ôöé gzip:   1.57 kB[22m
[2m../dist/public/[22m[36massets/ICTAnalytics-BEkD3P4V.js                 [39m[1m[2m  5.22 kB[22m[1m[22m[2m Ôöé gzip:   1.41 kB[22m
[2m../dist/public/[22m[36massets/EditDepartment-4rq28Fpu.js               [39m[1m[2m  5.27 kB[22m[1m[22m[2m Ôöé gzip:   1.56 kB[22m
[2m../dist/public/[22m[36massets/OrgCreditNotes-DOOU1B1N.js               [39m[1m[2m  5.30 kB[22m[1m[22m[2m Ôöé gzip:   1.49 kB[22m
[2m../dist/public/[22m[36massets/FinancialReports-home3suz.js             [39m[1m[2m  5.32 kB[22m[1m[22m[2m Ôöé gzip:   1.41 kB[22m
[2m../dist/public/[22m[36massets/ReportsDetails-CSxbGY_3.js               [39m[1m[2m  5.32 kB[22m[1m[22m[2m Ôöé gzip:   1.40 kB[22m
[2m../dist/public/[22m[36massets/EditReceipt-DYIVr7is.js                  [39m[1m[2m  5.38 kB[22m[1m[22m[2m Ôöé gzip:   1.78 kB[22m
[2m../dist/public/[22m[36massets/OrgEditBudget-DPOk4Fi2.js                [39m[1m[2m  5.40 kB[22m[1m[22m[2m Ôöé gzip:   1.69 kB[22m
[2m../dist/public/[22m[36massets/OrgCreateDepartment-CHYTn42E.js          [39m[1m[2m  5.47 kB[22m[1m[22m[2m Ôöé gzip:   1.58 kB[22m
[2m../dist/public/[22m[36massets/OrgEditReceipt-BAo_lRwn.js               [39m[1m[2m  5.50 kB[22m[1m[22m[2m Ôöé gzip:   1.78 kB[22m
[2m../dist/public/[22m[36massets/OrgEditDepartment-DWz4Fxix.js            [39m[1m[2m  5.51 kB[22m[1m[22m[2m Ôöé gzip:   1.57 kB[22m
[2m../dist/public/[22m[36massets/FunnelAnalysis-ajC7f9w1.js               [39m[1m[2m  5.64 kB[22m[1m[22m[2m Ôöé gzip:   1.46 kB[22m
[2m../dist/public/[22m[36massets/OrgCreateLPO-BDAxs4y3.js                 [39m[1m[2m  5.64 kB[22m[1m[22m[2m Ôöé gzip:   1.64 kB[22m
[2m../dist/public/[22m[36massets/EmailQueue-DRexbh7V.js                   [39m[1m[2m  5.65 kB[22m[1m[22m[2m Ôöé gzip:   1.76 kB[22m
[2m../dist/public/[22m[36massets/CreatePurchaseOrder-DaTk7euK.js          [39m[1m[2m  5.66 kB[22m[1m[22m[2m Ôöé gzip:   1.44 kB[22m
[2m../dist/public/[22m[36massets/EditEstimate--JR0evjJ.js                 [39m[1m[2m  5.76 kB[22m[1m[22m[2m Ôöé gzip:   1.84 kB[22m
[2m../dist/public/[22m[36massets/OrgEditEstimate-Bqd1_CVs.js              [39m[1m[2m  5.86 kB[22m[1m[22m[2m Ôöé gzip:   1.85 kB[22m
[2m../dist/public/[22m[36massets/DepartmentForm-BsFuZNZY.js               [39m[1m[2m  5.92 kB[22m[1m[22m[2m Ôöé gzip:   1.60 kB[22m
[2m../dist/public/[22m[36massets/ProductDetails-CckKK1aw.js               [39m[1m[2m  5.92 kB[22m[1m[22m[2m Ôöé gzip:   1.57 kB[22m
[2m../dist/public/[22m[36massets/OrgCreatePurchaseOrder-BO-aOpXk.js       [39m[1m[2m  5.95 kB[22m[1m[22m[2m Ôöé gzip:   1.45 kB[22m
[2m../dist/public/[22m[36massets/EditInvoice--7m8CsrX.js                  [39m[1m[2m  5.99 kB[22m[1m[22m[2m Ôöé gzip:   1.90 kB[22m
[2m../dist/public/[22m[36massets/OrgPurchaseOrderDetail-CbPZsrz2.js       [39m[1m[2m  6.00 kB[22m[1m[22m[2m Ôöé gzip:   1.42 kB[22m
[2m../dist/public/[22m[36massets/ProjectAnalytics-CII-rMG5.js             [39m[1m[2m  6.01 kB[22m[1m[22m[2m Ôöé gzip:   1.65 kB[22m
[2m../dist/public/[22m[36massets/ChartOfAccountsDetails-C2RiT8A_.js       [39m[1m[2m  6.02 kB[22m[1m[22m[2m Ôöé gzip:   1.46 kB[22m
[2m../dist/public/[22m[36massets/CreateWarranty-Cp6JPR1L.js               [39m[1m[2m  6.06 kB[22m[1m[22m[2m Ôöé gzip:   1.57 kB[22m
[2m../dist/public/[22m[36massets/HRDetails-DgrrcMlA.js                    [39m[1m[2m  6.11 kB[22m[1m[22m[2m Ôöé gzip:   1.63 kB[22m
[2m../dist/public/[22m[36massets/OrgEditInvoice-3sA1WubJ.js               [39m[1m[2m  6.11 kB[22m[1m[22m[2m Ôöé gzip:   1.91 kB[22m
[2m../dist/public/[22m[36massets/CreateTicket-CsPg8NG6.js                 [39m[1m[2m  6.11 kB[22m[1m[22m[2m Ôöé gzip:   1.67 kB[22m
[2m../dist/public/[22m[36massets/CohortAnalysis-BRV6_Wz6.js               [39m[1m[2m  6.18 kB[22m[1m[22m[2m Ôöé gzip:   1.46 kB[22m
[2m../dist/public/[22m[36massets/WarrantyDetails-CNRPJ0az.js              [39m[1m[2m  6.24 kB[22m[1m[22m[2m Ôöé gzip:   1.43 kB[22m
[2m../dist/public/[22m[36massets/EditClient-BnP2UmMo.js                   [39m[1m[2m  6.29 kB[22m[1m[22m[2m Ôöé gzip:   2.09 kB[22m
[2m../dist/public/[22m[36massets/OrgLPODetail-CGSPj-9y.js                 [39m[1m[2m  6.33 kB[22m[1m[22m[2m Ôöé gzip:   1.76 kB[22m
[2m../dist/public/[22m[36massets/EditSalaryStructure-T1DG3Kiv.js          [39m[1m[2m  6.41 kB[22m[1m[22m[2m Ôöé gzip:   1.76 kB[22m
[2m../dist/public/[22m[36massets/OrgEditApproval-CJp_WGmn.js              [39m[1m[2m  6.42 kB[22m[1m[22m[2m Ôöé gzip:   1.61 kB[22m
[2m../dist/public/[22m[36massets/OrgAI-CEj8a5mE.js                        [39m[1m[2m  6.42 kB[22m[1m[22m[2m Ôöé gzip:   2.07 kB[22m
[2m../dist/public/[22m[36massets/SalesManagerDashboard-Dnbxy1W7.js        [39m[1m[2m  6.42 kB[22m[1m[22m[2m Ôöé gzip:   1.38 kB[22m
[2m../dist/public/[22m[36massets/OrgCreateTicket-BaToKDri.js              [39m[1m[2m  6.47 kB[22m[1m[22m[2m Ôöé gzip:   1.68 kB[22m
[2m../dist/public/[22m[36massets/CreateLeaveRequest-sp_F4RZl.js           [39m[1m[2m  6.54 kB[22m[1m[22m[2m Ôöé gzip:   1.68 kB[22m
[2m../dist/public/[22m[36massets/CreateAttendance-C4lrGG7N.js             [39m[1m[2m  6.55 kB[22m[1m[22m[2m Ôöé gzip:   1.69 kB[22m
[2m../dist/public/[22m[36massets/ProposalDetails-DACTSxcq.js              [39m[1m[2m  6.55 kB[22m[1m[22m[2m Ôöé gzip:   1.55 kB[22m
[2m../dist/public/[22m[36massets/EditProduct-cfuYjFbr.js                  [39m[1m[2m  6.56 kB[22m[1m[22m[2m Ôöé gzip:   2.04 kB[22m
[2m../dist/public/[22m[36massets/EditAllowance-CXmvhcGk.js                [39m[1m[2m  6.58 kB[22m[1m[22m[2m Ôöé gzip:   1.87 kB[22m
[2m../dist/public/[22m[36massets/OrgReceiptDetail-DRF_JZPm.js             [39m[1m[2m  6.60 kB[22m[1m[22m[2m Ôöé gzip:   1.62 kB[22m
[2m../dist/public/[22m[36massets/OrgEditSalaryStructure-LJrefQ7G.js       [39m[1m[2m  6.70 kB[22m[1m[22m[2m Ôöé gzip:   1.77 kB[22m
[2m../dist/public/[22m[36massets/AIAssistantModal-Dw_CbFzs.js             [39m[1m[2m  6.72 kB[22m[1m[22m[2m Ôöé gzip:   1.93 kB[22m
[2m../dist/public/[22m[36massets/OrgQuotationDetail-DqUoM0U5.js           [39m[1m[2m  6.72 kB[22m[1m[22m[2m Ôöé gzip:   1.62 kB[22m
[2m../dist/public/[22m[36massets/ConversionAnalytics-BXJeWbEh.js          [39m[1m[2m  6.77 kB[22m[1m[22m[2m Ôöé gzip:   1.79 kB[22m
[2m../dist/public/[22m[36massets/OrgEditProduct-DP19Lk_4.js               [39m[1m[2m  6.77 kB[22m[1m[22m[2m Ôöé gzip:   2.05 kB[22m
[2m../dist/public/[22m[36massets/ProcurementManagerDashboard-DSBzY1lf.js  [39m[1m[2m  6.80 kB[22m[1m[22m[2m Ôöé gzip:   1.37 kB[22m
[2m../dist/public/[22m[36massets/OrgEditPurchaseOrder-CUf7ep8y.js         [39m[1m[2m  6.81 kB[22m[1m[22m[2m Ôöé gzip:   1.73 kB[22m
[2m../dist/public/[22m[36massets/ESignatures-dMtPo6KM.js                  [39m[1m[2m  6.82 kB[22m[1m[22m[2m Ôöé gzip:   1.99 kB[22m
[2m../dist/public/[22m[36massets/OrgProcurement-QUhuaQRS.js               [39m[1m[2m  6.86 kB[22m[1m[22m[2m Ôöé gzip:   2.00 kB[22m
[2m../dist/public/[22m[36massets/EditBenefit-Cfkiv8zb.js                  [39m[1m[2m  6.87 kB[22m[1m[22m[2m Ôöé gzip:   1.98 kB[22m
[2m../dist/public/[22m[36massets/TenantAdmins-AFr0z9ge.js                 [39m[1m[2m  6.88 kB[22m[1m[22m[2m Ôöé gzip:   1.61 kB[22m
[2m../dist/public/[22m[36massets/Blog-BJHdKN6G.js                         [39m[1m[2m  6.89 kB[22m[1m[22m[2m Ôöé gzip:   1.86 kB[22m
[2m../dist/public/[22m[36massets/OrgCreateAttendance-CVvc0ExP.js          [39m[1m[2m  6.90 kB[22m[1m[22m[2m Ôöé gzip:   1.69 kB[22m
[2m../dist/public/[22m[36massets/Services-s7hrsi3A.js                     [39m[1m[2m  6.91 kB[22m[1m[22m[2m Ôöé gzip:   1.98 kB[22m
[2m../dist/public/[22m[36massets/CreateAllowance-2zMGJV1d.js              [39m[1m[2m  6.91 kB[22m[1m[22m[2m Ôöé gzip:   1.87 kB[22m
[2m../dist/public/[22m[36massets/Activity-d9K2mKXN.js                     [39m[1m[2m  6.94 kB[22m[1m[22m[2m Ôöé gzip:   2.32 kB[22m
[2m../dist/public/[22m[36massets/EditSupplier-BctsB87r.js                 [39m[1m[2m  6.95 kB[22m[1m[22m[2m Ôöé gzip:   2.31 kB[22m
[2m../dist/public/[22m[36massets/BudgetDetails-DfiiG4Ee.js                [39m[1m[2m  6.96 kB[22m[1m[22m[2m Ôöé gzip:   1.64 kB[22m
[2m../dist/public/[22m[36massets/EditDeduction-DUw4kijt.js                [39m[1m[2m  7.00 kB[22m[1m[22m[2m Ôöé gzip:   1.97 kB[22m
[2m../dist/public/[22m[36massets/OrgEditLead-CHZwd9-e.js                  [39m[1m[2m  7.04 kB[22m[1m[22m[2m Ôöé gzip:   1.72 kB[22m
[2m../dist/public/[22m[36massets/TenantUsers-Cuqk23Ji.js                  [39m[1m[2m  7.07 kB[22m[1m[22m[2m Ôöé gzip:   1.72 kB[22m
[2m../dist/public/[22m[36massets/OrgContactDetail-D6jsQXLL.js             [39m[1m[2m  7.12 kB[22m[1m[22m[2m Ôöé gzip:   1.50 kB[22m
[2m../dist/public/[22m[36massets/OrgEditSupplier-DWsvP8i_.js              [39m[1m[2m  7.15 kB[22m[1m[22m[2m Ôöé gzip:   2.32 kB[22m
[2m../dist/public/[22m[36massets/SalesReports-D_z7djmL.js                 [39m[1m[2m  7.16 kB[22m[1m[22m[2m Ôöé gzip:   1.66 kB[22m
[2m../dist/public/[22m[36massets/ChangePassword-BzBUbghs.js               [39m[1m[2m  7.16 kB[22m[1m[22m[2m Ôöé gzip:   2.00 kB[22m
[2m../dist/public/[22m[36massets/EditTicket-IreAzoRY.js                   [39m[1m[2m  7.18 kB[22m[1m[22m[2m Ôöé gzip:   1.87 kB[22m
[2m../dist/public/[22m[36massets/OrgServiceDetail-CFup3BYU.js             [39m[1m[2m  7.22 kB[22m[1m[22m[2m Ôöé gzip:   1.49 kB[22m
[2m../dist/public/[22m[36massets/OrgActivity-BVlEq1P4.js                  [39m[1m[2m  7.24 kB[22m[1m[22m[2m Ôöé gzip:   2.33 kB[22m
[2m../dist/public/[22m[36massets/RevenueForecasting-CRFGj3DD.js           [39m[1m[2m  7.27 kB[22m[1m[22m[2m Ôöé gzip:   1.94 kB[22m
[2m../dist/public/[22m[36massets/OrgLeadDetail-Cepz_ttY.js                [39m[1m[2m  7.30 kB[22m[1m[22m[2m Ôöé gzip:   1.70 kB[22m
[2m../dist/public/[22m[36massets/CreateLPO-CW-IPKs1.js                    [39m[1m[2m  7.33 kB[22m[1m[22m[2m Ôöé gzip:   2.16 kB[22m
[2m../dist/public/[22m[36massets/OrgPaymentDetail-DENusqDZ.js             [39m[1m[2m  7.33 kB[22m[1m[22m[2m Ôöé gzip:   1.66 kB[22m
[2m../dist/public/[22m[36massets/OrgEstimateDetail-CKyKlYAh.js            [39m[1m[2m  7.45 kB[22m[1m[22m[2m Ôöé gzip:   1.69 kB[22m
[2m../dist/public/[22m[36massets/OrgProductDetail-B70PW7Rk.js             [39m[1m[2m  7.51 kB[22m[1m[22m[2m Ôöé gzip:   1.55 kB[22m
[2m../dist/public/[22m[36massets/OrgApprovalDetail-gY4GawfC.js            [39m[1m[2m  7.53 kB[22m[1m[22m[2m Ôöé gzip:   1.66 kB[22m
[2m../dist/public/[22m[36massets/AssetDetails-D3IUXeT5.js                 [39m[1m[2m  7.56 kB[22m[1m[22m[2m Ôöé gzip:   1.58 kB[22m
[2m../dist/public/[22m[36massets/ServiceTemplates-de4wxjR4.js             [39m[1m[2m  7.57 kB[22m[1m[22m[2m Ôöé gzip:   2.36 kB[22m
[2m../dist/public/[22m[36massets/OrgProposalDetail-CU7OsmEt.js            [39m[1m[2m  7.58 kB[22m[1m[22m[2m Ôöé gzip:   1.72 kB[22m
[2m../dist/public/[22m[36massets/EditAttendance-SdaDRYAR.js               [39m[1m[2m  7.61 kB[22m[1m[22m[2m Ôöé gzip:   1.90 kB[22m
[2m../dist/public/[22m[36massets/OrgEditTicket-f0nMr96s.js                [39m[1m[2m  7.62 kB[22m[1m[22m[2m Ôöé gzip:   1.87 kB[22m
[2m../dist/public/[22m[36massets/EditWarranty-JcqH6Rc8.js                 [39m[1m[2m  7.63 kB[22m[1m[22m[2m Ôöé gzip:   1.93 kB[22m
[2m../dist/public/[22m[36massets/OrgEditProcurement--aBUCO73.js           [39m[1m[2m  7.65 kB[22m[1m[22m[2m Ôöé gzip:   1.80 kB[22m
[2m../dist/public/[22m[36massets/locations-CtzeVEdQ.js                    [39m[1m[2m  7.69 kB[22m[1m[22m[2m Ôöé gzip:   2.76 kB[22m
[2m../dist/public/[22m[36massets/OrgDebitNotes-DDEO_Dfs.js                [39m[1m[2m  7.73 kB[22m[1m[22m[2m Ôöé gzip:   2.53 kB[22m
[2m../dist/public/[22m[36massets/WarrantyManagement-D3pY6YMD.js           [39m[1m[2m  7.79 kB[22m[1m[22m[2m Ôöé gzip:   2.05 kB[22m
[2m../dist/public/[22m[36massets/OrgAttendanceDetail-B6DqPFbs.js          [39m[1m[2m  7.82 kB[22m[1m[22m[2m Ôöé gzip:   1.70 kB[22m
[2m../dist/public/[22m[36massets/CreateInvoice-DRCDKe5i.js                [39m[1m[2m  7.87 kB[22m[1m[22m[2m Ôöé gzip:   2.56 kB[22m
[2m../dist/public/[22m[36massets/OrgServiceTemplates-Bnq09mhc.js          [39m[1m[2m  7.89 kB[22m[1m[22m[2m Ôöé gzip:   2.38 kB[22m
[2m../dist/public/[22m[36massets/ContractDetails-Dbuyj0X1.js              [39m[1m[2m  7.93 kB[22m[1m[22m[2m Ôöé gzip:   1.65 kB[22m
[2m../dist/public/[22m[36massets/OrgEditAttendance-DrauBHuI.js            [39m[1m[2m  7.99 kB[22m[1m[22m[2m Ôöé gzip:   1.91 kB[22m
[2m../dist/public/[22m[36massets/QuotationDetails-CXQ4Lddh.js             [39m[1m[2m  8.01 kB[22m[1m[22m[2m Ôöé gzip:   2.06 kB[22m
[2m../dist/public/[22m[36massets/OrgProcurementDetail-Bj_p8d4m.js         [39m[1m[2m  8.02 kB[22m[1m[22m[2m Ôöé gzip:   1.73 kB[22m
[2m../dist/public/[22m[36massets/OrgEditQuotation-VI2Ny8bK.js             [39m[1m[2m  8.12 kB[22m[1m[22m[2m Ôöé gzip:   2.06 kB[22m
[2m../dist/public/[22m[36massets/OrgCreateInvoice-DJtAZkoq.js             [39m[1m[2m  8.12 kB[22m[1m[22m[2m Ôöé gzip:   2.56 kB[22m
[2m../dist/public/[22m[36massets/PaymentDetails-Df3XWLyX.js               [39m[1m[2m  8.13 kB[22m[1m[22m[2m Ôöé gzip:   2.16 kB[22m
[2m../dist/public/[22m[36massets/DebitNotes-D2mqFa9J.js                   [39m[1m[2m  8.13 kB[22m[1m[22m[2m Ôöé gzip:   2.62 kB[22m
[2m../dist/public/[22m[36massets/GRNDetails-CkSva7Ct.js                   [39m[1m[2m  8.18 kB[22m[1m[22m[2m Ôöé gzip:   2.06 kB[22m
[2m../dist/public/[22m[36massets/OrgSubscriptions-DnJ0hdzx.js             [39m[1m[2m  8.18 kB[22m[1m[22m[2m Ôöé gzip:   2.03 kB[22m
[2m../dist/public/[22m[36massets/OrgAccounting-BDJSNXdv.js                [39m[1m[2m  8.21 kB[22m[1m[22m[2m Ôöé gzip:   2.32 kB[22m
[2m../dist/public/[22m[36massets/EditLPO-SXvgNgvV.js                      [39m[1m[2m  8.22 kB[22m[1m[22m[2m Ôöé gzip:   2.19 kB[22m
[2m../dist/public/[22m[36massets/SalaryStructureDetails-Dbra-X8T.js       [39m[1m[2m  8.23 kB[22m[1m[22m[2m Ôöé gzip:   1.83 kB[22m
[2m../dist/public/[22m[36massets/OrgDebitNoteDetail-JGxOOybD.js           [39m[1m[2m  8.25 kB[22m[1m[22m[2m Ôöé gzip:   1.76 kB[22m
[2m../dist/public/[22m[36massets/CreateWorkOrder-CUcGFLLK.js              [39m[1m[2m  8.36 kB[22m[1m[22m[2m Ôöé gzip:   2.00 kB[22m
[2m../dist/public/[22m[36massets/OrgOrderDetail-D-nqvhCu.js               [39m[1m[2m  8.37 kB[22m[1m[22m[2m Ôöé gzip:   1.91 kB[22m
[2m../dist/public/[22m[36massets/TimesheetDetails-BfeCSe5U.js             [39m[1m[2m  8.42 kB[22m[1m[22m[2m Ôöé gzip:   1.72 kB[22m
[2m../dist/public/[22m[36massets/CreateDebitNote-new-J7wW.js              [39m[1m[2m  8.45 kB[22m[1m[22m[2m Ôöé gzip:   2.16 kB[22m
[2m../dist/public/[22m[36massets/PayslipDetails-BTR290mw.js               [39m[1m[2m  8.47 kB[22m[1m[22m[2m Ôöé gzip:   2.27 kB[22m
[2m../dist/public/[22m[36massets/AdvancedAnalytics-BOKYeziO.js            [39m[1m[2m  8.47 kB[22m[1m[22m[2m Ôöé gzip:   1.68 kB[22m
[2m../dist/public/[22m[36massets/InvoiceSearchFilter-Cgoa6NMs.js          [39m[1m[2m  8.49 kB[22m[1m[22m[2m Ôöé gzip:   1.58 kB[22m
[2m../dist/public/[22m[36massets/TestPDFGeneration-Bl8ELX__.js            [39m[1m[2m  8.49 kB[22m[1m[22m[2m Ôöé gzip:   2.13 kB[22m
[2m../dist/public/[22m[36massets/CustomerReports-DcVMWVqU.js              [39m[1m[2m  8.49 kB[22m[1m[22m[2m Ôöé gzip:   2.28 kB[22m
[2m../dist/public/[22m[36massets/BankReconciliation-DmHhOxOx.js           [39m[1m[2m  8.50 kB[22m[1m[22m[2m Ôöé gzip:   2.25 kB[22m
[2m../dist/public/[22m[36massets/ImprestDetails-CAHRzCuH.js               [39m[1m[2m  8.50 kB[22m[1m[22m[2m Ôöé gzip:   1.86 kB[22m
[2m../dist/public/[22m[36massets/OrgServices-CD6pLDSE.js                  [39m[1m[2m  8.53 kB[22m[1m[22m[2m Ôöé gzip:   2.14 kB[22m
[2m../dist/public/[22m[36massets/Departments-EAovBsE4.js                  [39m[1m[2m  8.56 kB[22m[1m[22m[2m Ôöé gzip:   2.30 kB[22m
[2m../dist/public/[22m[36massets/MFA-CF4hY01H.js                          [39m[1m[2m  8.63 kB[22m[1m[22m[2m Ôöé gzip:   2.01 kB[22m
[2m../dist/public/[22m[36massets/OrgSalaryStructureDetails-BORS2evQ.js    [39m[1m[2m  8.67 kB[22m[1m[22m[2m Ôöé gzip:   1.84 kB[22m
[2m../dist/public/[22m[36massets/OrgCreateQuotation-dQFUXGot.js           [39m[1m[2m  8.70 kB[22m[1m[22m[2m Ôöé gzip:   2.03 kB[22m
[2m../dist/public/[22m[36massets/OrgEditLPO-C6fiwyVP.js                   [39m[1m[2m  8.73 kB[22m[1m[22m[2m Ôöé gzip:   2.20 kB[22m
[2m../dist/public/[22m[36massets/ServiceInvoices-BfM6NU-v.js              [39m[1m[2m  8.79 kB[22m[1m[22m[2m Ôöé gzip:   2.79 kB[22m
[2m../dist/public/[22m[36massets/SystemHealthDashboard-Cufo1rVM.js        [39m[1m[2m  8.79 kB[22m[1m[22m[2m Ôöé gzip:   2.00 kB[22m
[2m../dist/public/[22m[36massets/ChurnPrediction-DgaoR-Rn.js              [39m[1m[2m  8.79 kB[22m[1m[22m[2m Ôöé gzip:   1.87 kB[22m
[2m../dist/public/[22m[36massets/DeliveryNoteDetails-B1G1vI6e.js          [39m[1m[2m  8.81 kB[22m[1m[22m[2m Ôöé gzip:   2.04 kB[22m
[2m../dist/public/[22m[36massets/Login-CobheInd.js                        [39m[1m[2m  8.82 kB[22m[1m[22m[2m Ôöé gzip:   2.48 kB[22m
[2m../dist/public/[22m[36massets/OrgCreateWorkOrder-uQz7ydMH.js           [39m[1m[2m  8.83 kB[22m[1m[22m[2m Ôöé gzip:   2.00 kB[22m
[2m../dist/public/[22m[36massets/ProcurementMaster-pCcnnyrl.js            [39m[1m[2m  8.84 kB[22m[1m[22m[2m Ôöé gzip:   1.99 kB[22m
[2m../dist/public/[22m[36massets/ForgotPassword-DEr4-amB.js               [39m[1m[2m  8.84 kB[22m[1m[22m[2m Ôöé gzip:   2.07 kB[22m
[2m../dist/public/[22m[36massets/OrgStaff-D_4VNzXs.js                     [39m[1m[2m  8.91 kB[22m[1m[22m[2m Ôöé gzip:   2.58 kB[22m
[2m../dist/public/[22m[36massets/OrgBankReconciliation-DMuA_DW0.js        [39m[1m[2m  8.95 kB[22m[1m[22m[2m Ôöé gzip:   2.26 kB[22m
[2m../dist/public/[22m[36massets/OrgCreateDebitNote-DSYtU6cI.js           [39m[1m[2m  8.95 kB[22m[1m[22m[2m Ôöé gzip:   2.18 kB[22m
[2m../dist/public/[22m[36massets/Documentation-h1gsxHKP.js                [39m[1m[2m  8.97 kB[22m[1m[22m[2m Ôöé gzip:   2.76 kB[22m
[2m../dist/public/[22m[36massets/HTMLEditor-C_nFW-hv.js                   [39m[1m[2m  8.99 kB[22m[1m[22m[2m Ôöé gzip:   2.70 kB[22m
[2m../dist/public/[22m[36massets/BankReconciliationDetails-OvEFrDOh.js    [39m[1m[2m  9.03 kB[22m[1m[22m[2m Ôöé gzip:   1.82 kB[22m
[2m../dist/public/[22m[36massets/ProjectsManagement-CLzfL8RU.js           [39m[1m[2m  9.06 kB[22m[1m[22m[2m Ôöé gzip:   2.37 kB[22m
[2m../dist/public/[22m[36massets/FinanceSettings-DaPMavpm.js              [39m[1m[2m  9.06 kB[22m[1m[22m[2m Ôöé gzip:   2.06 kB[22m
[2m../dist/public/[22m[36massets/CreateDeduction-Dm9e4mbv.js              [39m[1m[2m  9.08 kB[22m[1m[22m[2m Ôöé gzip:   2.32 kB[22m
[2m../dist/public/[22m[36massets/OrgSupplierDetail-D2uXXJ2p.js            [39m[1m[2m  9.08 kB[22m[1m[22m[2m Ôöé gzip:   1.88 kB[22m
[2m../dist/public/[22m[36massets/OrgServiceInvoices-DepPEITU.js           [39m[1m[2m  9.12 kB[22m[1m[22m[2m Ôöé gzip:   2.80 kB[22m
[2m../dist/public/[22m[36massets/EditWorkOrder-D7QRWbv1.js                [39m[1m[2m  9.16 kB[22m[1m[22m[2m Ôöé gzip:   2.16 kB[22m
[2m../dist/public/[22m[36massets/SessionManager-BY3AIxCF.js               [39m[1m[2m  9.17 kB[22m[1m[22m[2m Ôöé gzip:   2.22 kB[22m
[2m../dist/public/[22m[36massets/DebitNoteDetails-BptUk1cc.js             [39m[1m[2m  9.25 kB[22m[1m[22m[2m Ôöé gzip:   2.28 kB[22m
[2m../dist/public/[22m[36massets/OrderDetails-D8X4VUhT.js                 [39m[1m[2m  9.29 kB[22m[1m[22m[2m Ôöé gzip:   1.96 kB[22m
[2m../dist/public/[22m[36massets/OrgWarranty-DjOa-Hm3.js                  [39m[1m[2m  9.30 kB[22m[1m[22m[2m Ôöé gzip:   2.40 kB[22m
[2m../dist/public/[22m[36massets/EditLeave-D7p5UF8o.js                    [39m[1m[2m  9.31 kB[22m[1m[22m[2m Ôöé gzip:   2.21 kB[22m
[2m../dist/public/[22m[36massets/CreateSalaryStructure-BkQxH0H5.js        [39m[1m[2m  9.34 kB[22m[1m[22m[2m Ôöé gzip:   2.18 kB[22m
[2m../dist/public/[22m[36massets/EditBankReconciliation-B99OjQhH.js       [39m[1m[2m  9.36 kB[22m[1m[22m[2m Ôöé gzip:   2.03 kB[22m
[2m../dist/public/[22m[36massets/ContactDetails-DH4eHFTm.js               [39m[1m[2m  9.37 kB[22m[1m[22m[2m Ôöé gzip:   1.77 kB[22m
[2m../dist/public/[22m[36massets/OrgCreateProposal-DzQMu4tz.js            [39m[1m[2m  9.39 kB[22m[1m[22m[2m Ôöé gzip:   2.21 kB[22m
[2m../dist/public/[22m[36massets/Profile-DE1G8b3Q.js                      [39m[1m[2m  9.42 kB[22m[1m[22m[2m Ôöé gzip:   2.54 kB[22m
[2m../dist/public/[22m[36massets/OrgCreateLeave-4_1qHYNI.js               [39m[1m[2m  9.44 kB[22m[1m[22m[2m Ôöé gzip:   2.24 kB[22m
[2m../dist/public/[22m[36massets/Attendance-3saT9_N9.js                   [39m[1m[2m  9.48 kB[22m[1m[22m[2m Ôöé gzip:   2.31 kB[22m
[2m../dist/public/[22m[36massets/OrgCreditNoteDetail-9OdsNWP8.js          [39m[1m[2m  9.50 kB[22m[1m[22m[2m Ôöé gzip:   1.89 kB[22m
[2m../dist/public/[22m[36massets/Holidays-z425ivPU.js                     [39m[1m[2m  9.52 kB[22m[1m[22m[2m Ôöé gzip:   2.46 kB[22m
[2m../dist/public/[22m[36massets/EditChartOfAccounts-BgLGeW0X.js          [39m[1m[2m  9.54 kB[22m[1m[22m[2m Ôöé gzip:   2.37 kB[22m
[2m../dist/public/[22m[36massets/Budgets-BK7kk9kC.js                      [39m[1m[2m  9.66 kB[22m[1m[22m[2m Ôöé gzip:   2.58 kB[22m
[2m../dist/public/[22m[36massets/OrgEditWorkOrder-CNDEePsA.js             [39m[1m[2m  9.67 kB[22m[1m[22m[2m Ôöé gzip:   2.16 kB[22m
[2m../dist/public/[22m[36massets/ServiceTemplateDetails-DdUtODuA.js       [39m[1m[2m  9.69 kB[22m[1m[22m[2m Ôöé gzip:   2.11 kB[22m
[2m../dist/public/[22m[36massets/OrgCreateSalaryStructure-C4OgSsMc.js     [39m[1m[2m  9.72 kB[22m[1m[22m[2m Ôöé gzip:   2.16 kB[22m
[2m../dist/public/[22m[36massets/OpportunityDetails-Wt2NNBot.js           [39m[1m[2m  9.74 kB[22m[1m[22m[2m Ôöé gzip:   2.16 kB[22m
[2m../dist/public/[22m[36massets/ProductForm-DWnDr0vZ.js                  [39m[1m[2m  9.77 kB[22m[1m[22m[2m Ôöé gzip:   1.96 kB[22m
[2m../dist/public/[22m[36massets/LeaveManagementDetails-j97CMLNl.js       [39m[1m[2m  9.80 kB[22m[1m[22m[2m Ôöé gzip:   2.10 kB[22m
[2m../dist/public/[22m[36massets/Calendar-D8YvMnrW.js                     [39m[1m[2m  9.80 kB[22m[1m[22m[2m Ôöé gzip:   2.67 kB[22m
[2m../dist/public/[22m[36massets/OrgEditLeave-CIZXrWPp.js                 [39m[1m[2m  9.82 kB[22m[1m[22m[2m Ôöé gzip:   2.22 kB[22m
[2m../dist/public/[22m[36massets/AuditLogs-16qe8PjY.js                    [39m[1m[2m  9.82 kB[22m[1m[22m[2m Ôöé gzip:   2.84 kB[22m
[2m../dist/public/[22m[36massets/OrgLeave-mkeKw4JY.js                     [39m[1m[2m  9.87 kB[22m[1m[22m[2m Ôöé gzip:   2.66 kB[22m
[2m../dist/public/[22m[36massets/EnterpriseSettings-C2q9K2Si.js           [39m[1m[2m  9.98 kB[22m[1m[22m[2m Ôöé gzip:   2.40 kB[22m
[2m../dist/public/[22m[36massets/CreateContact-CWN7Y-o5.js                [39m[1m[2m 10.01 kB[22m[1m[22m[2m Ôöé gzip:   2.23 kB[22m
[2m../dist/public/[22m[36massets/HR-CMP9SCC8.js                           [39m[1m[2m 10.03 kB[22m[1m[22m[2m Ôöé gzip:   2.76 kB[22m
[2m../dist/public/[22m[36massets/OrgAttendance-CGZl_sQX.js                [39m[1m[2m 10.07 kB[22m[1m[22m[2m Ôöé gzip:   2.32 kB[22m
[2m../dist/public/[22m[36massets/TaxComplianceReports-2J2TxkoR.js         [39m[1m[2m 10.08 kB[22m[1m[22m[2m Ôöé gzip:   1.87 kB[22m
[2m../dist/public/[22m[36massets/ProjectReports-CTteZR6f.js               [39m[1m[2m 10.12 kB[22m[1m[22m[2m Ôöé gzip:   2.60 kB[22m
[2m../dist/public/[22m[36massets/OrgCreateProcurement-RACFlEGv.js         [39m[1m[2m 10.12 kB[22m[1m[22m[2m Ôöé gzip:   2.20 kB[22m
[2m../dist/public/[22m[36massets/ClientPerformance-DN22SstZ.js            [39m[1m[2m 10.13 kB[22m[1m[22m[2m Ôöé gzip:   2.40 kB[22m
[2m../dist/public/[22m[36massets/AttendanceDetails-226TUkuR.js            [39m[1m[2m 10.15 kB[22m[1m[22m[2m Ôöé gzip:   2.27 kB[22m
[2m../dist/public/[22m[36massets/EditDebitNote-Bpe1USwu.js                [39m[1m[2m 10.18 kB[22m[1m[22m[2m Ôöé gzip:   2.52 kB[22m
[2m../dist/public/[22m[36massets/OrgBudgets-DduzoLdD.js                   [39m[1m[2m 10.21 kB[22m[1m[22m[2m Ôöé gzip:   2.59 kB[22m
[2m../dist/public/[22m[36massets/OrgDepartments-BDJxximA.js               [39m[1m[2m 10.21 kB[22m[1m[22m[2m Ôöé gzip:   2.56 kB[22m
[2m../dist/public/[22m[36massets/OrgHR-cWXVzFra.js                        [39m[1m[2m 10.26 kB[22m[1m[22m[2m Ôöé gzip:   2.65 kB[22m
[2m../dist/public/[22m[36massets/OrgCalendar-wVS10sCi.js                  [39m[1m[2m 10.28 kB[22m[1m[22m[2m Ôöé gzip:   2.68 kB[22m
[2m../dist/public/[22m[36massets/LeaveBalances-omK50_qa.js                [39m[1m[2m 10.29 kB[22m[1m[22m[2m Ôöé gzip:   2.39 kB[22m
[2m../dist/public/[22m[36massets/LPODetails-BAslzuQR.js                   [39m[1m[2m 10.37 kB[22m[1m[22m[2m Ôöé gzip:   2.39 kB[22m
[2m../dist/public/[22m[36massets/Reminders-1J9JJ2j5.js                    [39m[1m[2m 10.39 kB[22m[1m[22m[2m Ôöé gzip:   2.33 kB[22m
[2m../dist/public/[22m[36massets/EditOpportunity-DA8DZz1I.js              [39m[1m[2m 10.41 kB[22m[1m[22m[2m Ôöé gzip:   2.40 kB[22m
[2m../dist/public/[22m[36massets/EditOrder-DGIA-Zck.js                    [39m[1m[2m 10.45 kB[22m[1m[22m[2m Ôöé gzip:   2.69 kB[22m
[2m../dist/public/[22m[36massets/Security-DvzJKqLt.js                     [39m[1m[2m 10.45 kB[22m[1m[22m[2m Ôöé gzip:   2.10 kB[22m
[2m../dist/public/[22m[36massets/CreditNoteDetails-CGXhocG9.js            [39m[1m[2m 10.47 kB[22m[1m[22m[2m Ôöé gzip:   2.40 kB[22m
[2m../dist/public/[22m[36massets/OrgContracts-D2TNMKc_.js                 [39m[1m[2m 10.48 kB[22m[1m[22m[2m Ôöé gzip:   2.80 kB[22m
[2m../dist/public/[22m[36massets/Dashboard-28YxbzPi.js                    [39m[1m[2m 10.53 kB[22m[1m[22m[2m Ôöé gzip:   1.87 kB[22m
[2m../dist/public/[22m[36massets/CreateOrder-k5vxvF_s.js                  [39m[1m[2m 10.54 kB[22m[1m[22m[2m Ôöé gzip:   2.56 kB[22m
[2m../dist/public/[22m[36massets/Signup-19qkc9kP.js                       [39m[1m[2m 10.56 kB[22m[1m[22m[2m Ôöé gzip:   2.61 kB[22m
[2m../dist/public/[22m[36massets/CreateService-DGBOE9Xd.js                [39m[1m[2m 10.57 kB[22m[1m[22m[2m Ôöé gzip:   2.46 kB[22m
[2m../dist/public/[22m[36massets/CreateServiceInvoice-ASPBNsPM.js         [39m[1m[2m 10.59 kB[22m[1m[22m[2m Ôöé gzip:   2.56 kB[22m
[2m../dist/public/[22m[36massets/OrgEditDebitNote-dJy4RvOc.js             [39m[1m[2m 10.79 kB[22m[1m[22m[2m Ôöé gzip:   2.53 kB[22m
[2m../dist/public/[22m[36massets/CreateBenefit-DECyKy6G.js                [39m[1m[2m 10.80 kB[22m[1m[22m[2m Ôöé gzip:   2.61 kB[22m
[2m../dist/public/[22m[36massets/Accounting-CXAFawBN.js                   [39m[1m[2m 10.85 kB[22m[1m[22m[2m Ôöé gzip:   2.83 kB[22m
[2m../dist/public/[22m[36massets/Products-DD4ogFUm.js                     [39m[1m[2m 10.87 kB[22m[1m[22m[2m Ôöé gzip:   2.92 kB[22m
[2m../dist/public/[22m[36massets/EditContact-B-JceHbB.js                  [39m[1m[2m 10.91 kB[22m[1m[22m[2m Ôöé gzip:   2.48 kB[22m
[2m../dist/public/[22m[36massets/OrgTaxCompliance-DJEPTMNJ.js             [39m[1m[2m 10.98 kB[22m[1m[22m[2m Ôöé gzip:   2.00 kB[22m
[2m../dist/public/[22m[36massets/UserGuide-B7Own1ay.js                    [39m[1m[2m 11.00 kB[22m[1m[22m[2m Ôöé gzip:   3.32 kB[22m
[2m../dist/public/[22m[36massets/WorkOrders-CJbtzUit.js                   [39m[1m[2m 11.00 kB[22m[1m[22m[2m Ôöé gzip:   2.92 kB[22m
[2m../dist/public/[22m[36massets/OrgEditContract-ZSyFerl0.js              [39m[1m[2m 11.01 kB[22m[1m[22m[2m Ôöé gzip:   2.45 kB[22m
[2m../dist/public/[22m[36massets/OrgEditOrder-BYMRpq3U.js                 [39m[1m[2m 11.05 kB[22m[1m[22m[2m Ôöé gzip:   2.71 kB[22m
[2m../dist/public/[22m[36massets/OrgCreateServiceInvoice-BvIu3pHD.js      [39m[1m[2m 11.12 kB[22m[1m[22m[2m Ôöé gzip:   2.57 kB[22m
[2m../dist/public/[22m[36massets/TaxInformation-aYnOlDkk.js               [39m[1m[2m 11.13 kB[22m[1m[22m[2m Ôöé gzip:   2.56 kB[22m
[2m../dist/public/[22m[36massets/OrgCreateService-Br4YbQNp.js             [39m[1m[2m 11.14 kB[22m[1m[22m[2m Ôöé gzip:   2.47 kB[22m
[2m../dist/public/[22m[36massets/Benefits-DHW40Eot.js                     [39m[1m[2m 11.15 kB[22m[1m[22m[2m Ôöé gzip:   2.52 kB[22m
[2m../dist/public/[22m[36massets/Notifications-5fr5nBqd.js                [39m[1m[2m 11.18 kB[22m[1m[22m[2m Ôöé gzip:   2.36 kB[22m
[2m../dist/public/[22m[36massets/SalaryStructures-DRjCNHbF.js             [39m[1m[2m 11.18 kB[22m[1m[22m[2m Ôöé gzip:   2.57 kB[22m
[2m../dist/public/[22m[36massets/ResetPassword-BKUWx7ko.js                [39m[1m[2m 11.20 kB[22m[1m[22m[2m Ôöé gzip:   2.39 kB[22m
[2m../dist/public/[22m[36massets/EditProposal-CSvzOobi.js                 [39m[1m[2m 11.33 kB[22m[1m[22m[2m Ôöé gzip:   2.49 kB[22m
[2m../dist/public/[22m[36massets/HRReports-DPAr2cxv.js                    [39m[1m[2m 11.34 kB[22m[1m[22m[2m Ôöé gzip:   2.79 kB[22m
[2m../dist/public/[22m[36massets/ProjectManagerDashboard-DqY1BIGY.js      [39m[1m[2m 11.39 kB[22m[1m[22m[2m Ôöé gzip:   2.43 kB[22m
[2m../dist/public/[22m[36massets/OrgProducts-V746NGJk.js                  [39m[1m[2m 11.39 kB[22m[1m[22m[2m Ôöé gzip:   2.93 kB[22m
[2m../dist/public/[22m[36massets/EditServiceInvoice-BB5elCCJ.js           [39m[1m[2m 11.39 kB[22m[1m[22m[2m Ôöé gzip:   2.73 kB[22m
[2m../dist/public/[22m[36massets/UserDetails-ciIIeABl.js                  [39m[1m[2m 11.45 kB[22m[1m[22m[2m Ôöé gzip:   2.09 kB[22m
[2m../dist/public/[22m[36massets/Contact-BPCbKwWJ.js                      [39m[1m[2m 11.47 kB[22m[1m[22m[2m Ôöé gzip:   2.99 kB[22m
[2m../dist/public/[22m[36massets/OrgLeaveDetail-DzuUu2Hk.js               [39m[1m[2m 11.49 kB[22m[1m[22m[2m Ôöé gzip:   2.24 kB[22m
[2m../dist/public/[22m[36massets/EditService-Ik5GPOMV.js                  [39m[1m[2m 11.56 kB[22m[1m[22m[2m Ôöé gzip:   2.90 kB[22m
[2m../dist/public/[22m[36massets/OrgEditContact-CDRxuXBR.js               [39m[1m[2m 11.56 kB[22m[1m[22m[2m Ôöé gzip:   2.48 kB[22m
[2m../dist/public/[22m[36massets/OrgWorkOrders-E1bkuRfG.js                [39m[1m[2m 11.59 kB[22m[1m[22m[2m Ôöé gzip:   2.94 kB[22m
[2m../dist/public/[22m[36massets/OrgCreateContract-NnFHjObQ.js            [39m[1m[2m 11.66 kB[22m[1m[22m[2m Ôöé gzip:   2.46 kB[22m
[2m../dist/public/[22m[36massets/OrgSalaryStructures-BML-E6IF.js          [39m[1m[2m 11.74 kB[22m[1m[22m[2m Ôöé gzip:   2.58 kB[22m
[2m../dist/public/[22m[36massets/SystemLogsViewer-B3HFhW4c.js             [39m[1m[2m 11.76 kB[22m[1m[22m[2m Ôöé gzip:   2.56 kB[22m
[2m../dist/public/[22m[36massets/OrgCreateOrder-DSN3NYEJ.js               [39m[1m[2m 11.77 kB[22m[1m[22m[2m Ôöé gzip:   2.68 kB[22m
[2m../dist/public/[22m[36massets/DatabaseManagement-Wm_w_HAJ.js           [39m[1m[2m 11.79 kB[22m[1m[22m[2m Ôöé gzip:   2.14 kB[22m
[2m../dist/public/[22m[36massets/OrgCRM-l2J8QArj.js                       [39m[1m[2m 11.84 kB[22m[1m[22m[2m Ôöé gzip:   2.82 kB[22m
[2m../dist/public/[22m[36massets/OrgEditServiceInvoice-jETWOzAz.js        [39m[1m[2m 11.95 kB[22m[1m[22m[2m Ôöé gzip:   2.74 kB[22m
[2m../dist/public/[22m[36massets/OrgEditProposal-CPt4JZWp.js              [39m[1m[2m 11.98 kB[22m[1m[22m[2m Ôöé gzip:   2.50 kB[22m
[2m../dist/public/[22m[36massets/OrgProjects-DAEpfSOd.js                  [39m[1m[2m 12.01 kB[22m[1m[22m[2m Ôöé gzip:   3.01 kB[22m
[2m../dist/public/[22m[36massets/OrgEditService-BDF37OYJ.js               [39m[1m[2m 12.12 kB[22m[1m[22m[2m Ôöé gzip:   2.91 kB[22m
[2m../dist/public/[22m[36massets/TermsAndConditions-CLJeQah1.js           [39m[1m[2m 12.15 kB[22m[1m[22m[2m Ôöé gzip:   3.01 kB[22m
[2m../dist/public/[22m[36massets/OrgContractDetail-D6R8zzDT.js            [39m[1m[2m 12.15 kB[22m[1m[22m[2m Ôöé gzip:   2.22 kB[22m
[2m../dist/public/[22m[36massets/SystemHealth-73NBYWJq.js                 [39m[1m[2m 12.17 kB[22m[1m[22m[2m Ôöé gzip:   2.15 kB[22m
[2m../dist/public/[22m[36massets/OrgServiceInvoiceDetails-DLKXsrHJ.js     [39m[1m[2m 12.23 kB[22m[1m[22m[2m Ôöé gzip:   2.44 kB[22m
[2m../dist/public/[22m[36massets/ExpenseBudgetReport-Cobn_e4F.js          [39m[1m[2m 12.24 kB[22m[1m[22m[2m Ôöé gzip:   2.19 kB[22m
[2m../dist/public/[22m[36massets/Notes-C8zCWkpB.js                        [39m[1m[2m 12.33 kB[22m[1m[22m[2m Ôöé gzip:   3.09 kB[22m
[2m../dist/public/[22m[36massets/AccountingManagement-YguRz8S7.js         [39m[1m[2m 12.35 kB[22m[1m[22m[2m Ôöé gzip:   2.61 kB[22m
[2m../dist/public/[22m[36massets/IntegrationGuides-L0P8zySx.js            [39m[1m[2m 12.44 kB[22m[1m[22m[2m Ôöé gzip:   3.48 kB[22m
[2m../dist/public/[22m[36massets/Payments-DE9EomYv.js                     [39m[1m[2m 12.45 kB[22m[1m[22m[2m Ôöé gzip:   3.63 kB[22m
[2m../dist/public/[22m[36massets/ProposalTemplates-BH5nblym.js            [39m[1m[2m 12.57 kB[22m[1m[22m[2m Ôöé gzip:   2.86 kB[22m
[2m../dist/public/[22m[36massets/About-Cb_tp84-.js                        [39m[1m[2m 12.62 kB[22m[1m[22m[2m Ôöé gzip:   3.81 kB[22m
[2m../dist/public/[22m[36massets/Warehouses-B2nshgCE.js                   [39m[1m[2m 12.68 kB[22m[1m[22m[2m Ôöé gzip:   2.71 kB[22m
[2m../dist/public/[22m[36massets/AllowancesDeductions-Xubcd54G.js         [39m[1m[2m 12.78 kB[22m[1m[22m[2m Ôöé gzip:   2.74 kB[22m
[2m../dist/public/[22m[36massets/EditProject-BjXH3KIh.js                  [39m[1m[2m 12.82 kB[22m[1m[22m[2m Ôöé gzip:   2.87 kB[22m
[2m../dist/public/[22m[36massets/ChartOfAccountsHierarchy-BAN9fkhC.js     [39m[1m[2m 12.86 kB[22m[1m[22m[2m Ôöé gzip:   2.39 kB[22m
[2m../dist/public/[22m[36massets/EditCreditNote-8RqfvI9h.js               [39m[1m[2m 12.87 kB[22m[1m[22m[2m Ôöé gzip:   2.99 kB[22m
[2m../dist/public/[22m[36massets/ContractTemplates-DPgOhA5b.js            [39m[1m[2m 12.88 kB[22m[1m[22m[2m Ôöé gzip:   2.95 kB[22m
[2m../dist/public/[22m[36massets/PayrollDetails-BP5dgx-D.js               [39m[1m[2m 12.91 kB[22m[1m[22m[2m Ôöé gzip:   2.49 kB[22m
[2m../dist/public/[22m[36massets/OrgPayments-Bc6ADwrj.js                  [39m[1m[2m 12.99 kB[22m[1m[22m[2m Ôöé gzip:   3.64 kB[22m
[2m../dist/public/[22m[36massets/ExpenseBudgetReport-CTvKfYHS.js          [39m[1m[2m 13.00 kB[22m[1m[22m[2m Ôöé gzip:   3.06 kB[22m
[2m../dist/public/[22m[36massets/Estimates-B9c4GMlv.js                    [39m[1m[2m 13.04 kB[22m[1m[22m[2m Ôöé gzip:   3.93 kB[22m
[2m../dist/public/[22m[36massets/TaskDetails-DaX5eBiu.js                  [39m[1m[2m 13.13 kB[22m[1m[22m[2m Ôöé gzip:   2.68 kB[22m
[2m../dist/public/[22m[36massets/OrgEditProject-ZBZZJwtF.js               [39m[1m[2m 13.17 kB[22m[1m[22m[2m Ôöé gzip:   2.78 kB[22m
[2m../dist/public/[22m[36massets/FinancialDashboard-COCstRCb.js           [39m[1m[2m 13.19 kB[22m[1m[22m[2m Ôöé gzip:   2.96 kB[22m
[2m../dist/public/[22m[36massets/OrgInvoiceDetail-BkkpIr9W.js             [39m[1m[2m 13.20 kB[22m[1m[22m[2m Ôöé gzip:   2.44 kB[22m
[2m../dist/public/[22m[36massets/Quotes-Bh3vGS5C.js                       [39m[1m[2m 13.36 kB[22m[1m[22m[2m Ôöé gzip:   3.75 kB[22m
[2m../dist/public/[22m[36massets/ActivityTrail-DxcprIIt.js                [39m[1m[2m 13.39 kB[22m[1m[22m[2m Ôöé gzip:   3.04 kB[22m
[2m../dist/public/[22m[36massets/Opportunities-BxYxDd3s.js                [39m[1m[2m 13.46 kB[22m[1m[22m[2m Ôöé gzip:   3.60 kB[22m
[2m../dist/public/[22m[36massets/OrgContractTemplates-g-TBYTfT.js         [39m[1m[2m 13.53 kB[22m[1m[22m[2m Ôöé gzip:   2.96 kB[22m
[2m../dist/public/[22m[36massets/OrgEditCreditNote-ByggfrVI.js            [39m[1m[2m 13.57 kB[22m[1m[22m[2m Ôöé gzip:   3.00 kB[22m
[2m../dist/public/[22m[36massets/OrgPayrollDetails-6K4MTirO.js            [39m[1m[2m 13.63 kB[22m[1m[22m[2m Ôöé gzip:   2.50 kB[22m
[2m../dist/public/[22m[36massets/LeaveManagement-C32_I7AD.js              [39m[1m[2m 13.68 kB[22m[1m[22m[2m Ôöé gzip:   2.98 kB[22m
[2m../dist/public/[22m[36massets/DisciplinaryRecords-DbCANqZ3.js          [39m[1m[2m 13.83 kB[22m[1m[22m[2m Ôöé gzip:   2.85 kB[22m
[2m../dist/public/[22m[36massets/OrgPricing-ipQjzSlG.js                   [39m[1m[2m 13.83 kB[22m[1m[22m[2m Ôöé gzip:   3.78 kB[22m
[2m../dist/public/[22m[36massets/Expenses-uYG3brZB.js                     [39m[1m[2m 13.94 kB[22m[1m[22m[2m Ôöé gzip:   3.85 kB[22m
[2m../dist/public/[22m[36massets/OrgCreateProject-DPYcSyeH.js             [39m[1m[2m 13.94 kB[22m[1m[22m[2m Ôöé gzip:   2.88 kB[22m
[2m../dist/public/[22m[36massets/PerformanceReviews-DjaTso-g.js           [39m[1m[2m 14.03 kB[22m[1m[22m[2m Ôöé gzip:   3.06 kB[22m
[2m../dist/public/[22m[36massets/EstimateDetails-JCFZIeAU.js              [39m[1m[2m 14.07 kB[22m[1m[22m[2m Ôöé gzip:   3.14 kB[22m
[2m../dist/public/[22m[36massets/EditPayroll-DBi-ZUbQ.js                  [39m[1m[2m 14.08 kB[22m[1m[22m[2m Ôöé gzip:   3.47 kB[22m
[2m../dist/public/[22m[36massets/CreatePayment-DE3-GQFN.js                [39m[1m[2m 14.12 kB[22m[1m[22m[2m Ôöé gzip:   3.41 kB[22m
[2m../dist/public/[22m[36massets/FileManager-CZH-qAYJ.js                  [39m[1m[2m 14.12 kB[22m[1m[22m[2m Ôöé gzip:   4.04 kB[22m
[2m../dist/public/[22m[36massets/OrgWorkOrderDetail-DkEz4IvH.js           [39m[1m[2m 14.14 kB[22m[1m[22m[2m Ôöé gzip:   2.42 kB[22m
[2m../dist/public/[22m[36massets/OrgFinancialDashboard-AbRmezHe.js        [39m[1m[2m 14.23 kB[22m[1m[22m[2m Ôöé gzip:   2.96 kB[22m
[2m../dist/public/[22m[36massets/OrgEstimates-TckkTShs.js                 [39m[1m[2m 14.35 kB[22m[1m[22m[2m Ôöé gzip:   4.06 kB[22m
[2m../dist/public/[22m[36massets/CreateCreditNote-D7qi1mLs.js             [39m[1m[2m 14.41 kB[22m[1m[22m[2m Ôöé gzip:   3.20 kB[22m
[2m../dist/public/[22m[36massets/PrivacyPolicy-BD-Fwoog.js                [39m[1m[2m 14.42 kB[22m[1m[22m[2m Ôöé gzip:   3.28 kB[22m
[2m../dist/public/[22m[36massets/BillingDashboard-DIdq2Pgf.js             [39m[1m[2m 14.46 kB[22m[1m[22m[2m Ôöé gzip:   3.57 kB[22m
[2m../dist/public/[22m[36massets/HRAnalyticsPage-LK5FPugz.js              [39m[1m[2m 14.49 kB[22m[1m[22m[2m Ôöé gzip:   2.60 kB[22m
[2m../dist/public/[22m[36massets/OrgExpenses-btWtzog3.js                  [39m[1m[2m 14.56 kB[22m[1m[22m[2m Ôöé gzip:   3.87 kB[22m
[2m../dist/public/[22m[36massets/OrgEditPayroll-DIwmFg0f.js               [39m[1m[2m 14.56 kB[22m[1m[22m[2m Ôöé gzip:   3.48 kB[22m
[2m../dist/public/[22m[36massets/HRAdminDashboard-Du9MsV_f.js             [39m[1m[2m 14.59 kB[22m[1m[22m[2m Ôöé gzip:   2.81 kB[22m
[2m../dist/public/[22m[36massets/EditPayment-DnC19mk2.js                  [39m[1m[2m 14.60 kB[22m[1m[22m[2m Ôöé gzip:   3.57 kB[22m
[2m../dist/public/[22m[36massets/CSVImportExport-Bx-0EO02.js              [39m[1m[2m 14.67 kB[22m[1m[22m[2m Ôöé gzip:   3.47 kB[22m
[2m../dist/public/[22m[36massets/Receipts-Clr7OAnd.js                     [39m[1m[2m 14.69 kB[22m[1m[22m[2m Ôöé gzip:   4.00 kB[22m
[2m../dist/public/[22m[36massets/EditUser-DGJ7SGwP.js                     [39m[1m[2m 14.79 kB[22m[1m[22m[2m Ôöé gzip:   3.44 kB[22m
[2m../dist/public/[22m[36massets/OrgPerformanceReviews-DiqSq5Jo.js        [39m[1m[2m 14.81 kB[22m[1m[22m[2m Ôöé gzip:   3.06 kB[22m
[2m../dist/public/[22m[36massets/DashboardHome-TUzs5jE2.js                [39m[1m[2m 14.85 kB[22m[1m[22m[2m Ôöé gzip:   3.44 kB[22m
[2m../dist/public/[22m[36massets/OverduePayments-Dq8cLPGO.js              [39m[1m[2m 14.88 kB[22m[1m[22m[2m Ôöé gzip:   3.07 kB[22m
[2m../dist/public/[22m[36massets/UiElements-viRtnZ1A.js                   [39m[1m[2m 14.92 kB[22m[1m[22m[2m Ôöé gzip:   3.12 kB[22m
[2m../dist/public/[22m[36massets/RecurringInvoices-cWKjE73b.js            [39m[1m[2m 14.97 kB[22m[1m[22m[2m Ôöé gzip:   3.21 kB[22m
[2m../dist/public/[22m[36massets/AssetManagement-Y1fh6f_n.js              [39m[1m[2m 15.10 kB[22m[1m[22m[2m Ôöé gzip:   3.21 kB[22m
[2m../dist/public/[22m[36massets/CreateUser-DCYp3xOR.js                   [39m[1m[2m 15.11 kB[22m[1m[22m[2m Ôöé gzip:   3.69 kB[22m
[2m../dist/public/[22m[36massets/OrgCreateCreditNote-izbQYVk_.js          [39m[1m[2m 15.14 kB[22m[1m[22m[2m Ôöé gzip:   3.22 kB[22m
[2m../dist/public/[22m[36massets/OrgEditPayment-DymF9x7N.js               [39m[1m[2m 15.18 kB[22m[1m[22m[2m Ôöé gzip:   3.59 kB[22m
[2m../dist/public/[22m[36massets/LPOs-KOgAba2B.js                         [39m[1m[2m 15.36 kB[22m[1m[22m[2m Ôöé gzip:   4.45 kB[22m
[2m../dist/public/[22m[36massets/Suppliers-BQhvt0nu.js                    [39m[1m[2m 15.37 kB[22m[1m[22m[2m Ôöé gzip:   4.52 kB[22m
[2m../dist/public/[22m[36massets/EnhancedReceiptManagement-BA1P9-sf.js    [39m[1m[2m 15.48 kB[22m[1m[22m[2m Ôöé gzip:   3.63 kB[22m
[2m../dist/public/[22m[36massets/ProjectMilestones-31sfwXn6.js            [39m[1m[2m 15.52 kB[22m[1m[22m[2m Ôöé gzip:   3.41 kB[22m
[2m../dist/public/[22m[36massets/LeadsDetails-BSJd0EFa.js                 [39m[1m[2m 15.57 kB[22m[1m[22m[2m Ôöé gzip:   3.08 kB[22m
[2m../dist/public/[22m[36massets/DeliveryNotes-CVfks4Z2.js                [39m[1m[2m 15.58 kB[22m[1m[22m[2m Ôöé gzip:   3.73 kB[22m
[2m../dist/public/[22m[36massets/OrgDashboardHome-661s3eDI.js             [39m[1m[2m 15.68 kB[22m[1m[22m[2m Ôöé gzip:   3.64 kB[22m
[2m../dist/public/[22m[36massets/AccountantDashboard-DBIRSAyF.js          [39m[1m[2m 15.73 kB[22m[1m[22m[2m Ôöé gzip:   3.47 kB[22m
[2m../dist/public/[22m[36massets/ReportBuilder-DkfgaPhC.js                [39m[1m[2m 15.74 kB[22m[1m[22m[2m Ôöé gzip:   3.20 kB[22m
[2m../dist/public/[22m[36massets/PayrollApprovals-DZElBFhO.js             [39m[1m[2m 15.77 kB[22m[1m[22m[2m Ôöé gzip:   3.22 kB[22m
[2m../dist/public/[22m[36massets/HRAnalytics-CY0PZcfo.js                  [39m[1m[2m 15.88 kB[22m[1m[22m[2m Ôöé gzip:   3.33 kB[22m
[2m../dist/public/[22m[36massets/CreateServiceTemplate-CK3gS927.js        [39m[1m[2m 15.99 kB[22m[1m[22m[2m Ôöé gzip:   3.40 kB[22m
[2m../dist/public/[22m[36massets/AdminCronJobs-2sPD7CnZ.js                [39m[1m[2m 16.03 kB[22m[1m[22m[2m Ôöé gzip:   3.63 kB[22m
[2m../dist/public/[22m[36massets/Features-CgCO0Ppt.js                     [39m[1m[2m 16.03 kB[22m[1m[22m[2m Ôöé gzip:   4.74 kB[22m
[2m../dist/public/[22m[36massets/Inventory-BOrK3rzP.js                    [39m[1m[2m 16.15 kB[22m[1m[22m[2m Ôöé gzip:   3.77 kB[22m
[2m../dist/public/[22m[36massets/OrgReceipts-B3CBDJCP.js                  [39m[1m[2m 16.25 kB[22m[1m[22m[2m Ôöé gzip:   4.15 kB[22m
[2m../dist/public/[22m[36massets/OrgDeliveryNotes-BY9zKxJ5.js             [39m[1m[2m 16.33 kB[22m[1m[22m[2m Ôöé gzip:   3.73 kB[22m
[2m../dist/public/[22m[36massets/GRN-BRllEXBf.js                          [39m[1m[2m 16.40 kB[22m[1m[22m[2m Ôöé gzip:   3.84 kB[22m
[2m../dist/public/[22m[36massets/OrgInventory-Dp8k2p0w.js                 [39m[1m[2m 16.55 kB[22m[1m[22m[2m Ôöé gzip:   3.59 kB[22m
[2m../dist/public/[22m[36massets/OrgLPOs-DDE1iPwY.js                      [39m[1m[2m 16.56 kB[22m[1m[22m[2m Ôöé gzip:   4.53 kB[22m
[2m../dist/public/[22m[36massets/PaymentReconciliation-DFjKA7Nb.js        [39m[1m[2m 16.57 kB[22m[1m[22m[2m Ôöé gzip:   3.43 kB[22m
[2m../dist/public/[22m[36massets/Integrations-2ep4F5iS.js                 [39m[1m[2m 16.70 kB[22m[1m[22m[2m Ôöé gzip:   3.61 kB[22m
[2m../dist/public/[22m[36massets/MaintenanceAdmin-D0bxC1Vg.js             [39m[1m[2m 16.81 kB[22m[1m[22m[2m Ôöé gzip:   3.83 kB[22m
[2m../dist/public/[22m[36massets/Onboarding-Duse92uK.js                   [39m[1m[2m 16.87 kB[22m[1m[22m[2m Ôöé gzip:   3.39 kB[22m
[2m../dist/public/[22m[36massets/UnifiedLanding-DxZMIfIU.js               [39m[1m[2m 17.00 kB[22m[1m[22m[2m Ôöé gzip:   3.59 kB[22m
[2m../dist/public/[22m[36massets/CommunicationDetails-oeOEPOlv.js         [39m[1m[2m 17.13 kB[22m[1m[22m[2m Ôöé gzip:   3.41 kB[22m
[2m../dist/public/[22m[36massets/GlobalSettings-CBuhRnr_.js               [39m[1m[2m 17.14 kB[22m[1m[22m[2m Ôöé gzip:   3.60 kB[22m
[2m../dist/public/[22m[36massets/OrgQuotations-D4XxTRXQ.js                [39m[1m[2m 17.16 kB[22m[1m[22m[2m Ôöé gzip:   4.04 kB[22m
[2m../dist/public/[22m[36massets/Quotations-DZaZ9kjP.js                   [39m[1m[2m 17.20 kB[22m[1m[22m[2m Ôöé gzip:   4.23 kB[22m
[2m../dist/public/[22m[36massets/Projects-DTT2YBbg.js                     [39m[1m[2m 17.21 kB[22m[1m[22m[2m Ôöé gzip:   4.03 kB[22m
[2m../dist/public/[22m[36massets/DepartmentPayrollReports-BQfOZLXj.js     [39m[1m[2m 17.29 kB[22m[1m[22m[2m Ôöé gzip:   3.53 kB[22m
[2m../dist/public/[22m[36massets/CannedResponses-BKV9PuVK.js              [39m[1m[2m 17.32 kB[22m[1m[22m[2m Ôöé gzip:   3.66 kB[22m
[2m../dist/public/[22m[36massets/documentTemplate-C1To6Bzg.js             [39m[1m[2m 17.35 kB[22m[1m[22m[2m Ôöé gzip:   4.20 kB[22m
[2m../dist/public/[22m[36massets/Contacts-BgampF3m.js                     [39m[1m[2m 17.41 kB[22m[1m[22m[2m Ôöé gzip:   4.21 kB[22m
[2m../dist/public/[22m[36massets/OrgGRN-CG-RuWRA.js                       [39m[1m[2m 17.43 kB[22m[1m[22m[2m Ôöé gzip:   3.85 kB[22m
[2m../dist/public/[22m[36massets/ClientForm-BZK4k5SG.js                   [39m[1m[2m 17.45 kB[22m[1m[22m[2m Ôöé gzip:   3.01 kB[22m
[2m../dist/public/[22m[36massets/CreateProject-B-fmSLqt.js                [39m[1m[2m 17.46 kB[22m[1m[22m[2m Ôöé gzip:   3.85 kB[22m
[2m../dist/public/[22m[36massets/OrgTicketDetail-nTBe4Utm.js              [39m[1m[2m 17.46 kB[22m[1m[22m[2m Ôöé gzip:   2.89 kB[22m
[2m../dist/public/[22m[36massets/TimeTracking-BBUA0icc.js                 [39m[1m[2m 17.62 kB[22m[1m[22m[2m Ôöé gzip:   3.90 kB[22m
[2m../dist/public/[22m[36massets/SupplierForm-CluLUP-W.js                 [39m[1m[2m 17.67 kB[22m[1m[22m[2m Ôöé gzip:   3.33 kB[22m
[2m../dist/public/[22m[36massets/BudgetDetail-DexrM9O4.js                 [39m[1m[2m 17.69 kB[22m[1m[22m[2m Ôöé gzip:   3.92 kB[22m
[2m../dist/public/[22m[36massets/PaymentPlans-DPAMM6sn.js                 [39m[1m[2m 17.71 kB[22m[1m[22m[2m Ôöé gzip:   3.77 kB[22m
[2m../dist/public/[22m[36massets/OrgProjectDetail-CFX8LtrA.js             [39m[1m[2m 17.80 kB[22m[1m[22m[2m Ôöé gzip:   4.09 kB[22m
[2m../dist/public/[22m[36massets/KPITracking-CSf3kPYM.js                  [39m[1m[2m 17.88 kB[22m[1m[22m[2m Ôöé gzip:   3.64 kB[22m
[2m../dist/public/[22m[36massets/QuoteDetails-hFW2D8tl.js                 [39m[1m[2m 17.92 kB[22m[1m[22m[2m Ôöé gzip:   3.69 kB[22m
[2m../dist/public/[22m[36massets/Payslips-BpM50nBh.js                     [39m[1m[2m 17.97 kB[22m[1m[22m[2m Ôöé gzip:   3.82 kB[22m
[2m../dist/public/[22m[36massets/PaymentReports-CN_cr0H1.js               [39m[1m[2m 18.20 kB[22m[1m[22m[2m Ôöé gzip:   3.58 kB[22m
[2m../dist/public/[22m[36massets/TroubleshootingGuide-DRPL6jPZ.js         [39m[1m[2m 18.25 kB[22m[1m[22m[2m Ôöé gzip:   5.20 kB[22m
[2m../dist/public/[22m[36massets/OrgCannedResponses-Bjq68M0V.js           [39m[1m[2m 18.25 kB[22m[1m[22m[2m Ôöé gzip:   3.68 kB[22m
[2m../dist/public/[22m[36massets/OrgExpenseDetail-BT34aVVy.js             [39m[1m[2m 18.26 kB[22m[1m[22m[2m Ôöé gzip:   3.41 kB[22m
[2m../dist/public/[22m[36massets/OrgContacts-5xeatYqq.js                  [39m[1m[2m 18.29 kB[22m[1m[22m[2m Ôöé gzip:   4.19 kB[22m
[2m../dist/public/[22m[36massets/SystemSettings-As1V93g2.js               [39m[1m[2m 18.42 kB[22m[1m[22m[2m Ôöé gzip:   3.73 kB[22m
[2m../dist/public/[22m[36massets/OrgBudgetDetail-DAeiImz6.js              [39m[1m[2m 18.73 kB[22m[1m[22m[2m Ôöé gzip:   3.94 kB[22m
[2m../dist/public/[22m[36massets/SalesPipeline-BtAiRYTz.js                [39m[1m[2m 18.82 kB[22m[1m[22m[2m Ôöé gzip:   4.18 kB[22m
[2m../dist/public/[22m[36massets/Pricing-DQihGaUy.js                      [39m[1m[2m 18.85 kB[22m[1m[22m[2m Ôöé gzip:   4.94 kB[22m
[2m../dist/public/[22m[36massets/CreateOpportunity-B__XUrQX.js            [39m[1m[2m 19.01 kB[22m[1m[22m[2m Ôöé gzip:   3.94 kB[22m
[2m../dist/public/[22m[36massets/EmployeeContracts-COS_1_nI.js            [39m[1m[2m 19.03 kB[22m[1m[22m[2m Ôöé gzip:   3.23 kB[22m
[2m../dist/public/[22m[36massets/EnhancedChangePassword-De__KiGI.js       [39m[1m[2m 19.21 kB[22m[1m[22m[2m Ôöé gzip:   3.54 kB[22m
[2m../dist/public/[22m[36massets/Timesheets-nOdYNgfO.js                   [39m[1m[2m 19.40 kB[22m[1m[22m[2m Ôöé gzip:   4.45 kB[22m
[2m../dist/public/[22m[36massets/Training-f1KXWD73.js                     [39m[1m[2m 19.44 kB[22m[1m[22m[2m Ôöé gzip:   4.04 kB[22m
[2m../dist/public/[22m[36massets/Demo-iq3UQ_YN.js                         [39m[1m[2m 19.49 kB[22m[1m[22m[2m Ôöé gzip:   4.45 kB[22m
[2m../dist/public/[22m[36massets/HRAutomation-D6Q_gtVb.js                 [39m[1m[2m 19.54 kB[22m[1m[22m[2m Ôöé gzip:   3.56 kB[22m
[2m../dist/public/[22m[36massets/Leads-C_vZcatd.js                        [39m[1m[2m 19.60 kB[22m[1m[22m[2m Ôöé gzip:   4.35 kB[22m
[2m../dist/public/[22m[36massets/CustomReportBuilder-BQPykXVR.js          [39m[1m[2m 19.75 kB[22m[1m[22m[2m Ôöé gzip:   3.98 kB[22m
[2m../dist/public/[22m[36massets/OrgSalesPipeline-BwvGYMuw.js             [39m[1m[2m 19.78 kB[22m[1m[22m[2m Ôöé gzip:   4.20 kB[22m
[2m../dist/public/[22m[36massets/RecurringExpenses-C8rV4XEy.js            [39m[1m[2m 19.94 kB[22m[1m[22m[2m Ôöé gzip:   4.37 kB[22m
[2m../dist/public/[22m[36massets/NotificationCenter-9Eo3XPoU.js           [39m[1m[2m 20.10 kB[22m[1m[22m[2m Ôöé gzip:   3.91 kB[22m
[2m../dist/public/[22m[36massets/ExecutiveDashboard-DUyV6xDA.js           [39m[1m[2m 20.12 kB[22m[1m[22m[2m Ôöé gzip:   3.92 kB[22m
[2m../dist/public/[22m[36massets/BackupRestore-CyYFD34F.js                [39m[1m[2m 20.19 kB[22m[1m[22m[2m Ôöé gzip:   3.80 kB[22m
[2m../dist/public/[22m[36massets/Proposals-BC-jNN8a.js                    [39m[1m[2m 20.25 kB[22m[1m[22m[2m Ôöé gzip:   4.66 kB[22m
[2m../dist/public/[22m[36massets/Clients-DAcSGYrH.js                      [39m[1m[2m 20.32 kB[22m[1m[22m[2m Ôöé gzip:   5.05 kB[22m
[2m../dist/public/[22m[36massets/ProcurementLPOs-DnTfuA9S.js              [39m[1m[2m 20.33 kB[22m[1m[22m[2m Ôöé gzip:   3.72 kB[22m
[2m../dist/public/[22m[36massets/OrgTimesheets-C-Jari5c.js                [39m[1m[2m 20.41 kB[22m[1m[22m[2m Ôöé gzip:   4.47 kB[22m
[2m../dist/public/[22m[36massets/ContractManagement-ChIwLo8z.js           [39m[1m[2m 20.47 kB[22m[1m[22m[2m Ôöé gzip:   3.94 kB[22m
[2m../dist/public/[22m[36massets/WorkflowAutomation-VEcQIQul.js           [39m[1m[2m 20.48 kB[22m[1m[22m[2m Ôöé gzip:   4.03 kB[22m
[2m../dist/public/[22m[36massets/Tasks-C5aAh921.js                        [39m[1m[2m 20.49 kB[22m[1m[22m[2m Ôöé gzip:   4.48 kB[22m
[2m../dist/public/[22m[36massets/TenantCommunications-DgkIvEvS.js         [39m[1m[2m 20.56 kB[22m[1m[22m[2m Ôöé gzip:   3.73 kB[22m
[2m../dist/public/[22m[36massets/Account-BFBzne14.js                      [39m[1m[2m 20.61 kB[22m[1m[22m[2m Ôöé gzip:   4.10 kB[22m
[2m../dist/public/[22m[36massets/SubscriptionDetails-CN36iJBT.js          [39m[1m[2m 20.63 kB[22m[1m[22m[2m Ôöé gzip:   3.59 kB[22m
[2m../dist/public/[22m[36massets/OrgLeads-DCY5hi3C.js                     [39m[1m[2m 20.65 kB[22m[1m[22m[2m Ôöé gzip:   4.37 kB[22m
[2m../dist/public/[22m[36massets/OrgSuppliers-DaCvpVF8.js                 [39m[1m[2m 20.93 kB[22m[1m[22m[2m Ôöé gzip:   5.01 kB[22m
[2m../dist/public/[22m[36massets/ReceiptDetails-CCQM1D84.js               [39m[1m[2m 20.95 kB[22m[1m[22m[2m Ôöé gzip:   4.12 kB[22m
[2m../dist/public/[22m[36massets/Tickets-GJFbvMpD.js                      [39m[1m[2m 21.00 kB[22m[1m[22m[2m Ôöé gzip:   4.84 kB[22m
[2m../dist/public/[22m[36massets/OrgJobGroups-BJn_BFTe.js                 [39m[1m[2m 21.27 kB[22m[1m[22m[2m Ôöé gzip:   4.12 kB[22m
[2m../dist/public/[22m[36massets/Imprests-DhVtXbut.js                     [39m[1m[2m 21.28 kB[22m[1m[22m[2m Ôöé gzip:   5.27 kB[22m
[2m../dist/public/[22m[36massets/HRAnalyticsDashboard-BSshmi5_.js         [39m[1m[2m 21.29 kB[22m[1m[22m[2m Ôöé gzip:   3.58 kB[22m
[2m../dist/public/[22m[36massets/OrgDashboard-MrvJhfcd.js                 [39m[1m[2m 21.34 kB[22m[1m[22m[2m Ôöé gzip:   4.54 kB[22m
[2m../dist/public/[22m[36massets/OrgProposals-6rB-qKFJ.js                 [39m[1m[2m 21.37 kB[22m[1m[22m[2m Ôöé gzip:   4.68 kB[22m
[2m../dist/public/[22m[36massets/ExpensesDetails-PyXedRHl.js              [39m[1m[2m 21.51 kB[22m[1m[22m[2m Ôöé gzip:   4.62 kB[22m
[2m../dist/public/[22m[36massets/ChartOfAccounts-Dvd5aZ5Y.js              [39m[1m[2m 21.63 kB[22m[1m[22m[2m Ôöé gzip:   4.73 kB[22m
[2m../dist/public/[22m[36massets/OrgTasks-B4cQpZtl.js                     [39m[1m[2m 21.68 kB[22m[1m[22m[2m Ôöé gzip:   4.49 kB[22m
[2m../dist/public/[22m[36massets/ServiceDetails-DYg8wghq.js               [39m[1m[2m 21.74 kB[22m[1m[22m[2m Ôöé gzip:   3.96 kB[22m
[2m../dist/public/[22m[36massets/Invoices-Bo8i7ZVO.js                     [39m[1m[2m 21.75 kB[22m[1m[22m[2m Ôöé gzip:   5.58 kB[22m
[2m../dist/public/[22m[36massets/ProcurementImprests-BhtxR5Pg.js          [39m[1m[2m 21.96 kB[22m[1m[22m[2m Ôöé gzip:   3.58 kB[22m
[2m../dist/public/[22m[36massets/CreatePayroll-BaXHYr2G.js                [39m[1m[2m 22.00 kB[22m[1m[22m[2m Ôöé gzip:   3.82 kB[22m
[2m../dist/public/[22m[36massets/OrgTickets-OaTDyAOL.js                   [39m[1m[2m 22.20 kB[22m[1m[22m[2m Ôöé gzip:   4.86 kB[22m
[2m../dist/public/[22m[36massets/CustomerPortal-DbGF64RZ.js               [39m[1m[2m 22.30 kB[22m[1m[22m[2m Ôöé gzip:   3.77 kB[22m
[2m../dist/public/[22m[36massets/OrganizationUsersManagement-B2Zmjlqs.js  [39m[1m[2m 22.31 kB[22m[1m[22m[2m Ôöé gzip:   4.12 kB[22m
[2m../dist/public/[22m[36massets/OrgBilling-DFaKAKWu.js                   [39m[1m[2m 22.55 kB[22m[1m[22m[2m Ôöé gzip:   4.76 kB[22m
[2m../dist/public/[22m[36massets/OrgInvoices-AOJjScjM.js                  [39m[1m[2m 22.60 kB[22m[1m[22m[2m Ôöé gzip:   5.55 kB[22m
[2m../dist/public/[22m[36massets/OrgChartOfAccounts-DJwix4uZ.js           [39m[1m[2m 22.75 kB[22m[1m[22m[2m Ôöé gzip:   4.75 kB[22m
[2m../dist/public/[22m[36massets/Recruitment-VkJkG0eW.js                  [39m[1m[2m 22.84 kB[22m[1m[22m[2m Ôöé gzip:   3.97 kB[22m
[2m../dist/public/[22m[36massets/OrgImprests-CNcAzegi.js                  [39m[1m[2m 22.87 kB[22m[1m[22m[2m Ôöé gzip:   5.36 kB[22m
[2m../dist/public/[22m[36massets/Payroll-BVGEIHLa.js                      [39m[1m[2m 22.88 kB[22m[1m[22m[2m Ôöé gzip:   4.91 kB[22m
[2m../dist/public/[22m[36massets/OrgCreatePayroll-fh5VlHfe.js             [39m[1m[2m 23.21 kB[22m[1m[22m[2m Ôöé gzip:   3.83 kB[22m
[2m../dist/public/[22m[36massets/Roles-C_APhAdM.js                        [39m[1m[2m 23.51 kB[22m[1m[22m[2m Ôöé gzip:   4.45 kB[22m
[2m../dist/public/[22m[36massets/EnterpriseTenantsManagement-CuuXfmKG.js  [39m[1m[2m 23.84 kB[22m[1m[22m[2m Ôöé gzip:   4.11 kB[22m
[2m../dist/public/[22m[36massets/ThemeCustomization-B1LQ3axI.js           [39m[1m[2m 24.13 kB[22m[1m[22m[2m Ôöé gzip:   4.54 kB[22m
[2m../dist/public/[22m[36massets/OrgPayroll-BcUyyW_t.js                   [39m[1m[2m 24.18 kB[22m[1m[22m[2m Ôöé gzip:   4.94 kB[22m
[2m../dist/public/[22m[36massets/Forecasting-423mAm6u.js                  [39m[1m[2m 24.21 kB[22m[1m[22m[2m Ôöé gzip:   4.35 kB[22m
[2m../dist/public/[22m[36massets/WebsiteFooter-mXHSbXR-.js                [39m[1m[2m 24.25 kB[22m[1m[22m[2m Ôöé gzip:   5.21 kB[22m
[2m../dist/public/[22m[36massets/JobGroups-C64YI2rV.js                    [39m[1m[2m 24.42 kB[22m[1m[22m[2m Ôöé gzip:   4.67 kB[22m
[2m../dist/public/[22m[36massets/ProcurementOrders-CiDPUUIn.js            [39m[1m[2m 24.58 kB[22m[1m[22m[2m Ôöé gzip:   4.13 kB[22m
[2m../dist/public/[22m[36massets/BecomeAPartner-Ca1Buoil.js               [39m[1m[2m 24.63 kB[22m[1m[22m[2m Ôöé gzip:   5.96 kB[22m
[2m../dist/public/[22m[36massets/ProfessionalBudgeting-BgKFwbVm.js        [39m[1m[2m 24.71 kB[22m[1m[22m[2m Ôöé gzip:   4.78 kB[22m
[2m../dist/public/[22m[36massets/Orders-BP05QZKl.js                       [39m[1m[2m 24.90 kB[22m[1m[22m[2m Ôöé gzip:   5.75 kB[22m
[2m../dist/public/[22m[36massets/date-utils-COA5zMcC.js                   [39m[1m[2m 25.29 kB[22m[1m[22m[2m Ôöé gzip:   7.51 kB[22m
[2m../dist/public/[22m[36massets/KenyanPayrollCalculator-BnlaPkWj.js      [39m[1m[2m 25.45 kB[22m[1m[22m[2m Ôöé gzip:   4.56 kB[22m
[2m../dist/public/[22m[36massets/SuperAdminDashboard-Dn6yA27o.js          [39m[1m[2m 25.50 kB[22m[1m[22m[2m Ôöé gzip:   5.07 kB[22m
[2m../dist/public/[22m[36massets/OrgForecasting-CxgjF98B.js               [39m[1m[2m 25.54 kB[22m[1m[22m[2m Ôöé gzip:   4.37 kB[22m
[2m../dist/public/[22m[36massets/Communications-a8E97sgm.js               [39m[1m[2m 25.55 kB[22m[1m[22m[2m Ôöé gzip:   5.15 kB[22m
[2m../dist/public/[22m[36massets/OrgCommunications-Mes5EoB6.js            [39m[1m[2m 25.66 kB[22m[1m[22m[2m Ôöé gzip:   4.42 kB[22m
[2m../dist/public/[22m[36massets/JobGroupDetails-DxxYJIgC.js              [39m[1m[2m 25.70 kB[22m[1m[22m[2m Ôöé gzip:   4.99 kB[22m
[2m../dist/public/[22m[36massets/OrgOrders-CVUj6ZJV.js                    [39m[1m[2m 26.26 kB[22m[1m[22m[2m Ôöé gzip:   5.77 kB[22m
[2m../dist/public/[22m[36massets/KnowledgeBase-rbrupj7Q.js                [39m[1m[2m 26.40 kB[22m[1m[22m[2m Ôöé gzip:   5.10 kB[22m
[2m../dist/public/[22m[36massets/DepartmentDetails-5vZLWP8h.js            [39m[1m[2m 26.60 kB[22m[1m[22m[2m Ôöé gzip:   5.04 kB[22m
[2m../dist/public/[22m[36massets/ClientPortal-D6-4B2pN.js                 [39m[1m[2m 26.61 kB[22m[1m[22m[2m Ôöé gzip:   5.00 kB[22m
[2m../dist/public/[22m[36massets/SupplierDetails-DLL4X16C.js              [39m[1m[2m 26.66 kB[22m[1m[22m[2m Ôöé gzip:   4.18 kB[22m
[2m../dist/public/[22m[36massets/BookADemo-Ba7-rdPo.js                    [39m[1m[2m 26.96 kB[22m[1m[22m[2m Ôöé gzip:   5.86 kB[22m
[2m../dist/public/[22m[36massets/OrgClientDetail-CQ6GNIVH.js              [39m[1m[2m 27.40 kB[22m[1m[22m[2m Ôöé gzip:   5.19 kB[22m
[2m../dist/public/[22m[36massets/EditExpense-CoKb3g2O.js                  [39m[1m[2m 27.46 kB[22m[1m[22m[2m Ôöé gzip:   5.95 kB[22m
[2m../dist/public/[22m[36massets/OrgKnowledgeBase-DQrHRsbK.js             [39m[1m[2m 27.86 kB[22m[1m[22m[2m Ôöé gzip:   5.12 kB[22m
[2m../dist/public/[22m[36massets/OrgDepartmentDetails-DIftj-X3.js         [39m[1m[2m 27.98 kB[22m[1m[22m[2m Ôöé gzip:   5.06 kB[22m
[2m../dist/public/[22m[36massets/AdminDashboard-DVjZo7Ed.js               [39m[1m[2m 28.19 kB[22m[1m[22m[2m Ôöé gzip:   4.80 kB[22m
[2m../dist/public/[22m[36massets/CustomHomepageBuilder-BGxrufAD.js        [39m[1m[2m 28.31 kB[22m[1m[22m[2m Ôöé gzip:   5.71 kB[22m
[2m../dist/public/[22m[36massets/Subscriptions-MEnLC85A.js                [39m[1m[2m 28.63 kB[22m[1m[22m[2m Ôöé gzip:   5.28 kB[22m
[2m../dist/public/[22m[36massets/OrgEditExpense-DieNpliv.js               [39m[1m[2m 28.68 kB[22m[1m[22m[2m Ôöé gzip:   5.98 kB[22m
[2m../dist/public/[22m[36massets/purify.es-4eNOHKSq.js                    [39m[1m[2m 28.74 kB[22m[1m[22m[2m Ôöé gzip:  11.02 kB[22m
[2m../dist/public/[22m[36massets/DocumentManagement-O7ExbZ3i.js           [39m[1m[2m 29.40 kB[22m[1m[22m[2m Ôöé gzip:   5.81 kB[22m
[2m../dist/public/[22m[36massets/StaffDashboard-CS5ABrWs.js               [39m[1m[2m 29.72 kB[22m[1m[22m[2m Ôöé gzip:   5.25 kB[22m
[2m../dist/public/[22m[36massets/Approvals-ClbhfVhY.js                    [39m[1m[2m 29.81 kB[22m[1m[22m[2m Ôöé gzip:   5.75 kB[22m
[2m../dist/public/[22m[36massets/PayslipManagement-BTzuLzmK.js            [39m[1m[2m 30.69 kB[22m[1m[22m[2m Ôöé gzip:   7.64 kB[22m
[2m../dist/public/[22m[36massets/BackupManagement-DuC3vyFt.js             [39m[1m[2m 30.70 kB[22m[1m[22m[2m Ôöé gzip:   5.89 kB[22m
[2m../dist/public/[22m[36massets/Checkout-BbeoHe0s.js                     [39m[1m[2m 30.77 kB[22m[1m[22m[2m Ôöé gzip:   8.62 kB[22m
[2m../dist/public/[22m[36massets/OrgReports-CCtR-dwq.js                   [39m[1m[2m 30.86 kB[22m[1m[22m[2m Ôöé gzip:   6.05 kB[22m
[2m../dist/public/[22m[36massets/OrgStaffChat-B8DhvbZu.js                 [39m[1m[2m 30.86 kB[22m[1m[22m[2m Ôöé gzip:   7.28 kB[22m
[2m../dist/public/[22m[36massets/BrandCustomization-DPne5tym.js           [39m[1m[2m 31.12 kB[22m[1m[22m[2m Ôöé gzip:   5.25 kB[22m
[2m../dist/public/[22m[36massets/OrgApprovals-BfrGwDM4.js                 [39m[1m[2m 31.34 kB[22m[1m[22m[2m Ôöé gzip:   5.77 kB[22m
[2m../dist/public/[22m[36massets/AccountSettings-A2d_0uWf.js              [39m[1m[2m 31.70 kB[22m[1m[22m[2m Ôöé gzip:   5.64 kB[22m
[2m../dist/public/[22m[36massets/EditEmployee-j4ADA_NG.js                 [39m[1m[2m 32.13 kB[22m[1m[22m[2m Ôöé gzip:   5.94 kB[22m
[2m../dist/public/[22m[36massets/CreateExpense-CORwkP5R.js                [39m[1m[2m 32.26 kB[22m[1m[22m[2m Ôöé gzip:   6.98 kB[22m
[2m../dist/public/[22m[36massets/AIHub-B_jvk0fc.js                        [39m[1m[2m 32.65 kB[22m[1m[22m[2m Ôöé gzip:   5.85 kB[22m
[2m../dist/public/[22m[36massets/DocumentForm-B9OSkarY.js                 [39m[1m[2m 32.95 kB[22m[1m[22m[2m Ôöé gzip:   6.71 kB[22m
[2m../dist/public/[22m[36massets/FeatureDetail-Dgl4w_VG.js                [39m[1m[2m 33.05 kB[22m[1m[22m[2m Ôöé gzip:   8.14 kB[22m
[2m../dist/public/[22m[36massets/ICTDashboard-BydscV2f.js                 [39m[1m[2m 33.26 kB[22m[1m[22m[2m Ôöé gzip:   6.09 kB[22m
[2m../dist/public/[22m[36massets/OrgCreateExpense-DAhMOBXF.js             [39m[1m[2m 33.75 kB[22m[1m[22m[2m Ôöé gzip:   6.99 kB[22m
[2m../dist/public/[22m[36massets/StaffChat-uL4s5vaZ.js                    [39m[1m[2m 33.96 kB[22m[1m[22m[2m Ôöé gzip:   7.97 kB[22m
[2m../dist/public/[22m[36massets/Employees-FXF3H302.js                    [39m[1m[2m 34.67 kB[22m[1m[22m[2m Ôöé gzip:   6.95 kB[22m
[2m../dist/public/[22m[36massets/CreateEmployee-gAXmLzrV.js               [39m[1m[2m 35.48 kB[22m[1m[22m[2m Ôöé gzip:   6.29 kB[22m
[2m../dist/public/[22m[36massets/OrgEmployees-B0XRysXb.js                 [39m[1m[2m 36.65 kB[22m[1m[22m[2m Ôöé gzip:   6.97 kB[22m
[2m../dist/public/[22m[36massets/CreateCommunication-C--Cj8_B.js          [39m[1m[2m 37.29 kB[22m[1m[22m[2m Ôöé gzip:  10.72 kB[22m
[2m../dist/public/[22m[36massets/Reports-H__QwwIp.js                      [39m[1m[2m 37.45 kB[22m[1m[22m[2m Ôöé gzip:   7.52 kB[22m
[2m../dist/public/[22m[36massets/pdfGenerator-C0W883y2.js                 [39m[1m[2m 37.65 kB[22m[1m[22m[2m Ôöé gzip:  11.12 kB[22m
[2m../dist/public/[22m[36massets/SuperAdminPricingTiers-C9LEK17Z.js       [39m[1m[2m 37.75 kB[22m[1m[22m[2m Ôöé gzip:   6.35 kB[22m
[2m../dist/public/[22m[36massets/InvoiceDetails-9oOJyikF.js               [39m[1m[2m 38.03 kB[22m[1m[22m[2m Ôöé gzip:   7.26 kB[22m
[2m../dist/public/[22m[36massets/HRPayrollManagement-CroPH_w7.js          [39m[1m[2m 38.41 kB[22m[1m[22m[2m Ôöé gzip:   6.38 kB[22m
[2m../dist/public/[22m[36massets/DocumentTemplates-B96ycDnx.js            [39m[1m[2m 38.68 kB[22m[1m[22m[2m Ôöé gzip:   7.18 kB[22m
[2m../dist/public/[22m[36massets/RichTextEditor-BHyMUuhn.js               [39m[1m[2m 51.18 kB[22m[1m[22m[2m Ôöé gzip:   9.61 kB[22m
[2m../dist/public/[22m[36massets/LandingPage-D3B9buTP.js                  [39m[1m[2m 52.89 kB[22m[1m[22m[2m Ôöé gzip:  11.40 kB[22m
[2m../dist/public/[22m[36massets/HRDashboard-8bgAtcc7.js                  [39m[1m[2m 53.18 kB[22m[1m[22m[2m Ôöé gzip:   8.24 kB[22m
[2m../dist/public/[22m[36massets/ClientDetails-DgkxnFgc.js                [39m[1m[2m 56.87 kB[22m[1m[22m[2m Ôöé gzip:   8.88 kB[22m
[2m../dist/public/[22m[36massets/lucide-react-BFIjfoL5.js                 [39m[1m[2m 61.58 kB[22m[1m[22m[2m Ôöé gzip:  18.04 kB[22m
[2m../dist/public/[22m[36massets/OrgLayout-DRwyEMiE.js                    [39m[1m[2m 64.12 kB[22m[1m[22m[2m Ôöé gzip:  12.93 kB[22m
[2m../dist/public/[22m[36massets/AdminManagement-9x2L4shW.js              [39m[1m[2m 67.80 kB[22m[1m[22m[2m Ôöé gzip:  12.17 kB[22m
[2m../dist/public/[22m[36massets/CreateQuote-BwaoHXV9.js                  [39m[1m[2m 76.37 kB[22m[1m[22m[2m Ôöé gzip:  19.98 kB[22m
[2m../dist/public/[22m[36massets/AdminEmailTemplates-DA4J7Um4.js          [39m[1m[2m 77.24 kB[22m[1m[22m[2m Ôöé gzip:  14.41 kB[22m
[2m../dist/public/[22m[36massets/EmployeeDetails-BWuwt4Iq.js              [39m[1m[2m 80.42 kB[22m[1m[22m[2m Ôöé gzip:  11.15 kB[22m
[2m../dist/public/[22m[36massets/ProjectDetails-CS4GhqbT.js               [39m[1m[2m 80.80 kB[22m[1m[22m[2m Ôöé gzip:  12.47 kB[22m
[2m../dist/public/[22m[36massets/api-client-CJheSGCH.js                   [39m[1m[2m 83.20 kB[22m[1m[22m[2m Ôöé gzip:  22.93 kB[22m
[2m../dist/public/[22m[36massets/OrgEmployeeDetails-eI6tOF59.js           [39m[1m[2m 85.83 kB[22m[1m[22m[2m Ôöé gzip:  11.26 kB[22m
[2m../dist/public/[22m[36massets/DocumentBlockEditor-CNcbJRIr.js          [39m[1m[2m102.01 kB[22m[1m[22m[2m Ôöé gzip:  18.33 kB[22m
[2m../dist/public/[22m[36massets/MultiTenancy-BJ9QpLWZ.js                 [39m[1m[2m114.36 kB[22m[1m[22m[2m Ôöé gzip:  18.18 kB[22m
[2m../dist/public/[22m[36massets/WebsiteAdmin-C4eytAfu.js                 [39m[1m[2m135.76 kB[22m[1m[22m[2m Ôöé gzip:  19.46 kB[22m
[2m../dist/public/[22m[36massets/index.es-DmNexeig.js                     [39m[1m[2m158.79 kB[22m[1m[22m[2m Ôöé gzip:  53.05 kB[22m
[2m../dist/public/[22m[36massets/html2canvas-DXEQVQnt.js                  [39m[1m[2m201.04 kB[22m[1m[22m[2m Ôöé gzip:  47.43 kB[22m
[2m../dist/public/[22m[36massets/vendor-react-ui-BcLy8Tpi.js              [39m[1m[2m314.57 kB[22m[1m[22m[2m Ôöé gzip: 100.19 kB[22m
[2m../dist/public/[22m[36massets/jspdf.es.min-B7Tl9oXB.js                 [39m[1m[2m384.80 kB[22m[1m[22m[2m Ôöé gzip: 125.62 kB[22m
[2m../dist/public/[22m[36massets/rich-editor-DQKc7IGv.js                  [39m[1m[2m414.84 kB[22m[1m[22m[2m Ôöé gzip: 130.90 kB[22m
[2m../dist/public/[22m[36massets/Settings-cnJ32V0S.js                     [39m[1m[2m422.12 kB[22m[1m[22m[2m Ôöé gzip:  68.72 kB[22m
[2m../dist/public/[22m[36massets/xlsx-BojT3SgY.js                         [39m[1m[2m424.38 kB[22m[1m[22m[2m Ôöé gzip: 141.60 kB[22m
[2m../dist/public/[22m[36massets/OrgSettings-B5z56gCs.js                  [39m[1m[2m506.49 kB[22m[1m[22m[2m Ôöé gzip:  82.85 kB[22m
[2m../dist/public/[22m[36massets/index-DuQQ7MrW.js                        [39m[1m[2m945.46 kB[22m[1m[22m[2m Ôöé gzip: 230.75 kB[22m
[32mÔ£ô built in 16.63s[39m

  dist\index.js  3.6mb

Done in 76ms
