Already up to date
Done in 379ms using pnpm v11.22.0
$ vite build && esbuild server/_core/index.ts --platform=node --packages=external --bundle --format=esm --outdir=dist
NODE_ENV=production is not supported in the .env file. Only NODE_ENV=development is supported to create a development build of your project. If you need to set process.env.NODE_ENV, you can set it in the Vite config instead.
[36mvite v7.3.1 [32mbuilding client environment for production...[36m[39m
(node:12372) [DEP0205] DeprecationWarning: `module.register()` is deprecated. Use `module.registerHooks()` instead.
(Use `node --trace-deprecation ...` to show where the warning was created)
transforming...
[32mÔ£ô[39m 3786 modules transformed.
rendering chunks...
computing gzip size...
[2m../dist/public/[22m[32mindex.html                                      [39m[1m[2m  3.94 kB[22m[1m[22m[2m Ôöé gzip:   1.63 kB[22m
[2m../dist/public/[22m[35massets/OrgSettings-Bx3OTr2t.css                 [39m[1m[2m 29.89 kB[22m[1m[22m[2m Ôöé gzip:   5.84 kB[22m
[2m../dist/public/[22m[35massets/index-CY8zV1SM.css                       [39m[1m[2m401.34 kB[22m[1m[22m[2m Ôöé gzip:  49.40 kB[22m
[2m../dist/public/[22m[36massets/trpc-DGOfIRhv.js                         [39m[1m[2m  0.07 kB[22m[1m[22m[2m Ôöé gzip:   0.09 kB[22m
[2m../dist/public/[22m[36massets/tableSort-B6IToDRb.js                    [39m[1m[2m  0.14 kB[22m[1m[22m[2m Ôöé gzip:   0.12 kB[22m
[2m../dist/public/[22m[36massets/AreaChart-CeosHjWe.js                    [39m[1m[2m  0.23 kB[22m[1m[22m[2m Ôöé gzip:   0.18 kB[22m
[2m../dist/public/[22m[36massets/LineChart-BaefiW_l.js                    [39m[1m[2m  0.23 kB[22m[1m[22m[2m Ôöé gzip:   0.19 kB[22m
[2m../dist/public/[22m[36massets/use-toast-Dh5bgBc2.js                    [39m[1m[2m  0.24 kB[22m[1m[22m[2m Ôöé gzip:   0.20 kB[22m
[2m../dist/public/[22m[36massets/skeleton-CJl_wiWD.js                     [39m[1m[2m  0.24 kB[22m[1m[22m[2m Ôöé gzip:   0.20 kB[22m
[2m../dist/public/[22m[36massets/communications-DPNzK-66.js               [39m[1m[2m  0.27 kB[22m[1m[22m[2m Ôöé gzip:   0.21 kB[22m
[2m../dist/public/[22m[36massets/spinner-BE6BjDoU.js                      [39m[1m[2m  0.28 kB[22m[1m[22m[2m Ôöé gzip:   0.22 kB[22m
[2m../dist/public/[22m[36massets/BarChart-DyehRLMg.js                     [39m[1m[2m  0.30 kB[22m[1m[22m[2m Ôöé gzip:   0.22 kB[22m
[2m../dist/public/[22m[36massets/paymentMethods-r32LliAe.js               [39m[1m[2m  0.31 kB[22m[1m[22m[2m Ôöé gzip:   0.24 kB[22m
[2m../dist/public/[22m[36massets/collapsible-DaZGlMFo.js                  [39m[1m[2m  0.32 kB[22m[1m[22m[2m Ôöé gzip:   0.19 kB[22m
[2m../dist/public/[22m[36massets/label-OXtCvi5G.js                        [39m[1m[2m  0.33 kB[22m[1m[22m[2m Ôöé gzip:   0.25 kB[22m
[2m../dist/public/[22m[36massets/useUserLookup-CNeZH_ss.js                [39m[1m[2m  0.40 kB[22m[1m[22m[2m Ôöé gzip:   0.31 kB[22m
[2m../dist/public/[22m[36massets/exportCsv-CNzVNdz4.js                    [39m[1m[2m  0.44 kB[22m[1m[22m[2m Ôöé gzip:   0.33 kB[22m
[2m../dist/public/[22m[36massets/useRequireFeature-Cc3DHsYS.js            [39m[1m[2m  0.44 kB[22m[1m[22m[2m Ôöé gzip:   0.31 kB[22m
[2m../dist/public/[22m[36massets/csvGenerator-BbTLt5yV.js                 [39m[1m[2m  0.45 kB[22m[1m[22m[2m Ôöé gzip:   0.29 kB[22m
[2m../dist/public/[22m[36massets/textarea-_-s_oWxn.js                     [39m[1m[2m  0.50 kB[22m[1m[22m[2m Ôöé gzip:   0.34 kB[22m
[2m../dist/public/[22m[36massets/useCompanyInfo-mDzDN4fa.js               [39m[1m[2m  0.52 kB[22m[1m[22m[2m Ôöé gzip:   0.36 kB[22m
[2m../dist/public/[22m[36massets/export-utils-CN69pW7b.js                 [39m[1m[2m  0.57 kB[22m[1m[22m[2m Ôöé gzip:   0.40 kB[22m
[2m../dist/public/[22m[36massets/useOrgPermission-BtVPkK8r.js             [39m[1m[2m  0.59 kB[22m[1m[22m[2m Ôöé gzip:   0.40 kB[22m
[2m../dist/public/[22m[36massets/useFavorite-BteMeHzS.js                  [39m[1m[2m  0.59 kB[22m[1m[22m[2m Ôöé gzip:   0.35 kB[22m
[2m../dist/public/[22m[36massets/documentTemplateHelpers-CduNLrpb.js      [39m[1m[2m  0.59 kB[22m[1m[22m[2m Ôöé gzip:   0.33 kB[22m
[2m../dist/public/[22m[36massets/payslipPdf-Dt6N0RvY.js                   [39m[1m[2m  0.63 kB[22m[1m[22m[2m Ôöé gzip:   0.44 kB[22m
[2m../dist/public/[22m[36massets/activityLog-B-yh0W2G.js                  [39m[1m[2m  0.75 kB[22m[1m[22m[2m Ôöé gzip:   0.36 kB[22m
[2m../dist/public/[22m[36massets/popover-1Ro3l2uO.js                      [39m[1m[2m  0.83 kB[22m[1m[22m[2m Ôöé gzip:   0.45 kB[22m
[2m../dist/public/[22m[36massets/DeleteConfirmationModal-DI8FLkpf.js      [39m[1m[2m  0.85 kB[22m[1m[22m[2m Ôöé gzip:   0.49 kB[22m
[2m../dist/public/[22m[36massets/healthScore-hLzRzKdj.js                  [39m[1m[2m  0.89 kB[22m[1m[22m[2m Ôöé gzip:   0.52 kB[22m
[2m../dist/public/[22m[36massets/switch-CVUujjQl.js                       [39m[1m[2m  0.90 kB[22m[1m[22m[2m Ôöé gzip:   0.47 kB[22m
[2m../dist/public/[22m[36massets/checkbox-CSWu0DaI.js                     [39m[1m[2m  0.92 kB[22m[1m[22m[2m Ôöé gzip:   0.47 kB[22m
[2m../dist/public/[22m[36massets/UserSelector-CowYcS68.js                 [39m[1m[2m  0.96 kB[22m[1m[22m[2m Ôöé gzip:   0.55 kB[22m
[2m../dist/public/[22m[36massets/CustomPage-COhtuLyD.js                   [39m[1m[2m  1.04 kB[22m[1m[22m[2m Ôöé gzip:   0.60 kB[22m
[2m../dist/public/[22m[36massets/PermissionGuard-GMxNTjYM.js              [39m[1m[2m  1.05 kB[22m[1m[22m[2m Ôöé gzip:   0.59 kB[22m
[2m../dist/public/[22m[36massets/EmployeeSelector-B9VrNrVV.js             [39m[1m[2m  1.10 kB[22m[1m[22m[2m Ôöé gzip:   0.61 kB[22m
[2m../dist/public/[22m[36massets/format-XyXgtmZc.js                       [39m[1m[2m  1.15 kB[22m[1m[22m[2m Ôöé gzip:   0.55 kB[22m
[2m../dist/public/[22m[36massets/Messages-DUW4jZyA.js                     [39m[1m[2m  1.18 kB[22m[1m[22m[2m Ôöé gzip:   0.63 kB[22m
[2m../dist/public/[22m[36massets/ModuleLayout-BClV6YkZ.js                 [39m[1m[2m  1.25 kB[22m[1m[22m[2m Ôöé gzip:   0.62 kB[22m
[2m../dist/public/[22m[36massets/accordion-BPIBbq0D.js                    [39m[1m[2m  1.27 kB[22m[1m[22m[2m Ôöé gzip:   0.62 kB[22m
[2m../dist/public/[22m[36massets/OrgAssets-DVVnS1V7.js                    [39m[1m[2m  1.28 kB[22m[1m[22m[2m Ôöé gzip:   0.62 kB[22m
[2m../dist/public/[22m[36massets/OrgDocuments-DZa0WVDc.js                 [39m[1m[2m  1.29 kB[22m[1m[22m[2m Ôöé gzip:   0.62 kB[22m
[2m../dist/public/[22m[36massets/OrgPurchaseOrders-DnJ9PYal.js            [39m[1m[2m  1.31 kB[22m[1m[22m[2m Ôöé gzip:   0.63 kB[22m
[2m../dist/public/[22m[36massets/PhoneInput-CGcrZC4-.js                   [39m[1m[2m  1.40 kB[22m[1m[22m[2m Ôöé gzip:   0.73 kB[22m
[2m../dist/public/[22m[36massets/TenantAdminDetails-B50Kbqpq.js           [39m[1m[2m  1.56 kB[22m[1m[22m[2m Ôöé gzip:   0.68 kB[22m
[2m../dist/public/[22m[36massets/TenantUserDetails-B82eHC7M.js            [39m[1m[2m  1.69 kB[22m[1m[22m[2m Ôöé gzip:   0.71 kB[22m
[2m../dist/public/[22m[36massets/RoleBasedDashboard-uLXtD6Wj.js           [39m[1m[2m  1.71 kB[22m[1m[22m[2m Ôöé gzip:   0.74 kB[22m
[2m../dist/public/[22m[36massets/JobGroupPayrollItems-8ktYLQFj.js         [39m[1m[2m  1.72 kB[22m[1m[22m[2m Ôöé gzip:   0.81 kB[22m
[2m../dist/public/[22m[36massets/RowActionsMenu-DzIOLik_.js               [39m[1m[2m  1.73 kB[22m[1m[22m[2m Ôöé gzip:   0.74 kB[22m
[2m../dist/public/[22m[36massets/designSystem-BjMWY9N5.js                 [39m[1m[2m  1.76 kB[22m[1m[22m[2m Ôöé gzip:   0.66 kB[22m
[2m../dist/public/[22m[36massets/OrgBreadcrumb-BeCDZCjo.js                [39m[1m[2m  1.76 kB[22m[1m[22m[2m Ôöé gzip:   0.74 kB[22m
[2m../dist/public/[22m[36massets/SmsQueue-CTdvmZ7R.js                     [39m[1m[2m  1.78 kB[22m[1m[22m[2m Ôöé gzip:   0.91 kB[22m
[2m../dist/public/[22m[36massets/ServiceSearchFilter-B7sKNa-4.js          [39m[1m[2m  1.90 kB[22m[1m[22m[2m Ôöé gzip:   0.77 kB[22m
[2m../dist/public/[22m[36massets/NotFound-CQ9eT5fw.js                     [39m[1m[2m  1.92 kB[22m[1m[22m[2m Ôöé gzip:   0.91 kB[22m
[2m../dist/public/[22m[36massets/SummaryStatCards-BrC6qpK7.js             [39m[1m[2m  1.92 kB[22m[1m[22m[2m Ôöé gzip:   0.84 kB[22m
[2m../dist/public/[22m[36massets/ModuleAnalyticsStrip-DllRUWRK.js         [39m[1m[2m  1.98 kB[22m[1m[22m[2m Ôöé gzip:   0.90 kB[22m
[2m../dist/public/[22m[36massets/CustomFields-NxoQ9lf0.js                 [39m[1m[2m  2.00 kB[22m[1m[22m[2m Ôöé gzip:   0.93 kB[22m
[2m../dist/public/[22m[36massets/VerifyEmail-CjhctK61.js                  [39m[1m[2m  2.00 kB[22m[1m[22m[2m Ôöé gzip:   1.09 kB[22m
[2m../dist/public/[22m[36massets/alert-dialog-Db46Plhw.js                 [39m[1m[2m  2.04 kB[22m[1m[22m[2m Ôöé gzip:   0.74 kB[22m
[2m../dist/public/[22m[36massets/table-BcqT2suy.js                        [39m[1m[2m  2.06 kB[22m[1m[22m[2m Ôöé gzip:   0.76 kB[22m
[2m../dist/public/[22m[36massets/LocationSelects-Idl2XbbH.js              [39m[1m[2m  2.07 kB[22m[1m[22m[2m Ôöé gzip:   0.58 kB[22m
[2m../dist/public/[22m[36massets/CreateImprest-CqpJJfRS.js                [39m[1m[2m  2.13 kB[22m[1m[22m[2m Ôöé gzip:   1.03 kB[22m
[2m../dist/public/[22m[36massets/useOrgAccess-CeEC1f3z.js                 [39m[1m[2m  2.18 kB[22m[1m[22m[2m Ôöé gzip:   1.09 kB[22m
[2m../dist/public/[22m[36massets/PageHeader-B4sbCjWn.js                   [39m[1m[2m  2.21 kB[22m[1m[22m[2m Ôöé gzip:   0.94 kB[22m
[2m../dist/public/[22m[36massets/data-table-controls-CW0oWX60.js          [39m[1m[2m  2.30 kB[22m[1m[22m[2m Ôöé gzip:   0.97 kB[22m
[2m../dist/public/[22m[36massets/OrgModulePage-DqV2N4cO.js                [39m[1m[2m  2.36 kB[22m[1m[22m[2m Ôöé gzip:   1.02 kB[22m
[2m../dist/public/[22m[36massets/UnifiedModuleLayout-BnzjhwRX.js          [39m[1m[2m  2.42 kB[22m[1m[22m[2m Ôöé gzip:   1.05 kB[22m
[2m../dist/public/[22m[36massets/EmployeeAccountSection-CpG2gsQO.js       [39m[1m[2m  2.55 kB[22m[1m[22m[2m Ôöé gzip:   0.95 kB[22m
[2m../dist/public/[22m[36massets/BiTools-CVUz4pJC.js                      [39m[1m[2m  2.68 kB[22m[1m[22m[2m Ôöé gzip:   1.18 kB[22m
[2m../dist/public/[22m[36massets/CreateClient-DxAzn6bW.js                 [39m[1m[2m  2.70 kB[22m[1m[22m[2m Ôöé gzip:   1.36 kB[22m
[2m../dist/public/[22m[36massets/OrgCreateClient-DgWIi5Ed.js              [39m[1m[2m  2.70 kB[22m[1m[22m[2m Ôöé gzip:   1.36 kB[22m
[2m../dist/public/[22m[36massets/OrgSuperAdminDashboard-BIQjFKVp.js       [39m[1m[2m  2.76 kB[22m[1m[22m[2m Ôöé gzip:   1.21 kB[22m
[2m../dist/public/[22m[36massets/CreateBudget-BHDyWVlu.js                 [39m[1m[2m  2.80 kB[22m[1m[22m[2m Ôöé gzip:   1.32 kB[22m
[2m../dist/public/[22m[36massets/ICTSystemSettings-ocqr6KK1.js            [39m[1m[2m  2.81 kB[22m[1m[22m[2m Ôöé gzip:   1.18 kB[22m
[2m../dist/public/[22m[36massets/CreateReceipt-Dpyl8R2F.js                [39m[1m[2m  2.83 kB[22m[1m[22m[2m Ôöé gzip:   1.18 kB[22m
[2m../dist/public/[22m[36massets/CreateProduct-CMRZLBpg.js                [39m[1m[2m  2.84 kB[22m[1m[22m[2m Ôöé gzip:   1.27 kB[22m
[2m../dist/public/[22m[36massets/OrgCreateProduct-Dy1eEufU.js             [39m[1m[2m  2.84 kB[22m[1m[22m[2m Ôöé gzip:   1.27 kB[22m
[2m../dist/public/[22m[36massets/DashboardBuilderPro-DAToDkeu.js          [39m[1m[2m  2.86 kB[22m[1m[22m[2m Ôöé gzip:   1.18 kB[22m
[2m../dist/public/[22m[36massets/EnhancedBulkActions-BM9_Gzb2.js          [39m[1m[2m  2.89 kB[22m[1m[22m[2m Ôöé gzip:   1.21 kB[22m
[2m../dist/public/[22m[36massets/MyPayslips-VjnwbdAJ.js                   [39m[1m[2m  2.95 kB[22m[1m[22m[2m Ôöé gzip:   1.24 kB[22m
[2m../dist/public/[22m[36massets/actions-B78EsJaR.js                      [39m[1m[2m  3.01 kB[22m[1m[22m[2m Ôöé gzip:   1.34 kB[22m
[2m../dist/public/[22m[36massets/FinancialReports-3clNzMmI.js             [39m[1m[2m  3.03 kB[22m[1m[22m[2m Ôöé gzip:   1.23 kB[22m
[2m../dist/public/[22m[36massets/Search-UQqj8WCq.js                       [39m[1m[2m  3.20 kB[22m[1m[22m[2m Ôöé gzip:   1.46 kB[22m
[2m../dist/public/[22m[36massets/CreditNotes-Toy_fK8o.js                  [39m[1m[2m  3.20 kB[22m[1m[22m[2m Ôöé gzip:   1.32 kB[22m
[2m../dist/public/[22m[36massets/OrgCreditNotes-9DQvKGAS.js               [39m[1m[2m  3.20 kB[22m[1m[22m[2m Ôöé gzip:   1.32 kB[22m
[2m../dist/public/[22m[36massets/privateChatUtils-Bv4qHQl7.js             [39m[1m[2m  3.20 kB[22m[1m[22m[2m Ôöé gzip:   1.23 kB[22m
[2m../dist/public/[22m[36massets/SalesManagerDashboard-DlhdPDtQ.js        [39m[1m[2m  3.24 kB[22m[1m[22m[2m Ôöé gzip:   1.16 kB[22m
[2m../dist/public/[22m[36massets/ICTAnalytics-CoHPkecN.js                 [39m[1m[2m  3.26 kB[22m[1m[22m[2m Ôöé gzip:   1.22 kB[22m
[2m../dist/public/[22m[36massets/ReportsDetails-B2vkhg4U.js               [39m[1m[2m  3.27 kB[22m[1m[22m[2m Ôöé gzip:   1.22 kB[22m
[2m../dist/public/[22m[36massets/ProcurementManagerDashboard-C30BfSb5.js  [39m[1m[2m  3.27 kB[22m[1m[22m[2m Ôöé gzip:   1.15 kB[22m
[2m../dist/public/[22m[36massets/FunnelAnalysis-DY_lrQfm.js               [39m[1m[2m  3.33 kB[22m[1m[22m[2m Ôöé gzip:   1.27 kB[22m
[2m../dist/public/[22m[36massets/TableColumnSettings-BK4tor35.js          [39m[1m[2m  3.35 kB[22m[1m[22m[2m Ôöé gzip:   1.44 kB[22m
[2m../dist/public/[22m[36massets/OrgCreateLPO-DHMWxnp3.js                 [39m[1m[2m  3.36 kB[22m[1m[22m[2m Ôöé gzip:   1.44 kB[22m
[2m../dist/public/[22m[36massets/CreateDepartment-DPhXNjDh.js             [39m[1m[2m  3.38 kB[22m[1m[22m[2m Ôöé gzip:   1.40 kB[22m
[2m../dist/public/[22m[36massets/OrgCreateDepartment-DbmWWUX-.js          [39m[1m[2m  3.38 kB[22m[1m[22m[2m Ôöé gzip:   1.40 kB[22m
[2m../dist/public/[22m[36massets/CohortAnalysis-Gp2tKEoK.js               [39m[1m[2m  3.43 kB[22m[1m[22m[2m Ôöé gzip:   1.23 kB[22m
[2m../dist/public/[22m[36massets/EditBudget-ipRBPgLz.js                   [39m[1m[2m  3.43 kB[22m[1m[22m[2m Ôöé gzip:   1.52 kB[22m
[2m../dist/public/[22m[36massets/OrgEditBudget-B3biIn9i.js                [39m[1m[2m  3.43 kB[22m[1m[22m[2m Ôöé gzip:   1.52 kB[22m
[2m../dist/public/[22m[36massets/OrgCreateReceipt-DWfdxQV1.js             [39m[1m[2m  3.47 kB[22m[1m[22m[2m Ôöé gzip:   1.41 kB[22m
[2m../dist/public/[22m[36massets/OrgPurchaseOrderDetail-BIrfKF46.js       [39m[1m[2m  3.49 kB[22m[1m[22m[2m Ôöé gzip:   1.25 kB[22m
[2m../dist/public/[22m[36massets/CreatePurchaseOrder-BvXNe8JX.js          [39m[1m[2m  3.49 kB[22m[1m[22m[2m Ôöé gzip:   1.26 kB[22m
[2m../dist/public/[22m[36massets/OrgCreatePurchaseOrder-BEqJiYMD.js       [39m[1m[2m  3.49 kB[22m[1m[22m[2m Ôöé gzip:   1.26 kB[22m
[2m../dist/public/[22m[36massets/CreateSupplier-BfsvbBcr.js               [39m[1m[2m  3.56 kB[22m[1m[22m[2m Ôöé gzip:   1.61 kB[22m
[2m../dist/public/[22m[36massets/OrgCreateSupplier-CdoheMQh.js            [39m[1m[2m  3.56 kB[22m[1m[22m[2m Ôöé gzip:   1.61 kB[22m
[2m../dist/public/[22m[36massets/ListPageToolbar-Cyqgq5kq.js              [39m[1m[2m  3.56 kB[22m[1m[22m[2m Ôöé gzip:   1.00 kB[22m
[2m../dist/public/[22m[36massets/CreateWarranty-Du9xF1yF.js               [39m[1m[2m  3.57 kB[22m[1m[22m[2m Ôöé gzip:   1.36 kB[22m
[2m../dist/public/[22m[36massets/EditDepartment-kImu0vpy.js               [39m[1m[2m  3.60 kB[22m[1m[22m[2m Ôöé gzip:   1.40 kB[22m
[2m../dist/public/[22m[36massets/OrgEditDepartment-B9R_c7Xm.js            [39m[1m[2m  3.60 kB[22m[1m[22m[2m Ôöé gzip:   1.40 kB[22m
[2m../dist/public/[22m[36massets/WarrantyDetails-qvSnnbJZ.js              [39m[1m[2m  3.60 kB[22m[1m[22m[2m Ôöé gzip:   1.20 kB[22m
[2m../dist/public/[22m[36massets/EmailQueue-GDAbObHa.js                   [39m[1m[2m  3.63 kB[22m[1m[22m[2m Ôöé gzip:   1.59 kB[22m
[2m../dist/public/[22m[36massets/CreateEstimate-DVlmL4qD.js               [39m[1m[2m  3.67 kB[22m[1m[22m[2m Ôöé gzip:   1.58 kB[22m
[2m../dist/public/[22m[36massets/DepartmentForm-CD2B0baw.js               [39m[1m[2m  3.67 kB[22m[1m[22m[2m Ôöé gzip:   1.40 kB[22m
[2m../dist/public/[22m[36massets/OrgContactDetail-X8dqQGSd.js             [39m[1m[2m  3.68 kB[22m[1m[22m[2m Ôöé gzip:   1.24 kB[22m
[2m../dist/public/[22m[36massets/CreateTicket-BsQ4FFF-.js                 [39m[1m[2m  3.70 kB[22m[1m[22m[2m Ôöé gzip:   1.46 kB[22m
[2m../dist/public/[22m[36massets/OrgCreateTicket-9EFJIkGr.js              [39m[1m[2m  3.70 kB[22m[1m[22m[2m Ôöé gzip:   1.46 kB[22m
[2m../dist/public/[22m[36massets/ChartOfAccountsDetails-Zsl8kTRk.js       [39m[1m[2m  3.72 kB[22m[1m[22m[2m Ôöé gzip:   1.29 kB[22m
[2m../dist/public/[22m[36massets/ProductDetails-DJmITXhw.js               [39m[1m[2m  3.76 kB[22m[1m[22m[2m Ôöé gzip:   1.39 kB[22m
[2m../dist/public/[22m[36massets/ProposalDetails-B6Kpc6Gf.js              [39m[1m[2m  3.78 kB[22m[1m[22m[2m Ôöé gzip:   1.30 kB[22m
[2m../dist/public/[22m[36massets/OrgServiceDetail-CH50oSxd.js             [39m[1m[2m  3.80 kB[22m[1m[22m[2m Ôöé gzip:   1.25 kB[22m
[2m../dist/public/[22m[36massets/ConversionAnalytics-CdWF1RGd.js          [39m[1m[2m  3.82 kB[22m[1m[22m[2m Ôöé gzip:   1.56 kB[22m
[2m../dist/public/[22m[36massets/OrgEditApproval-pB3vkmJq.js              [39m[1m[2m  3.83 kB[22m[1m[22m[2m Ôöé gzip:   1.41 kB[22m
[2m../dist/public/[22m[36massets/CreateLeaveRequest-B8iJWdTR.js           [39m[1m[2m  3.87 kB[22m[1m[22m[2m Ôöé gzip:   1.45 kB[22m
[2m../dist/public/[22m[36massets/TenantAdmins-IFpEzzZM.js                 [39m[1m[2m  3.87 kB[22m[1m[22m[2m Ôöé gzip:   1.37 kB[22m
[2m../dist/public/[22m[36massets/Home-sQtEn-wm.js                         [39m[1m[2m  3.88 kB[22m[1m[22m[2m Ôöé gzip:   1.47 kB[22m
[2m../dist/public/[22m[36massets/OrgReceiptDetail-DlfzKtHc.js             [39m[1m[2m  3.91 kB[22m[1m[22m[2m Ôöé gzip:   1.40 kB[22m
[2m../dist/public/[22m[36massets/InvoiceSearchFilter-DolzvLGE.js          [39m[1m[2m  3.93 kB[22m[1m[22m[2m Ôöé gzip:   1.29 kB[22m
[2m../dist/public/[22m[36massets/OrgPaymentDetail-DftpjNdM.js             [39m[1m[2m  3.95 kB[22m[1m[22m[2m Ôöé gzip:   1.40 kB[22m
[2m../dist/public/[22m[36massets/OrgQuotationDetail-T-ObIP9A.js           [39m[1m[2m  3.95 kB[22m[1m[22m[2m Ôöé gzip:   1.40 kB[22m
[2m../dist/public/[22m[36massets/CreateAttendance-DO6ANOuy.js             [39m[1m[2m  3.96 kB[22m[1m[22m[2m Ôöé gzip:   1.46 kB[22m
[2m../dist/public/[22m[36massets/OrgCreateAttendance-CAudx_zU.js          [39m[1m[2m  3.96 kB[22m[1m[22m[2m Ôöé gzip:   1.46 kB[22m
[2m../dist/public/[22m[36massets/OrgProductDetail-DQ6koRjA.js             [39m[1m[2m  3.97 kB[22m[1m[22m[2m Ôöé gzip:   1.29 kB[22m
[2m../dist/public/[22m[36massets/HRDetails-i8IXs9fl.js                    [39m[1m[2m  3.97 kB[22m[1m[22m[2m Ôöé gzip:   1.43 kB[22m
[2m../dist/public/[22m[36massets/TenantUsers-BSRmVoxP.js                  [39m[1m[2m  3.99 kB[22m[1m[22m[2m Ôöé gzip:   1.47 kB[22m
[2m../dist/public/[22m[36massets/OrgLPODetail-k1YoFKq9.js                 [39m[1m[2m  4.00 kB[22m[1m[22m[2m Ôöé gzip:   1.55 kB[22m
[2m../dist/public/[22m[36massets/ProjectAnalytics-COjF_ipE.js             [39m[1m[2m  4.00 kB[22m[1m[22m[2m Ôöé gzip:   1.48 kB[22m
[2m../dist/public/[22m[36massets/OrgLeadDetail-q8hyYOOE.js                [39m[1m[2m  4.01 kB[22m[1m[22m[2m Ôöé gzip:   1.43 kB[22m
[2m../dist/public/[22m[36massets/OrgEstimateDetail-BsWnpbum.js            [39m[1m[2m  4.02 kB[22m[1m[22m[2m Ôöé gzip:   1.44 kB[22m
[2m../dist/public/[22m[36massets/Sales-CQdNeXN1.js                        [39m[1m[2m  4.03 kB[22m[1m[22m[2m Ôöé gzip:   1.50 kB[22m
[2m../dist/public/[22m[36massets/OrgApprovalDetail-DzCgbcBZ.js            [39m[1m[2m  4.04 kB[22m[1m[22m[2m Ôöé gzip:   1.40 kB[22m
[2m../dist/public/[22m[36massets/AIAssistantModal-DqNUBEgG.js             [39m[1m[2m  4.14 kB[22m[1m[22m[2m Ôöé gzip:   1.71 kB[22m
[2m../dist/public/[22m[36massets/OrgAttendanceDetail-BxvR4Xua.js          [39m[1m[2m  4.14 kB[22m[1m[22m[2m Ôöé gzip:   1.43 kB[22m
[2m../dist/public/[22m[36massets/EditAllowance-qnwno2cy.js                [39m[1m[2m  4.17 kB[22m[1m[22m[2m Ôöé gzip:   1.69 kB[22m
[2m../dist/public/[22m[36massets/SalesReports-BFPAmVUB.js                 [39m[1m[2m  4.21 kB[22m[1m[22m[2m Ôöé gzip:   1.40 kB[22m
[2m../dist/public/[22m[36massets/OrgEditLead-DE1l2OmZ.js                  [39m[1m[2m  4.21 kB[22m[1m[22m[2m Ôöé gzip:   1.48 kB[22m
[2m../dist/public/[22m[36massets/OrgProcurementDetail-Bf7tbHHt.js         [39m[1m[2m  4.22 kB[22m[1m[22m[2m Ôöé gzip:   1.45 kB[22m
[2m../dist/public/[22m[36massets/BudgetDetails-Bfn7rR04.js                [39m[1m[2m  4.22 kB[22m[1m[22m[2m Ôöé gzip:   1.39 kB[22m
[2m../dist/public/[22m[36massets/EditSalaryStructure-Da0k1-Su.js          [39m[1m[2m  4.23 kB[22m[1m[22m[2m Ôöé gzip:   1.60 kB[22m
[2m../dist/public/[22m[36massets/OrgEditSalaryStructure-D_h68FG-.js       [39m[1m[2m  4.23 kB[22m[1m[22m[2m Ôöé gzip:   1.60 kB[22m
[2m../dist/public/[22m[36massets/OrgEditPurchaseOrder-BRFmgmtd.js         [39m[1m[2m  4.23 kB[22m[1m[22m[2m Ôöé gzip:   1.57 kB[22m
[2m../dist/public/[22m[36massets/RevenueForecasting-D4KxCrmA.js           [39m[1m[2m  4.24 kB[22m[1m[22m[2m Ôöé gzip:   1.70 kB[22m
[2m../dist/public/[22m[36massets/CreateAllowance-stZm9uuF.js              [39m[1m[2m  4.24 kB[22m[1m[22m[2m Ôöé gzip:   1.64 kB[22m
[2m../dist/public/[22m[36massets/EditTicket-DenCrEtw.js                   [39m[1m[2m  4.33 kB[22m[1m[22m[2m Ôöé gzip:   1.62 kB[22m
[2m../dist/public/[22m[36massets/OrgEditTicket-BnntcC-A.js                [39m[1m[2m  4.33 kB[22m[1m[22m[2m Ôöé gzip:   1.62 kB[22m
[2m../dist/public/[22m[36massets/AssetDetails-DIr6C2l_.js                 [39m[1m[2m  4.34 kB[22m[1m[22m[2m Ôöé gzip:   1.28 kB[22m
[2m../dist/public/[22m[36massets/OrgProposalDetail-BBlXJRR8.js            [39m[1m[2m  4.34 kB[22m[1m[22m[2m Ôöé gzip:   1.46 kB[22m
[2m../dist/public/[22m[36massets/EditDeduction-D6aSkgSL.js                [39m[1m[2m  4.42 kB[22m[1m[22m[2m Ôöé gzip:   1.77 kB[22m
[2m../dist/public/[22m[36massets/Services-VlixpfjS.js                     [39m[1m[2m  4.47 kB[22m[1m[22m[2m Ôöé gzip:   1.76 kB[22m
[2m../dist/public/[22m[36massets/OrgEditProcurement-d8ZriE0i.js           [39m[1m[2m  4.47 kB[22m[1m[22m[2m Ôöé gzip:   1.56 kB[22m
[2m../dist/public/[22m[36massets/OrgDebitNoteDetail-Dw8zOgr0.js           [39m[1m[2m  4.48 kB[22m[1m[22m[2m Ôöé gzip:   1.53 kB[22m
[2m../dist/public/[22m[36massets/AdvancedAnalytics-Cc5XR4BL.js            [39m[1m[2m  4.51 kB[22m[1m[22m[2m Ôöé gzip:   1.38 kB[22m
[2m../dist/public/[22m[36massets/EditReceipt-DUs3b-U7.js                  [39m[1m[2m  4.59 kB[22m[1m[22m[2m Ôöé gzip:   1.68 kB[22m
[2m../dist/public/[22m[36massets/OrgEditReceipt-CjYHhZ3o.js               [39m[1m[2m  4.59 kB[22m[1m[22m[2m Ôöé gzip:   1.68 kB[22m
[2m../dist/public/[22m[36massets/EditBenefit-eBapqgo4.js                  [39m[1m[2m  4.59 kB[22m[1m[22m[2m Ôöé gzip:   1.79 kB[22m
[2m../dist/public/[22m[36massets/Blog-BRTj-O2k.js                         [39m[1m[2m  4.60 kB[22m[1m[22m[2m Ôöé gzip:   1.63 kB[22m
[2m../dist/public/[22m[36massets/ContractDetails-C2MW15Rq.js              [39m[1m[2m  4.60 kB[22m[1m[22m[2m Ôöé gzip:   1.37 kB[22m
[2m../dist/public/[22m[36massets/WarrantyManagement-DGZyUFNP.js           [39m[1m[2m  4.74 kB[22m[1m[22m[2m Ôöé gzip:   1.83 kB[22m
[2m../dist/public/[22m[36massets/ESignatures-CLu-lSaJ.js                  [39m[1m[2m  4.74 kB[22m[1m[22m[2m Ôöé gzip:   1.82 kB[22m
[2m../dist/public/[22m[36massets/SalaryStructureDetails-SL72guum.js       [39m[1m[2m  4.76 kB[22m[1m[22m[2m Ôöé gzip:   1.62 kB[22m
[2m../dist/public/[22m[36massets/OrgSalaryStructureDetails-CF4rFLeN.js    [39m[1m[2m  4.76 kB[22m[1m[22m[2m Ôöé gzip:   1.62 kB[22m
[2m../dist/public/[22m[36massets/OrgAI-DBhoDtPt.js                        [39m[1m[2m  4.77 kB[22m[1m[22m[2m Ôöé gzip:   1.89 kB[22m
[2m../dist/public/[22m[36massets/CreateLPO-COkEghBG.js                    [39m[1m[2m  4.80 kB[22m[1m[22m[2m Ôöé gzip:   1.93 kB[22m
[2m../dist/public/[22m[36massets/EditWarranty-Dk3_NQbn.js                 [39m[1m[2m  4.83 kB[22m[1m[22m[2m Ôöé gzip:   1.71 kB[22m
[2m../dist/public/[22m[36massets/TimesheetDetails-DkWMjdO1.js             [39m[1m[2m  4.83 kB[22m[1m[22m[2m Ôöé gzip:   1.42 kB[22m
[2m../dist/public/[22m[36massets/OrgOrderDetail-BnzWjxn1.js               [39m[1m[2m  4.86 kB[22m[1m[22m[2m Ôöé gzip:   1.62 kB[22m
[2m../dist/public/[22m[36massets/CreateDebitNote-CJElPJFn.js              [39m[1m[2m  4.86 kB[22m[1m[22m[2m Ôöé gzip:   1.90 kB[22m
[2m../dist/public/[22m[36massets/OrgCreateDebitNote-BVGipNT8.js           [39m[1m[2m  4.86 kB[22m[1m[22m[2m Ôöé gzip:   1.90 kB[22m
[2m../dist/public/[22m[36massets/EditAttendance-Clzdz1N4.js               [39m[1m[2m  4.87 kB[22m[1m[22m[2m Ôöé gzip:   1.66 kB[22m
[2m../dist/public/[22m[36massets/OrgEditAttendance-DmMCuj8z.js            [39m[1m[2m  4.87 kB[22m[1m[22m[2m Ôöé gzip:   1.66 kB[22m
[2m../dist/public/[22m[36massets/BankReconciliationDetails-BgiDJj98.js    [39m[1m[2m  4.91 kB[22m[1m[22m[2m Ôöé gzip:   1.51 kB[22m
[2m../dist/public/[22m[36massets/OrgSubscriptions-D1rvio7t.js             [39m[1m[2m  4.94 kB[22m[1m[22m[2m Ôöé gzip:   1.81 kB[22m
[2m../dist/public/[22m[36massets/CustomerReports-COZ-cXOt.js              [39m[1m[2m  4.96 kB[22m[1m[22m[2m Ôöé gzip:   2.01 kB[22m
[2m../dist/public/[22m[36massets/OrgSupplierDetail-yR-TiJur.js            [39m[1m[2m  4.96 kB[22m[1m[22m[2m Ôöé gzip:   1.57 kB[22m
[2m../dist/public/[22m[36massets/EditClient-3J48_ZHL.js                   [39m[1m[2m  4.99 kB[22m[1m[22m[2m Ôöé gzip:   1.95 kB[22m
[2m../dist/public/[22m[36massets/ImprestDetails-BpaWynlo.js               [39m[1m[2m  5.00 kB[22m[1m[22m[2m Ôöé gzip:   1.56 kB[22m
[2m../dist/public/[22m[36massets/CreateWorkOrder-sNBtzHuI.js              [39m[1m[2m  5.01 kB[22m[1m[22m[2m Ôöé gzip:   1.71 kB[22m
[2m../dist/public/[22m[36massets/OrgCreateWorkOrder-Cbc3_y5L.js           [39m[1m[2m  5.01 kB[22m[1m[22m[2m Ôöé gzip:   1.71 kB[22m
[2m../dist/public/[22m[36massets/ChangePassword-2fClMo9i.js               [39m[1m[2m  5.02 kB[22m[1m[22m[2m Ôöé gzip:   1.79 kB[22m
[2m../dist/public/[22m[36massets/OrgEditQuotation-ef7hJ--j.js             [39m[1m[2m  5.04 kB[22m[1m[22m[2m Ôöé gzip:   1.82 kB[22m
[2m../dist/public/[22m[36massets/EditEstimate-DKG10FPs.js                 [39m[1m[2m  5.06 kB[22m[1m[22m[2m Ôöé gzip:   1.75 kB[22m
[2m../dist/public/[22m[36massets/OrgEditEstimate-C5k4kem_.js              [39m[1m[2m  5.06 kB[22m[1m[22m[2m Ôöé gzip:   1.75 kB[22m
[2m../dist/public/[22m[36massets/ChurnPrediction-NjT3wSLW.js              [39m[1m[2m  5.07 kB[22m[1m[22m[2m Ôöé gzip:   1.58 kB[22m
[2m../dist/public/[22m[36massets/BankReconciliation-CbZnZBw8.js           [39m[1m[2m  5.09 kB[22m[1m[22m[2m Ôöé gzip:   2.00 kB[22m
[2m../dist/public/[22m[36massets/SystemHealthDashboard--govExyJ.js        [39m[1m[2m  5.09 kB[22m[1m[22m[2m Ôöé gzip:   1.72 kB[22m
[2m../dist/public/[22m[36massets/OrgBankReconciliation-BLiym7jZ.js        [39m[1m[2m  5.09 kB[22m[1m[22m[2m Ôöé gzip:   2.00 kB[22m
[2m../dist/public/[22m[36massets/Activity-CKFKDZ9i.js                     [39m[1m[2m  5.09 kB[22m[1m[22m[2m Ôöé gzip:   2.14 kB[22m
[2m../dist/public/[22m[36massets/OrgActivity-86zTooMW.js                  [39m[1m[2m  5.09 kB[22m[1m[22m[2m Ôöé gzip:   2.14 kB[22m
[2m../dist/public/[22m[36massets/OrgProcurement-ycFePLuP.js               [39m[1m[2m  5.09 kB[22m[1m[22m[2m Ôöé gzip:   1.83 kB[22m
[2m../dist/public/[22m[36massets/EditProduct-qNaicPaE.js                  [39m[1m[2m  5.12 kB[22m[1m[22m[2m Ôöé gzip:   1.89 kB[22m
[2m../dist/public/[22m[36massets/OrgEditProduct-DdHM5L2J.js               [39m[1m[2m  5.12 kB[22m[1m[22m[2m Ôöé gzip:   1.89 kB[22m
[2m../dist/public/[22m[36massets/OrgCreditNoteDetail-C3Rc6_hB.js          [39m[1m[2m  5.14 kB[22m[1m[22m[2m Ôöé gzip:   1.61 kB[22m
[2m../dist/public/[22m[36massets/EditLPO-DpYFn0e-.js                      [39m[1m[2m  5.15 kB[22m[1m[22m[2m Ôöé gzip:   1.91 kB[22m
[2m../dist/public/[22m[36massets/OrgEditLPO-DNGeVKRg.js                   [39m[1m[2m  5.15 kB[22m[1m[22m[2m Ôöé gzip:   1.91 kB[22m
[2m../dist/public/[22m[36massets/EditInvoice-B6StQu6w.js                  [39m[1m[2m  5.20 kB[22m[1m[22m[2m Ôöé gzip:   1.80 kB[22m
[2m../dist/public/[22m[36massets/OrgEditInvoice-DUG0P8wB.js               [39m[1m[2m  5.20 kB[22m[1m[22m[2m Ôöé gzip:   1.80 kB[22m
[2m../dist/public/[22m[36massets/ContactDetails-C35N7Ia_.js               [39m[1m[2m  5.20 kB[22m[1m[22m[2m Ôöé gzip:   1.40 kB[22m
[2m../dist/public/[22m[36massets/OrgCreateQuotation-Dq-WAEd0.js           [39m[1m[2m  5.20 kB[22m[1m[22m[2m Ôöé gzip:   1.79 kB[22m
[2m../dist/public/[22m[36massets/QuotationDetails-DA9v95lQ.js             [39m[1m[2m  5.23 kB[22m[1m[22m[2m Ôöé gzip:   1.81 kB[22m
[2m../dist/public/[22m[36massets/SessionManager-BnV5vm1y.js               [39m[1m[2m  5.26 kB[22m[1m[22m[2m Ôöé gzip:   1.95 kB[22m
[2m../dist/public/[22m[36massets/ProductForm-CVWeI5av.js                  [39m[1m[2m  5.30 kB[22m[1m[22m[2m Ôöé gzip:   1.59 kB[22m
[2m../dist/public/[22m[36massets/ServiceTemplates-DcdjmtfT.js             [39m[1m[2m  5.31 kB[22m[1m[22m[2m Ôöé gzip:   2.16 kB[22m
[2m../dist/public/[22m[36massets/OrgServiceTemplates-CNhjnL_Y.js          [39m[1m[2m  5.31 kB[22m[1m[22m[2m Ôöé gzip:   2.16 kB[22m
[2m../dist/public/[22m[36massets/FinanceSettings-D6qFgxO8.js              [39m[1m[2m  5.32 kB[22m[1m[22m[2m Ôöé gzip:   1.78 kB[22m
[2m../dist/public/[22m[36massets/Departments-Cvxytf-n.js                  [39m[1m[2m  5.34 kB[22m[1m[22m[2m Ôöé gzip:   2.02 kB[22m
[2m../dist/public/[22m[36massets/TestPDFGeneration-CXU5KRr0.js            [39m[1m[2m  5.37 kB[22m[1m[22m[2m Ôöé gzip:   1.89 kB[22m
[2m../dist/public/[22m[36massets/Dashboard-Db7tMCAm.js                    [39m[1m[2m  5.39 kB[22m[1m[22m[2m Ôöé gzip:   1.48 kB[22m
[2m../dist/public/[22m[36massets/OrgServices-BDl2wpxV.js                  [39m[1m[2m  5.40 kB[22m[1m[22m[2m Ôöé gzip:   1.88 kB[22m
[2m../dist/public/[22m[36massets/PaymentDetails-DIzG7vBR.js               [39m[1m[2m  5.40 kB[22m[1m[22m[2m Ôöé gzip:   1.92 kB[22m
[2m../dist/public/[22m[36massets/GRNDetails-CubHH64W.js                   [39m[1m[2m  5.43 kB[22m[1m[22m[2m Ôöé gzip:   1.80 kB[22m
[2m../dist/public/[22m[36massets/TaxComplianceReports-CnffM5X5.js         [39m[1m[2m  5.45 kB[22m[1m[22m[2m Ôöé gzip:   1.50 kB[22m
[2m../dist/public/[22m[36massets/CreateDeduction-BpUwSUue.js              [39m[1m[2m  5.45 kB[22m[1m[22m[2m Ôöé gzip:   2.02 kB[22m
[2m../dist/public/[22m[36massets/PayslipDetails-8hZkpyEW.js               [39m[1m[2m  5.49 kB[22m[1m[22m[2m Ôöé gzip:   2.07 kB[22m
[2m../dist/public/[22m[36massets/OrderDetails-C0GV3wiJ.js                 [39m[1m[2m  5.53 kB[22m[1m[22m[2m Ôöé gzip:   1.63 kB[22m
[2m../dist/public/[22m[36massets/OrgWarranty-_9xO7Vcg.js                  [39m[1m[2m  5.54 kB[22m[1m[22m[2m Ôöé gzip:   2.10 kB[22m
[2m../dist/public/[22m[36massets/OrgDebitNotes-CyziQpdh.js                [39m[1m[2m  5.57 kB[22m[1m[22m[2m Ôöé gzip:   2.34 kB[22m
[2m../dist/public/[22m[36massets/OrgCreateProposal-CBivcCnO.js            [39m[1m[2m  5.57 kB[22m[1m[22m[2m Ôöé gzip:   1.93 kB[22m
[2m../dist/public/[22m[36massets/DeliveryNoteDetails-U8DvI-2b.js          [39m[1m[2m  5.58 kB[22m[1m[22m[2m Ôöé gzip:   1.77 kB[22m
[2m../dist/public/[22m[36massets/EditSupplier-tznj1_GN.js                 [39m[1m[2m  5.60 kB[22m[1m[22m[2m Ôöé gzip:   2.17 kB[22m
[2m../dist/public/[22m[36massets/OrgEditSupplier-Nkl60al_.js              [39m[1m[2m  5.60 kB[22m[1m[22m[2m Ôöé gzip:   2.17 kB[22m
[2m../dist/public/[22m[36massets/ProcurementMaster-BYX9aFyY.js            [39m[1m[2m  5.61 kB[22m[1m[22m[2m Ôöé gzip:   1.73 kB[22m
[2m../dist/public/[22m[36massets/Attendance-BqbjsDQ3.js                   [39m[1m[2m  5.63 kB[22m[1m[22m[2m Ôöé gzip:   2.00 kB[22m
[2m../dist/public/[22m[36massets/OrgAttendance-BZjF2qCH.js                [39m[1m[2m  5.63 kB[22m[1m[22m[2m Ôöé gzip:   2.00 kB[22m
[2m../dist/public/[22m[36massets/ForgotPassword-BErv_v6f.js               [39m[1m[2m  5.67 kB[22m[1m[22m[2m Ôöé gzip:   1.77 kB[22m
[2m../dist/public/[22m[36massets/EditWorkOrder-Wn392lKE.js                [39m[1m[2m  5.70 kB[22m[1m[22m[2m Ôöé gzip:   1.85 kB[22m
[2m../dist/public/[22m[36massets/OrgEditWorkOrder-5rbkT-qh.js             [39m[1m[2m  5.70 kB[22m[1m[22m[2m Ôöé gzip:   1.85 kB[22m
[2m../dist/public/[22m[36massets/OrgTaxCompliance-Mfkwht-x.js             [39m[1m[2m  5.71 kB[22m[1m[22m[2m Ôöé gzip:   1.61 kB[22m
[2m../dist/public/[22m[36massets/MFA-CuM6BBv0.js                          [39m[1m[2m  5.71 kB[22m[1m[22m[2m Ôöé gzip:   1.72 kB[22m
[2m../dist/public/[22m[36massets/ServiceTemplateDetails-CIZn9Nsm.js       [39m[1m[2m  5.72 kB[22m[1m[22m[2m Ôöé gzip:   1.80 kB[22m
[2m../dist/public/[22m[36massets/CreateContact-a4VamAgz.js                [39m[1m[2m  5.73 kB[22m[1m[22m[2m Ôöé gzip:   1.88 kB[22m
[2m../dist/public/[22m[36massets/ClientPerformance-DRhQgQZT.js            [39m[1m[2m  5.73 kB[22m[1m[22m[2m Ôöé gzip:   2.06 kB[22m
[2m../dist/public/[22m[36massets/ProjectsManagement-mkzLZNGL.js           [39m[1m[2m  5.76 kB[22m[1m[22m[2m Ôöé gzip:   2.11 kB[22m
[2m../dist/public/[22m[36massets/DebitNoteDetails-I-EuNUva.js             [39m[1m[2m  5.77 kB[22m[1m[22m[2m Ôöé gzip:   1.99 kB[22m
[2m../dist/public/[22m[36massets/DatabaseManagement-DxzZzyXW.js           [39m[1m[2m  5.80 kB[22m[1m[22m[2m Ôöé gzip:   1.74 kB[22m
[2m../dist/public/[22m[36massets/OrgCreateSalaryStructure-FDMjRbRd.js     [39m[1m[2m  5.83 kB[22m[1m[22m[2m Ôöé gzip:   1.89 kB[22m
[2m../dist/public/[22m[36massets/Holidays-Dz8EFrrK.js                     [39m[1m[2m  5.83 kB[22m[1m[22m[2m Ôöé gzip:   2.15 kB[22m
[2m../dist/public/[22m[36massets/LeaveManagementDetails-gNN4a2sz.js       [39m[1m[2m  5.84 kB[22m[1m[22m[2m Ôöé gzip:   1.80 kB[22m
[2m../dist/public/[22m[36massets/DebitNotes-DxnCZl6V.js                   [39m[1m[2m  5.85 kB[22m[1m[22m[2m Ôöé gzip:   2.42 kB[22m
[2m../dist/public/[22m[36massets/CreateSalaryStructure-Cwllzzyh.js        [39m[1m[2m  5.89 kB[22m[1m[22m[2m Ôöé gzip:   1.92 kB[22m
[2m../dist/public/[22m[36massets/ProjectReports-RxHhERRD.js               [39m[1m[2m  5.92 kB[22m[1m[22m[2m Ôöé gzip:   2.26 kB[22m
[2m../dist/public/[22m[36massets/EnterpriseSettings-Cn9OHLEV.js           [39m[1m[2m  5.99 kB[22m[1m[22m[2m Ôöé gzip:   2.08 kB[22m
[2m../dist/public/[22m[36massets/EditDebitNote-3MuNZWpB.js                [39m[1m[2m  6.00 kB[22m[1m[22m[2m Ôöé gzip:   2.20 kB[22m
[2m../dist/public/[22m[36massets/OrgEditDebitNote-CZgboHKR.js             [39m[1m[2m  6.00 kB[22m[1m[22m[2m Ôöé gzip:   2.20 kB[22m
[2m../dist/public/[22m[36massets/OrgCreateInvoice-7gHC07tL.js             [39m[1m[2m  6.04 kB[22m[1m[22m[2m Ôöé gzip:   2.39 kB[22m
[2m../dist/public/[22m[36massets/EditLeave-BRpnxCRN.js                    [39m[1m[2m  6.04 kB[22m[1m[22m[2m Ôöé gzip:   1.89 kB[22m
[2m../dist/public/[22m[36massets/OrgEditLeave-Be20UpP8.js                 [39m[1m[2m  6.04 kB[22m[1m[22m[2m Ôöé gzip:   1.89 kB[22m
[2m../dist/public/[22m[36massets/CreateInvoice-D0O23kOq.js                [39m[1m[2m  6.05 kB[22m[1m[22m[2m Ôöé gzip:   2.39 kB[22m
[2m../dist/public/[22m[36massets/EditChartOfAccounts-CKYTgCKv.js          [39m[1m[2m  6.06 kB[22m[1m[22m[2m Ôöé gzip:   2.09 kB[22m
[2m../dist/public/[22m[36massets/OrgStaff-CajtBcTe.js                     [39m[1m[2m  6.07 kB[22m[1m[22m[2m Ôöé gzip:   2.32 kB[22m
[2m../dist/public/[22m[36massets/EditBankReconciliation-B3S2cGtk.js       [39m[1m[2m  6.09 kB[22m[1m[22m[2m Ôöé gzip:   1.78 kB[22m
[2m../dist/public/[22m[36massets/LeaveBalances-ClX0Drj3.js                [39m[1m[2m  6.09 kB[22m[1m[22m[2m Ôöé gzip:   2.06 kB[22m
[2m../dist/public/[22m[36massets/OrgCreateLeave-DugcLTS7.js               [39m[1m[2m  6.09 kB[22m[1m[22m[2m Ôöé gzip:   1.97 kB[22m
[2m../dist/public/[22m[36massets/OrgAccounting-6okWOde7.js                [39m[1m[2m  6.11 kB[22m[1m[22m[2m Ôöé gzip:   2.13 kB[22m
[2m../dist/public/[22m[36massets/Security-BEQIKrs7.js                     [39m[1m[2m  6.18 kB[22m[1m[22m[2m Ôöé gzip:   1.71 kB[22m
[2m../dist/public/[22m[36massets/OrgDepartments-DYEsrqA0.js               [39m[1m[2m  6.19 kB[22m[1m[22m[2m Ôöé gzip:   2.25 kB[22m
[2m../dist/public/[22m[36massets/OpportunityDetails-kaIK9a14.js           [39m[1m[2m  6.20 kB[22m[1m[22m[2m Ôöé gzip:   1.89 kB[22m
[2m../dist/public/[22m[36massets/OrgCreateProcurement-BYd_ZuLk.js         [39m[1m[2m  6.26 kB[22m[1m[22m[2m Ôöé gzip:   1.93 kB[22m
[2m../dist/public/[22m[36massets/Budgets-B0-9pcPI.js                      [39m[1m[2m  6.28 kB[22m[1m[22m[2m Ôöé gzip:   2.26 kB[22m
[2m../dist/public/[22m[36massets/OrgBudgets-DqREOPZR.js                   [39m[1m[2m  6.28 kB[22m[1m[22m[2m Ôöé gzip:   2.26 kB[22m
[2m../dist/public/[22m[36massets/OrgLeaveDetail-8JDNqUQ0.js               [39m[1m[2m  6.32 kB[22m[1m[22m[2m Ôöé gzip:   1.83 kB[22m
[2m../dist/public/[22m[36massets/HTMLEditor-Cllegema.js                   [39m[1m[2m  6.37 kB[22m[1m[22m[2m Ôöé gzip:   2.47 kB[22m
[2m../dist/public/[22m[36massets/Profile-CGakSxKb.js                      [39m[1m[2m  6.38 kB[22m[1m[22m[2m Ôöé gzip:   2.22 kB[22m
[2m../dist/public/[22m[36massets/ServiceInvoices-DHhoM4V0.js              [39m[1m[2m  6.40 kB[22m[1m[22m[2m Ôöé gzip:   2.58 kB[22m
[2m../dist/public/[22m[36massets/OrgServiceInvoices-VIBT8u8v.js           [39m[1m[2m  6.40 kB[22m[1m[22m[2m Ôöé gzip:   2.58 kB[22m
[2m../dist/public/[22m[36massets/ProjectManagerDashboard-BAPMdHj-.js      [39m[1m[2m  6.46 kB[22m[1m[22m[2m Ôöé gzip:   2.11 kB[22m
[2m../dist/public/[22m[36massets/CreditNoteDetails-D9Rxskod.js            [39m[1m[2m  6.46 kB[22m[1m[22m[2m Ôöé gzip:   2.08 kB[22m
[2m../dist/public/[22m[36massets/AttendanceDetails-DNIyJNS8.js            [39m[1m[2m  6.50 kB[22m[1m[22m[2m Ôöé gzip:   1.98 kB[22m
[2m../dist/public/[22m[36massets/CreateServiceInvoice-vjQMEh-N.js         [39m[1m[2m  6.50 kB[22m[1m[22m[2m Ôöé gzip:   2.23 kB[22m
[2m../dist/public/[22m[36massets/OrgCreateServiceInvoice-NU5Yil_L.js      [39m[1m[2m  6.50 kB[22m[1m[22m[2m Ôöé gzip:   2.23 kB[22m
[2m../dist/public/[22m[36massets/Documentation-ztiqe1pm.js                [39m[1m[2m  6.50 kB[22m[1m[22m[2m Ôöé gzip:   2.55 kB[22m
[2m../dist/public/[22m[36massets/ExpenseBudgetReport-70iLvzpH.js          [39m[1m[2m  6.51 kB[22m[1m[22m[2m Ôöé gzip:   1.79 kB[22m
[2m../dist/public/[22m[36massets/SystemLogsViewer-NfaabscC.js             [39m[1m[2m  6.51 kB[22m[1m[22m[2m Ôöé gzip:   2.21 kB[22m
[2m../dist/public/[22m[36massets/Notifications-DX3Qoe1P.js                [39m[1m[2m  6.51 kB[22m[1m[22m[2m Ôöé gzip:   1.99 kB[22m
[2m../dist/public/[22m[36massets/OrgContractDetail-D0bbhD0c.js            [39m[1m[2m  6.55 kB[22m[1m[22m[2m Ôöé gzip:   1.80 kB[22m
[2m../dist/public/[22m[36massets/EditContact-D45ptbJY.js                  [39m[1m[2m  6.57 kB[22m[1m[22m[2m Ôöé gzip:   2.12 kB[22m
[2m../dist/public/[22m[36massets/OrgEditContact-xiJ0slgM.js               [39m[1m[2m  6.57 kB[22m[1m[22m[2m Ôöé gzip:   2.12 kB[22m
[2m../dist/public/[22m[36massets/TaxInformation-D2WsomaS.js               [39m[1m[2m  6.60 kB[22m[1m[22m[2m Ôöé gzip:   2.22 kB[22m
[2m../dist/public/[22m[36massets/CreateOrder-DmsgioBW.js                  [39m[1m[2m  6.62 kB[22m[1m[22m[2m Ôöé gzip:   2.21 kB[22m
[2m../dist/public/[22m[36massets/EditOpportunity-CEqFAYrC.js              [39m[1m[2m  6.65 kB[22m[1m[22m[2m Ôöé gzip:   2.08 kB[22m
[2m../dist/public/[22m[36massets/AuditLogs-rZdrmJfY.js                    [39m[1m[2m  6.66 kB[22m[1m[22m[2m Ôöé gzip:   2.55 kB[22m
[2m../dist/public/[22m[36massets/EditOrder-GzhQiUp9.js                    [39m[1m[2m  6.68 kB[22m[1m[22m[2m Ôöé gzip:   2.33 kB[22m
[2m../dist/public/[22m[36massets/OrgEditOrder-CY3Ny3VV.js                 [39m[1m[2m  6.68 kB[22m[1m[22m[2m Ôöé gzip:   2.33 kB[22m
[2m../dist/public/[22m[36massets/LPODetails-Cr41PuGK.js                   [39m[1m[2m  6.73 kB[22m[1m[22m[2m Ôöé gzip:   2.05 kB[22m
[2m../dist/public/[22m[36massets/CreateService-Cm4X2Khy.js                [39m[1m[2m  6.73 kB[22m[1m[22m[2m Ôöé gzip:   2.26 kB[22m
[2m../dist/public/[22m[36massets/OrgCreateService-Mgx72GDq.js             [39m[1m[2m  6.73 kB[22m[1m[22m[2m Ôöé gzip:   2.26 kB[22m
[2m../dist/public/[22m[36massets/CreateBenefit-Dp0b1U5U.js                [39m[1m[2m  6.73 kB[22m[1m[22m[2m Ôöé gzip:   2.27 kB[22m
[2m../dist/public/[22m[36massets/Login-CetuEOz1.js                        [39m[1m[2m  6.76 kB[22m[1m[22m[2m Ôöé gzip:   2.26 kB[22m
[2m../dist/public/[22m[36massets/OrgLeave-BaaTMLoG.js                     [39m[1m[2m  6.80 kB[22m[1m[22m[2m Ôöé gzip:   2.39 kB[22m
[2m../dist/public/[22m[36massets/OrgEditContract-DsIE0r9U.js              [39m[1m[2m  6.80 kB[22m[1m[22m[2m Ôöé gzip:   2.13 kB[22m
[2m../dist/public/[22m[36massets/Calendar-Bx5oAbLy.js                     [39m[1m[2m  6.81 kB[22m[1m[22m[2m Ôöé gzip:   2.39 kB[22m
[2m../dist/public/[22m[36massets/OrgCalendar-NIvaLalP.js                  [39m[1m[2m  6.81 kB[22m[1m[22m[2m Ôöé gzip:   2.39 kB[22m
[2m../dist/public/[22m[36massets/Reminders-BNZ0Vkbd.js                    [39m[1m[2m  6.84 kB[22m[1m[22m[2m Ôöé gzip:   2.16 kB[22m
[2m../dist/public/[22m[36massets/OrgServiceInvoiceDetails-DN_BKbEB.js     [39m[1m[2m  6.84 kB[22m[1m[22m[2m Ôöé gzip:   2.05 kB[22m
[2m../dist/public/[22m[36massets/HRReports-B1T7BzkL.js                    [39m[1m[2m  6.86 kB[22m[1m[22m[2m Ôöé gzip:   2.41 kB[22m
[2m../dist/public/[22m[36massets/UserDetails-YPqWTK0T.js                  [39m[1m[2m  6.87 kB[22m[1m[22m[2m Ôöé gzip:   1.68 kB[22m
[2m../dist/public/[22m[36massets/EditProposal-DdhKxg0d.js                 [39m[1m[2m  6.90 kB[22m[1m[22m[2m Ôöé gzip:   2.13 kB[22m
[2m../dist/public/[22m[36massets/OrgEditProposal-CgCqA04F.js              [39m[1m[2m  6.90 kB[22m[1m[22m[2m Ôöé gzip:   2.13 kB[22m
[2m../dist/public/[22m[36massets/OrgCreateOrder-CDI6acFB.js               [39m[1m[2m  7.02 kB[22m[1m[22m[2m Ôöé gzip:   2.30 kB[22m
[2m../dist/public/[22m[36massets/ResetPassword-BIk6nVna.js                [39m[1m[2m  7.09 kB[22m[1m[22m[2m Ôöé gzip:   2.02 kB[22m
[2m../dist/public/[22m[36massets/OrgContracts-Dg-4Bvpi.js                 [39m[1m[2m  7.13 kB[22m[1m[22m[2m Ôöé gzip:   2.52 kB[22m
[2m../dist/public/[22m[36massets/WorkOrders-BIUgEhkP.js                   [39m[1m[2m  7.16 kB[22m[1m[22m[2m Ôöé gzip:   2.59 kB[22m
[2m../dist/public/[22m[36massets/OrgWorkOrders-B7eekPdu.js                [39m[1m[2m  7.16 kB[22m[1m[22m[2m Ôöé gzip:   2.59 kB[22m
[2m../dist/public/[22m[36massets/SalaryStructures-D2ylCdjc.js             [39m[1m[2m  7.18 kB[22m[1m[22m[2m Ôöé gzip:   2.27 kB[22m
[2m../dist/public/[22m[36massets/OrgSalaryStructures-BN-_tDk3.js          [39m[1m[2m  7.18 kB[22m[1m[22m[2m Ôöé gzip:   2.27 kB[22m
[2m../dist/public/[22m[36massets/EditServiceInvoice-DemjxkR-.js           [39m[1m[2m  7.19 kB[22m[1m[22m[2m Ôöé gzip:   2.37 kB[22m
[2m../dist/public/[22m[36massets/OrgEditServiceInvoice-Bc5FApZ9.js        [39m[1m[2m  7.19 kB[22m[1m[22m[2m Ôöé gzip:   2.37 kB[22m
[2m../dist/public/[22m[36massets/OrgInvoiceDetail-CzS5X38l.js             [39m[1m[2m  7.24 kB[22m[1m[22m[2m Ôöé gzip:   1.99 kB[22m
[2m../dist/public/[22m[36massets/Benefits-CHBLT2EG.js                     [39m[1m[2m  7.31 kB[22m[1m[22m[2m Ôöé gzip:   2.20 kB[22m
[2m../dist/public/[22m[36massets/OrgCreateContract-DWAyIqLI.js            [39m[1m[2m  7.33 kB[22m[1m[22m[2m Ôöé gzip:   2.14 kB[22m
[2m../dist/public/[22m[36massets/Signup-0uUn0h0z.js                       [39m[1m[2m  7.36 kB[22m[1m[22m[2m Ôöé gzip:   2.29 kB[22m
[2m../dist/public/[22m[36massets/ChartOfAccountsHierarchy-BQIwBuUH.js     [39m[1m[2m  7.45 kB[22m[1m[22m[2m Ôöé gzip:   2.02 kB[22m
[2m../dist/public/[22m[36massets/ExpenseBudgetReport-tP1JcLFA.js          [39m[1m[2m  7.51 kB[22m[1m[22m[2m Ôöé gzip:   2.64 kB[22m
[2m../dist/public/[22m[36massets/OrgHR-DGxFu3zO.js                        [39m[1m[2m  7.51 kB[22m[1m[22m[2m Ôöé gzip:   2.39 kB[22m
[2m../dist/public/[22m[36massets/OrgCreateProject-Bf0LrFT4.js             [39m[1m[2m  7.53 kB[22m[1m[22m[2m Ôöé gzip:   2.41 kB[22m
[2m../dist/public/[22m[36massets/Warehouses-CyGdT4s3.js                   [39m[1m[2m  7.54 kB[22m[1m[22m[2m Ôöé gzip:   2.30 kB[22m
[2m../dist/public/[22m[36massets/SystemHealth-p0nuM2z5.js                 [39m[1m[2m  7.56 kB[22m[1m[22m[2m Ôöé gzip:   1.75 kB[22m
[2m../dist/public/[22m[36massets/HRAnalyticsPage-QIyqRDv3.js              [39m[1m[2m  7.57 kB[22m[1m[22m[2m Ôöé gzip:   2.07 kB[22m
[2m../dist/public/[22m[36massets/Products-CnET9l1g.js                     [39m[1m[2m  7.68 kB[22m[1m[22m[2m Ôöé gzip:   2.64 kB[22m
[2m../dist/public/[22m[36massets/OrgProducts-Cz5XUwxR.js                  [39m[1m[2m  7.68 kB[22m[1m[22m[2m Ôöé gzip:   2.64 kB[22m
[2m../dist/public/[22m[36massets/locations-CtzeVEdQ.js                    [39m[1m[2m  7.69 kB[22m[1m[22m[2m Ôöé gzip:   2.76 kB[22m
[2m../dist/public/[22m[36massets/AllowancesDeductions-Dx3ZRJSs.js         [39m[1m[2m  7.70 kB[22m[1m[22m[2m Ôöé gzip:   2.37 kB[22m
[2m../dist/public/[22m[36massets/TermsAndConditions-ChocTR-l.js           [39m[1m[2m  7.76 kB[22m[1m[22m[2m Ôöé gzip:   2.64 kB[22m
[2m../dist/public/[22m[36massets/LeaveManagement-BRXZNH9z.js              [39m[1m[2m  7.77 kB[22m[1m[22m[2m Ôöé gzip:   2.50 kB[22m
[2m../dist/public/[22m[36massets/Contact-xtIc-7vN.js                      [39m[1m[2m  7.77 kB[22m[1m[22m[2m Ôöé gzip:   2.77 kB[22m
[2m../dist/public/[22m[36massets/HR-CaWvQJTj.js                           [39m[1m[2m  7.79 kB[22m[1m[22m[2m Ôöé gzip:   2.51 kB[22m
[2m../dist/public/[22m[36massets/ProposalTemplates-DXuHmsvY.js            [39m[1m[2m  7.79 kB[22m[1m[22m[2m Ôöé gzip:   2.50 kB[22m
[2m../dist/public/[22m[36massets/OrgWorkOrderDetail-D6LbJo6K.js           [39m[1m[2m  7.80 kB[22m[1m[22m[2m Ôöé gzip:   1.95 kB[22m
[2m../dist/public/[22m[36massets/EditService-DxBMW49Q.js                  [39m[1m[2m  7.85 kB[22m[1m[22m[2m Ôöé gzip:   2.54 kB[22m
[2m../dist/public/[22m[36massets/OrgEditService-BPQSP6ro.js               [39m[1m[2m  7.85 kB[22m[1m[22m[2m Ôöé gzip:   2.54 kB[22m
[2m../dist/public/[22m[36massets/PayrollDetails-Dfo5zhW9.js               [39m[1m[2m  7.88 kB[22m[1m[22m[2m Ôöé gzip:   2.05 kB[22m
[2m../dist/public/[22m[36massets/OrgPayrollDetails-j2mCHJ6r.js            [39m[1m[2m  7.88 kB[22m[1m[22m[2m Ôöé gzip:   2.05 kB[22m
[2m../dist/public/[22m[36massets/DisciplinaryRecords-DThSOPZT.js          [39m[1m[2m  7.88 kB[22m[1m[22m[2m Ôöé gzip:   2.43 kB[22m
[2m../dist/public/[22m[36massets/OrgCRM-Bs_ELJXt.js                       [39m[1m[2m  7.93 kB[22m[1m[22m[2m Ôöé gzip:   2.50 kB[22m
[2m../dist/public/[22m[36massets/HRAdminDashboard-C6HfTKxY.js             [39m[1m[2m  7.95 kB[22m[1m[22m[2m Ôöé gzip:   2.35 kB[22m
[2m../dist/public/[22m[36massets/OrgEditProject-ClpWFkC_.js               [39m[1m[2m  7.99 kB[22m[1m[22m[2m Ôöé gzip:   2.35 kB[22m
[2m../dist/public/[22m[36massets/EditCreditNote-D4imoAw0.js               [39m[1m[2m  8.00 kB[22m[1m[22m[2m Ôöé gzip:   2.59 kB[22m
[2m../dist/public/[22m[36massets/OrgEditCreditNote-CDDBVHsm.js            [39m[1m[2m  8.00 kB[22m[1m[22m[2m Ôöé gzip:   2.59 kB[22m
[2m../dist/public/[22m[36massets/FinancialDashboard-CJL9FbPE.js           [39m[1m[2m  8.03 kB[22m[1m[22m[2m Ôöé gzip:   2.55 kB[22m
[2m../dist/public/[22m[36massets/Accounting-iDl8cMyW.js                   [39m[1m[2m  8.04 kB[22m[1m[22m[2m Ôöé gzip:   2.56 kB[22m
[2m../dist/public/[22m[36massets/OrgFinancialDashboard-CAW-JB1i.js        [39m[1m[2m  8.05 kB[22m[1m[22m[2m Ôöé gzip:   2.52 kB[22m
[2m../dist/public/[22m[36massets/ContractTemplates-C0m_4vUB.js            [39m[1m[2m  8.11 kB[22m[1m[22m[2m Ôöé gzip:   2.58 kB[22m
[2m../dist/public/[22m[36massets/OrgContractTemplates-C1cLxku4.js         [39m[1m[2m  8.11 kB[22m[1m[22m[2m Ôöé gzip:   2.58 kB[22m
[2m../dist/public/[22m[36massets/UserGuide-XYzJF1JK.js                    [39m[1m[2m  8.15 kB[22m[1m[22m[2m Ôöé gzip:   3.04 kB[22m
[2m../dist/public/[22m[36massets/PerformanceReviews-BaLTwAgW.js           [39m[1m[2m  8.18 kB[22m[1m[22m[2m Ôöé gzip:   2.64 kB[22m
[2m../dist/public/[22m[36massets/OrgPerformanceReviews-DdHHz3yG.js        [39m[1m[2m  8.18 kB[22m[1m[22m[2m Ôöé gzip:   2.64 kB[22m
[2m../dist/public/[22m[36massets/TaskDetails-Dzg9_XrW.js                  [39m[1m[2m  8.21 kB[22m[1m[22m[2m Ôöé gzip:   2.23 kB[22m
[2m../dist/public/[22m[36massets/OrgProjects-Jf2Y3w19.js                  [39m[1m[2m  8.25 kB[22m[1m[22m[2m Ôöé gzip:   2.71 kB[22m
[2m../dist/public/[22m[36massets/Notes-DyFC77qe.js                        [39m[1m[2m  8.38 kB[22m[1m[22m[2m Ôöé gzip:   2.71 kB[22m
[2m../dist/public/[22m[36massets/IntegrationGuides-DkzKsKew.js            [39m[1m[2m  8.55 kB[22m[1m[22m[2m Ôöé gzip:   3.17 kB[22m
[2m../dist/public/[22m[36massets/EstimateDetails-jRZchR4T.js              [39m[1m[2m  8.77 kB[22m[1m[22m[2m Ôöé gzip:   2.73 kB[22m
[2m../dist/public/[22m[36massets/AccountingManagement-CisWdD7O.js         [39m[1m[2m  8.81 kB[22m[1m[22m[2m Ôöé gzip:   2.32 kB[22m
[2m../dist/public/[22m[36massets/UiElements-7jvreNYR.js                   [39m[1m[2m  8.86 kB[22m[1m[22m[2m Ôöé gzip:   2.85 kB[22m
[2m../dist/public/[22m[36massets/AssetManagement-C7T3eOa_.js              [39m[1m[2m  8.90 kB[22m[1m[22m[2m Ôöé gzip:   2.80 kB[22m
[2m../dist/public/[22m[36massets/CSVImportExport-C7aoPE6S.js              [39m[1m[2m  8.90 kB[22m[1m[22m[2m Ôöé gzip:   3.02 kB[22m
[2m../dist/public/[22m[36massets/EnhancedReceiptManagement-DJ-NmCek.js    [39m[1m[2m  8.91 kB[22m[1m[22m[2m Ôöé gzip:   3.16 kB[22m
[2m../dist/public/[22m[36massets/LeadsDetails-sOs9Q-bs.js                 [39m[1m[2m  8.93 kB[22m[1m[22m[2m Ôöé gzip:   2.53 kB[22m
[2m../dist/public/[22m[36massets/OverduePayments-BD5SIf3_.js              [39m[1m[2m  8.98 kB[22m[1m[22m[2m Ôöé gzip:   2.63 kB[22m
[2m../dist/public/[22m[36massets/Payments-DX071JkW.js                     [39m[1m[2m  9.04 kB[22m[1m[22m[2m Ôöé gzip:   3.33 kB[22m
[2m../dist/public/[22m[36massets/OrgPayments-IAuo94LW.js                  [39m[1m[2m  9.04 kB[22m[1m[22m[2m Ôöé gzip:   3.33 kB[22m
[2m../dist/public/[22m[36massets/ActivityTrail-BcJl7fjg.js                [39m[1m[2m  9.05 kB[22m[1m[22m[2m Ôöé gzip:   2.70 kB[22m
[2m../dist/public/[22m[36massets/RecurringInvoices-BHURrOOr.js            [39m[1m[2m  9.06 kB[22m[1m[22m[2m Ôöé gzip:   2.76 kB[22m
[2m../dist/public/[22m[36massets/CreateCreditNote-BjK-JiNa.js             [39m[1m[2m  9.08 kB[22m[1m[22m[2m Ôöé gzip:   2.82 kB[22m
[2m../dist/public/[22m[36massets/OrgCreateCreditNote-DsQkKcI6.js          [39m[1m[2m  9.08 kB[22m[1m[22m[2m Ôöé gzip:   2.82 kB[22m
[2m../dist/public/[22m[36massets/PaymentReconciliation-571iL6pf.js        [39m[1m[2m  9.20 kB[22m[1m[22m[2m Ôöé gzip:   2.93 kB[22m
[2m../dist/public/[22m[36massets/PrivacyPolicy-lytkLxmZ.js                [39m[1m[2m  9.21 kB[22m[1m[22m[2m Ôöé gzip:   2.83 kB[22m
[2m../dist/public/[22m[36massets/PayrollApprovals-CJTYs2Y3.js             [39m[1m[2m  9.21 kB[22m[1m[22m[2m Ôöé gzip:   2.70 kB[22m
[2m../dist/public/[22m[36massets/Opportunities-B8VE0zU6.js                [39m[1m[2m  9.23 kB[22m[1m[22m[2m Ôöé gzip:   3.27 kB[22m
[2m../dist/public/[22m[36massets/BillingDashboard-ohicEwPK.js             [39m[1m[2m  9.30 kB[22m[1m[22m[2m Ôöé gzip:   3.15 kB[22m
[2m../dist/public/[22m[36massets/DepartmentPayrollReports-COoEU1AY.js     [39m[1m[2m  9.31 kB[22m[1m[22m[2m Ôöé gzip:   2.96 kB[22m
[2m../dist/public/[22m[36massets/Quotes-IeFA36Kg.js                       [39m[1m[2m  9.34 kB[22m[1m[22m[2m Ôöé gzip:   3.38 kB[22m
[2m../dist/public/[22m[36massets/HRAnalytics-D4AEg4y9.js                  [39m[1m[2m  9.37 kB[22m[1m[22m[2m Ôöé gzip:   2.73 kB[22m
[2m../dist/public/[22m[36massets/About-Cr7zrrRU.js                        [39m[1m[2m  9.44 kB[22m[1m[22m[2m Ôöé gzip:   3.53 kB[22m
[2m../dist/public/[22m[36massets/OrgPricing-D6XOcnKu.js                   [39m[1m[2m  9.50 kB[22m[1m[22m[2m Ôöé gzip:   3.40 kB[22m
[2m../dist/public/[22m[36massets/CreatePayment-F2hT1haD.js                [39m[1m[2m  9.56 kB[22m[1m[22m[2m Ôöé gzip:   3.02 kB[22m
[2m../dist/public/[22m[36massets/OrgTicketDetail-CqdPH3tf.js              [39m[1m[2m  9.59 kB[22m[1m[22m[2m Ôöé gzip:   2.25 kB[22m
[2m../dist/public/[22m[36massets/OrgInventory-C2JssnG5.js                 [39m[1m[2m  9.60 kB[22m[1m[22m[2m Ôöé gzip:   3.07 kB[22m
[2m../dist/public/[22m[36massets/OrgDeliveryNotes-W4ECtyrD.js             [39m[1m[2m  9.72 kB[22m[1m[22m[2m Ôöé gzip:   3.29 kB[22m
[2m../dist/public/[22m[36massets/Onboarding-BrHGWjpU.js                   [39m[1m[2m  9.81 kB[22m[1m[22m[2m Ôöé gzip:   2.80 kB[22m
[2m../dist/public/[22m[36massets/DeliveryNotes-BZQRP334.js                [39m[1m[2m  9.81 kB[22m[1m[22m[2m Ôöé gzip:   3.30 kB[22m
[2m../dist/public/[22m[36massets/EditUser-B50Bys1v.js                     [39m[1m[2m  9.84 kB[22m[1m[22m[2m Ôöé gzip:   2.98 kB[22m
[2m../dist/public/[22m[36massets/CommunicationDetails-Tq0udasG.js         [39m[1m[2m  9.88 kB[22m[1m[22m[2m Ôöé gzip:   2.86 kB[22m
[2m../dist/public/[22m[36massets/AdminCronJobs-BM_ojeux.js                [39m[1m[2m  9.89 kB[22m[1m[22m[2m Ôöé gzip:   3.18 kB[22m
[2m../dist/public/[22m[36massets/ProjectMilestones-ChxpCLUl.js            [39m[1m[2m  9.97 kB[22m[1m[22m[2m Ôöé gzip:   2.98 kB[22m
[2m../dist/public/[22m[36massets/Estimates-DZZtx8ob.js                    [39m[1m[2m  9.98 kB[22m[1m[22m[2m Ôöé gzip:   3.65 kB[22m
[2m../dist/public/[22m[36massets/CreateUser-BrCWu-Ni.js                   [39m[1m[2m 10.02 kB[22m[1m[22m[2m Ôöé gzip:   3.21 kB[22m
[2m../dist/public/[22m[36massets/Expenses-Bxp0JE5s.js                     [39m[1m[2m 10.04 kB[22m[1m[22m[2m Ôöé gzip:   3.50 kB[22m
[2m../dist/public/[22m[36massets/OrgExpenses-CmHNo4hz.js                  [39m[1m[2m 10.04 kB[22m[1m[22m[2m Ôöé gzip:   3.50 kB[22m
[2m../dist/public/[22m[36massets/Inventory-DUpvApxQ.js                    [39m[1m[2m 10.08 kB[22m[1m[22m[2m Ôöé gzip:   3.24 kB[22m
[2m../dist/public/[22m[36massets/Receipts-BgaQGR_N.js                     [39m[1m[2m 10.14 kB[22m[1m[22m[2m Ôöé gzip:   3.58 kB[22m
[2m../dist/public/[22m[36massets/ClientForm-D1ciHrQN.js                   [39m[1m[2m 10.15 kB[22m[1m[22m[2m Ôöé gzip:   2.41 kB[22m
[2m../dist/public/[22m[36massets/OrgExpenseDetail-B5phG63D.js             [39m[1m[2m 10.25 kB[22m[1m[22m[2m Ôöé gzip:   2.76 kB[22m
[2m../dist/public/[22m[36massets/AccountantDashboard-BVW1NsRn.js          [39m[1m[2m 10.26 kB[22m[1m[22m[2m Ôöé gzip:   3.09 kB[22m
[2m../dist/public/[22m[36massets/Integrations-DgmbPP7W.js                 [39m[1m[2m 10.33 kB[22m[1m[22m[2m Ôöé gzip:   3.08 kB[22m
[2m../dist/public/[22m[36massets/HRAutomation-Bs5060N2.js                 [39m[1m[2m 10.33 kB[22m[1m[22m[2m Ôöé gzip:   2.79 kB[22m
[2m../dist/public/[22m[36massets/PaymentReports-BUYrkMy-.js               [39m[1m[2m 10.37 kB[22m[1m[22m[2m Ôöé gzip:   2.97 kB[22m
[2m../dist/public/[22m[36massets/SupplierForm-DxFbuIV2.js                 [39m[1m[2m 10.38 kB[22m[1m[22m[2m Ôöé gzip:   2.71 kB[22m
[2m../dist/public/[22m[36massets/HRAnalyticsDashboard-CN16Jv7M.js         [39m[1m[2m 10.39 kB[22m[1m[22m[2m Ôöé gzip:   2.76 kB[22m
[2m../dist/public/[22m[36massets/OrgEstimates-aKktXP4F.js                 [39m[1m[2m 10.40 kB[22m[1m[22m[2m Ôöé gzip:   3.75 kB[22m
[2m../dist/public/[22m[36massets/PaymentPlans-tr-lCYJc.js                 [39m[1m[2m 10.48 kB[22m[1m[22m[2m Ôöé gzip:   3.21 kB[22m
[2m../dist/public/[22m[36massets/GlobalSettings-D5UdJyMr.js               [39m[1m[2m 10.48 kB[22m[1m[22m[2m Ôöé gzip:   3.03 kB[22m
[2m../dist/public/[22m[36massets/ReportBuilder-DA_LTv-j.js                [39m[1m[2m 10.49 kB[22m[1m[22m[2m Ôöé gzip:   2.77 kB[22m
[2m../dist/public/[22m[36massets/OrgReceipts-CmFC1lmj.js                  [39m[1m[2m 10.57 kB[22m[1m[22m[2m Ôöé gzip:   3.67 kB[22m
[2m../dist/public/[22m[36massets/CreateServiceTemplate-Cx3CqNDJ.js        [39m[1m[2m 10.58 kB[22m[1m[22m[2m Ôöé gzip:   2.98 kB[22m
[2m../dist/public/[22m[36massets/GRN-BZf2V2-R.js                          [39m[1m[2m 10.58 kB[22m[1m[22m[2m Ôöé gzip:   3.31 kB[22m
[2m../dist/public/[22m[36massets/OrgGRN-CaugssWo.js                       [39m[1m[2m 10.58 kB[22m[1m[22m[2m Ôöé gzip:   3.31 kB[22m
[2m../dist/public/[22m[36massets/CreateProject-CjxT4cqV.js                [39m[1m[2m 10.64 kB[22m[1m[22m[2m Ôöé gzip:   3.29 kB[22m
[2m../dist/public/[22m[36massets/OrgQuotations-BtDkQvaQ.js                [39m[1m[2m 10.64 kB[22m[1m[22m[2m Ôöé gzip:   3.55 kB[22m
[2m../dist/public/[22m[36massets/CannedResponses-vg1IGdjo.js              [39m[1m[2m 10.64 kB[22m[1m[22m[2m Ôöé gzip:   3.08 kB[22m
[2m../dist/public/[22m[36massets/OrgCannedResponses-_0YTozCn.js           [39m[1m[2m 10.64 kB[22m[1m[22m[2m Ôöé gzip:   3.08 kB[22m
[2m../dist/public/[22m[36massets/BudgetDetail-BIybnfIW.js                 [39m[1m[2m 10.67 kB[22m[1m[22m[2m Ôöé gzip:   3.34 kB[22m
[2m../dist/public/[22m[36massets/OrgBudgetDetail-DFVWkElr.js              [39m[1m[2m 10.67 kB[22m[1m[22m[2m Ôöé gzip:   3.34 kB[22m
[2m../dist/public/[22m[36massets/DashboardHome-DD33Uxes.js                [39m[1m[2m 10.69 kB[22m[1m[22m[2m Ôöé gzip:   3.10 kB[22m
[2m../dist/public/[22m[36massets/EditPayment-CZg2wOOz.js                  [39m[1m[2m 10.73 kB[22m[1m[22m[2m Ôöé gzip:   3.21 kB[22m
[2m../dist/public/[22m[36massets/OrgEditPayment-DuB_kAkr.js               [39m[1m[2m 10.73 kB[22m[1m[22m[2m Ôöé gzip:   3.21 kB[22m
[2m../dist/public/[22m[36massets/CreateOpportunity-DrHsmBu3.js            [39m[1m[2m 10.80 kB[22m[1m[22m[2m Ôöé gzip:   3.26 kB[22m
[2m../dist/public/[22m[36massets/EmployeeContracts-CNc4gEXN.js            [39m[1m[2m 10.82 kB[22m[1m[22m[2m Ôöé gzip:   2.61 kB[22m
[2m../dist/public/[22m[36massets/TenantCommunications-DlDejg3_.js         [39m[1m[2m 10.84 kB[22m[1m[22m[2m Ôöé gzip:   3.11 kB[22m
[2m../dist/public/[22m[36massets/EditPayroll-ASIe4eX0.js                  [39m[1m[2m 10.90 kB[22m[1m[22m[2m Ôöé gzip:   3.18 kB[22m
[2m../dist/public/[22m[36massets/OrgEditPayroll-SygTV_j5.js               [39m[1m[2m 10.90 kB[22m[1m[22m[2m Ôöé gzip:   3.18 kB[22m
[2m../dist/public/[22m[36massets/Payslips-BvK2KUL0.js                     [39m[1m[2m 10.93 kB[22m[1m[22m[2m Ôöé gzip:   3.27 kB[22m
[2m../dist/public/[22m[36massets/OrgDashboardHome-ClanNOBn.js             [39m[1m[2m 11.03 kB[22m[1m[22m[2m Ôöé gzip:   3.28 kB[22m
[2m../dist/public/[22m[36massets/ProcurementLPOs-BFXb2KF8.js              [39m[1m[2m 11.03 kB[22m[1m[22m[2m Ôöé gzip:   3.00 kB[22m
[2m../dist/public/[22m[36massets/LPOs-31YtWbdw.js                         [39m[1m[2m 11.09 kB[22m[1m[22m[2m Ôöé gzip:   4.03 kB[22m
[2m../dist/public/[22m[36massets/MaintenanceAdmin-CfFbguXf.js             [39m[1m[2m 11.13 kB[22m[1m[22m[2m Ôöé gzip:   3.37 kB[22m
[2m../dist/public/[22m[36massets/CustomReportBuilder-BLlJCozY.js          [39m[1m[2m 11.16 kB[22m[1m[22m[2m Ôöé gzip:   3.31 kB[22m
[2m../dist/public/[22m[36massets/Quotations-CbDwBsUz.js                   [39m[1m[2m 11.23 kB[22m[1m[22m[2m Ôöé gzip:   3.73 kB[22m
[2m../dist/public/[22m[36massets/TimeTracking-CJh1qbP0.js                 [39m[1m[2m 11.30 kB[22m[1m[22m[2m Ôöé gzip:   3.34 kB[22m
[2m../dist/public/[22m[36massets/ContractManagement-zPwi9hyk.js           [39m[1m[2m 11.36 kB[22m[1m[22m[2m Ôöé gzip:   3.28 kB[22m
[2m../dist/public/[22m[36massets/OrgLPOs-CzGMKA9i.js                      [39m[1m[2m 11.37 kB[22m[1m[22m[2m Ôöé gzip:   4.07 kB[22m
[2m../dist/public/[22m[36massets/OrgProjectDetail-eQteI4n6.js             [39m[1m[2m 11.44 kB[22m[1m[22m[2m Ôöé gzip:   3.61 kB[22m
[2m../dist/public/[22m[36massets/OrgContacts-CDQF13-m.js                  [39m[1m[2m 11.45 kB[22m[1m[22m[2m Ôöé gzip:   3.67 kB[22m
[2m../dist/public/[22m[36massets/QuoteDetails-DBLDGzMb.js                 [39m[1m[2m 11.46 kB[22m[1m[22m[2m Ôöé gzip:   3.15 kB[22m
[2m../dist/public/[22m[36massets/Suppliers-TQy_jcFI.js                    [39m[1m[2m 11.49 kB[22m[1m[22m[2m Ôöé gzip:   4.20 kB[22m
[2m../dist/public/[22m[36massets/Contacts-04g2hAcQ.js                     [39m[1m[2m 11.52 kB[22m[1m[22m[2m Ôöé gzip:   3.70 kB[22m
[2m../dist/public/[22m[36massets/ProcurementImprests-D6LjWTV2.js          [39m[1m[2m 11.60 kB[22m[1m[22m[2m Ôöé gzip:   2.85 kB[22m
[2m../dist/public/[22m[36massets/SystemSettings-ChBnA0cp.js               [39m[1m[2m 11.62 kB[22m[1m[22m[2m Ôöé gzip:   3.18 kB[22m
[2m../dist/public/[22m[36massets/EnterpriseTenantsManagement-7v885znL.js  [39m[1m[2m 11.63 kB[22m[1m[22m[2m Ôöé gzip:   3.31 kB[22m
[2m../dist/public/[22m[36massets/FileManager-CuX1KIk2.js                  [39m[1m[2m 11.68 kB[22m[1m[22m[2m Ôöé gzip:   4.02 kB[22m
[2m../dist/public/[22m[36massets/KPITracking-DqXian1H.js                  [39m[1m[2m 11.69 kB[22m[1m[22m[2m Ôöé gzip:   3.11 kB[22m
[2m../dist/public/[22m[36massets/EnhancedChangePassword-DV3bjDML.js       [39m[1m[2m 11.73 kB[22m[1m[22m[2m Ôöé gzip:   2.95 kB[22m
[2m../dist/public/[22m[36massets/UnifiedLanding-DF3yXIXv.js               [39m[1m[2m 11.89 kB[22m[1m[22m[2m Ôöé gzip:   3.15 kB[22m
[2m../dist/public/[22m[36massets/WorkflowAutomation-C_Fj6YDo.js           [39m[1m[2m 11.97 kB[22m[1m[22m[2m Ôöé gzip:   3.37 kB[22m
[2m../dist/public/[22m[36massets/Training-Dfn-f1-f.js                     [39m[1m[2m 11.99 kB[22m[1m[22m[2m Ôöé gzip:   3.42 kB[22m
[2m../dist/public/[22m[36massets/SubscriptionDetails-g24BVUrZ.js          [39m[1m[2m 12.04 kB[22m[1m[22m[2m Ôöé gzip:   2.91 kB[22m
[2m../dist/public/[22m[36massets/CustomerPortal-B8mFnz-8.js               [39m[1m[2m 12.06 kB[22m[1m[22m[2m Ôöé gzip:   2.91 kB[22m
[2m../dist/public/[22m[36massets/RecurringExpenses-Bv_ktUXp.js            [39m[1m[2m 12.15 kB[22m[1m[22m[2m Ôöé gzip:   3.77 kB[22m
[2m../dist/public/[22m[36massets/OrganizationUsersManagement-B-S0XYez.js  [39m[1m[2m 12.18 kB[22m[1m[22m[2m Ôöé gzip:   3.45 kB[22m
[2m../dist/public/[22m[36massets/SalesPipeline-BhmUWmAv.js                [39m[1m[2m 12.22 kB[22m[1m[22m[2m Ôöé gzip:   3.62 kB[22m
[2m../dist/public/[22m[36massets/OrgSalesPipeline-D-c3jNzG.js             [39m[1m[2m 12.22 kB[22m[1m[22m[2m Ôöé gzip:   3.62 kB[22m
[2m../dist/public/[22m[36massets/Projects-DtUbxDeK.js                     [39m[1m[2m 12.26 kB[22m[1m[22m[2m Ôöé gzip:   3.62 kB[22m
[2m../dist/public/[22m[36massets/ServiceDetails-Oufb7dqP.js               [39m[1m[2m 12.27 kB[22m[1m[22m[2m Ôöé gzip:   3.18 kB[22m
[2m../dist/public/[22m[36massets/Demo-BlddjpVS.js                         [39m[1m[2m 12.37 kB[22m[1m[22m[2m Ôöé gzip:   3.79 kB[22m
[2m../dist/public/[22m[36massets/Features-BRSMgxuX.js                     [39m[1m[2m 12.65 kB[22m[1m[22m[2m Ôöé gzip:   4.43 kB[22m
[2m../dist/public/[22m[36massets/OrgTimesheets-B7EHOVdU.js                [39m[1m[2m 12.84 kB[22m[1m[22m[2m Ôöé gzip:   3.87 kB[22m
[2m../dist/public/[22m[36massets/Timesheets-7pnSZh5R.js                   [39m[1m[2m 12.84 kB[22m[1m[22m[2m Ôöé gzip:   3.87 kB[22m
[2m../dist/public/[22m[36massets/NotificationCenter-duSxILsD.js           [39m[1m[2m 12.87 kB[22m[1m[22m[2m Ôöé gzip:   3.33 kB[22m
[2m../dist/public/[22m[36massets/Account-BHRkJgKm.js                      [39m[1m[2m 12.87 kB[22m[1m[22m[2m Ôöé gzip:   3.34 kB[22m
[2m../dist/public/[22m[36massets/ExecutiveDashboard-Bulj1LvU.js           [39m[1m[2m 12.88 kB[22m[1m[22m[2m Ôöé gzip:   3.37 kB[22m
[2m../dist/public/[22m[36massets/OrgJobGroups-B695VgGC.js                 [39m[1m[2m 12.95 kB[22m[1m[22m[2m Ôöé gzip:   3.42 kB[22m
[2m../dist/public/[22m[36massets/ReceiptDetails-BNLsHu2z.js               [39m[1m[2m 13.06 kB[22m[1m[22m[2m Ôöé gzip:   3.43 kB[22m
[2m../dist/public/[22m[36massets/Proposals-Bfzjtk6d.js                    [39m[1m[2m 13.11 kB[22m[1m[22m[2m Ôöé gzip:   4.02 kB[22m
[2m../dist/public/[22m[36massets/OrgProposals-BIgh2D4u.js                 [39m[1m[2m 13.11 kB[22m[1m[22m[2m Ôöé gzip:   4.02 kB[22m
[2m../dist/public/[22m[36massets/OrgDashboard-U1afFUJM.js                 [39m[1m[2m 13.20 kB[22m[1m[22m[2m Ôöé gzip:   3.90 kB[22m
[2m../dist/public/[22m[36massets/ProcurementOrders-B8p2YL0S.js            [39m[1m[2m 13.25 kB[22m[1m[22m[2m Ôöé gzip:   3.29 kB[22m
[2m../dist/public/[22m[36massets/Recruitment-DSc6P8JR.js                  [39m[1m[2m 13.36 kB[22m[1m[22m[2m Ôöé gzip:   3.23 kB[22m
[2m../dist/public/[22m[36massets/EditProject-BL-b3YDn.js                  [39m[1m[2m 13.42 kB[22m[1m[22m[2m Ôöé gzip:   3.93 kB[22m
[2m../dist/public/[22m[36massets/OrgSuppliers-1qRSfHRR.js                 [39m[1m[2m 13.43 kB[22m[1m[22m[2m Ôöé gzip:   4.43 kB[22m
[2m../dist/public/[22m[36massets/OrgLeads-DjDz6Grq.js                     [39m[1m[2m 13.45 kB[22m[1m[22m[2m Ôöé gzip:   3.74 kB[22m
[2m../dist/public/[22m[36massets/OrgTasks-BkL5Trqp.js                     [39m[1m[2m 13.45 kB[22m[1m[22m[2m Ôöé gzip:   3.79 kB[22m
[2m../dist/public/[22m[36massets/Tasks-g88WXT1j.js                        [39m[1m[2m 13.45 kB[22m[1m[22m[2m Ôöé gzip:   3.79 kB[22m
[2m../dist/public/[22m[36massets/Leads-CSD0HnnD.js                        [39m[1m[2m 13.45 kB[22m[1m[22m[2m Ôöé gzip:   3.74 kB[22m
[2m../dist/public/[22m[36massets/OrgCommunications-CzXucB8S.js            [39m[1m[2m 13.51 kB[22m[1m[22m[2m Ôöé gzip:   3.57 kB[22m
[2m../dist/public/[22m[36massets/ChartOfAccounts-mTFUgK7N.js              [39m[1m[2m 13.59 kB[22m[1m[22m[2m Ôöé gzip:   4.09 kB[22m
[2m../dist/public/[22m[36massets/OrgChartOfAccounts-B9WDa1oN.js           [39m[1m[2m 13.59 kB[22m[1m[22m[2m Ôöé gzip:   4.09 kB[22m
[2m../dist/public/[22m[36massets/CreatePayroll-BRfPRoZ8.js                [39m[1m[2m 13.64 kB[22m[1m[22m[2m Ôöé gzip:   3.11 kB[22m
[2m../dist/public/[22m[36massets/OrgCreatePayroll-Cp-hmPkn.js             [39m[1m[2m 13.64 kB[22m[1m[22m[2m Ôöé gzip:   3.11 kB[22m
[2m../dist/public/[22m[36massets/ExpensesDetails-U1CVFpUV.js              [39m[1m[2m 13.64 kB[22m[1m[22m[2m Ôöé gzip:   3.97 kB[22m
[2m../dist/public/[22m[36massets/Tickets-BpsljI6F.js                      [39m[1m[2m 13.65 kB[22m[1m[22m[2m Ôöé gzip:   4.14 kB[22m
[2m../dist/public/[22m[36massets/OrgTickets-DFVrYX2T.js                   [39m[1m[2m 13.65 kB[22m[1m[22m[2m Ôöé gzip:   4.14 kB[22m
[2m../dist/public/[22m[36massets/TroubleshootingGuide-DrxgOvOD.js         [39m[1m[2m 13.85 kB[22m[1m[22m[2m Ôöé gzip:   4.85 kB[22m
[2m../dist/public/[22m[36massets/BackupRestore-CrhUrsFB.js                [39m[1m[2m 13.89 kB[22m[1m[22m[2m Ôöé gzip:   3.27 kB[22m
[2m../dist/public/[22m[36massets/OrgBilling-CzMdpAb1.js                   [39m[1m[2m 13.94 kB[22m[1m[22m[2m Ôöé gzip:   4.04 kB[22m
[2m../dist/public/[22m[36massets/ProfessionalBudgeting-CiY6GlsU.js        [39m[1m[2m 13.96 kB[22m[1m[22m[2m Ôöé gzip:   3.99 kB[22m
[2m../dist/public/[22m[36massets/Pricing-DHEXfnAi.js                      [39m[1m[2m 14.20 kB[22m[1m[22m[2m Ôöé gzip:   4.56 kB[22m
[2m../dist/public/[22m[36massets/Imprests-Uft-Pl_i.js                     [39m[1m[2m 14.33 kB[22m[1m[22m[2m Ôöé gzip:   4.62 kB[22m
[2m../dist/public/[22m[36massets/KenyanPayrollCalculator-BmfZuBbM.js      [39m[1m[2m 14.57 kB[22m[1m[22m[2m Ôöé gzip:   3.72 kB[22m
[2m../dist/public/[22m[36massets/OrgImprests-BB3H-K9F.js                  [39m[1m[2m 14.63 kB[22m[1m[22m[2m Ôöé gzip:   4.67 kB[22m
[2m../dist/public/[22m[36massets/ThemeCustomization-DMccwVHl.js           [39m[1m[2m 14.81 kB[22m[1m[22m[2m Ôöé gzip:   3.82 kB[22m
[2m../dist/public/[22m[36massets/Roles--bKud0Mh.js                        [39m[1m[2m 15.06 kB[22m[1m[22m[2m Ôöé gzip:   3.59 kB[22m
[2m../dist/public/[22m[36massets/Payroll-GgCQXz0G.js                      [39m[1m[2m 15.06 kB[22m[1m[22m[2m Ôöé gzip:   4.15 kB[22m
[2m../dist/public/[22m[36massets/OrgPayroll-y7zv6WUn.js                   [39m[1m[2m 15.06 kB[22m[1m[22m[2m Ôöé gzip:   4.15 kB[22m
[2m../dist/public/[22m[36massets/Clients-R1iGQOzo.js                      [39m[1m[2m 15.13 kB[22m[1m[22m[2m Ôöé gzip:   4.54 kB[22m
[2m../dist/public/[22m[36massets/Communications-4lHAA8gG.js               [39m[1m[2m 15.14 kB[22m[1m[22m[2m Ôöé gzip:   4.33 kB[22m
[2m../dist/public/[22m[36massets/SupplierDetails-DFWx-w4x.js              [39m[1m[2m 15.21 kB[22m[1m[22m[2m Ôöé gzip:   3.26 kB[22m
[2m../dist/public/[22m[36massets/JobGroupDetails-Cnljyv1s.js              [39m[1m[2m 15.38 kB[22m[1m[22m[2m Ôöé gzip:   4.17 kB[22m
[2m../dist/public/[22m[36massets/Forecasting-B8auY8VO.js                  [39m[1m[2m 15.44 kB[22m[1m[22m[2m Ôöé gzip:   3.58 kB[22m
[2m../dist/public/[22m[36massets/OrgForecasting-LLyBgJUm.js               [39m[1m[2m 15.44 kB[22m[1m[22m[2m Ôöé gzip:   3.58 kB[22m
[2m../dist/public/[22m[36massets/OrgInvoices-Xnji2DtJ.js                  [39m[1m[2m 15.99 kB[22m[1m[22m[2m Ôöé gzip:   5.03 kB[22m
[2m../dist/public/[22m[36massets/Invoices-BfBXArSj.js                     [39m[1m[2m 16.05 kB[22m[1m[22m[2m Ôöé gzip:   5.06 kB[22m
[2m../dist/public/[22m[36massets/ClientPortal-C_ngvRb7.js                 [39m[1m[2m 16.08 kB[22m[1m[22m[2m Ôöé gzip:   4.04 kB[22m
[2m../dist/public/[22m[36massets/JobGroups-BZqlm7wW.js                    [39m[1m[2m 16.21 kB[22m[1m[22m[2m Ôöé gzip:   3.90 kB[22m
[2m../dist/public/[22m[36massets/DepartmentDetails-BNiTdkEx.js            [39m[1m[2m 16.39 kB[22m[1m[22m[2m Ôöé gzip:   4.32 kB[22m
[2m../dist/public/[22m[36massets/OrgDepartmentDetails-LAgHWBcb.js         [39m[1m[2m 16.39 kB[22m[1m[22m[2m Ôöé gzip:   4.32 kB[22m
[2m../dist/public/[22m[36massets/OrgKnowledgeBase-CWmCB1TU.js             [39m[1m[2m 16.40 kB[22m[1m[22m[2m Ôöé gzip:   4.25 kB[22m
[2m../dist/public/[22m[36massets/KnowledgeBase-BqvZa9E_.js                [39m[1m[2m 16.40 kB[22m[1m[22m[2m Ôöé gzip:   4.25 kB[22m
[2m../dist/public/[22m[36massets/OrgClientDetail-DAydzPu6.js              [39m[1m[2m 16.62 kB[22m[1m[22m[2m Ôöé gzip:   4.35 kB[22m
[2m../dist/public/[22m[36massets/Orders-C2G95tLa.js                       [39m[1m[2m 16.74 kB[22m[1m[22m[2m Ôöé gzip:   4.95 kB[22m
[2m../dist/public/[22m[36massets/OrgOrders-CneYd0Lq.js                    [39m[1m[2m 16.74 kB[22m[1m[22m[2m Ôöé gzip:   4.95 kB[22m
[2m../dist/public/[22m[36massets/SuperAdminDashboard-qkg77eAf.js          [39m[1m[2m 16.89 kB[22m[1m[22m[2m Ôöé gzip:   4.47 kB[22m
[2m../dist/public/[22m[36massets/WebsiteFooter-BTinj2Nr.js                [39m[1m[2m 16.93 kB[22m[1m[22m[2m Ôöé gzip:   4.60 kB[22m
[2m../dist/public/[22m[36massets/AdminDashboard-DCs-8naF.js               [39m[1m[2m 16.98 kB[22m[1m[22m[2m Ôöé gzip:   4.02 kB[22m
[2m../dist/public/[22m[36massets/DocumentManagement-CWmokEKU.js           [39m[1m[2m 17.04 kB[22m[1m[22m[2m Ôöé gzip:   4.84 kB[22m
[2m../dist/public/[22m[36massets/Subscriptions-C9oq7nUk.js                [39m[1m[2m 17.14 kB[22m[1m[22m[2m Ôöé gzip:   4.29 kB[22m
[2m../dist/public/[22m[36massets/StaffDashboard-BZj7nHiw.js               [39m[1m[2m 17.27 kB[22m[1m[22m[2m Ôöé gzip:   4.33 kB[22m
[2m../dist/public/[22m[36massets/BackupManagement-obQbYszf.js             [39m[1m[2m 17.31 kB[22m[1m[22m[2m Ôöé gzip:   4.83 kB[22m
[2m../dist/public/[22m[36massets/documentTemplate-C1To6Bzg.js             [39m[1m[2m 17.35 kB[22m[1m[22m[2m Ôöé gzip:   4.20 kB[22m
[2m../dist/public/[22m[36massets/BecomeAPartner-R6NceDGM.js               [39m[1m[2m 17.41 kB[22m[1m[22m[2m Ôöé gzip:   5.28 kB[22m
[2m../dist/public/[22m[36massets/AccountSettings-BSD2T0fb.js              [39m[1m[2m 18.19 kB[22m[1m[22m[2m Ôöé gzip:   4.47 kB[22m
[2m../dist/public/[22m[36massets/AIHub-DvBzX2t4.js                        [39m[1m[2m 18.65 kB[22m[1m[22m[2m Ôöé gzip:   4.64 kB[22m
[2m../dist/public/[22m[36massets/CustomHomepageBuilder-C7_70bOP.js        [39m[1m[2m 18.87 kB[22m[1m[22m[2m Ôöé gzip:   5.09 kB[22m
[2m../dist/public/[22m[36massets/BrandCustomization-COl3TeB0.js           [39m[1m[2m 18.93 kB[22m[1m[22m[2m Ôöé gzip:   4.36 kB[22m
[2m../dist/public/[22m[36massets/BookADemo-BQQYFH0G.js                    [39m[1m[2m 19.11 kB[22m[1m[22m[2m Ôöé gzip:   5.12 kB[22m
[2m../dist/public/[22m[36massets/EditExpense-BRR-OgiC.js                  [39m[1m[2m 19.35 kB[22m[1m[22m[2m Ôöé gzip:   5.26 kB[22m
[2m../dist/public/[22m[36massets/OrgEditExpense-Dqt7jsi6.js               [39m[1m[2m 19.35 kB[22m[1m[22m[2m Ôöé gzip:   5.26 kB[22m
[2m../dist/public/[22m[36massets/Approvals-C0nBxFck.js                    [39m[1m[2m 19.97 kB[22m[1m[22m[2m Ôöé gzip:   4.89 kB[22m
[2m../dist/public/[22m[36massets/OrgApprovals-ORO01Vx1.js                 [39m[1m[2m 19.97 kB[22m[1m[22m[2m Ôöé gzip:   4.89 kB[22m
[2m../dist/public/[22m[36massets/CreateEmployee-D2Lb_xi0.js               [39m[1m[2m 20.76 kB[22m[1m[22m[2m Ôöé gzip:   5.05 kB[22m
[2m../dist/public/[22m[36massets/OrgReports-Dl-pOOgp.js                   [39m[1m[2m 20.77 kB[22m[1m[22m[2m Ôöé gzip:   5.26 kB[22m
[2m../dist/public/[22m[36massets/OrgStaffChat-CUvDLGNx.js                 [39m[1m[2m 20.90 kB[22m[1m[22m[2m Ôöé gzip:   6.40 kB[22m
[2m../dist/public/[22m[36massets/ICTDashboard-rKkhZMkw.js                 [39m[1m[2m 21.11 kB[22m[1m[22m[2m Ôöé gzip:   5.16 kB[22m
[2m../dist/public/[22m[36massets/EditEmployee-7Rmfo5A9.js                 [39m[1m[2m 21.17 kB[22m[1m[22m[2m Ôöé gzip:   5.00 kB[22m
[2m../dist/public/[22m[36massets/SuperAdminPricingTiers-R5wPx4Ug.js       [39m[1m[2m 21.43 kB[22m[1m[22m[2m Ôöé gzip:   5.20 kB[22m
[2m../dist/public/[22m[36massets/HRPayrollManagement-zUsCo8Cq.js          [39m[1m[2m 21.46 kB[22m[1m[22m[2m Ôöé gzip:   5.05 kB[22m
[2m../dist/public/[22m[36massets/PayslipManagement-BF8FnEd2.js            [39m[1m[2m 21.67 kB[22m[1m[22m[2m Ôöé gzip:   6.93 kB[22m
[2m../dist/public/[22m[36massets/DocumentForm-BbD5HLue.js                 [39m[1m[2m 21.87 kB[22m[1m[22m[2m Ôöé gzip:   5.90 kB[22m
[2m../dist/public/[22m[36massets/CreateExpense-DG1SAQA5.js                [39m[1m[2m 22.03 kB[22m[1m[22m[2m Ôöé gzip:   6.10 kB[22m
[2m../dist/public/[22m[36massets/OrgCreateExpense-KqW_JLDq.js             [39m[1m[2m 22.03 kB[22m[1m[22m[2m Ôöé gzip:   6.10 kB[22m
[2m../dist/public/[22m[36massets/Employees-DZixOBEK.js                    [39m[1m[2m 22.08 kB[22m[1m[22m[2m Ôöé gzip:   5.81 kB[22m
[2m../dist/public/[22m[36massets/OrgEmployees-Cw0qZ9ZN.js                 [39m[1m[2m 22.08 kB[22m[1m[22m[2m Ôöé gzip:   5.81 kB[22m
[2m../dist/public/[22m[36massets/Checkout-Ct5sgRg-.js                     [39m[1m[2m 23.41 kB[22m[1m[22m[2m Ôöé gzip:   7.82 kB[22m
[2m../dist/public/[22m[36massets/InvoiceDetails-B8qLc_Z6.js               [39m[1m[2m 23.48 kB[22m[1m[22m[2m Ôöé gzip:   6.05 kB[22m
[2m../dist/public/[22m[36massets/FeatureDetail-tPfT72h4.js                [39m[1m[2m 23.79 kB[22m[1m[22m[2m Ôöé gzip:   7.47 kB[22m
[2m../dist/public/[22m[36massets/StaffChat-Dx5Ruvd6.js                    [39m[1m[2m 24.37 kB[22m[1m[22m[2m Ôöé gzip:   7.01 kB[22m
[2m../dist/public/[22m[36massets/date-utils-COA5zMcC.js                   [39m[1m[2m 25.29 kB[22m[1m[22m[2m Ôöé gzip:   7.51 kB[22m
[2m../dist/public/[22m[36massets/Reports-CiEG2PvS.js                      [39m[1m[2m 25.84 kB[22m[1m[22m[2m Ôöé gzip:   6.59 kB[22m
[2m../dist/public/[22m[36massets/purify.es-4eNOHKSq.js                    [39m[1m[2m 28.74 kB[22m[1m[22m[2m Ôöé gzip:  11.02 kB[22m
[2m../dist/public/[22m[36massets/CreateCommunication-C8uvsYJ4.js          [39m[1m[2m 30.73 kB[22m[1m[22m[2m Ôöé gzip:  10.18 kB[22m
[2m../dist/public/[22m[36massets/HRDashboard-B3TApLLe.js                  [39m[1m[2m 30.93 kB[22m[1m[22m[2m Ôöé gzip:   6.60 kB[22m
[2m../dist/public/[22m[36massets/ClientDetails-6s-1Hdnq.js                [39m[1m[2m 31.37 kB[22m[1m[22m[2m Ôöé gzip:   6.57 kB[22m
[2m../dist/public/[22m[36massets/DocumentTemplates-Ci0L85VX.js            [39m[1m[2m 31.39 kB[22m[1m[22m[2m Ôöé gzip:   6.59 kB[22m
[2m../dist/public/[22m[36massets/pdfGenerator-CAl-bT_N.js                 [39m[1m[2m 37.65 kB[22m[1m[22m[2m Ôöé gzip:  11.12 kB[22m
[2m../dist/public/[22m[36massets/RichTextEditor-CFY6rKyk.js               [39m[1m[2m 37.96 kB[22m[1m[22m[2m Ôöé gzip:   8.43 kB[22m
[2m../dist/public/[22m[36massets/LandingPage-DyKuV2JD.js                  [39m[1m[2m 38.07 kB[22m[1m[22m[2m Ôöé gzip:  10.10 kB[22m
[2m../dist/public/[22m[36massets/OrgEmployeeDetails-D2Q8L515.js           [39m[1m[2m 41.96 kB[22m[1m[22m[2m Ôöé gzip:   8.45 kB[22m
[2m../dist/public/[22m[36massets/AdminManagement-DJ30iQq4.js              [39m[1m[2m 42.17 kB[22m[1m[22m[2m Ôöé gzip:   9.95 kB[22m
[2m../dist/public/[22m[36massets/EmployeeDetails-DKMH4WL_.js              [39m[1m[2m 42.71 kB[22m[1m[22m[2m Ôöé gzip:   8.54 kB[22m
[2m../dist/public/[22m[36massets/OrgLayout-DJj0oqpB.js                    [39m[1m[2m 44.28 kB[22m[1m[22m[2m Ôöé gzip:  11.13 kB[22m
[2m../dist/public/[22m[36massets/ProjectDetails-CdwSShQr.js               [39m[1m[2m 45.29 kB[22m[1m[22m[2m Ôöé gzip:   9.42 kB[22m
[2m../dist/public/[22m[36massets/AdminEmailTemplates-B2eB86n3.js          [39m[1m[2m 51.49 kB[22m[1m[22m[2m Ôöé gzip:  12.42 kB[22m
[2m../dist/public/[22m[36massets/lucide-react-BFIjfoL5.js                 [39m[1m[2m 61.58 kB[22m[1m[22m[2m Ôöé gzip:  18.04 kB[22m
[2m../dist/public/[22m[36massets/DocumentBlockEditor-PC8EDaY4.js          [39m[1m[2m 68.90 kB[22m[1m[22m[2m Ôöé gzip:  15.76 kB[22m
[2m../dist/public/[22m[36massets/MultiTenancy-DfAJTXeI.js                 [39m[1m[2m 69.67 kB[22m[1m[22m[2m Ôöé gzip:  13.95 kB[22m
[2m../dist/public/[22m[36massets/CreateQuote-CXE8rOlF.js                  [39m[1m[2m 71.71 kB[22m[1m[22m[2m Ôöé gzip:  19.54 kB[22m
[2m../dist/public/[22m[36massets/WebsiteAdmin-BO3A1Bkw.js                 [39m[1m[2m 75.47 kB[22m[1m[22m[2m Ôöé gzip:  14.38 kB[22m
[2m../dist/public/[22m[36massets/api-client-BvX2riSn.js                   [39m[1m[2m 81.61 kB[22m[1m[22m[2m Ôöé gzip:  22.27 kB[22m
[2m../dist/public/[22m[36massets/index.es-CazDHDZu.js                     [39m[1m[2m158.79 kB[22m[1m[22m[2m Ôöé gzip:  53.05 kB[22m
[2m../dist/public/[22m[36massets/html2canvas-DXEQVQnt.js                  [39m[1m[2m201.04 kB[22m[1m[22m[2m Ôöé gzip:  47.43 kB[22m
[2m../dist/public/[22m[36massets/Settings-CU40rCGi.js                     [39m[1m[2m284.76 kB[22m[1m[22m[2m Ôöé gzip:  53.89 kB[22m
[2m../dist/public/[22m[36massets/vendor-react-ui-BcLy8Tpi.js              [39m[1m[2m314.57 kB[22m[1m[22m[2m Ôöé gzip: 100.19 kB[22m
[2m../dist/public/[22m[36massets/OrgSettings-uXpT1jk_.js                  [39m[1m[2m326.36 kB[22m[1m[22m[2m Ôöé gzip:  65.40 kB[22m
[2m../dist/public/[22m[36massets/jspdf.es.min-yn3xOMKB.js                 [39m[1m[2m384.80 kB[22m[1m[22m[2m Ôöé gzip: 125.62 kB[22m
[2m../dist/public/[22m[36massets/rich-editor-DQKc7IGv.js                  [39m[1m[2m414.84 kB[22m[1m[22m[2m Ôöé gzip: 130.90 kB[22m
[2m../dist/public/[22m[36massets/xlsx-BojT3SgY.js                         [39m[1m[2m424.38 kB[22m[1m[22m[2m Ôöé gzip: 141.60 kB[22m
[2m../dist/public/[22m[36massets/index-Do4loze6.js                        [39m[1m[2m873.56 kB[22m[1m[22m[2m Ôöé gzip: 224.18 kB[22m
[32mÔ£ô built in 23.23s[39m

  dist\index.js  3.6mb

Done in 128ms
