 Image Kiini: One Hub. Total Control-app Building 
#1 [internal] load local bake definitions
#1 reading from stdin 733B done
#1 DONE 0.0s

#2 [internal] load build definition from Dockerfile
#2 transferring dockerfile: 1.23kB 0.1s done
#2 DONE 0.2s

#3 [internal] load metadata for docker.io/library/node:22-bookworm-slim
#3 DONE 2.6s

#4 [internal] load .dockerignore
#4 transferring context: 193B 0.0s done
#4 DONE 0.1s

#5 [1/9] FROM docker.io/library/node:22-bookworm-slim@sha256:83f487e0a63425e5b4d146fb5e5be574bcbe1b7b843d3ebafdd95eaf7767a7e5
#5 resolve docker.io/library/node:22-bookworm-slim@sha256:83f487e0a63425e5b4d146fb5e5be574bcbe1b7b843d3ebafdd95eaf7767a7e5 0.1s done
#5 DONE 0.1s

#6 [internal] load build context
#6 transferring context: 5.23MB 0.5s done
#6 DONE 0.6s

#7 [3/9] RUN corepack enable
#7 CACHED

#8 [4/9] RUN apt-get update  && apt-get install -y --no-install-recommends chromium  && rm -rf /var/lib/apt/lists/*
#8 CACHED

#9 [5/9] COPY package.json pnpm-lock.yaml ./
#9 CACHED

#10 [2/9] WORKDIR /app
#10 CACHED

#11 [6/9] RUN PNPM_VERSION=$(node -p "require('./package.json').packageManager.replace('pnpm@', '')")  && corepack prepare pnpm@$PNPM_VERSION --activate  && pnpm config set --location=project --json allowBuilds '{"better-sqlite3":true,"core-js":true,"esbuild":true,"sqlite3":true}'  && pnpm config set fetch-timeout 600000  && pnpm install --frozen-lockfile
#11 CACHED

#12 [7/9] COPY . .
#12 DONE 11.0s

#13 [8/9] RUN pnpm build
#13 4.508 Ô£ô Lockfile passes supply-chain policies (verified 21h ago)
#13 4.542 Lockfile is up to date, resolution step is skipped
#13 5.129 Already up to date
#13 9.724 
#13 10.34 Done in 7.9s using pnpm v11.22.0
#13 10.44 $ vite build && esbuild server/_core/index.ts --platform=node --packages=external --bundle --format=esm --outdir=dist
#13 11.57 vite v7.3.1 building client environment for production...
#13 11.76 (!) %VITE_ANALYTICS_ENDPOINT% is not defined in env variables found in /index.html. Is the variable mistyped?
#13 11.76 (!) %VITE_ANALYTICS_WEBSITE_ID% is not defined in env variables found in /index.html. Is the variable mistyped?
#13 11.92 transforming...
#13 45.95 Ô£ô 3786 modules transformed.
#13 49.80 rendering chunks...
#13 51.08 computing gzip size...
#13 52.48 ../dist/public/index.html                                        3.99 kB Ôöé gzip:   1.67 kB
#13 52.48 ../dist/public/assets/OrgSettings-Bx3OTr2t.css                  29.89 kB Ôöé gzip:   5.84 kB
#13 52.48 ../dist/public/assets/index-CY8zV1SM.css                       401.34 kB Ôöé gzip:  49.40 kB
#13 52.48 ../dist/public/assets/trpc-DGOfIRhv.js                           0.07 kB Ôöé gzip:   0.09 kB
#13 52.48 ../dist/public/assets/tableSort-B6IToDRb.js                      0.14 kB Ôöé gzip:   0.12 kB
#13 52.48 ../dist/public/assets/AreaChart-Dpz-kQoN.js                      0.23 kB Ôöé gzip:   0.18 kB
#13 52.48 ../dist/public/assets/LineChart-Dly55KO8.js                      0.23 kB Ôöé gzip:   0.19 kB
#13 52.48 ../dist/public/assets/use-toast-e47t7aCU.js                      0.24 kB Ôöé gzip:   0.20 kB
#13 52.48 ../dist/public/assets/skeleton-B47IDD6b.js                       0.24 kB Ôöé gzip:   0.20 kB
#13 52.48 ../dist/public/assets/communications-DPNzK-66.js                 0.27 kB Ôöé gzip:   0.21 kB
#13 52.48 ../dist/public/assets/spinner-TsIzjSQt.js                        0.28 kB Ôöé gzip:   0.22 kB
#13 52.48 ../dist/public/assets/BarChart-DwL2LnBx.js                       0.30 kB Ôöé gzip:   0.22 kB
#13 52.48 ../dist/public/assets/paymentMethods-r32LliAe.js                 0.31 kB Ôöé gzip:   0.24 kB
#13 52.48 ../dist/public/assets/collapsible-DaZGlMFo.js                    0.32 kB Ôöé gzip:   0.19 kB
#13 52.48 ../dist/public/assets/label-D0K1tY-i.js                          0.33 kB Ôöé gzip:   0.25 kB
#13 52.48 ../dist/public/assets/useUserLookup-DZZpB70l.js                  0.40 kB Ôöé gzip:   0.31 kB
#13 52.48 ../dist/public/assets/exportCsv-CNzVNdz4.js                      0.44 kB Ôöé gzip:   0.33 kB
#13 52.48 ../dist/public/assets/useRequireFeature-CP6W-xdi.js              0.44 kB Ôöé gzip:   0.31 kB
#13 52.48 ../dist/public/assets/csvGenerator-BbTLt5yV.js                   0.45 kB Ôöé gzip:   0.29 kB
#13 52.48 ../dist/public/assets/textarea-Dw9uB1Db.js                       0.50 kB Ôöé gzip:   0.34 kB
#13 52.48 ../dist/public/assets/useCompanyInfo-C3FXRzD2.js                 0.51 kB Ôöé gzip:   0.35 kB
#13 52.48 ../dist/public/assets/export-utils-iLAH-KAR.js                   0.57 kB Ôöé gzip:   0.40 kB
#13 52.48 ../dist/public/assets/useOrgPermission-Bl7jfcy4.js               0.59 kB Ôöé gzip:   0.40 kB
#13 52.48 ../dist/public/assets/useFavorite-3zPQl04m.js                    0.59 kB Ôöé gzip:   0.35 kB
#13 52.48 ../dist/public/assets/documentTemplateHelpers-CduNLrpb.js        0.59 kB Ôöé gzip:   0.33 kB
#13 52.48 ../dist/public/assets/payslipPdf-rpiA3vny.js                     0.63 kB Ôöé gzip:   0.44 kB
#13 52.48 ../dist/public/assets/activityLog-B-yh0W2G.js                    0.75 kB Ôöé gzip:   0.36 kB
#13 52.48 ../dist/public/assets/popover-CNJ7Qg87.js                        0.83 kB Ôöé gzip:   0.45 kB
#13 52.48 ../dist/public/assets/DeleteConfirmationModal-C7WA-M-I.js        0.85 kB Ôöé gzip:   0.49 kB
#13 52.48 ../dist/public/assets/healthScore-hLzRzKdj.js                    0.89 kB Ôöé gzip:   0.52 kB
#13 52.48 ../dist/public/assets/switch-BaZbG-Eb.js                         0.90 kB Ôöé gzip:   0.47 kB
#13 52.48 ../dist/public/assets/checkbox-4IOBuK11.js                       0.92 kB Ôöé gzip:   0.47 kB
#13 52.48 ../dist/public/assets/UserSelector-DDJSliR7.js                   0.96 kB Ôöé gzip:   0.55 kB
#13 52.48 ../dist/public/assets/CustomPage-u4v6OTvK.js                     1.04 kB Ôöé gzip:   0.60 kB
#13 52.48 ../dist/public/assets/PermissionGuard-DrfY_hfG.js                1.05 kB Ôöé gzip:   0.59 kB
#13 52.48 ../dist/public/assets/EmployeeSelector-BxCAzHzH.js               1.10 kB Ôöé gzip:   0.62 kB
#13 52.48 ../dist/public/assets/format-XyXgtmZc.js                         1.15 kB Ôöé gzip:   0.55 kB
#13 52.48 ../dist/public/assets/Messages-Bw65WwDG.js                       1.18 kB Ôöé gzip:   0.64 kB
#13 52.48 ../dist/public/assets/ModuleLayout-CdHN7QSo.js                   1.25 kB Ôöé gzip:   0.63 kB
#13 52.48 ../dist/public/assets/accordion-BxEAb3SE.js                      1.27 kB Ôöé gzip:   0.62 kB
#13 52.48 ../dist/public/assets/OrgAssets-DmKKkrgT.js                      1.28 kB Ôöé gzip:   0.62 kB
#13 52.48 ../dist/public/assets/OrgDocuments-pR_ItWhE.js                   1.29 kB Ôöé gzip:   0.63 kB
#13 52.48 ../dist/public/assets/OrgPurchaseOrders-CNVGWNYZ.js              1.31 kB Ôöé gzip:   0.63 kB
#13 52.48 ../dist/public/assets/PhoneInput-HhXRIo39.js                     1.40 kB Ôöé gzip:   0.73 kB
#13 52.48 ../dist/public/assets/TenantAdminDetails-BHwrn51w.js             1.56 kB Ôöé gzip:   0.68 kB
#13 52.48 ../dist/public/assets/TenantUserDetails-B5L-iDl3.js              1.69 kB Ôöé gzip:   0.71 kB
#13 52.48 ../dist/public/assets/RoleBasedDashboard-CYruNjiS.js             1.71 kB Ôöé gzip:   0.74 kB
#13 52.48 ../dist/public/assets/JobGroupPayrollItems-opV383NP.js           1.72 kB Ôöé gzip:   0.81 kB
#13 52.48 ../dist/public/assets/RowActionsMenu-DYurybtJ.js                 1.73 kB Ôöé gzip:   0.74 kB
#13 52.48 ../dist/public/assets/designSystem-BjMWY9N5.js                   1.76 kB Ôöé gzip:   0.66 kB
#13 52.48 ../dist/public/assets/OrgBreadcrumb-C_42LSGI.js                  1.76 kB Ôöé gzip:   0.74 kB
#13 52.48 ../dist/public/assets/SmsQueue-BsDWQ6RR.js                       1.78 kB Ôöé gzip:   0.91 kB
#13 52.48 ../dist/public/assets/ServiceSearchFilter-BPOavdQr.js            1.90 kB Ôöé gzip:   0.77 kB
#13 52.48 ../dist/public/assets/NotFound-CeoQS6__.js                       1.92 kB Ôöé gzip:   0.91 kB
#13 52.48 ../dist/public/assets/SummaryStatCards-CZlvYWVF.js               1.92 kB Ôöé gzip:   0.85 kB
#13 52.48 ../dist/public/assets/ModuleAnalyticsStrip-DraQ_3Xr.js           1.98 kB Ôöé gzip:   0.91 kB
#13 52.48 ../dist/public/assets/CustomFields-B5cnQpd7.js                   2.00 kB Ôöé gzip:   0.93 kB
#13 52.48 ../dist/public/assets/VerifyEmail-DmpDL98X.js                    2.00 kB Ôöé gzip:   1.09 kB
#13 52.48 ../dist/public/assets/alert-dialog-Dydoelij.js                   2.04 kB Ôöé gzip:   0.74 kB
#13 52.48 ../dist/public/assets/table-C1MydKaN.js                          2.06 kB Ôöé gzip:   0.77 kB
#13 52.48 ../dist/public/assets/LocationSelects--SRWF318.js                2.07 kB Ôöé gzip:   0.58 kB
#13 52.48 ../dist/public/assets/CreateImprest-k-BwBfAi.js                  2.13 kB Ôöé gzip:   1.03 kB
#13 52.48 ../dist/public/assets/useOrgAccess-dhbzX0Ih.js                   2.18 kB Ôöé gzip:   1.10 kB
#13 52.48 ../dist/public/assets/PageHeader-DTi4ETZ9.js                     2.21 kB Ôöé gzip:   0.94 kB
#13 52.48 ../dist/public/assets/data-table-controls-Cx-SjuCF.js            2.30 kB Ôöé gzip:   0.98 kB
#13 52.48 ../dist/public/assets/OrgModulePage-C0cTRYLx.js                  2.36 kB Ôöé gzip:   1.02 kB
#13 52.48 ../dist/public/assets/UnifiedModuleLayout-Dfzoyndr.js            2.42 kB Ôöé gzip:   1.05 kB
#13 52.48 ../dist/public/assets/EmployeeAccountSection-B-JsOcxC.js         2.55 kB Ôöé gzip:   0.95 kB
#13 52.48 ../dist/public/assets/BiTools-Bj_Dtaty.js                        2.68 kB Ôöé gzip:   1.18 kB
#13 52.48 ../dist/public/assets/CreateClient-BvvJ2Fba.js                   2.70 kB Ôöé gzip:   1.37 kB
#13 52.48 ../dist/public/assets/OrgCreateClient-F_vIJssS.js                2.70 kB Ôöé gzip:   1.37 kB
#13 52.48 ../dist/public/assets/OrgSuperAdminDashboard-CfHhavFS.js         2.76 kB Ôöé gzip:   1.21 kB
#13 52.48 ../dist/public/assets/CreateBudget-CPnPat7D.js                   2.80 kB Ôöé gzip:   1.32 kB
#13 52.48 ../dist/public/assets/ICTSystemSettings-Ww_n3Nxl.js              2.81 kB Ôöé gzip:   1.18 kB
#13 52.48 ../dist/public/assets/CreateReceipt-CVpufypG.js                  2.83 kB Ôöé gzip:   1.18 kB
#13 52.48 ../dist/public/assets/CreateProduct-D2sMkgU0.js                  2.84 kB Ôöé gzip:   1.27 kB
#13 52.48 ../dist/public/assets/OrgCreateProduct-DrP3PlEn.js               2.84 kB Ôöé gzip:   1.27 kB
#13 52.48 ../dist/public/assets/DashboardBuilderPro-DWIORjQd.js            2.86 kB Ôöé gzip:   1.18 kB
#13 52.48 ../dist/public/assets/EnhancedBulkActions-Cg7jxvaI.js            2.89 kB Ôöé gzip:   1.21 kB
#13 52.48 ../dist/public/assets/MyPayslips-WbEo70iL.js                     2.95 kB Ôöé gzip:   1.24 kB
#13 52.48 ../dist/public/assets/actions-CeSckaje.js                        3.01 kB Ôöé gzip:   1.34 kB
#13 52.48 ../dist/public/assets/FinancialReports-BI98rC7Q.js               3.03 kB Ôöé gzip:   1.23 kB
#13 52.48 ../dist/public/assets/Search-vwA4Tw18.js                         3.20 kB Ôöé gzip:   1.47 kB
#13 52.48 ../dist/public/assets/CreditNotes-BcqmTxGh.js                    3.20 kB Ôöé gzip:   1.32 kB
#13 52.48 ../dist/public/assets/OrgCreditNotes-DcxtNKF6.js                 3.20 kB Ôöé gzip:   1.32 kB
#13 52.48 ../dist/public/assets/privateChatUtils-Bv4qHQl7.js               3.20 kB Ôöé gzip:   1.23 kB
#13 52.48 ../dist/public/assets/SalesManagerDashboard-CYeINuhB.js          3.24 kB Ôöé gzip:   1.17 kB
#13 52.48 ../dist/public/assets/ICTAnalytics-D6Ob0Z_N.js                   3.26 kB Ôöé gzip:   1.22 kB
#13 52.48 ../dist/public/assets/ReportsDetails-BVmFK8x9.js                 3.27 kB Ôöé gzip:   1.22 kB
#13 52.48 ../dist/public/assets/ProcurementManagerDashboard-CZiec8d-.js    3.27 kB Ôöé gzip:   1.16 kB
#13 52.48 ../dist/public/assets/FunnelAnalysis-Dz9WoAKp.js                 3.33 kB Ôöé gzip:   1.27 kB
#13 52.48 ../dist/public/assets/TableColumnSettings-vS_jm9wV.js            3.35 kB Ôöé gzip:   1.44 kB
#13 52.48 ../dist/public/assets/OrgCreateLPO-oLEx8KAh.js                   3.36 kB Ôöé gzip:   1.44 kB
#13 52.48 ../dist/public/assets/CreateDepartment-jFGWOM_c.js               3.38 kB Ôöé gzip:   1.40 kB
#13 52.48 ../dist/public/assets/OrgCreateDepartment-BG7B25Yr.js            3.38 kB Ôöé gzip:   1.40 kB
#13 52.48 ../dist/public/assets/CohortAnalysis-oggLQyc0.js                 3.43 kB Ôöé gzip:   1.24 kB
#13 52.48 ../dist/public/assets/EditBudget-CamemUrh.js                     3.43 kB Ôöé gzip:   1.52 kB
#13 52.48 ../dist/public/assets/OrgEditBudget-CEXFssZ1.js                  3.43 kB Ôöé gzip:   1.52 kB
#13 52.48 ../dist/public/assets/OrgCreateReceipt-DM3GLDAq.js               3.47 kB Ôöé gzip:   1.41 kB
#13 52.48 ../dist/public/assets/OrgPurchaseOrderDetail-D10k35Pe.js         3.49 kB Ôöé gzip:   1.25 kB
#13 52.48 ../dist/public/assets/CreatePurchaseOrder-Dzy7qKrF.js            3.49 kB Ôöé gzip:   1.26 kB
#13 52.48 ../dist/public/assets/OrgCreatePurchaseOrder-5CI7eyzk.js         3.49 kB Ôöé gzip:   1.26 kB
#13 52.48 ../dist/public/assets/CreateSupplier-CD5n-NSU.js                 3.56 kB Ôöé gzip:   1.62 kB
#13 52.48 ../dist/public/assets/OrgCreateSupplier-BgsxVjlz.js              3.56 kB Ôöé gzip:   1.62 kB
#13 52.48 ../dist/public/assets/ListPageToolbar-B8pOTbS9.js                3.56 kB Ôöé gzip:   1.00 kB
#13 52.48 ../dist/public/assets/CreateWarranty-Ckbc6vQj.js                 3.57 kB Ôöé gzip:   1.36 kB
#13 52.48 ../dist/public/assets/EditDepartment-DnSHjqmP.js                 3.60 kB Ôöé gzip:   1.40 kB
#13 52.48 ../dist/public/assets/OrgEditDepartment-Cckw3y8N.js              3.60 kB Ôöé gzip:   1.40 kB
#13 52.48 ../dist/public/assets/WarrantyDetails-V0ioXk7N.js                3.60 kB Ôöé gzip:   1.21 kB
#13 52.48 ../dist/public/assets/EmailQueue-aUQeuL7I.js                     3.63 kB Ôöé gzip:   1.59 kB
#13 52.48 ../dist/public/assets/CreateEstimate-Cwe_gbfs.js                 3.67 kB Ôöé gzip:   1.59 kB
#13 52.48 ../dist/public/assets/DepartmentForm-2yUzmm1y.js                 3.67 kB Ôöé gzip:   1.40 kB
#13 52.48 ../dist/public/assets/OrgContactDetail-B8mjtYxv.js               3.68 kB Ôöé gzip:   1.24 kB
#13 52.48 ../dist/public/assets/CreateTicket-C0jm1RD9.js                   3.70 kB Ôöé gzip:   1.47 kB
#13 52.48 ../dist/public/assets/OrgCreateTicket-CgjmudnP.js                3.70 kB Ôöé gzip:   1.47 kB
#13 52.48 ../dist/public/assets/ChartOfAccountsDetails-CJL1sMq3.js         3.72 kB Ôöé gzip:   1.29 kB
#13 52.48 ../dist/public/assets/ProductDetails-CiCtOnwm.js                 3.76 kB Ôöé gzip:   1.39 kB
#13 52.48 ../dist/public/assets/ProposalDetails-BNrKfLST.js                3.78 kB Ôöé gzip:   1.30 kB
#13 52.48 ../dist/public/assets/OrgServiceDetail-bj5rqHke.js               3.80 kB Ôöé gzip:   1.26 kB
#13 52.48 ../dist/public/assets/ConversionAnalytics-CF6TwaXw.js            3.82 kB Ôöé gzip:   1.56 kB
#13 52.48 ../dist/public/assets/OrgEditApproval-BobAOXPI.js                3.83 kB Ôöé gzip:   1.41 kB
#13 52.48 ../dist/public/assets/CreateLeaveRequest-lr3ODuNb.js             3.87 kB Ôöé gzip:   1.45 kB
#13 52.48 ../dist/public/assets/TenantAdmins-bCT0J71t.js                   3.87 kB Ôöé gzip:   1.37 kB
#13 52.48 ../dist/public/assets/Home-BSy7sT6Y.js                           3.88 kB Ôöé gzip:   1.47 kB
#13 52.48 ../dist/public/assets/OrgReceiptDetail-CcIgHR5V.js               3.91 kB Ôöé gzip:   1.40 kB
#13 52.48 ../dist/public/assets/InvoiceSearchFilter-ChuyFc-E.js            3.93 kB Ôöé gzip:   1.29 kB
#13 52.48 ../dist/public/assets/OrgPaymentDetail-DA8rrheZ.js               3.95 kB Ôöé gzip:   1.41 kB
#13 52.48 ../dist/public/assets/OrgQuotationDetail-J7jiPRdF.js             3.95 kB Ôöé gzip:   1.40 kB
#13 52.48 ../dist/public/assets/CreateAttendance-DQ4imzJ1.js               3.96 kB Ôöé gzip:   1.46 kB
#13 52.48 ../dist/public/assets/OrgCreateAttendance-DIXLWloT.js            3.96 kB Ôöé gzip:   1.46 kB
#13 52.48 ../dist/public/assets/OrgProductDetail-DVIEnHqW.js               3.97 kB Ôöé gzip:   1.30 kB
#13 52.48 ../dist/public/assets/HRDetails-DBhoDRBS.js                      3.97 kB Ôöé gzip:   1.44 kB
#13 52.48 ../dist/public/assets/TenantUsers-Df5XLOHb.js                    3.99 kB Ôöé gzip:   1.47 kB
#13 52.48 ../dist/public/assets/OrgLPODetail-CH36HOEn.js                   4.00 kB Ôöé gzip:   1.55 kB
#13 52.48 ../dist/public/assets/ProjectAnalytics-CcrMEAF_.js               4.00 kB Ôöé gzip:   1.49 kB
#13 52.48 ../dist/public/assets/OrgLeadDetail-DjTuLCxV.js                  4.01 kB Ôöé gzip:   1.43 kB
#13 52.48 ../dist/public/assets/OrgEstimateDetail-Dia8c9cR.js              4.02 kB Ôöé gzip:   1.44 kB
#13 52.48 ../dist/public/assets/Sales-CK2TMjor.js                          4.03 kB Ôöé gzip:   1.50 kB
#13 52.48 ../dist/public/assets/OrgApprovalDetail-BtnoDXdg.js              4.04 kB Ôöé gzip:   1.41 kB
#13 52.48 ../dist/public/assets/AIAssistantModal-DNge6ikR.js               4.14 kB Ôöé gzip:   1.72 kB
#13 52.48 ../dist/public/assets/OrgAttendanceDetail-D0CuTWtF.js            4.14 kB Ôöé gzip:   1.43 kB
#13 52.48 ../dist/public/assets/EditAllowance-BMz5Euth.js                  4.17 kB Ôöé gzip:   1.69 kB
#13 52.48 ../dist/public/assets/SalesReports-B5Os8kX2.js                   4.21 kB Ôöé gzip:   1.41 kB
#13 52.48 ../dist/public/assets/OrgEditLead-bIEBxZOd.js                    4.21 kB Ôöé gzip:   1.48 kB
#13 52.48 ../dist/public/assets/OrgProcurementDetail-BGG6hRW8.js           4.22 kB Ôöé gzip:   1.45 kB
#13 52.48 ../dist/public/assets/BudgetDetails-CiIQFKJo.js                  4.22 kB Ôöé gzip:   1.40 kB
#13 52.48 ../dist/public/assets/EditSalaryStructure-BvV4bGfU.js            4.23 kB Ôöé gzip:   1.60 kB
#13 52.48 ../dist/public/assets/OrgEditSalaryStructure-CNGQVInh.js         4.23 kB Ôöé gzip:   1.60 kB
#13 52.48 ../dist/public/assets/OrgEditPurchaseOrder-CDp44Tzy.js           4.23 kB Ôöé gzip:   1.58 kB
#13 52.48 ../dist/public/assets/RevenueForecasting-DBUv20B0.js             4.24 kB Ôöé gzip:   1.70 kB
#13 52.48 ../dist/public/assets/CreateAllowance-CqZR454k.js                4.24 kB Ôöé gzip:   1.64 kB
#13 52.48 ../dist/public/assets/EditTicket-DFGwpnEh.js                     4.33 kB Ôöé gzip:   1.62 kB
#13 52.48 ../dist/public/assets/OrgEditTicket-NNHIbfG3.js                  4.33 kB Ôöé gzip:   1.62 kB
#13 52.48 ../dist/public/assets/AssetDetails-2EGEGKFc.js                   4.34 kB Ôöé gzip:   1.28 kB
#13 52.48 ../dist/public/assets/OrgProposalDetail-D4BeB_NJ.js              4.34 kB Ôöé gzip:   1.47 kB
#13 52.48 ../dist/public/assets/EditDeduction-DbjoNrX8.js                  4.42 kB Ôöé gzip:   1.77 kB
#13 52.48 ../dist/public/assets/Services-CqHz3X2S.js                       4.47 kB Ôöé gzip:   1.76 kB
#13 52.48 ../dist/public/assets/OrgEditProcurement-BxKphT9N.js             4.47 kB Ôöé gzip:   1.56 kB
#13 52.48 ../dist/public/assets/OrgDebitNoteDetail-DMyKhD_Z.js             4.48 kB Ôöé gzip:   1.54 kB
#13 52.48 ../dist/public/assets/AdvancedAnalytics-BALMXFYm.js              4.51 kB Ôöé gzip:   1.39 kB
#13 52.48 ../dist/public/assets/EditReceipt-CfoCKDa9.js                    4.59 kB Ôöé gzip:   1.68 kB
#13 52.48 ../dist/public/assets/OrgEditReceipt-b_igGyXV.js                 4.59 kB Ôöé gzip:   1.68 kB
#13 52.48 ../dist/public/assets/EditBenefit-CkuJ89QD.js                    4.59 kB Ôöé gzip:   1.79 kB
#13 52.48 ../dist/public/assets/Blog-CHpHnllx.js                           4.60 kB Ôöé gzip:   1.64 kB
#13 52.48 ../dist/public/assets/ContractDetails-QkMBeN9n.js                4.60 kB Ôöé gzip:   1.37 kB
#13 52.48 ../dist/public/assets/WarrantyManagement-D_0t-XUi.js             4.74 kB Ôöé gzip:   1.84 kB
#13 52.48 ../dist/public/assets/ESignatures-CFoI5zU5.js                    4.74 kB Ôöé gzip:   1.82 kB
#13 52.48 ../dist/public/assets/SalaryStructureDetails-UH5Q6Gxc.js         4.76 kB Ôöé gzip:   1.62 kB
#13 52.48 ../dist/public/assets/OrgSalaryStructureDetails-BzrZfHhq.js      4.76 kB Ôöé gzip:   1.62 kB
#13 52.48 ../dist/public/assets/OrgAI-BV9QIeJg.js                          4.77 kB Ôöé gzip:   1.89 kB
#13 52.48 ../dist/public/assets/CreateLPO-uZvq4chY.js                      4.80 kB Ôöé gzip:   1.93 kB
#13 52.48 ../dist/public/assets/EditWarranty-jGBa9gtB.js                   4.83 kB Ôöé gzip:   1.71 kB
#13 52.48 ../dist/public/assets/TimesheetDetails-KDH9PLiW.js               4.83 kB Ôöé gzip:   1.43 kB
#13 52.48 ../dist/public/assets/OrgOrderDetail-DIyGI_qU.js                 4.86 kB Ôöé gzip:   1.62 kB
#13 52.48 ../dist/public/assets/CreateDebitNote-P3_kZx6g.js                4.86 kB Ôöé gzip:   1.90 kB
#13 52.48 ../dist/public/assets/OrgCreateDebitNote-Bz0DTdcm.js             4.86 kB Ôöé gzip:   1.90 kB
#13 52.48 ../dist/public/assets/EditAttendance-9nBQJ37x.js                 4.87 kB Ôöé gzip:   1.66 kB
#13 52.48 ../dist/public/assets/OrgEditAttendance-DMAWJ17o.js              4.87 kB Ôöé gzip:   1.66 kB
#13 52.48 ../dist/public/assets/BankReconciliationDetails-B8fF4_gK.js      4.91 kB Ôöé gzip:   1.51 kB
#13 52.48 ../dist/public/assets/OrgSubscriptions-Co-QJIiO.js               4.94 kB Ôöé gzip:   1.81 kB
#13 52.48 ../dist/public/assets/CustomerReports-CW27M02k.js                4.96 kB Ôöé gzip:   2.02 kB
#13 52.48 ../dist/public/assets/OrgSupplierDetail-Cs46Z0oG.js              4.96 kB Ôöé gzip:   1.58 kB
#13 52.48 ../dist/public/assets/EditClient-246k8PHw.js                     4.99 kB Ôöé gzip:   1.95 kB
#13 52.48 ../dist/public/assets/ImprestDetails-C1xhBykX.js                 5.00 kB Ôöé gzip:   1.56 kB
#13 52.48 ../dist/public/assets/CreateWorkOrder-CQzXKTfp.js                5.01 kB Ôöé gzip:   1.71 kB
#13 52.48 ../dist/public/assets/OrgCreateWorkOrder-DZhu9ifo.js             5.01 kB Ôöé gzip:   1.71 kB
#13 52.48 ../dist/public/assets/ChangePassword-D6bggskw.js                 5.02 kB Ôöé gzip:   1.79 kB
#13 52.48 ../dist/public/assets/OrgEditQuotation-Z4PUTFnB.js               5.04 kB Ôöé gzip:   1.83 kB
#13 52.48 ../dist/public/assets/EditEstimate-DUVg28AU.js                   5.06 kB Ôöé gzip:   1.75 kB
#13 52.48 ../dist/public/assets/OrgEditEstimate-BR0R_zLJ.js                5.06 kB Ôöé gzip:   1.75 kB
#13 52.48 ../dist/public/assets/ChurnPrediction-CU6vY5wY.js                5.07 kB Ôöé gzip:   1.58 kB
#13 52.48 ../dist/public/assets/BankReconciliation-D-CwKPd8.js             5.09 kB Ôöé gzip:   2.00 kB
#13 52.48 ../dist/public/assets/SystemHealthDashboard-CVWOFrfd.js          5.09 kB Ôöé gzip:   1.72 kB
#13 52.48 ../dist/public/assets/OrgBankReconciliation-xmW9mDo9.js          5.09 kB Ôöé gzip:   2.00 kB
#13 52.48 ../dist/public/assets/Activity-C9ww3p_Q.js                       5.09 kB Ôöé gzip:   2.15 kB
#13 52.48 ../dist/public/assets/OrgActivity-DjOKvFVc.js                    5.09 kB Ôöé gzip:   2.15 kB
#13 52.48 ../dist/public/assets/OrgProcurement-C41e_wbW.js                 5.09 kB Ôöé gzip:   1.83 kB
#13 52.48 ../dist/public/assets/EditProduct-B9Bvgdgt.js                    5.12 kB Ôöé gzip:   1.89 kB
#13 52.48 ../dist/public/assets/OrgEditProduct-BJva9ifA.js                 5.12 kB Ôöé gzip:   1.89 kB
#13 52.48 ../dist/public/assets/OrgCreditNoteDetail-CcpnVsIt.js            5.14 kB Ôöé gzip:   1.61 kB
#13 52.48 ../dist/public/assets/EditLPO-TvcNzm1B.js                        5.15 kB Ôöé gzip:   1.91 kB
#13 52.48 ../dist/public/assets/OrgEditLPO-CAOgIaJs.js                     5.15 kB Ôöé gzip:   1.91 kB
#13 52.48 ../dist/public/assets/EditInvoice-dXmmtNA2.js                    5.20 kB Ôöé gzip:   1.80 kB
#13 52.48 ../dist/public/assets/OrgEditInvoice-C3Enj1oT.js                 5.20 kB Ôöé gzip:   1.80 kB
#13 52.48 ../dist/public/assets/ContactDetails-CtJCFt7e.js                 5.20 kB Ôöé gzip:   1.40 kB
#13 52.48 ../dist/public/assets/OrgCreateQuotation-dfGV9hY8.js             5.20 kB Ôöé gzip:   1.79 kB
#13 52.49 ../dist/public/assets/QuotationDetails-B5B5sVsA.js               5.23 kB Ôöé gzip:   1.81 kB
#13 52.49 ../dist/public/assets/SessionManager-CtyGy7Zb.js                 5.26 kB Ôöé gzip:   1.96 kB
#13 52.49 ../dist/public/assets/ProductForm-D6zRhpZh.js                    5.30 kB Ôöé gzip:   1.59 kB
#13 52.49 ../dist/public/assets/ServiceTemplates-CEds39Rr.js               5.31 kB Ôöé gzip:   2.16 kB
#13 52.49 ../dist/public/assets/OrgServiceTemplates-BefAuMtx.js            5.31 kB Ôöé gzip:   2.16 kB
#13 52.49 ../dist/public/assets/FinanceSettings-9kWFPfNa.js                5.32 kB Ôöé gzip:   1.78 kB
#13 52.49 ../dist/public/assets/Departments-CsTlx4zX.js                    5.34 kB Ôöé gzip:   2.03 kB
#13 52.49 ../dist/public/assets/TestPDFGeneration-Brd98LwT.js              5.37 kB Ôöé gzip:   1.89 kB
#13 52.49 ../dist/public/assets/Dashboard-BRSz5w-G.js                      5.39 kB Ôöé gzip:   1.48 kB
#13 52.49 ../dist/public/assets/OrgServices-BoOSybBz.js                    5.40 kB Ôöé gzip:   1.89 kB
#13 52.49 ../dist/public/assets/PaymentDetails-BGU97GK_.js                 5.40 kB Ôöé gzip:   1.92 kB
#13 52.49 ../dist/public/assets/GRNDetails-DNzboYQ_.js                     5.43 kB Ôöé gzip:   1.80 kB
#13 52.49 ../dist/public/assets/TaxComplianceReports-CrDzp3re.js           5.45 kB Ôöé gzip:   1.50 kB
#13 52.49 ../dist/public/assets/CreateDeduction-BV3z_Bee.js                5.45 kB Ôöé gzip:   2.02 kB
#13 52.49 ../dist/public/assets/PayslipDetails-BVtk3xCe.js                 5.49 kB Ôöé gzip:   2.07 kB
#13 52.49 ../dist/public/assets/OrderDetails-Bq0DuKv4.js                   5.53 kB Ôöé gzip:   1.63 kB
#13 52.49 ../dist/public/assets/OrgWarranty-CrAjsK2w.js                    5.54 kB Ôöé gzip:   2.10 kB
#13 52.49 ../dist/public/assets/OrgDebitNotes-CNEDGUFy.js                  5.57 kB Ôöé gzip:   2.34 kB
#13 52.49 ../dist/public/assets/OrgCreateProposal-CW7bT8sb.js              5.57 kB Ôöé gzip:   1.93 kB
#13 52.49 ../dist/public/assets/DeliveryNoteDetails-B4pAn_iN.js            5.58 kB Ôöé gzip:   1.77 kB
#13 52.49 ../dist/public/assets/EditSupplier-DZAW68AG.js                   5.60 kB Ôöé gzip:   2.18 kB
#13 52.49 ../dist/public/assets/OrgEditSupplier-jhGWKgDp.js                5.60 kB Ôöé gzip:   2.18 kB
#13 52.49 ../dist/public/assets/ProcurementMaster-BIeezrJ_.js              5.61 kB Ôöé gzip:   1.73 kB
#13 52.49 ../dist/public/assets/Attendance-CkROyAel.js                     5.63 kB Ôöé gzip:   2.00 kB
#13 52.49 ../dist/public/assets/OrgAttendance-D-VtwdY6.js                  5.63 kB Ôöé gzip:   2.00 kB
#13 52.49 ../dist/public/assets/ForgotPassword-XEh2NSbg.js                 5.67 kB Ôöé gzip:   1.77 kB
#13 52.49 ../dist/public/assets/EditWorkOrder-CV8p9vIY.js                  5.70 kB Ôöé gzip:   1.86 kB
#13 52.49 ../dist/public/assets/OrgEditWorkOrder-CVqMx6t6.js               5.70 kB Ôöé gzip:   1.86 kB
#13 52.49 ../dist/public/assets/OrgTaxCompliance-CeyDwJkz.js               5.71 kB Ôöé gzip:   1.61 kB
#13 52.49 ../dist/public/assets/MFA-BUXyk5Ze.js                            5.71 kB Ôöé gzip:   1.72 kB
#13 52.49 ../dist/public/assets/ServiceTemplateDetails-8t8-tVLp.js         5.72 kB Ôöé gzip:   1.80 kB
#13 52.49 ../dist/public/assets/CreateContact-CngFbuFT.js                  5.73 kB Ôöé gzip:   1.88 kB
#13 52.49 ../dist/public/assets/ClientPerformance-PMMIpvYB.js              5.73 kB Ôöé gzip:   2.07 kB
#13 52.49 ../dist/public/assets/ProjectsManagement-CzfbaL8R.js             5.76 kB Ôöé gzip:   2.11 kB
#13 52.49 ../dist/public/assets/DebitNoteDetails-CCt-dOAU.js               5.77 kB Ôöé gzip:   1.99 kB
#13 52.49 ../dist/public/assets/DatabaseManagement-Bm5b2PZ-.js             5.80 kB Ôöé gzip:   1.74 kB
#13 52.49 ../dist/public/assets/OrgCreateSalaryStructure-ltgPBHp9.js       5.83 kB Ôöé gzip:   1.89 kB
#13 52.49 ../dist/public/assets/Holidays-C8yugbFK.js                       5.83 kB Ôöé gzip:   2.16 kB
#13 52.49 ../dist/public/assets/LeaveManagementDetails-L8mef-Y1.js         5.84 kB Ôöé gzip:   1.80 kB
#13 52.49 ../dist/public/assets/DebitNotes-gjCJC9YX.js                     5.85 kB Ôöé gzip:   2.42 kB
#13 52.49 ../dist/public/assets/CreateSalaryStructure-XQrmKbdp.js          5.89 kB Ôöé gzip:   1.92 kB
#13 52.49 ../dist/public/assets/ProjectReports-CoZuU0H3.js                 5.92 kB Ôöé gzip:   2.26 kB
#13 52.49 ../dist/public/assets/EnterpriseSettings--jTzRyzy.js             5.99 kB Ôöé gzip:   2.08 kB
#13 52.49 ../dist/public/assets/EditDebitNote-B5aL4MLs.js                  6.00 kB Ôöé gzip:   2.20 kB
#13 52.49 ../dist/public/assets/OrgEditDebitNote-BZVwALn1.js               6.00 kB Ôöé gzip:   2.20 kB
#13 52.49 ../dist/public/assets/OrgCreateInvoice-BBr9AMXk.js               6.04 kB Ôöé gzip:   2.39 kB
#13 52.49 ../dist/public/assets/EditLeave-mrZVGNMQ.js                      6.04 kB Ôöé gzip:   1.90 kB
#13 52.49 ../dist/public/assets/OrgEditLeave-D1ZI-WlW.js                   6.04 kB Ôöé gzip:   1.90 kB
#13 52.49 ../dist/public/assets/CreateInvoice-Dzj8T3Ah.js                  6.05 kB Ôöé gzip:   2.40 kB
#13 52.49 ../dist/public/assets/EditChartOfAccounts-DPj4vTJ5.js            6.06 kB Ôöé gzip:   2.10 kB
#13 52.49 ../dist/public/assets/OrgStaff-D31c40_j.js                       6.07 kB Ôöé gzip:   2.32 kB
#13 52.49 ../dist/public/assets/EditBankReconciliation-CGfRVlXB.js         6.09 kB Ôöé gzip:   1.79 kB
#13 52.49 ../dist/public/assets/LeaveBalances-CvsfUHGU.js                  6.09 kB Ôöé gzip:   2.06 kB
#13 52.49 ../dist/public/assets/OrgCreateLeave-Czuo0xpU.js                 6.09 kB Ôöé gzip:   1.98 kB
#13 52.49 ../dist/public/assets/OrgAccounting-C_-0I02N.js                  6.11 kB Ôöé gzip:   2.13 kB
#13 52.49 ../dist/public/assets/Security-BFfzJeZJ.js                       6.18 kB Ôöé gzip:   1.71 kB
#13 52.49 ../dist/public/assets/OrgDepartments-Bw5ZQGC_.js                 6.19 kB Ôöé gzip:   2.25 kB
#13 52.49 ../dist/public/assets/OpportunityDetails-BAUBX5Sk.js             6.20 kB Ôöé gzip:   1.89 kB
#13 52.49 ../dist/public/assets/OrgCreateProcurement-Bz8uJoWH.js           6.26 kB Ôöé gzip:   1.93 kB
#13 52.49 ../dist/public/assets/Budgets-DbrmDVIT.js                        6.28 kB Ôöé gzip:   2.26 kB
#13 52.49 ../dist/public/assets/OrgBudgets-DWf_qFpk.js                     6.28 kB Ôöé gzip:   2.26 kB
#13 52.49 ../dist/public/assets/OrgLeaveDetail-CXFJzZ_l.js                 6.32 kB Ôöé gzip:   1.83 kB
#13 52.49 ../dist/public/assets/HTMLEditor-CI9ZMjzU.js                     6.37 kB Ôöé gzip:   2.47 kB
#13 52.49 ../dist/public/assets/Profile-UpoKSHC_.js                        6.38 kB Ôöé gzip:   2.23 kB
#13 52.49 ../dist/public/assets/ServiceInvoices-BWUzZmFK.js                6.40 kB Ôöé gzip:   2.59 kB
#13 52.49 ../dist/public/assets/OrgServiceInvoices-Ey1rrr3w.js             6.40 kB Ôöé gzip:   2.59 kB
#13 52.49 ../dist/public/assets/ProjectManagerDashboard-CVyKJ6v5.js        6.46 kB Ôöé gzip:   2.11 kB
#13 52.49 ../dist/public/assets/CreditNoteDetails-ZW4TOaKU.js              6.46 kB Ôöé gzip:   2.08 kB
#13 52.49 ../dist/public/assets/AttendanceDetails-DYWV5gFA.js              6.50 kB Ôöé gzip:   1.98 kB
#13 52.49 ../dist/public/assets/CreateServiceInvoice--pUuYvTZ.js           6.50 kB Ôöé gzip:   2.23 kB
#13 52.49 ../dist/public/assets/OrgCreateServiceInvoice-DNcqzvrx.js        6.50 kB Ôöé gzip:   2.23 kB
#13 52.49 ../dist/public/assets/Documentation-bQZUOj77.js                  6.50 kB Ôöé gzip:   2.55 kB
#13 52.49 ../dist/public/assets/ExpenseBudgetReport-GFB7UzLh.js            6.51 kB Ôöé gzip:   1.79 kB
#13 52.49 ../dist/public/assets/SystemLogsViewer-CX5yqFEJ.js               6.51 kB Ôöé gzip:   2.21 kB
#13 52.49 ../dist/public/assets/Notifications-CsnKVP0m.js                  6.51 kB Ôöé gzip:   1.99 kB
#13 52.49 ../dist/public/assets/OrgContractDetail-CAJBc-m-.js              6.55 kB Ôöé gzip:   1.80 kB
#13 52.49 ../dist/public/assets/EditContact-BsMiXAqa.js                    6.57 kB Ôöé gzip:   2.12 kB
#13 52.49 ../dist/public/assets/OrgEditContact-U4WfwzGG.js                 6.57 kB Ôöé gzip:   2.12 kB
#13 52.49 ../dist/public/assets/TaxInformation-Di5aUrzX.js                 6.60 kB Ôöé gzip:   2.23 kB
#13 52.49 ../dist/public/assets/CreateOrder-ZiaMPgxU.js                    6.62 kB Ôöé gzip:   2.22 kB
#13 52.49 ../dist/public/assets/EditOpportunity-bF9qDmgE.js                6.65 kB Ôöé gzip:   2.08 kB
#13 52.49 ../dist/public/assets/AuditLogs-3h5wglzg.js                      6.66 kB Ôöé gzip:   2.55 kB
#13 52.49 ../dist/public/assets/EditOrder-SRXjl5zw.js                      6.68 kB Ôöé gzip:   2.33 kB
#13 52.49 ../dist/public/assets/OrgEditOrder-013ehRWn.js                   6.68 kB Ôöé gzip:   2.33 kB
#13 52.49 ../dist/public/assets/LPODetails-xECACIuB.js                     6.73 kB Ôöé gzip:   2.05 kB
#13 52.49 ../dist/public/assets/CreateService-C-_-spw9.js                  6.73 kB Ôöé gzip:   2.26 kB
#13 52.49 ../dist/public/assets/OrgCreateService-CEJ4uOsL.js               6.73 kB Ôöé gzip:   2.26 kB
#13 52.49 ../dist/public/assets/CreateBenefit-Do_dY1Aj.js                  6.73 kB Ôöé gzip:   2.27 kB
#13 52.49 ../dist/public/assets/Login-gfEWaihi.js                          6.76 kB Ôöé gzip:   2.26 kB
#13 52.49 ../dist/public/assets/OrgLeave-DvSnMsSf.js                       6.80 kB Ôöé gzip:   2.39 kB
#13 52.49 ../dist/public/assets/OrgEditContract-DUopp1d3.js                6.80 kB Ôöé gzip:   2.13 kB
#13 52.49 ../dist/public/assets/Calendar-C_h7V-2_.js                       6.81 kB Ôöé gzip:   2.40 kB
#13 52.49 ../dist/public/assets/OrgCalendar-CY-BmUOb.js                    6.81 kB Ôöé gzip:   2.40 kB
#13 52.49 ../dist/public/assets/Reminders-D3mdfkK9.js                      6.84 kB Ôöé gzip:   2.16 kB
#13 52.49 ../dist/public/assets/OrgServiceInvoiceDetails-BqqvkgEG.js       6.84 kB Ôöé gzip:   2.05 kB
#13 52.49 ../dist/public/assets/HRReports-Bo-ldVkZ.js                      6.86 kB Ôöé gzip:   2.41 kB
#13 52.49 ../dist/public/assets/UserDetails-QRHOJNVo.js                    6.87 kB Ôöé gzip:   1.68 kB
#13 52.49 ../dist/public/assets/EditProposal-CKqZ3Fj0.js                   6.90 kB Ôöé gzip:   2.13 kB
#13 52.49 ../dist/public/assets/OrgEditProposal-DTqot4P7.js                6.90 kB Ôöé gzip:   2.13 kB
#13 52.49 ../dist/public/assets/OrgCreateOrder-Bo8YyAnz.js                 7.02 kB Ôöé gzip:   2.30 kB
#13 52.49 ../dist/public/assets/ResetPassword-CTS693dD.js                  7.09 kB Ôöé gzip:   2.02 kB
#13 52.49 ../dist/public/assets/OrgContracts-B1L0Ny-6.js                   7.13 kB Ôöé gzip:   2.52 kB
#13 52.49 ../dist/public/assets/WorkOrders-DNsuPQ3N.js                     7.16 kB Ôöé gzip:   2.59 kB
#13 52.49 ../dist/public/assets/OrgWorkOrders-4U6W8Fb6.js                  7.16 kB Ôöé gzip:   2.59 kB
#13 52.49 ../dist/public/assets/SalaryStructures-DwMAHzVd.js               7.18 kB Ôöé gzip:   2.28 kB
#13 52.49 ../dist/public/assets/OrgSalaryStructures-BHyVtag7.js            7.18 kB Ôöé gzip:   2.28 kB
#13 52.49 ../dist/public/assets/EditServiceInvoice-DS9RebL9.js             7.19 kB Ôöé gzip:   2.38 kB
#13 52.49 ../dist/public/assets/OrgEditServiceInvoice-BTYFw7pc.js          7.19 kB Ôöé gzip:   2.38 kB
#13 52.49 ../dist/public/assets/OrgInvoiceDetail-BHLauLJP.js               7.24 kB Ôöé gzip:   1.99 kB
#13 52.49 ../dist/public/assets/Benefits-VCUVvrVj.js                       7.31 kB Ôöé gzip:   2.20 kB
#13 52.49 ../dist/public/assets/OrgCreateContract-DhZyp6RM.js              7.33 kB Ôöé gzip:   2.14 kB
#13 52.49 ../dist/public/assets/Signup-Dv920l2a.js                         7.36 kB Ôöé gzip:   2.29 kB
#13 52.49 ../dist/public/assets/ChartOfAccountsHierarchy-C52oB_gz.js       7.45 kB Ôöé gzip:   2.02 kB
#13 52.49 ../dist/public/assets/ExpenseBudgetReport-DQann2_j.js            7.51 kB Ôöé gzip:   2.64 kB
#13 52.49 ../dist/public/assets/OrgHR-DvJuyiYo.js                          7.51 kB Ôöé gzip:   2.39 kB
#13 52.49 ../dist/public/assets/OrgCreateProject-Cbe-azgp.js               7.53 kB Ôöé gzip:   2.41 kB
#13 52.49 ../dist/public/assets/Warehouses-ChvFeDPE.js                     7.54 kB Ôöé gzip:   2.30 kB
#13 52.49 ../dist/public/assets/SystemHealth-CDFzMSjC.js                   7.56 kB Ôöé gzip:   1.75 kB
#13 52.49 ../dist/public/assets/HRAnalyticsPage-BZ7fwZtB.js                7.57 kB Ôöé gzip:   2.07 kB
#13 52.49 ../dist/public/assets/Products-DUiqUM0j.js                       7.68 kB Ôöé gzip:   2.64 kB
#13 52.49 ../dist/public/assets/OrgProducts-DPPiwHfm.js                    7.68 kB Ôöé gzip:   2.64 kB
#13 52.49 ../dist/public/assets/locations-CtzeVEdQ.js                      7.69 kB Ôöé gzip:   2.76 kB
#13 52.49 ../dist/public/assets/AllowancesDeductions-SNArkGjf.js           7.70 kB Ôöé gzip:   2.38 kB
#13 52.49 ../dist/public/assets/TermsAndConditions-bn0CkUYJ.js             7.76 kB Ôöé gzip:   2.64 kB
#13 52.49 ../dist/public/assets/LeaveManagement-jGhHSAb_.js                7.77 kB Ôöé gzip:   2.50 kB
#13 52.49 ../dist/public/assets/Contact-BDoqwrlc.js                        7.77 kB Ôöé gzip:   2.77 kB
#13 52.49 ../dist/public/assets/HR-CTCzMkdy.js                             7.79 kB Ôöé gzip:   2.51 kB
#13 52.49 ../dist/public/assets/ProposalTemplates-McCG4bdb.js              7.79 kB Ôöé gzip:   2.50 kB
#13 52.49 ../dist/public/assets/OrgWorkOrderDetail-CL1g7kht.js             7.80 kB Ôöé gzip:   1.95 kB
#13 52.49 ../dist/public/assets/EditService-C2w4nIYm.js                    7.85 kB Ôöé gzip:   2.55 kB
#13 52.49 ../dist/public/assets/OrgEditService-EnG6NJHo.js                 7.85 kB Ôöé gzip:   2.55 kB
#13 52.49 ../dist/public/assets/PayrollDetails-M95Qvi85.js                 7.88 kB Ôöé gzip:   2.05 kB
#13 52.49 ../dist/public/assets/OrgPayrollDetails-CBYy8Zql.js              7.88 kB Ôöé gzip:   2.05 kB
#13 52.49 ../dist/public/assets/DisciplinaryRecords-CN6s7qQf.js            7.88 kB Ôöé gzip:   2.44 kB
#13 52.49 ../dist/public/assets/OrgCRM-cGYJ17_W.js                         7.93 kB Ôöé gzip:   2.50 kB
#13 52.49 ../dist/public/assets/HRAdminDashboard-DNpdjTuX.js               7.95 kB Ôöé gzip:   2.36 kB
#13 52.49 ../dist/public/assets/OrgEditProject-0dEmHOCJ.js                 7.99 kB Ôöé gzip:   2.35 kB
#13 52.49 ../dist/public/assets/EditCreditNote-G1Lm3jiB.js                 8.00 kB Ôöé gzip:   2.59 kB
#13 52.49 ../dist/public/assets/OrgEditCreditNote-uyYOfNrP.js              8.00 kB Ôöé gzip:   2.59 kB
#13 52.49 ../dist/public/assets/FinancialDashboard-CFLXccZS.js             8.03 kB Ôöé gzip:   2.55 kB
#13 52.49 ../dist/public/assets/Accounting-bRgnN68Q.js                     8.04 kB Ôöé gzip:   2.56 kB
#13 52.49 ../dist/public/assets/OrgFinancialDashboard-CQ0SQmhl.js          8.05 kB Ôöé gzip:   2.52 kB
#13 52.49 ../dist/public/assets/ContractTemplates-ChuEmNOa.js              8.11 kB Ôöé gzip:   2.58 kB
#13 52.49 ../dist/public/assets/OrgContractTemplates-gGHgB4Fg.js           8.11 kB Ôöé gzip:   2.58 kB
#13 52.49 ../dist/public/assets/UserGuide-BBXgePfb.js                      8.15 kB Ôöé gzip:   3.04 kB
#13 52.49 ../dist/public/assets/PerformanceReviews-EVi2KB4y.js             8.18 kB Ôöé gzip:   2.64 kB
#13 52.49 ../dist/public/assets/OrgPerformanceReviews-DOXdZnbk.js          8.18 kB Ôöé gzip:   2.64 kB
#13 52.49 ../dist/public/assets/TaskDetails-CqYonSaM.js                    8.21 kB Ôöé gzip:   2.23 kB
#13 52.49 ../dist/public/assets/OrgProjects-CpgY4oCc.js                    8.25 kB Ôöé gzip:   2.71 kB
#13 52.49 ../dist/public/assets/Notes-BtJU_A8K.js                          8.38 kB Ôöé gzip:   2.71 kB
#13 52.49 ../dist/public/assets/IntegrationGuides-CSyBVeU0.js              8.55 kB Ôöé gzip:   3.17 kB
#13 52.49 ../dist/public/assets/EstimateDetails-Css_CI5f.js                8.77 kB Ôöé gzip:   2.73 kB
#13 52.49 ../dist/public/assets/AccountingManagement-BEN6aedz.js           8.81 kB Ôöé gzip:   2.33 kB
#13 52.49 ../dist/public/assets/UiElements-BdANzzKL.js                     8.86 kB Ôöé gzip:   2.86 kB
#13 52.49 ../dist/public/assets/AssetManagement-D2dRKM5z.js                8.90 kB Ôöé gzip:   2.80 kB
#13 52.49 ../dist/public/assets/CSVImportExport-BtcZrRIn.js                8.90 kB Ôöé gzip:   3.02 kB
#13 52.49 ../dist/public/assets/EnhancedReceiptManagement-Dwq7B02e.js      8.91 kB Ôöé gzip:   3.16 kB
#13 52.49 ../dist/public/assets/LeadsDetails-CFIaAhh3.js                   8.93 kB Ôöé gzip:   2.54 kB
#13 52.49 ../dist/public/assets/OverduePayments-Crwagcs6.js                8.98 kB Ôöé gzip:   2.63 kB
#13 52.49 ../dist/public/assets/Payments-BlHRrB8q.js                       9.04 kB Ôöé gzip:   3.33 kB
#13 52.49 ../dist/public/assets/OrgPayments-CSuG2Pvy.js                    9.04 kB Ôöé gzip:   3.33 kB
#13 52.49 ../dist/public/assets/ActivityTrail-55uQmTJh.js                  9.05 kB Ôöé gzip:   2.70 kB
#13 52.49 ../dist/public/assets/RecurringInvoices-keIbJnWp.js              9.06 kB Ôöé gzip:   2.76 kB
#13 52.49 ../dist/public/assets/CreateCreditNote-BnctSYBp.js               9.08 kB Ôöé gzip:   2.82 kB
#13 52.49 ../dist/public/assets/OrgCreateCreditNote-Cgu6SqXK.js            9.08 kB Ôöé gzip:   2.82 kB
#13 52.49 ../dist/public/assets/PaymentReconciliation-nvWQR50c.js          9.20 kB Ôöé gzip:   2.94 kB
#13 52.49 ../dist/public/assets/PrivacyPolicy-DUv5_eL8.js                  9.21 kB Ôöé gzip:   2.83 kB
#13 52.49 ../dist/public/assets/PayrollApprovals-BNYZRr_0.js               9.21 kB Ôöé gzip:   2.71 kB
#13 52.49 ../dist/public/assets/Opportunities-BNlG94bv.js                  9.23 kB Ôöé gzip:   3.27 kB
#13 52.49 ../dist/public/assets/BillingDashboard-C0Oa8x9T.js               9.30 kB Ôöé gzip:   3.15 kB
#13 52.49 ../dist/public/assets/DepartmentPayrollReports-BgwFdYqO.js       9.31 kB Ôöé gzip:   2.96 kB
#13 52.49 ../dist/public/assets/Quotes-D2o88E-F.js                         9.34 kB Ôöé gzip:   3.38 kB
#13 52.49 ../dist/public/assets/HRAnalytics-dd4y9DEw.js                    9.37 kB Ôöé gzip:   2.74 kB
#13 52.49 ../dist/public/assets/About-CFhB7l6b.js                          9.44 kB Ôöé gzip:   3.53 kB
#13 52.49 ../dist/public/assets/OrgPricing-18yuPtEf.js                     9.50 kB Ôöé gzip:   3.40 kB
#13 52.49 ../dist/public/assets/CreatePayment-Kpo9Wf70.js                  9.56 kB Ôöé gzip:   3.02 kB
#13 52.49 ../dist/public/assets/OrgTicketDetail-B1FmqmOq.js                9.59 kB Ôöé gzip:   2.25 kB
#13 52.49 ../dist/public/assets/OrgInventory-BY4V7ntO.js                   9.60 kB Ôöé gzip:   3.07 kB
#13 52.49 ../dist/public/assets/OrgDeliveryNotes-BW7blewV.js               9.72 kB Ôöé gzip:   3.29 kB
#13 52.49 ../dist/public/assets/Onboarding-BKPHxBrw.js                     9.81 kB Ôöé gzip:   2.80 kB
#13 52.49 ../dist/public/assets/DeliveryNotes-Dk21B3Fp.js                  9.81 kB Ôöé gzip:   3.31 kB
#13 52.49 ../dist/public/assets/EditUser-BWzW96zC.js                       9.84 kB Ôöé gzip:   2.98 kB
#13 52.49 ../dist/public/assets/CommunicationDetails-9u8YJO_k.js           9.88 kB Ôöé gzip:   2.87 kB
#13 52.49 ../dist/public/assets/AdminCronJobs-CkpYE9jW.js                  9.89 kB Ôöé gzip:   3.18 kB
#13 52.49 ../dist/public/assets/ProjectMilestones-CFEjsLF9.js              9.97 kB Ôöé gzip:   2.98 kB
#13 52.49 ../dist/public/assets/Estimates-DiUcyNdo.js                      9.98 kB Ôöé gzip:   3.66 kB
#13 52.49 ../dist/public/assets/CreateUser-DqLCiKjM.js                    10.02 kB Ôöé gzip:   3.21 kB
#13 52.49 ../dist/public/assets/Expenses-BzfChvtq.js                      10.04 kB Ôöé gzip:   3.50 kB
#13 52.49 ../dist/public/assets/OrgExpenses-cwEUm0Lp.js                   10.04 kB Ôöé gzip:   3.50 kB
#13 52.49 ../dist/public/assets/Inventory-BUPm6biR.js                     10.08 kB Ôöé gzip:   3.24 kB
#13 52.49 ../dist/public/assets/Receipts-C_Fam86p.js                      10.14 kB Ôöé gzip:   3.58 kB
#13 52.49 ../dist/public/assets/ClientForm-dDKkcfjr.js                    10.15 kB Ôöé gzip:   2.41 kB
#13 52.49 ../dist/public/assets/OrgExpenseDetail-CAX0Zh7r.js              10.25 kB Ôöé gzip:   2.77 kB
#13 52.49 ../dist/public/assets/AccountantDashboard-BtthdQOt.js           10.26 kB Ôöé gzip:   3.10 kB
#13 52.49 ../dist/public/assets/Integrations-Cz2dG0ea.js                  10.33 kB Ôöé gzip:   3.08 kB
#13 52.49 ../dist/public/assets/HRAutomation-BOoM8wCH.js                  10.33 kB Ôöé gzip:   2.79 kB
#13 52.49 ../dist/public/assets/PaymentReports-kciXz5Cp.js                10.37 kB Ôöé gzip:   2.97 kB
#13 52.49 ../dist/public/assets/SupplierForm-CwGPKpb2.js                  10.38 kB Ôöé gzip:   2.71 kB
#13 52.49 ../dist/public/assets/HRAnalyticsDashboard-CRD9ROSn.js          10.39 kB Ôöé gzip:   2.76 kB
#13 52.49 ../dist/public/assets/OrgEstimates-CKKE6OCp.js                  10.40 kB Ôöé gzip:   3.75 kB
#13 52.49 ../dist/public/assets/PaymentPlans-BaohaQqu.js                  10.48 kB Ôöé gzip:   3.22 kB
#13 52.49 ../dist/public/assets/GlobalSettings-BNoeUu0X.js                10.48 kB Ôöé gzip:   3.03 kB
#13 52.49 ../dist/public/assets/ReportBuilder-d0qLKxck.js                 10.49 kB Ôöé gzip:   2.77 kB
#13 52.49 ../dist/public/assets/OrgReceipts-bro2-S7G.js                   10.57 kB Ôöé gzip:   3.67 kB
#13 52.49 ../dist/public/assets/CreateServiceTemplate-uhQ9lMe6.js         10.58 kB Ôöé gzip:   2.98 kB
#13 52.49 ../dist/public/assets/GRN-CuaKpSh9.js                           10.58 kB Ôöé gzip:   3.32 kB
#13 52.49 ../dist/public/assets/OrgGRN-shsqJCad.js                        10.58 kB Ôöé gzip:   3.32 kB
#13 52.49 ../dist/public/assets/CreateProject-Cjkic0hP.js                 10.64 kB Ôöé gzip:   3.29 kB
#13 52.49 ../dist/public/assets/OrgQuotations-BZuEgjNq.js                 10.64 kB Ôöé gzip:   3.56 kB
#13 52.49 ../dist/public/assets/CannedResponses-CpFWiQrx.js               10.64 kB Ôöé gzip:   3.08 kB
#13 52.49 ../dist/public/assets/OrgCannedResponses-Ctz9LUSP.js            10.64 kB Ôöé gzip:   3.08 kB
#13 52.49 ../dist/public/assets/BudgetDetail-DstJrSlZ.js                  10.67 kB Ôöé gzip:   3.34 kB
#13 52.49 ../dist/public/assets/OrgBudgetDetail-DJgeZd6a.js               10.67 kB Ôöé gzip:   3.34 kB
#13 52.49 ../dist/public/assets/DashboardHome-Dt1dkN88.js                 10.69 kB Ôöé gzip:   3.10 kB
#13 52.49 ../dist/public/assets/EditPayment-Bw4DwtOA.js                   10.73 kB Ôöé gzip:   3.22 kB
#13 52.49 ../dist/public/assets/OrgEditPayment-a3jEv0hE.js                10.73 kB Ôöé gzip:   3.22 kB
#13 52.49 ../dist/public/assets/CreateOpportunity-4Qq1gIgC.js             10.80 kB Ôöé gzip:   3.26 kB
#13 52.49 ../dist/public/assets/EmployeeContracts-DwSP7lPm.js             10.82 kB Ôöé gzip:   2.61 kB
#13 52.49 ../dist/public/assets/TenantCommunications-PlBfUvI0.js          10.84 kB Ôöé gzip:   3.11 kB
#13 52.49 ../dist/public/assets/EditPayroll-CjJpmkQp.js                   10.90 kB Ôöé gzip:   3.18 kB
#13 52.49 ../dist/public/assets/OrgEditPayroll-DMqbaSQe.js                10.90 kB Ôöé gzip:   3.18 kB
#13 52.49 ../dist/public/assets/Payslips-CUnk3DbL.js                      10.93 kB Ôöé gzip:   3.27 kB
#13 52.49 ../dist/public/assets/OrgDashboardHome-BAYSseW2.js              11.03 kB Ôöé gzip:   3.28 kB
#13 52.49 ../dist/public/assets/ProcurementLPOs-C_IoJl3c.js               11.03 kB Ôöé gzip:   3.00 kB
#13 52.49 ../dist/public/assets/LPOs-BOPb93h2.js                          11.09 kB Ôöé gzip:   4.03 kB
#13 52.49 ../dist/public/assets/MaintenanceAdmin-JTEE0VRe.js              11.13 kB Ôöé gzip:   3.37 kB
#13 52.49 ../dist/public/assets/CustomReportBuilder-BTk9N1gR.js           11.16 kB Ôöé gzip:   3.31 kB
#13 52.49 ../dist/public/assets/Quotations-oJMwJCHO.js                    11.23 kB Ôöé gzip:   3.73 kB
#13 52.49 ../dist/public/assets/TimeTracking-CARuDSD7.js                  11.30 kB Ôöé gzip:   3.34 kB
#13 52.49 ../dist/public/assets/ContractManagement-DvGvukfW.js            11.36 kB Ôöé gzip:   3.28 kB
#13 52.49 ../dist/public/assets/OrgLPOs-B2W5uBH8.js                       11.37 kB Ôöé gzip:   4.07 kB
#13 52.49 ../dist/public/assets/OrgProjectDetail-Brib2h2f.js              11.44 kB Ôöé gzip:   3.61 kB
#13 52.49 ../dist/public/assets/OrgContacts-C_Tt-9ca.js                   11.45 kB Ôöé gzip:   3.67 kB
#13 52.49 ../dist/public/assets/QuoteDetails-BDsKOX3o.js                  11.46 kB Ôöé gzip:   3.15 kB
#13 52.49 ../dist/public/assets/Suppliers-B1dUV5Kh.js                     11.49 kB Ôöé gzip:   4.20 kB
#13 52.49 ../dist/public/assets/Contacts-ClHVWfem.js                      11.52 kB Ôöé gzip:   3.70 kB
#13 52.49 ../dist/public/assets/ProcurementImprests-CGI2s2ct.js           11.60 kB Ôöé gzip:   2.85 kB
#13 52.49 ../dist/public/assets/SystemSettings-CDrljrBF.js                11.62 kB Ôöé gzip:   3.18 kB
#13 52.49 ../dist/public/assets/EnterpriseTenantsManagement-CXvCwS3b.js   11.63 kB Ôöé gzip:   3.31 kB
#13 52.49 ../dist/public/assets/FileManager-DZJqml_e.js                   11.68 kB Ôöé gzip:   4.02 kB
#13 52.49 ../dist/public/assets/KPITracking-qqHYOTLl.js                   11.69 kB Ôöé gzip:   3.11 kB
#13 52.49 ../dist/public/assets/EnhancedChangePassword-BSYeEtZg.js        11.73 kB Ôöé gzip:   2.95 kB
#13 52.49 ../dist/public/assets/UnifiedLanding-t2p4p8dn.js                11.89 kB Ôöé gzip:   3.15 kB
#13 52.49 ../dist/public/assets/WorkflowAutomation-DiOWYDfQ.js            11.97 kB Ôöé gzip:   3.37 kB
#13 52.49 ../dist/public/assets/Training-CqYKpW5B.js                      11.99 kB Ôöé gzip:   3.43 kB
#13 52.49 ../dist/public/assets/SubscriptionDetails-66O-4USS.js           12.04 kB Ôöé gzip:   2.92 kB
#13 52.49 ../dist/public/assets/CustomerPortal-CQQN2B88.js                12.06 kB Ôöé gzip:   2.91 kB
#13 52.49 ../dist/public/assets/RecurringExpenses-9kN8HTLT.js             12.15 kB Ôöé gzip:   3.77 kB
#13 52.49 ../dist/public/assets/OrganizationUsersManagement-BfAGV5zH.js   12.18 kB Ôöé gzip:   3.46 kB
#13 52.49 ../dist/public/assets/SalesPipeline-Cisywc-u.js                 12.22 kB Ôöé gzip:   3.62 kB
#13 52.49 ../dist/public/assets/OrgSalesPipeline-BWRHtKZw.js              12.22 kB Ôöé gzip:   3.62 kB
#13 52.49 ../dist/public/assets/Projects-DkQnOIU4.js                      12.26 kB Ôöé gzip:   3.63 kB
#13 52.49 ../dist/public/assets/ServiceDetails-BGfTl8sR.js                12.27 kB Ôöé gzip:   3.17 kB
#13 52.49 ../dist/public/assets/Demo-DTNfjbHw.js                          12.37 kB Ôöé gzip:   3.79 kB
#13 52.49 ../dist/public/assets/Features-QApZCX91.js                      12.65 kB Ôöé gzip:   4.43 kB
#13 52.49 ../dist/public/assets/OrgTimesheets-Cq00RKaW.js                 12.84 kB Ôöé gzip:   3.88 kB
#13 52.49 ../dist/public/assets/Timesheets-Bi6Kimzr.js                    12.84 kB Ôöé gzip:   3.88 kB
#13 52.49 ../dist/public/assets/NotificationCenter-CQeH2IZA.js            12.87 kB Ôöé gzip:   3.34 kB
#13 52.49 ../dist/public/assets/Account-Cn-Vd8uv.js                       12.87 kB Ôöé gzip:   3.34 kB
#13 52.49 ../dist/public/assets/ExecutiveDashboard-H3IeGGW2.js            12.88 kB Ôöé gzip:   3.37 kB
#13 52.49 ../dist/public/assets/OrgJobGroups-PYCRb0-6.js                  12.95 kB Ôöé gzip:   3.42 kB
#13 52.49 ../dist/public/assets/ReceiptDetails-CAyccmN0.js                13.06 kB Ôöé gzip:   3.43 kB
#13 52.49 ../dist/public/assets/Proposals-CNw404H3.js                     13.11 kB Ôöé gzip:   4.02 kB
#13 52.49 ../dist/public/assets/OrgProposals--L6R7b22.js                  13.11 kB Ôöé gzip:   4.02 kB
#13 52.49 ../dist/public/assets/OrgDashboard-BC5iVIOS.js                  13.20 kB Ôöé gzip:   3.91 kB
#13 52.49 ../dist/public/assets/ProcurementOrders-BTKb2MJs.js             13.25 kB Ôöé gzip:   3.29 kB
#13 52.49 ../dist/public/assets/Recruitment-BdTqLIlx.js                   13.36 kB Ôöé gzip:   3.23 kB
#13 52.49 ../dist/public/assets/EditProject--LyqBrWB.js                   13.42 kB Ôöé gzip:   3.93 kB
#13 52.49 ../dist/public/assets/OrgSuppliers-Cdx8vTIA.js                  13.43 kB Ôöé gzip:   4.43 kB
#13 52.49 ../dist/public/assets/OrgLeads-NEF-qrX3.js                      13.45 kB Ôöé gzip:   3.75 kB
#13 52.49 ../dist/public/assets/OrgTasks-CBK-6m-C.js                      13.45 kB Ôöé gzip:   3.79 kB
#13 52.49 ../dist/public/assets/Tasks-5TDTwpLi.js                         13.45 kB Ôöé gzip:   3.79 kB
#13 52.49 ../dist/public/assets/Leads-D-crPhxB.js                         13.45 kB Ôöé gzip:   3.75 kB
#13 52.49 ../dist/public/assets/OrgCommunications-COZXtVXJ.js             13.51 kB Ôöé gzip:   3.57 kB
#13 52.49 ../dist/public/assets/ChartOfAccounts-DTvLE6wt.js               13.59 kB Ôöé gzip:   4.10 kB
#13 52.49 ../dist/public/assets/OrgChartOfAccounts-CTyw86ty.js            13.59 kB Ôöé gzip:   4.10 kB
#13 52.49 ../dist/public/assets/CreatePayroll-C0dL0wwR.js                 13.64 kB Ôöé gzip:   3.11 kB
#13 52.49 ../dist/public/assets/OrgCreatePayroll-CzPsDPQt.js              13.64 kB Ôöé gzip:   3.11 kB
#13 52.49 ../dist/public/assets/ExpensesDetails-0Kq5914-.js               13.64 kB Ôöé gzip:   3.97 kB
#13 52.49 ../dist/public/assets/Tickets-DGuEUGxR.js                       13.65 kB Ôöé gzip:   4.14 kB
#13 52.50 ../dist/public/assets/OrgTickets-C_foB5Fi.js                    13.65 kB Ôöé gzip:   4.14 kB
#13 52.50 ../dist/public/assets/TroubleshootingGuide-Bp_4Bwjz.js          13.85 kB Ôöé gzip:   4.85 kB
#13 52.50 ../dist/public/assets/BackupRestore-Dv5d0HOW.js                 13.89 kB Ôöé gzip:   3.27 kB
#13 52.50 ../dist/public/assets/OrgBilling-YuPFCQBc.js                    13.94 kB Ôöé gzip:   4.04 kB
#13 52.50 ../dist/public/assets/ProfessionalBudgeting-DQQ-jt_P.js         13.96 kB Ôöé gzip:   4.00 kB
#13 52.50 ../dist/public/assets/Pricing-prncPy9d.js                       14.21 kB Ôöé gzip:   4.56 kB
#13 52.50 ../dist/public/assets/Imprests-BMzjFMe6.js                      14.33 kB Ôöé gzip:   4.62 kB
#13 52.50 ../dist/public/assets/KenyanPayrollCalculator-BXz2enM_.js       14.57 kB Ôöé gzip:   3.72 kB
#13 52.50 ../dist/public/assets/OrgImprests-fCuJuAKO.js                   14.63 kB Ôöé gzip:   4.68 kB
#13 52.50 ../dist/public/assets/ThemeCustomization-BhByVegL.js            14.81 kB Ôöé gzip:   3.82 kB
#13 52.50 ../dist/public/assets/Roles-Cz6e-Zb3.js                         15.06 kB Ôöé gzip:   3.60 kB
#13 52.50 ../dist/public/assets/Payroll-BU_I6Hcn.js                       15.06 kB Ôöé gzip:   4.15 kB
#13 52.50 ../dist/public/assets/OrgPayroll-cq6xNn_1.js                    15.06 kB Ôöé gzip:   4.15 kB
#13 52.50 ../dist/public/assets/Clients-UJRAAs6i.js                       15.13 kB Ôöé gzip:   4.54 kB
#13 52.50 ../dist/public/assets/Communications-CbYBWLvi.js                15.14 kB Ôöé gzip:   4.33 kB
#13 52.50 ../dist/public/assets/SupplierDetails-DzT0RxwF.js               15.21 kB Ôöé gzip:   3.26 kB
#13 52.50 ../dist/public/assets/JobGroupDetails-DrfbSPWi.js               15.38 kB Ôöé gzip:   4.17 kB
#13 52.50 ../dist/public/assets/Forecasting-D8EtnbSX.js                   15.44 kB Ôöé gzip:   3.59 kB
#13 52.50 ../dist/public/assets/OrgForecasting-ylIeSTF9.js                15.44 kB Ôöé gzip:   3.59 kB
#13 52.50 ../dist/public/assets/OrgInvoices-ByqoQjAJ.js                   15.99 kB Ôöé gzip:   5.03 kB
#13 52.50 ../dist/public/assets/Invoices-C1nbA5As.js                      16.05 kB Ôöé gzip:   5.07 kB
#13 52.50 ../dist/public/assets/ClientPortal-DEEVyz92.js                  16.08 kB Ôöé gzip:   4.04 kB
#13 52.50 ../dist/public/assets/JobGroups-BIqDmGJT.js                     16.21 kB Ôöé gzip:   3.90 kB
#13 52.50 ../dist/public/assets/DepartmentDetails-JmfjbHVN.js             16.39 kB Ôöé gzip:   4.32 kB
#13 52.50 ../dist/public/assets/OrgDepartmentDetails-ByV7pQir.js          16.39 kB Ôöé gzip:   4.32 kB
#13 52.50 ../dist/public/assets/OrgKnowledgeBase-Dx-r7OOz.js              16.40 kB Ôöé gzip:   4.26 kB
#13 52.50 ../dist/public/assets/KnowledgeBase-PestUfJs.js                 16.40 kB Ôöé gzip:   4.26 kB
#13 52.50 ../dist/public/assets/OrgClientDetail-CKd6g-zj.js               16.62 kB Ôöé gzip:   4.35 kB
#13 52.50 ../dist/public/assets/Orders-DXhCi43O.js                        16.74 kB Ôöé gzip:   4.95 kB
#13 52.50 ../dist/public/assets/OrgOrders-DMXZMMIL.js                     16.74 kB Ôöé gzip:   4.95 kB
#13 52.50 ../dist/public/assets/SuperAdminDashboard-DHnepVDY.js           16.89 kB Ôöé gzip:   4.48 kB
#13 52.50 ../dist/public/assets/WebsiteFooter-BrOG0Eq9.js                 16.93 kB Ôöé gzip:   4.60 kB
#13 52.50 ../dist/public/assets/AdminDashboard-DWPDkQOA.js                16.98 kB Ôöé gzip:   4.03 kB
#13 52.50 ../dist/public/assets/DocumentManagement-WzMa_jcf.js            17.04 kB Ôöé gzip:   4.84 kB
#13 52.50 ../dist/public/assets/Subscriptions-OxteGz4i.js                 17.14 kB Ôöé gzip:   4.30 kB
#13 52.50 ../dist/public/assets/StaffDashboard-CpWo4s-R.js                17.27 kB Ôöé gzip:   4.33 kB
#13 52.50 ../dist/public/assets/BackupManagement-DZ9-IdaR.js              17.31 kB Ôöé gzip:   4.83 kB
#13 52.50 ../dist/public/assets/documentTemplate-C1To6Bzg.js              17.35 kB Ôöé gzip:   4.20 kB
#13 52.50 ../dist/public/assets/BecomeAPartner-AXmu-cHv.js                17.41 kB Ôöé gzip:   5.29 kB
#13 52.50 ../dist/public/assets/AccountSettings-BklkYiFy.js               18.19 kB Ôöé gzip:   4.47 kB
#13 52.50 ../dist/public/assets/AIHub-BwVId3Gq.js                         18.65 kB Ôöé gzip:   4.64 kB
#13 52.50 ../dist/public/assets/CustomHomepageBuilder-BmM1c3g3.js         18.87 kB Ôöé gzip:   5.09 kB
#13 52.50 ../dist/public/assets/BrandCustomization-BB3MejL0.js            18.93 kB Ôöé gzip:   4.36 kB
#13 52.50 ../dist/public/assets/BookADemo-Dc9bEgk8.js                     19.11 kB Ôöé gzip:   5.12 kB
#13 52.50 ../dist/public/assets/EditExpense-CEvnKtPa.js                   19.35 kB Ôöé gzip:   5.26 kB
#13 52.50 ../dist/public/assets/OrgEditExpense-DsNxGRWk.js                19.35 kB Ôöé gzip:   5.26 kB
#13 52.50 ../dist/public/assets/Approvals-DcUUxQ5w.js                     19.97 kB Ôöé gzip:   4.90 kB
#13 52.50 ../dist/public/assets/OrgApprovals-C6obIfiE.js                  19.97 kB Ôöé gzip:   4.90 kB
#13 52.50 ../dist/public/assets/CreateEmployee-C7gkDvFg.js                20.76 kB Ôöé gzip:   5.05 kB
#13 52.50 ../dist/public/assets/OrgReports-Dip1vxNO.js                    20.77 kB Ôöé gzip:   5.26 kB
#13 52.50 ../dist/public/assets/OrgStaffChat-BIOqMHo6.js                  20.90 kB Ôöé gzip:   6.40 kB
#13 52.50 ../dist/public/assets/ICTDashboard-BL2gpGQj.js                  21.11 kB Ôöé gzip:   5.16 kB
#13 52.50 ../dist/public/assets/EditEmployee-H6LNnz0w.js                  21.17 kB Ôöé gzip:   5.00 kB
#13 52.50 ../dist/public/assets/SuperAdminPricingTiers-CMYXeA2I.js        21.43 kB Ôöé gzip:   5.20 kB
#13 52.50 ../dist/public/assets/HRPayrollManagement-O3-0dN5r.js           21.46 kB Ôöé gzip:   5.05 kB
#13 52.50 ../dist/public/assets/PayslipManagement-C4zmgHgK.js             21.67 kB Ôöé gzip:   6.93 kB
#13 52.50 ../dist/public/assets/DocumentForm-BBJoxS45.js                  21.87 kB Ôöé gzip:   5.90 kB
#13 52.50 ../dist/public/assets/CreateExpense-CnpcMXtU.js                 22.03 kB Ôöé gzip:   6.10 kB
#13 52.50 ../dist/public/assets/OrgCreateExpense-Dltdo91E.js              22.03 kB Ôöé gzip:   6.10 kB
#13 52.50 ../dist/public/assets/Employees-08m31pHs.js                     22.08 kB Ôöé gzip:   5.81 kB
#13 52.50 ../dist/public/assets/OrgEmployees-BAnu05o_.js                  22.08 kB Ôöé gzip:   5.81 kB
#13 52.50 ../dist/public/assets/Checkout-Ca36OvQ2.js                      23.41 kB Ôöé gzip:   7.82 kB
#13 52.50 ../dist/public/assets/InvoiceDetails-B4DmDdoI.js                23.48 kB Ôöé gzip:   6.05 kB
#13 52.50 ../dist/public/assets/FeatureDetail-BuB3aZF9.js                 23.79 kB Ôöé gzip:   7.47 kB
#13 52.50 ../dist/public/assets/StaffChat-BWDvJlVX.js                     24.37 kB Ôöé gzip:   7.01 kB
#13 52.50 ../dist/public/assets/date-utils-COA5zMcC.js                    25.29 kB Ôöé gzip:   7.51 kB
#13 52.50 ../dist/public/assets/Reports-Dg1kiZpI.js                       25.84 kB Ôöé gzip:   6.59 kB
#13 52.50 ../dist/public/assets/purify.es-4eNOHKSq.js                     28.74 kB Ôöé gzip:  11.02 kB
#13 52.50 ../dist/public/assets/CreateCommunication-NAMf-hF4.js           30.73 kB Ôöé gzip:  10.18 kB
#13 52.50 ../dist/public/assets/HRDashboard-DZX-3sYI.js                   30.93 kB Ôöé gzip:   6.61 kB
#13 52.50 ../dist/public/assets/ClientDetails-Dx7TBXI0.js                 31.37 kB Ôöé gzip:   6.57 kB
#13 52.50 ../dist/public/assets/DocumentTemplates-DBibBcMr.js             31.39 kB Ôöé gzip:   6.59 kB
#13 52.50 ../dist/public/assets/pdfGenerator-Bk_RRMsp.js                  37.65 kB Ôöé gzip:  11.12 kB
#13 52.50 ../dist/public/assets/RichTextEditor-BmGegohC.js                37.96 kB Ôöé gzip:   8.43 kB
#13 52.50 ../dist/public/assets/LandingPage-CzC3z32E.js                   38.07 kB Ôöé gzip:  10.10 kB
#13 52.50 ../dist/public/assets/OrgEmployeeDetails-BbLy0her.js            41.96 kB Ôöé gzip:   8.45 kB
#13 52.50 ../dist/public/assets/AdminManagement-CdgUwE0s.js               42.17 kB Ôöé gzip:   9.96 kB
#13 52.50 ../dist/public/assets/EmployeeDetails-D8USUK9E.js               42.71 kB Ôöé gzip:   8.54 kB
#13 52.50 ../dist/public/assets/OrgLayout-DRmeW5n-.js                     44.25 kB Ôöé gzip:  11.10 kB
#13 52.50 ../dist/public/assets/ProjectDetails-DGqeL-8h.js                45.29 kB Ôöé gzip:   9.42 kB
#13 52.50 ../dist/public/assets/AdminEmailTemplates-CN6Vy0uA.js           51.49 kB Ôöé gzip:  12.43 kB
#13 52.50 ../dist/public/assets/lucide-react-BFIjfoL5.js                  61.58 kB Ôöé gzip:  18.04 kB
#13 52.50 ../dist/public/assets/DocumentBlockEditor-rAAYGzVC.js           68.90 kB Ôöé gzip:  15.76 kB
#13 52.50 ../dist/public/assets/MultiTenancy-CSVF4FWX.js                  69.67 kB Ôöé gzip:  13.95 kB
#13 52.50 ../dist/public/assets/CreateQuote-Co-gF0VR.js                   71.71 kB Ôöé gzip:  19.54 kB
#13 52.50 ../dist/public/assets/WebsiteAdmin-BlFhM9ZK.js                  80.43 kB Ôöé gzip:  15.29 kB
#13 52.50 ../dist/public/assets/api-client-BvX2riSn.js                    81.61 kB Ôöé gzip:  22.27 kB
#13 52.50 ../dist/public/assets/index.es-DQYUCsZp.js                     158.79 kB Ôöé gzip:  53.05 kB
#13 52.50 ../dist/public/assets/html2canvas-DXEQVQnt.js                  201.04 kB Ôöé gzip:  47.43 kB
#13 52.50 ../dist/public/assets/Settings-CHASdZUU.js                     284.76 kB Ôöé gzip:  53.89 kB
#13 52.50 ../dist/public/assets/vendor-react-ui-BcLy8Tpi.js              314.57 kB Ôöé gzip: 100.19 kB
#13 52.50 ../dist/public/assets/OrgSettings-BsuMyZsY.js                  326.36 kB Ôöé gzip:  65.40 kB
#13 52.50 ../dist/public/assets/jspdf.es.min-zqdLypi7.js                 384.80 kB Ôöé gzip: 125.62 kB
#13 52.50 ../dist/public/assets/rich-editor-DQKc7IGv.js                  414.84 kB Ôöé gzip: 130.90 kB
#13 52.50 ../dist/public/assets/xlsx-BojT3SgY.js                         424.38 kB Ôöé gzip: 141.60 kB
#13 52.50 ../dist/public/assets/index-7mOwAzzv.js                        874.50 kB Ôöé gzip: 224.32 kB
#13 52.50 Ô£ô built in 40.78s
#13 53.06 
#13 53.06   dist/index.js  3.6mb ÔÜá´©Å
#13 53.06 
#13 53.06 ÔÜí Done in 179ms
#13 DONE 53.5s

#14 [9/9] RUN chmod +x /app/docker/entrypoint.sh
#14 DONE 0.8s

#15 exporting to image
#15 exporting layers
#15 exporting layers 20.7s done
#15 exporting manifest sha256:55fa543ad81bd377e2eff299b12f0b14ec39014f617b3beef8d2988ae89942e8 0.1s done
#15 exporting config sha256:57423c629c546120962e584460c831e12a32b582181e46e0ef1f8c48e5946f8e 0.0s done
#15 exporting attestation manifest sha256:69ee419604571fd5fac83479813f444357bb36ff2340dfad1e1f4d9d8971d26c 0.1s done
#15 exporting manifest list sha256:5878830764c3171921d3dfafd84d83d3d111eeb046f169560f6abd4783736998
#15 exporting manifest list sha256:5878830764c3171921d3dfafd84d83d3d111eeb046f169560f6abd4783736998 0.1s done
#15 naming to docker.io/library/Kiini: One Hub. Total Control-app:latest done
#15 unpacking to docker.io/library/Kiini: One Hub. Total Control-app:latest
#15 unpacking to docker.io/library/Kiini: One Hub. Total Control-app:latest 5.3s done
#15 DONE 26.4s

#16 resolving provenance for metadata file
#16 DONE 0.0s
 Image Kiini: One Hub. Total Control-app Built 
 Container Kiini: One Hub. Total Control-db-1 Running 
 Container Kiini: One Hub. Total Control-app-1 Recreate 
 Container Kiini: One Hub. Total Control-app-1 Recreated 
 Container Kiini: One Hub. Total Control-db-1 Waiting 
 Container Kiini: One Hub. Total Control-db-1 Healthy 
 Container Kiini: One Hub. Total Control-app-1 Starting 
 Container Kiini: One Hub. Total Control-app-1 Started 
