Already up to date
Done in 1.1s using pnpm v11.22.0
$ vite build && esbuild server/_core/index.ts --platform=node --packages=external --bundle --format=esm --outdir=dist
NODE_ENV=production is not supported in the .env file. Only NODE_ENV=development is supported to create a development build of your project. If you need to set process.env.NODE_ENV, you can set it in the Vite config instead.
[36mvite v7.3.1 [32mbuilding client environment for production...[36m[39m
(node:39056) [DEP0205] DeprecationWarning: `module.register()` is deprecated. Use `module.registerHooks()` instead.
(Use `node --trace-deprecation ...` to show where the warning was created)
transforming...
[32mÔ£ô[39m 3786 modules transformed.
rendering chunks...
computing gzip size...
[2m../dist/public/[22m[32mindex.html                                      [39m[1m[2m  3.94 kB[22m[1m[22m[2m Ôöé gzip:   1.63 kB[22m
[2m../dist/public/[22m[35massets/OrgSettings-Bx3OTr2t.css                 [39m[1m[2m 29.89 kB[22m[1m[22m[2m Ôöé gzip:   5.84 kB[22m
[2m../dist/public/[22m[35massets/index-CY8zV1SM.css                       [39m[1m[2m401.34 kB[22m[1m[22m[2m Ôöé gzip:  49.40 kB[22m
[2m../dist/public/[22m[36massets/trpc-DGOfIRhv.js                         [39m[1m[2m  0.07 kB[22m[1m[22m[2m Ôöé gzip:   0.09 kB[22m
[2m../dist/public/[22m[36massets/tableSort-B6IToDRb.js                    [39m[1m[2m  0.14 kB[22m[1m[22m[2m Ôöé gzip:   0.12 kB[22m
[2m../dist/public/[22m[36massets/AreaChart-AGRymbK2.js                    [39m[1m[2m  0.23 kB[22m[1m[22m[2m Ôöé gzip:   0.18 kB[22m
[2m../dist/public/[22m[36massets/LineChart-BDYaVUts.js                    [39m[1m[2m  0.23 kB[22m[1m[22m[2m Ôöé gzip:   0.19 kB[22m
[2m../dist/public/[22m[36massets/use-toast-BNj8aZ8s.js                    [39m[1m[2m  0.24 kB[22m[1m[22m[2m Ôöé gzip:   0.20 kB[22m
[2m../dist/public/[22m[36massets/skeleton-6gNVqPzI.js                     [39m[1m[2m  0.24 kB[22m[1m[22m[2m Ôöé gzip:   0.20 kB[22m
[2m../dist/public/[22m[36massets/communications-DPNzK-66.js               [39m[1m[2m  0.27 kB[22m[1m[22m[2m Ôöé gzip:   0.21 kB[22m
[2m../dist/public/[22m[36massets/spinner-jm9qEKK4.js                      [39m[1m[2m  0.28 kB[22m[1m[22m[2m Ôöé gzip:   0.22 kB[22m
[2m../dist/public/[22m[36massets/BarChart-D6-pvDc_.js                     [39m[1m[2m  0.30 kB[22m[1m[22m[2m Ôöé gzip:   0.22 kB[22m
[2m../dist/public/[22m[36massets/paymentMethods-r32LliAe.js               [39m[1m[2m  0.31 kB[22m[1m[22m[2m Ôöé gzip:   0.24 kB[22m
[2m../dist/public/[22m[36massets/collapsible-DaZGlMFo.js                  [39m[1m[2m  0.32 kB[22m[1m[22m[2m Ôöé gzip:   0.19 kB[22m
[2m../dist/public/[22m[36massets/label-BoNaAwKZ.js                        [39m[1m[2m  0.33 kB[22m[1m[22m[2m Ôöé gzip:   0.25 kB[22m
[2m../dist/public/[22m[36massets/useUserLookup-B8Jj69Ds.js                [39m[1m[2m  0.40 kB[22m[1m[22m[2m Ôöé gzip:   0.31 kB[22m
[2m../dist/public/[22m[36massets/exportCsv-CNzVNdz4.js                    [39m[1m[2m  0.44 kB[22m[1m[22m[2m Ôöé gzip:   0.33 kB[22m
[2m../dist/public/[22m[36massets/useRequireFeature-BocYG-gm.js            [39m[1m[2m  0.44 kB[22m[1m[22m[2m Ôöé gzip:   0.31 kB[22m
[2m../dist/public/[22m[36massets/csvGenerator-BbTLt5yV.js                 [39m[1m[2m  0.45 kB[22m[1m[22m[2m Ôöé gzip:   0.29 kB[22m
[2m../dist/public/[22m[36massets/textarea-BpkkYg9F.js                     [39m[1m[2m  0.50 kB[22m[1m[22m[2m Ôöé gzip:   0.34 kB[22m
[2m../dist/public/[22m[36massets/useCompanyInfo-B5lqj1Yt.js               [39m[1m[2m  0.52 kB[22m[1m[22m[2m Ôöé gzip:   0.36 kB[22m
[2m../dist/public/[22m[36massets/export-utils-C6PXkoDB.js                 [39m[1m[2m  0.57 kB[22m[1m[22m[2m Ôöé gzip:   0.40 kB[22m
[2m../dist/public/[22m[36massets/useOrgPermission-D9rF108m.js             [39m[1m[2m  0.59 kB[22m[1m[22m[2m Ôöé gzip:   0.40 kB[22m
[2m../dist/public/[22m[36massets/useFavorite-CPdn7fwK.js                  [39m[1m[2m  0.59 kB[22m[1m[22m[2m Ôöé gzip:   0.35 kB[22m
[2m../dist/public/[22m[36massets/documentTemplateHelpers-CduNLrpb.js      [39m[1m[2m  0.59 kB[22m[1m[22m[2m Ôöé gzip:   0.33 kB[22m
[2m../dist/public/[22m[36massets/payslipPdf-BY14IrvI.js                   [39m[1m[2m  0.63 kB[22m[1m[22m[2m Ôöé gzip:   0.44 kB[22m
[2m../dist/public/[22m[36massets/activityLog-B-yh0W2G.js                  [39m[1m[2m  0.75 kB[22m[1m[22m[2m Ôöé gzip:   0.36 kB[22m
[2m../dist/public/[22m[36massets/popover-BUOBcYmu.js                      [39m[1m[2m  0.83 kB[22m[1m[22m[2m Ôöé gzip:   0.45 kB[22m
[2m../dist/public/[22m[36massets/DeleteConfirmationModal-BQeRXtNY.js      [39m[1m[2m  0.85 kB[22m[1m[22m[2m Ôöé gzip:   0.49 kB[22m
[2m../dist/public/[22m[36massets/healthScore-hLzRzKdj.js                  [39m[1m[2m  0.89 kB[22m[1m[22m[2m Ôöé gzip:   0.52 kB[22m
[2m../dist/public/[22m[36massets/switch-Bh5E1mDn.js                       [39m[1m[2m  0.90 kB[22m[1m[22m[2m Ôöé gzip:   0.47 kB[22m
[2m../dist/public/[22m[36massets/checkbox-DxZ8_993.js                     [39m[1m[2m  0.92 kB[22m[1m[22m[2m Ôöé gzip:   0.47 kB[22m
[2m../dist/public/[22m[36massets/UserSelector-Bj69y0FE.js                 [39m[1m[2m  0.96 kB[22m[1m[22m[2m Ôöé gzip:   0.55 kB[22m
[2m../dist/public/[22m[36massets/CustomPage-D2WRcNVx.js                   [39m[1m[2m  1.04 kB[22m[1m[22m[2m Ôöé gzip:   0.60 kB[22m
[2m../dist/public/[22m[36massets/PermissionGuard-DH2Q-ex3.js              [39m[1m[2m  1.05 kB[22m[1m[22m[2m Ôöé gzip:   0.59 kB[22m
[2m../dist/public/[22m[36massets/EmployeeSelector-DIRhCUFl.js             [39m[1m[2m  1.10 kB[22m[1m[22m[2m Ôöé gzip:   0.61 kB[22m
[2m../dist/public/[22m[36massets/format-XyXgtmZc.js                       [39m[1m[2m  1.15 kB[22m[1m[22m[2m Ôöé gzip:   0.55 kB[22m
[2m../dist/public/[22m[36massets/Messages-_T8AU1ei.js                     [39m[1m[2m  1.18 kB[22m[1m[22m[2m Ôöé gzip:   0.63 kB[22m
[2m../dist/public/[22m[36massets/ModuleLayout-CFcTvmvs.js                 [39m[1m[2m  1.25 kB[22m[1m[22m[2m Ôöé gzip:   0.62 kB[22m
[2m../dist/public/[22m[36massets/accordion-BQdqN5O5.js                    [39m[1m[2m  1.27 kB[22m[1m[22m[2m Ôöé gzip:   0.62 kB[22m
[2m../dist/public/[22m[36massets/OrgAssets-g5gS6H1b.js                    [39m[1m[2m  1.28 kB[22m[1m[22m[2m Ôöé gzip:   0.62 kB[22m
[2m../dist/public/[22m[36massets/OrgDocuments-B9JCE_Q5.js                 [39m[1m[2m  1.29 kB[22m[1m[22m[2m Ôöé gzip:   0.62 kB[22m
[2m../dist/public/[22m[36massets/OrgPurchaseOrders-DfvujzNT.js            [39m[1m[2m  1.31 kB[22m[1m[22m[2m Ôöé gzip:   0.63 kB[22m
[2m../dist/public/[22m[36massets/PhoneInput-BDLHAbyc.js                   [39m[1m[2m  1.40 kB[22m[1m[22m[2m Ôöé gzip:   0.73 kB[22m
[2m../dist/public/[22m[36massets/TenantAdminDetails-B3Dz_DzJ.js           [39m[1m[2m  1.56 kB[22m[1m[22m[2m Ôöé gzip:   0.68 kB[22m
[2m../dist/public/[22m[36massets/TenantUserDetails-zLC02y8Y.js            [39m[1m[2m  1.69 kB[22m[1m[22m[2m Ôöé gzip:   0.71 kB[22m
[2m../dist/public/[22m[36massets/RoleBasedDashboard-BlNw34Yd.js           [39m[1m[2m  1.71 kB[22m[1m[22m[2m Ôöé gzip:   0.74 kB[22m
[2m../dist/public/[22m[36massets/JobGroupPayrollItems-DIHmYQc0.js         [39m[1m[2m  1.72 kB[22m[1m[22m[2m Ôöé gzip:   0.81 kB[22m
[2m../dist/public/[22m[36massets/RowActionsMenu-Hdpxjbg6.js               [39m[1m[2m  1.73 kB[22m[1m[22m[2m Ôöé gzip:   0.74 kB[22m
[2m../dist/public/[22m[36massets/designSystem-BjMWY9N5.js                 [39m[1m[2m  1.76 kB[22m[1m[22m[2m Ôöé gzip:   0.66 kB[22m
[2m../dist/public/[22m[36massets/OrgBreadcrumb-BnE2w-Js.js                [39m[1m[2m  1.76 kB[22m[1m[22m[2m Ôöé gzip:   0.74 kB[22m
[2m../dist/public/[22m[36massets/SmsQueue-MgnVaL0w.js                     [39m[1m[2m  1.78 kB[22m[1m[22m[2m Ôöé gzip:   0.91 kB[22m
[2m../dist/public/[22m[36massets/ServiceSearchFilter-DV5ffdP9.js          [39m[1m[2m  1.90 kB[22m[1m[22m[2m Ôöé gzip:   0.77 kB[22m
[2m../dist/public/[22m[36massets/NotFound-B2S8FOND.js                     [39m[1m[2m  1.92 kB[22m[1m[22m[2m Ôöé gzip:   0.91 kB[22m
[2m../dist/public/[22m[36massets/SummaryStatCards-UuQtiMnE.js             [39m[1m[2m  1.92 kB[22m[1m[22m[2m Ôöé gzip:   0.84 kB[22m
[2m../dist/public/[22m[36massets/ModuleAnalyticsStrip-BrPDo0HO.js         [39m[1m[2m  1.98 kB[22m[1m[22m[2m Ôöé gzip:   0.90 kB[22m
[2m../dist/public/[22m[36massets/CustomFields-Sz9vIkBN.js                 [39m[1m[2m  2.00 kB[22m[1m[22m[2m Ôöé gzip:   0.93 kB[22m
[2m../dist/public/[22m[36massets/VerifyEmail-B26TK9AD.js                  [39m[1m[2m  2.00 kB[22m[1m[22m[2m Ôöé gzip:   1.09 kB[22m
[2m../dist/public/[22m[36massets/alert-dialog-BBeM5p0Q.js                 [39m[1m[2m  2.04 kB[22m[1m[22m[2m Ôöé gzip:   0.74 kB[22m
[2m../dist/public/[22m[36massets/table-CmX0e2No.js                        [39m[1m[2m  2.06 kB[22m[1m[22m[2m Ôöé gzip:   0.77 kB[22m
[2m../dist/public/[22m[36massets/LocationSelects-CHhUJbNS.js              [39m[1m[2m  2.07 kB[22m[1m[22m[2m Ôöé gzip:   0.58 kB[22m
[2m../dist/public/[22m[36massets/CreateImprest-DFE3qsMX.js                [39m[1m[2m  2.13 kB[22m[1m[22m[2m Ôöé gzip:   1.03 kB[22m
[2m../dist/public/[22m[36massets/useOrgAccess-bCijGqsj.js                 [39m[1m[2m  2.18 kB[22m[1m[22m[2m Ôöé gzip:   1.09 kB[22m
[2m../dist/public/[22m[36massets/PageHeader-B6SZ_uON.js                   [39m[1m[2m  2.21 kB[22m[1m[22m[2m Ôöé gzip:   0.94 kB[22m
[2m../dist/public/[22m[36massets/data-table-controls-wFDsdQiz.js          [39m[1m[2m  2.30 kB[22m[1m[22m[2m Ôöé gzip:   0.97 kB[22m
[2m../dist/public/[22m[36massets/OrgModulePage-Cr6XcFaJ.js                [39m[1m[2m  2.36 kB[22m[1m[22m[2m Ôöé gzip:   1.02 kB[22m
[2m../dist/public/[22m[36massets/UnifiedModuleLayout-DXDelIlU.js          [39m[1m[2m  2.42 kB[22m[1m[22m[2m Ôöé gzip:   1.05 kB[22m
[2m../dist/public/[22m[36massets/EmployeeAccountSection-CqJCFUbd.js       [39m[1m[2m  2.55 kB[22m[1m[22m[2m Ôöé gzip:   0.95 kB[22m
[2m../dist/public/[22m[36massets/BiTools-DyWLCp4g.js                      [39m[1m[2m  2.68 kB[22m[1m[22m[2m Ôöé gzip:   1.18 kB[22m
[2m../dist/public/[22m[36massets/CreateClient-CYkl-v6P.js                 [39m[1m[2m  2.70 kB[22m[1m[22m[2m Ôöé gzip:   1.37 kB[22m
[2m../dist/public/[22m[36massets/OrgCreateClient-k7cDOVYY.js              [39m[1m[2m  2.70 kB[22m[1m[22m[2m Ôöé gzip:   1.37 kB[22m
[2m../dist/public/[22m[36massets/OrgSuperAdminDashboard-DOWIp86W.js       [39m[1m[2m  2.76 kB[22m[1m[22m[2m Ôöé gzip:   1.21 kB[22m
[2m../dist/public/[22m[36massets/CreateBudget-FFVr5bm9.js                 [39m[1m[2m  2.80 kB[22m[1m[22m[2m Ôöé gzip:   1.32 kB[22m
[2m../dist/public/[22m[36massets/ICTSystemSettings-B9UuhCR5.js            [39m[1m[2m  2.81 kB[22m[1m[22m[2m Ôöé gzip:   1.18 kB[22m
[2m../dist/public/[22m[36massets/CreateReceipt-Biw8OJZ7.js                [39m[1m[2m  2.83 kB[22m[1m[22m[2m Ôöé gzip:   1.18 kB[22m
[2m../dist/public/[22m[36massets/CreateProduct-ULukltNF.js                [39m[1m[2m  2.84 kB[22m[1m[22m[2m Ôöé gzip:   1.28 kB[22m
[2m../dist/public/[22m[36massets/OrgCreateProduct-BPCLfpOo.js             [39m[1m[2m  2.84 kB[22m[1m[22m[2m Ôöé gzip:   1.28 kB[22m
[2m../dist/public/[22m[36massets/DashboardBuilderPro-Dynk6VoR.js          [39m[1m[2m  2.86 kB[22m[1m[22m[2m Ôöé gzip:   1.18 kB[22m
[2m../dist/public/[22m[36massets/EnhancedBulkActions-BgUgiD6i.js          [39m[1m[2m  2.89 kB[22m[1m[22m[2m Ôöé gzip:   1.21 kB[22m
[2m../dist/public/[22m[36massets/MyPayslips-BiKlCJNX.js                   [39m[1m[2m  2.95 kB[22m[1m[22m[2m Ôöé gzip:   1.24 kB[22m
[2m../dist/public/[22m[36massets/actions-BN3EpCzr.js                      [39m[1m[2m  3.01 kB[22m[1m[22m[2m Ôöé gzip:   1.34 kB[22m
[2m../dist/public/[22m[36massets/FinancialReports-nR6odFZm.js             [39m[1m[2m  3.03 kB[22m[1m[22m[2m Ôöé gzip:   1.23 kB[22m
[2m../dist/public/[22m[36massets/Search-xvTYvVkd.js                       [39m[1m[2m  3.20 kB[22m[1m[22m[2m Ôöé gzip:   1.47 kB[22m
[2m../dist/public/[22m[36massets/CreditNotes-XRHq0C9n.js                  [39m[1m[2m  3.20 kB[22m[1m[22m[2m Ôöé gzip:   1.32 kB[22m
[2m../dist/public/[22m[36massets/OrgCreditNotes-CwaNIzPG.js               [39m[1m[2m  3.20 kB[22m[1m[22m[2m Ôöé gzip:   1.32 kB[22m
[2m../dist/public/[22m[36massets/privateChatUtils-Bv4qHQl7.js             [39m[1m[2m  3.20 kB[22m[1m[22m[2m Ôöé gzip:   1.23 kB[22m
[2m../dist/public/[22m[36massets/SalesManagerDashboard-D9QZJhd9.js        [39m[1m[2m  3.24 kB[22m[1m[22m[2m Ôöé gzip:   1.16 kB[22m
[2m../dist/public/[22m[36massets/ICTAnalytics-D2Naua6E.js                 [39m[1m[2m  3.26 kB[22m[1m[22m[2m Ôöé gzip:   1.22 kB[22m
[2m../dist/public/[22m[36massets/ReportsDetails--rxIiPQg.js               [39m[1m[2m  3.27 kB[22m[1m[22m[2m Ôöé gzip:   1.22 kB[22m
[2m../dist/public/[22m[36massets/ProcurementManagerDashboard-DNdfOHzt.js  [39m[1m[2m  3.27 kB[22m[1m[22m[2m Ôöé gzip:   1.15 kB[22m
[2m../dist/public/[22m[36massets/FunnelAnalysis-3aMre8Bt.js               [39m[1m[2m  3.33 kB[22m[1m[22m[2m Ôöé gzip:   1.27 kB[22m
[2m../dist/public/[22m[36massets/TableColumnSettings-BEnXmy_N.js          [39m[1m[2m  3.35 kB[22m[1m[22m[2m Ôöé gzip:   1.44 kB[22m
[2m../dist/public/[22m[36massets/OrgCreateLPO-DPjfxrFn.js                 [39m[1m[2m  3.36 kB[22m[1m[22m[2m Ôöé gzip:   1.44 kB[22m
[2m../dist/public/[22m[36massets/CreateDepartment-i680CVTj.js             [39m[1m[2m  3.38 kB[22m[1m[22m[2m Ôöé gzip:   1.40 kB[22m
[2m../dist/public/[22m[36massets/OrgCreateDepartment-BhsbDsqe.js          [39m[1m[2m  3.38 kB[22m[1m[22m[2m Ôöé gzip:   1.40 kB[22m
[2m../dist/public/[22m[36massets/CohortAnalysis-T4BXrXtA.js               [39m[1m[2m  3.43 kB[22m[1m[22m[2m Ôöé gzip:   1.23 kB[22m
[2m../dist/public/[22m[36massets/EditBudget-BSVE3lb2.js                   [39m[1m[2m  3.43 kB[22m[1m[22m[2m Ôöé gzip:   1.52 kB[22m
[2m../dist/public/[22m[36massets/OrgEditBudget-CXbx52l0.js                [39m[1m[2m  3.43 kB[22m[1m[22m[2m Ôöé gzip:   1.52 kB[22m
[2m../dist/public/[22m[36massets/OrgCreateReceipt-D-uak66p.js             [39m[1m[2m  3.47 kB[22m[1m[22m[2m Ôöé gzip:   1.41 kB[22m
[2m../dist/public/[22m[36massets/OrgPurchaseOrderDetail-D7a5iaXW.js       [39m[1m[2m  3.49 kB[22m[1m[22m[2m Ôöé gzip:   1.25 kB[22m
[2m../dist/public/[22m[36massets/CreatePurchaseOrder-Bx-T2r-r.js          [39m[1m[2m  3.49 kB[22m[1m[22m[2m Ôöé gzip:   1.26 kB[22m
[2m../dist/public/[22m[36massets/OrgCreatePurchaseOrder-Bz3Q-G9v.js       [39m[1m[2m  3.49 kB[22m[1m[22m[2m Ôöé gzip:   1.26 kB[22m
[2m../dist/public/[22m[36massets/CreateSupplier-Da60eSCt.js               [39m[1m[2m  3.56 kB[22m[1m[22m[2m Ôöé gzip:   1.62 kB[22m
[2m../dist/public/[22m[36massets/OrgCreateSupplier-Bg83kl4Z.js            [39m[1m[2m  3.56 kB[22m[1m[22m[2m Ôöé gzip:   1.62 kB[22m
[2m../dist/public/[22m[36massets/ListPageToolbar-DTFGngWh.js              [39m[1m[2m  3.56 kB[22m[1m[22m[2m Ôöé gzip:   1.01 kB[22m
[2m../dist/public/[22m[36massets/CreateWarranty-BWHoQIBE.js               [39m[1m[2m  3.57 kB[22m[1m[22m[2m Ôöé gzip:   1.36 kB[22m
[2m../dist/public/[22m[36massets/EditDepartment-CLF4zVOj.js               [39m[1m[2m  3.60 kB[22m[1m[22m[2m Ôöé gzip:   1.40 kB[22m
[2m../dist/public/[22m[36massets/OrgEditDepartment-BmmIelCh.js            [39m[1m[2m  3.60 kB[22m[1m[22m[2m Ôöé gzip:   1.40 kB[22m
[2m../dist/public/[22m[36massets/WarrantyDetails-Bt8VHmNI.js              [39m[1m[2m  3.60 kB[22m[1m[22m[2m Ôöé gzip:   1.21 kB[22m
[2m../dist/public/[22m[36massets/EmailQueue-BpygWOy9.js                   [39m[1m[2m  3.63 kB[22m[1m[22m[2m Ôöé gzip:   1.59 kB[22m
[2m../dist/public/[22m[36massets/CreateEstimate-BKMm7Ee_.js               [39m[1m[2m  3.67 kB[22m[1m[22m[2m Ôöé gzip:   1.58 kB[22m
[2m../dist/public/[22m[36massets/DepartmentForm-DAOIpo6r.js               [39m[1m[2m  3.67 kB[22m[1m[22m[2m Ôöé gzip:   1.41 kB[22m
[2m../dist/public/[22m[36massets/OrgContactDetail-BBih6tON.js             [39m[1m[2m  3.68 kB[22m[1m[22m[2m Ôöé gzip:   1.24 kB[22m
[2m../dist/public/[22m[36massets/CreateTicket-CgSjERNT.js                 [39m[1m[2m  3.70 kB[22m[1m[22m[2m Ôöé gzip:   1.47 kB[22m
[2m../dist/public/[22m[36massets/OrgCreateTicket-D4pM9KAK.js              [39m[1m[2m  3.70 kB[22m[1m[22m[2m Ôöé gzip:   1.47 kB[22m
[2m../dist/public/[22m[36massets/ChartOfAccountsDetails-DcRhJKHN.js       [39m[1m[2m  3.72 kB[22m[1m[22m[2m Ôöé gzip:   1.29 kB[22m
[2m../dist/public/[22m[36massets/ProductDetails-C_Bckgug.js               [39m[1m[2m  3.76 kB[22m[1m[22m[2m Ôöé gzip:   1.39 kB[22m
[2m../dist/public/[22m[36massets/ProposalDetails-DlfAU_Yf.js              [39m[1m[2m  3.78 kB[22m[1m[22m[2m Ôöé gzip:   1.30 kB[22m
[2m../dist/public/[22m[36massets/OrgServiceDetail-rMYxlAOW.js             [39m[1m[2m  3.80 kB[22m[1m[22m[2m Ôöé gzip:   1.25 kB[22m
[2m../dist/public/[22m[36massets/ConversionAnalytics-Duu0Qswz.js          [39m[1m[2m  3.82 kB[22m[1m[22m[2m Ôöé gzip:   1.56 kB[22m
[2m../dist/public/[22m[36massets/OrgEditApproval-BR2HQgas.js              [39m[1m[2m  3.83 kB[22m[1m[22m[2m Ôöé gzip:   1.41 kB[22m
[2m../dist/public/[22m[36massets/CreateLeaveRequest-Bu9n98-5.js           [39m[1m[2m  3.87 kB[22m[1m[22m[2m Ôöé gzip:   1.45 kB[22m
[2m../dist/public/[22m[36massets/TenantAdmins-B2G4sIyT.js                 [39m[1m[2m  3.87 kB[22m[1m[22m[2m Ôöé gzip:   1.37 kB[22m
[2m../dist/public/[22m[36massets/Home-LkpJrNFX.js                         [39m[1m[2m  3.88 kB[22m[1m[22m[2m Ôöé gzip:   1.47 kB[22m
[2m../dist/public/[22m[36massets/OrgReceiptDetail-BJ8D_3TP.js             [39m[1m[2m  3.91 kB[22m[1m[22m[2m Ôöé gzip:   1.40 kB[22m
[2m../dist/public/[22m[36massets/InvoiceSearchFilter-C7MpBcHW.js          [39m[1m[2m  3.93 kB[22m[1m[22m[2m Ôöé gzip:   1.29 kB[22m
[2m../dist/public/[22m[36massets/OrgPaymentDetail-DEycWA9i.js             [39m[1m[2m  3.95 kB[22m[1m[22m[2m Ôöé gzip:   1.41 kB[22m
[2m../dist/public/[22m[36massets/OrgQuotationDetail-CZZcXBH3.js           [39m[1m[2m  3.95 kB[22m[1m[22m[2m Ôöé gzip:   1.40 kB[22m
[2m../dist/public/[22m[36massets/CreateAttendance-xt6ca7bs.js             [39m[1m[2m  3.96 kB[22m[1m[22m[2m Ôöé gzip:   1.46 kB[22m
[2m../dist/public/[22m[36massets/OrgCreateAttendance-CJLzf8yQ.js          [39m[1m[2m  3.96 kB[22m[1m[22m[2m Ôöé gzip:   1.46 kB[22m
[2m../dist/public/[22m[36massets/OrgProductDetail-CjVH926R.js             [39m[1m[2m  3.97 kB[22m[1m[22m[2m Ôöé gzip:   1.29 kB[22m
[2m../dist/public/[22m[36massets/HRDetails-DtNKtm2D.js                    [39m[1m[2m  3.97 kB[22m[1m[22m[2m Ôöé gzip:   1.43 kB[22m
[2m../dist/public/[22m[36massets/TenantUsers-CIf7Wyvb.js                  [39m[1m[2m  3.99 kB[22m[1m[22m[2m Ôöé gzip:   1.47 kB[22m
[2m../dist/public/[22m[36massets/OrgLPODetail-CHODbOKE.js                 [39m[1m[2m  4.00 kB[22m[1m[22m[2m Ôöé gzip:   1.55 kB[22m
[2m../dist/public/[22m[36massets/ProjectAnalytics-CYdRLcWV.js             [39m[1m[2m  4.00 kB[22m[1m[22m[2m Ôöé gzip:   1.48 kB[22m
[2m../dist/public/[22m[36massets/OrgLeadDetail-D6z1lAnC.js                [39m[1m[2m  4.01 kB[22m[1m[22m[2m Ôöé gzip:   1.43 kB[22m
[2m../dist/public/[22m[36massets/OrgEstimateDetail-QxrOEml_.js            [39m[1m[2m  4.02 kB[22m[1m[22m[2m Ôöé gzip:   1.44 kB[22m
[2m../dist/public/[22m[36massets/Sales-9xzGCbAV.js                        [39m[1m[2m  4.03 kB[22m[1m[22m[2m Ôöé gzip:   1.50 kB[22m
[2m../dist/public/[22m[36massets/OrgApprovalDetail-Bx4IzKoE.js            [39m[1m[2m  4.04 kB[22m[1m[22m[2m Ôöé gzip:   1.41 kB[22m
[2m../dist/public/[22m[36massets/AIAssistantModal-B7_gxbrI.js             [39m[1m[2m  4.14 kB[22m[1m[22m[2m Ôöé gzip:   1.72 kB[22m
[2m../dist/public/[22m[36massets/OrgAttendanceDetail-BLIB4Td5.js          [39m[1m[2m  4.14 kB[22m[1m[22m[2m Ôöé gzip:   1.43 kB[22m
[2m../dist/public/[22m[36massets/EditAllowance-C7nIwg43.js                [39m[1m[2m  4.17 kB[22m[1m[22m[2m Ôöé gzip:   1.69 kB[22m
[2m../dist/public/[22m[36massets/SalesReports-DAsa-xvT.js                 [39m[1m[2m  4.21 kB[22m[1m[22m[2m Ôöé gzip:   1.40 kB[22m
[2m../dist/public/[22m[36massets/OrgEditLead-CPyD7ip5.js                  [39m[1m[2m  4.21 kB[22m[1m[22m[2m Ôöé gzip:   1.48 kB[22m
[2m../dist/public/[22m[36massets/OrgProcurementDetail-ChbbZ1pA.js         [39m[1m[2m  4.22 kB[22m[1m[22m[2m Ôöé gzip:   1.45 kB[22m
[2m../dist/public/[22m[36massets/BudgetDetails-C873UibY.js                [39m[1m[2m  4.22 kB[22m[1m[22m[2m Ôöé gzip:   1.39 kB[22m
[2m../dist/public/[22m[36massets/EditSalaryStructure-Bixjqlgy.js          [39m[1m[2m  4.23 kB[22m[1m[22m[2m Ôöé gzip:   1.60 kB[22m
[2m../dist/public/[22m[36massets/OrgEditSalaryStructure-D8Z54uSe.js       [39m[1m[2m  4.23 kB[22m[1m[22m[2m Ôöé gzip:   1.60 kB[22m
[2m../dist/public/[22m[36massets/OrgEditPurchaseOrder-DEgM2fmB.js         [39m[1m[2m  4.23 kB[22m[1m[22m[2m Ôöé gzip:   1.58 kB[22m
[2m../dist/public/[22m[36massets/RevenueForecasting-CSx8khIP.js           [39m[1m[2m  4.24 kB[22m[1m[22m[2m Ôöé gzip:   1.70 kB[22m
[2m../dist/public/[22m[36massets/CreateAllowance-DncPBecT.js              [39m[1m[2m  4.24 kB[22m[1m[22m[2m Ôöé gzip:   1.64 kB[22m
[2m../dist/public/[22m[36massets/EditTicket-BFG6VJSN.js                   [39m[1m[2m  4.33 kB[22m[1m[22m[2m Ôöé gzip:   1.62 kB[22m
[2m../dist/public/[22m[36massets/OrgEditTicket-tIjX51Fj.js                [39m[1m[2m  4.33 kB[22m[1m[22m[2m Ôöé gzip:   1.62 kB[22m
[2m../dist/public/[22m[36massets/AssetDetails-B9Xn7ErZ.js                 [39m[1m[2m  4.34 kB[22m[1m[22m[2m Ôöé gzip:   1.28 kB[22m
[2m../dist/public/[22m[36massets/OrgProposalDetail-Do4COt_J.js            [39m[1m[2m  4.34 kB[22m[1m[22m[2m Ôöé gzip:   1.46 kB[22m
[2m../dist/public/[22m[36massets/EditDeduction-B9QZsVmU.js                [39m[1m[2m  4.42 kB[22m[1m[22m[2m Ôöé gzip:   1.77 kB[22m
[2m../dist/public/[22m[36massets/Services-2hiDDa0y.js                     [39m[1m[2m  4.47 kB[22m[1m[22m[2m Ôöé gzip:   1.76 kB[22m
[2m../dist/public/[22m[36massets/OrgEditProcurement-DhbLyAFq.js           [39m[1m[2m  4.47 kB[22m[1m[22m[2m Ôöé gzip:   1.57 kB[22m
[2m../dist/public/[22m[36massets/OrgDebitNoteDetail-D4fN-JjM.js           [39m[1m[2m  4.48 kB[22m[1m[22m[2m Ôöé gzip:   1.53 kB[22m
[2m../dist/public/[22m[36massets/AdvancedAnalytics-CBkiC-vH.js            [39m[1m[2m  4.51 kB[22m[1m[22m[2m Ôöé gzip:   1.38 kB[22m
[2m../dist/public/[22m[36massets/EditReceipt-Dn_Ry8CK.js                  [39m[1m[2m  4.59 kB[22m[1m[22m[2m Ôöé gzip:   1.68 kB[22m
[2m../dist/public/[22m[36massets/OrgEditReceipt-BldCSLDt.js               [39m[1m[2m  4.59 kB[22m[1m[22m[2m Ôöé gzip:   1.68 kB[22m
[2m../dist/public/[22m[36massets/EditBenefit-B-9d04T0.js                  [39m[1m[2m  4.59 kB[22m[1m[22m[2m Ôöé gzip:   1.79 kB[22m
[2m../dist/public/[22m[36massets/Blog-DPeqXWhO.js                         [39m[1m[2m  4.60 kB[22m[1m[22m[2m Ôöé gzip:   1.63 kB[22m
[2m../dist/public/[22m[36massets/ContractDetails-SGFv82yi.js              [39m[1m[2m  4.60 kB[22m[1m[22m[2m Ôöé gzip:   1.37 kB[22m
[2m../dist/public/[22m[36massets/WarrantyManagement-DCBCk_QN.js           [39m[1m[2m  4.74 kB[22m[1m[22m[2m Ôöé gzip:   1.84 kB[22m
[2m../dist/public/[22m[36massets/ESignatures-DxouU7DB.js                  [39m[1m[2m  4.74 kB[22m[1m[22m[2m Ôöé gzip:   1.82 kB[22m
[2m../dist/public/[22m[36massets/SalaryStructureDetails-DSzKoUIq.js       [39m[1m[2m  4.76 kB[22m[1m[22m[2m Ôöé gzip:   1.62 kB[22m
[2m../dist/public/[22m[36massets/OrgSalaryStructureDetails-CIs1uEXS.js    [39m[1m[2m  4.76 kB[22m[1m[22m[2m Ôöé gzip:   1.62 kB[22m
[2m../dist/public/[22m[36massets/OrgAI-xdmmpglw.js                        [39m[1m[2m  4.77 kB[22m[1m[22m[2m Ôöé gzip:   1.90 kB[22m
[2m../dist/public/[22m[36massets/CreateLPO-f8x0uLhX.js                    [39m[1m[2m  4.80 kB[22m[1m[22m[2m Ôöé gzip:   1.93 kB[22m
[2m../dist/public/[22m[36massets/EditWarranty-KaToOX19.js                 [39m[1m[2m  4.83 kB[22m[1m[22m[2m Ôöé gzip:   1.71 kB[22m
[2m../dist/public/[22m[36massets/TimesheetDetails-CfGJ6d-h.js             [39m[1m[2m  4.83 kB[22m[1m[22m[2m Ôöé gzip:   1.42 kB[22m
[2m../dist/public/[22m[36massets/OrgOrderDetail-BBvxnAEz.js               [39m[1m[2m  4.86 kB[22m[1m[22m[2m Ôöé gzip:   1.62 kB[22m
[2m../dist/public/[22m[36massets/CreateDebitNote-cXrscrcM.js              [39m[1m[2m  4.86 kB[22m[1m[22m[2m Ôöé gzip:   1.91 kB[22m
[2m../dist/public/[22m[36massets/OrgCreateDebitNote-QUHDGajG.js           [39m[1m[2m  4.86 kB[22m[1m[22m[2m Ôöé gzip:   1.91 kB[22m
[2m../dist/public/[22m[36massets/EditAttendance-B_Sl4-e5.js               [39m[1m[2m  4.87 kB[22m[1m[22m[2m Ôöé gzip:   1.66 kB[22m
[2m../dist/public/[22m[36massets/OrgEditAttendance-POspjjai.js            [39m[1m[2m  4.87 kB[22m[1m[22m[2m Ôöé gzip:   1.66 kB[22m
[2m../dist/public/[22m[36massets/BankReconciliationDetails-Cb9LB0L0.js    [39m[1m[2m  4.91 kB[22m[1m[22m[2m Ôöé gzip:   1.51 kB[22m
[2m../dist/public/[22m[36massets/OrgSubscriptions-BgTf3SiS.js             [39m[1m[2m  4.94 kB[22m[1m[22m[2m Ôöé gzip:   1.81 kB[22m
[2m../dist/public/[22m[36massets/CustomerReports-C7ryELFs.js              [39m[1m[2m  4.96 kB[22m[1m[22m[2m Ôöé gzip:   2.01 kB[22m
[2m../dist/public/[22m[36massets/OrgSupplierDetail-PhtqpVQS.js            [39m[1m[2m  4.96 kB[22m[1m[22m[2m Ôöé gzip:   1.58 kB[22m
[2m../dist/public/[22m[36massets/EditClient-D-KlP00L.js                   [39m[1m[2m  4.99 kB[22m[1m[22m[2m Ôöé gzip:   1.95 kB[22m
[2m../dist/public/[22m[36massets/ImprestDetails-BeHVBBit.js               [39m[1m[2m  5.00 kB[22m[1m[22m[2m Ôöé gzip:   1.56 kB[22m
[2m../dist/public/[22m[36massets/CreateWorkOrder-3KQaDQZw.js              [39m[1m[2m  5.01 kB[22m[1m[22m[2m Ôöé gzip:   1.71 kB[22m
[2m../dist/public/[22m[36massets/OrgCreateWorkOrder-CWlact9e.js           [39m[1m[2m  5.01 kB[22m[1m[22m[2m Ôöé gzip:   1.71 kB[22m
[2m../dist/public/[22m[36massets/ChangePassword-DUeAvrzd.js               [39m[1m[2m  5.02 kB[22m[1m[22m[2m Ôöé gzip:   1.79 kB[22m
[2m../dist/public/[22m[36massets/OrgEditQuotation-92QGbFvy.js             [39m[1m[2m  5.04 kB[22m[1m[22m[2m Ôöé gzip:   1.83 kB[22m
[2m../dist/public/[22m[36massets/EditEstimate-DGGm7c_B.js                 [39m[1m[2m  5.06 kB[22m[1m[22m[2m Ôöé gzip:   1.75 kB[22m
[2m../dist/public/[22m[36massets/OrgEditEstimate-B-cD9-0m.js              [39m[1m[2m  5.06 kB[22m[1m[22m[2m Ôöé gzip:   1.75 kB[22m
[2m../dist/public/[22m[36massets/ChurnPrediction-B3OSeStS.js              [39m[1m[2m  5.07 kB[22m[1m[22m[2m Ôöé gzip:   1.58 kB[22m
[2m../dist/public/[22m[36massets/BankReconciliation-CDaGaxnv.js           [39m[1m[2m  5.09 kB[22m[1m[22m[2m Ôöé gzip:   2.01 kB[22m
[2m../dist/public/[22m[36massets/SystemHealthDashboard-B8-Wjlqk.js        [39m[1m[2m  5.09 kB[22m[1m[22m[2m Ôöé gzip:   1.72 kB[22m
[2m../dist/public/[22m[36massets/OrgBankReconciliation-monL7DQv.js        [39m[1m[2m  5.09 kB[22m[1m[22m[2m Ôöé gzip:   2.01 kB[22m
[2m../dist/public/[22m[36massets/Activity-u7PUl7yc.js                     [39m[1m[2m  5.09 kB[22m[1m[22m[2m Ôöé gzip:   2.15 kB[22m
[2m../dist/public/[22m[36massets/OrgActivity-DFyj1Rfu.js                  [39m[1m[2m  5.09 kB[22m[1m[22m[2m Ôöé gzip:   2.15 kB[22m
[2m../dist/public/[22m[36massets/OrgProcurement-DPK8aCM8.js               [39m[1m[2m  5.09 kB[22m[1m[22m[2m Ôöé gzip:   1.83 kB[22m
[2m../dist/public/[22m[36massets/EditProduct-qgs5a3AG.js                  [39m[1m[2m  5.12 kB[22m[1m[22m[2m Ôöé gzip:   1.90 kB[22m
[2m../dist/public/[22m[36massets/OrgEditProduct-zSTLRrZq.js               [39m[1m[2m  5.12 kB[22m[1m[22m[2m Ôöé gzip:   1.90 kB[22m
[2m../dist/public/[22m[36massets/OrgCreditNoteDetail-BZbwKJmt.js          [39m[1m[2m  5.14 kB[22m[1m[22m[2m Ôöé gzip:   1.61 kB[22m
[2m../dist/public/[22m[36massets/EditLPO-BOhni3Jk.js                      [39m[1m[2m  5.15 kB[22m[1m[22m[2m Ôöé gzip:   1.91 kB[22m
[2m../dist/public/[22m[36massets/OrgEditLPO-CTVh-nTf.js                   [39m[1m[2m  5.15 kB[22m[1m[22m[2m Ôöé gzip:   1.91 kB[22m
[2m../dist/public/[22m[36massets/EditInvoice-DBIjXFnC.js                  [39m[1m[2m  5.20 kB[22m[1m[22m[2m Ôöé gzip:   1.80 kB[22m
[2m../dist/public/[22m[36massets/OrgEditInvoice-DVprg2fP.js               [39m[1m[2m  5.20 kB[22m[1m[22m[2m Ôöé gzip:   1.80 kB[22m
[2m../dist/public/[22m[36massets/ContactDetails-C5JxFaPp.js               [39m[1m[2m  5.20 kB[22m[1m[22m[2m Ôöé gzip:   1.40 kB[22m
[2m../dist/public/[22m[36massets/OrgCreateQuotation-aN-2vlg9.js           [39m[1m[2m  5.20 kB[22m[1m[22m[2m Ôöé gzip:   1.79 kB[22m
[2m../dist/public/[22m[36massets/QuotationDetails-CqotpptO.js             [39m[1m[2m  5.23 kB[22m[1m[22m[2m Ôöé gzip:   1.81 kB[22m
[2m../dist/public/[22m[36massets/SessionManager-DLbppx-5.js               [39m[1m[2m  5.26 kB[22m[1m[22m[2m Ôöé gzip:   1.96 kB[22m
[2m../dist/public/[22m[36massets/ProductForm-BKq_FEJH.js                  [39m[1m[2m  5.30 kB[22m[1m[22m[2m Ôöé gzip:   1.59 kB[22m
[2m../dist/public/[22m[36massets/ServiceTemplates-Dqc7xSfY.js             [39m[1m[2m  5.31 kB[22m[1m[22m[2m Ôöé gzip:   2.17 kB[22m
[2m../dist/public/[22m[36massets/OrgServiceTemplates-DpMYgnPF.js          [39m[1m[2m  5.31 kB[22m[1m[22m[2m Ôöé gzip:   2.17 kB[22m
[2m../dist/public/[22m[36massets/FinanceSettings-DUPgxTjh.js              [39m[1m[2m  5.32 kB[22m[1m[22m[2m Ôöé gzip:   1.78 kB[22m
[2m../dist/public/[22m[36massets/Departments-CViJKpMb.js                  [39m[1m[2m  5.34 kB[22m[1m[22m[2m Ôöé gzip:   2.03 kB[22m
[2m../dist/public/[22m[36massets/TestPDFGeneration-Cx-Qxzhx.js            [39m[1m[2m  5.37 kB[22m[1m[22m[2m Ôöé gzip:   1.89 kB[22m
[2m../dist/public/[22m[36massets/Dashboard-BzyGulaq.js                    [39m[1m[2m  5.39 kB[22m[1m[22m[2m Ôöé gzip:   1.48 kB[22m
[2m../dist/public/[22m[36massets/OrgServices-Q8ICQkxT.js                  [39m[1m[2m  5.40 kB[22m[1m[22m[2m Ôöé gzip:   1.89 kB[22m
[2m../dist/public/[22m[36massets/PaymentDetails-y0-_3mJ7.js               [39m[1m[2m  5.40 kB[22m[1m[22m[2m Ôöé gzip:   1.92 kB[22m
[2m../dist/public/[22m[36massets/GRNDetails-ohF88Pld.js                   [39m[1m[2m  5.43 kB[22m[1m[22m[2m Ôöé gzip:   1.80 kB[22m
[2m../dist/public/[22m[36massets/TaxComplianceReports-C-ceR9sT.js         [39m[1m[2m  5.45 kB[22m[1m[22m[2m Ôöé gzip:   1.50 kB[22m
[2m../dist/public/[22m[36massets/CreateDeduction-21AvNxY1.js              [39m[1m[2m  5.45 kB[22m[1m[22m[2m Ôöé gzip:   2.02 kB[22m
[2m../dist/public/[22m[36massets/PayslipDetails-ZkDuMvV2.js               [39m[1m[2m  5.49 kB[22m[1m[22m[2m Ôöé gzip:   2.07 kB[22m
[2m../dist/public/[22m[36massets/OrderDetails-DkH-ByWF.js                 [39m[1m[2m  5.53 kB[22m[1m[22m[2m Ôöé gzip:   1.63 kB[22m
[2m../dist/public/[22m[36massets/OrgWarranty--_-nSqTG.js                  [39m[1m[2m  5.54 kB[22m[1m[22m[2m Ôöé gzip:   2.10 kB[22m
[2m../dist/public/[22m[36massets/OrgDebitNotes-DPp-JjIF.js                [39m[1m[2m  5.57 kB[22m[1m[22m[2m Ôöé gzip:   2.34 kB[22m
[2m../dist/public/[22m[36massets/OrgCreateProposal-Dw9K3ofk.js            [39m[1m[2m  5.57 kB[22m[1m[22m[2m Ôöé gzip:   1.93 kB[22m
[2m../dist/public/[22m[36massets/DeliveryNoteDetails-rT9gHjxs.js          [39m[1m[2m  5.58 kB[22m[1m[22m[2m Ôöé gzip:   1.77 kB[22m
[2m../dist/public/[22m[36massets/EditSupplier-Bn_sQ0s3.js                 [39m[1m[2m  5.60 kB[22m[1m[22m[2m Ôöé gzip:   2.18 kB[22m
[2m../dist/public/[22m[36massets/OrgEditSupplier-CAjkv9RJ.js              [39m[1m[2m  5.60 kB[22m[1m[22m[2m Ôöé gzip:   2.18 kB[22m
[2m../dist/public/[22m[36massets/ProcurementMaster-CHCVtsyM.js            [39m[1m[2m  5.61 kB[22m[1m[22m[2m Ôöé gzip:   1.73 kB[22m
[2m../dist/public/[22m[36massets/Attendance-D0JNO3hq.js                   [39m[1m[2m  5.63 kB[22m[1m[22m[2m Ôöé gzip:   2.00 kB[22m
[2m../dist/public/[22m[36massets/OrgAttendance-aXUcoTr4.js                [39m[1m[2m  5.63 kB[22m[1m[22m[2m Ôöé gzip:   2.00 kB[22m
[2m../dist/public/[22m[36massets/ForgotPassword-CEr6u1j-.js               [39m[1m[2m  5.67 kB[22m[1m[22m[2m Ôöé gzip:   1.77 kB[22m
[2m../dist/public/[22m[36massets/EditWorkOrder-DB6-rHF7.js                [39m[1m[2m  5.70 kB[22m[1m[22m[2m Ôöé gzip:   1.86 kB[22m
[2m../dist/public/[22m[36massets/OrgEditWorkOrder-D-MYKVWU.js             [39m[1m[2m  5.70 kB[22m[1m[22m[2m Ôöé gzip:   1.86 kB[22m
[2m../dist/public/[22m[36massets/OrgTaxCompliance-8_B3NYSI.js             [39m[1m[2m  5.71 kB[22m[1m[22m[2m Ôöé gzip:   1.61 kB[22m
[2m../dist/public/[22m[36massets/MFA-BokPzyjW.js                          [39m[1m[2m  5.71 kB[22m[1m[22m[2m Ôöé gzip:   1.72 kB[22m
[2m../dist/public/[22m[36massets/ServiceTemplateDetails-Do-u2Z1F.js       [39m[1m[2m  5.72 kB[22m[1m[22m[2m Ôöé gzip:   1.80 kB[22m
[2m../dist/public/[22m[36massets/CreateContact-DCN4wNrD.js                [39m[1m[2m  5.73 kB[22m[1m[22m[2m Ôöé gzip:   1.88 kB[22m
[2m../dist/public/[22m[36massets/ClientPerformance-DSlXO7pn.js            [39m[1m[2m  5.73 kB[22m[1m[22m[2m Ôöé gzip:   2.06 kB[22m
[2m../dist/public/[22m[36massets/ProjectsManagement-CCzwrGdm.js           [39m[1m[2m  5.76 kB[22m[1m[22m[2m Ôöé gzip:   2.11 kB[22m
[2m../dist/public/[22m[36massets/DebitNoteDetails-BeLcSj51.js             [39m[1m[2m  5.77 kB[22m[1m[22m[2m Ôöé gzip:   1.99 kB[22m
[2m../dist/public/[22m[36massets/DatabaseManagement-D2Oh1Kxw.js           [39m[1m[2m  5.80 kB[22m[1m[22m[2m Ôöé gzip:   1.74 kB[22m
[2m../dist/public/[22m[36massets/OrgCreateSalaryStructure-CRj8Rul-.js     [39m[1m[2m  5.83 kB[22m[1m[22m[2m Ôöé gzip:   1.89 kB[22m
[2m../dist/public/[22m[36massets/Holidays-C-vsrHYx.js                     [39m[1m[2m  5.83 kB[22m[1m[22m[2m Ôöé gzip:   2.16 kB[22m
[2m../dist/public/[22m[36massets/LeaveManagementDetails-BHn126gL.js       [39m[1m[2m  5.84 kB[22m[1m[22m[2m Ôöé gzip:   1.80 kB[22m
[2m../dist/public/[22m[36massets/DebitNotes-DsuvNFC4.js                   [39m[1m[2m  5.85 kB[22m[1m[22m[2m Ôöé gzip:   2.42 kB[22m
[2m../dist/public/[22m[36massets/CreateSalaryStructure-DkXDaZvT.js        [39m[1m[2m  5.89 kB[22m[1m[22m[2m Ôöé gzip:   1.92 kB[22m
[2m../dist/public/[22m[36massets/ProjectReports-RHpKjYVi.js               [39m[1m[2m  5.92 kB[22m[1m[22m[2m Ôöé gzip:   2.26 kB[22m
[2m../dist/public/[22m[36massets/EnterpriseSettings-CCV34u-I.js           [39m[1m[2m  5.99 kB[22m[1m[22m[2m Ôöé gzip:   2.08 kB[22m
[2m../dist/public/[22m[36massets/EditDebitNote-C4QwpYlJ.js                [39m[1m[2m  6.00 kB[22m[1m[22m[2m Ôöé gzip:   2.20 kB[22m
[2m../dist/public/[22m[36massets/OrgEditDebitNote-D1g7nWUm.js             [39m[1m[2m  6.00 kB[22m[1m[22m[2m Ôöé gzip:   2.20 kB[22m
[2m../dist/public/[22m[36massets/OrgCreateInvoice-BKuSKcj8.js             [39m[1m[2m  6.04 kB[22m[1m[22m[2m Ôöé gzip:   2.39 kB[22m
[2m../dist/public/[22m[36massets/EditLeave-dDbH61eE.js                    [39m[1m[2m  6.04 kB[22m[1m[22m[2m Ôöé gzip:   1.89 kB[22m
[2m../dist/public/[22m[36massets/OrgEditLeave-Cfp_oLnD.js                 [39m[1m[2m  6.04 kB[22m[1m[22m[2m Ôöé gzip:   1.89 kB[22m
[2m../dist/public/[22m[36massets/CreateInvoice-BnQ8UJmR.js                [39m[1m[2m  6.05 kB[22m[1m[22m[2m Ôöé gzip:   2.39 kB[22m
[2m../dist/public/[22m[36massets/EditChartOfAccounts-CKqR9c0I.js          [39m[1m[2m  6.06 kB[22m[1m[22m[2m Ôöé gzip:   2.09 kB[22m
[2m../dist/public/[22m[36massets/OrgStaff-DBUvRMND.js                     [39m[1m[2m  6.07 kB[22m[1m[22m[2m Ôöé gzip:   2.32 kB[22m
[2m../dist/public/[22m[36massets/EditBankReconciliation-Duy6StXf.js       [39m[1m[2m  6.09 kB[22m[1m[22m[2m Ôöé gzip:   1.79 kB[22m
[2m../dist/public/[22m[36massets/LeaveBalances-DkF7or2n.js                [39m[1m[2m  6.09 kB[22m[1m[22m[2m Ôöé gzip:   2.06 kB[22m
[2m../dist/public/[22m[36massets/OrgCreateLeave-C4hkwGok.js               [39m[1m[2m  6.09 kB[22m[1m[22m[2m Ôöé gzip:   1.98 kB[22m
[2m../dist/public/[22m[36massets/OrgAccounting-Cd_s39kZ.js                [39m[1m[2m  6.11 kB[22m[1m[22m[2m Ôöé gzip:   2.13 kB[22m
[2m../dist/public/[22m[36massets/Security-D_Kzb52U.js                     [39m[1m[2m  6.18 kB[22m[1m[22m[2m Ôöé gzip:   1.71 kB[22m
[2m../dist/public/[22m[36massets/OrgDepartments-BVE5oBHI.js               [39m[1m[2m  6.19 kB[22m[1m[22m[2m Ôöé gzip:   2.25 kB[22m
[2m../dist/public/[22m[36massets/OpportunityDetails-CjUDTmoR.js           [39m[1m[2m  6.20 kB[22m[1m[22m[2m Ôöé gzip:   1.89 kB[22m
[2m../dist/public/[22m[36massets/OrgCreateProcurement-D933SfS4.js         [39m[1m[2m  6.26 kB[22m[1m[22m[2m Ôöé gzip:   1.93 kB[22m
[2m../dist/public/[22m[36massets/Budgets-Dw3imqIr.js                      [39m[1m[2m  6.28 kB[22m[1m[22m[2m Ôöé gzip:   2.26 kB[22m
[2m../dist/public/[22m[36massets/OrgBudgets-UYT6rmug.js                   [39m[1m[2m  6.28 kB[22m[1m[22m[2m Ôöé gzip:   2.26 kB[22m
[2m../dist/public/[22m[36massets/OrgLeaveDetail-onHzmgrL.js               [39m[1m[2m  6.32 kB[22m[1m[22m[2m Ôöé gzip:   1.83 kB[22m
[2m../dist/public/[22m[36massets/HTMLEditor-ZnV9KXiD.js                   [39m[1m[2m  6.37 kB[22m[1m[22m[2m Ôöé gzip:   2.47 kB[22m
[2m../dist/public/[22m[36massets/Profile-C1LhPkUv.js                      [39m[1m[2m  6.38 kB[22m[1m[22m[2m Ôöé gzip:   2.23 kB[22m
[2m../dist/public/[22m[36massets/ServiceInvoices-BNEGCfm4.js              [39m[1m[2m  6.40 kB[22m[1m[22m[2m Ôöé gzip:   2.59 kB[22m
[2m../dist/public/[22m[36massets/OrgServiceInvoices-DP3CJ8IY.js           [39m[1m[2m  6.40 kB[22m[1m[22m[2m Ôöé gzip:   2.59 kB[22m
[2m../dist/public/[22m[36massets/ProjectManagerDashboard-Bg0Z0y1r.js      [39m[1m[2m  6.46 kB[22m[1m[22m[2m Ôöé gzip:   2.11 kB[22m
[2m../dist/public/[22m[36massets/CreditNoteDetails-BtIJr_LB.js            [39m[1m[2m  6.46 kB[22m[1m[22m[2m Ôöé gzip:   2.08 kB[22m
[2m../dist/public/[22m[36massets/AttendanceDetails-C3e9CY8A.js            [39m[1m[2m  6.50 kB[22m[1m[22m[2m Ôöé gzip:   1.98 kB[22m
[2m../dist/public/[22m[36massets/CreateServiceInvoice-BOuICmpG.js         [39m[1m[2m  6.50 kB[22m[1m[22m[2m Ôöé gzip:   2.23 kB[22m
[2m../dist/public/[22m[36massets/OrgCreateServiceInvoice-BSw8UgnG.js      [39m[1m[2m  6.50 kB[22m[1m[22m[2m Ôöé gzip:   2.23 kB[22m
[2m../dist/public/[22m[36massets/Documentation-DezfLHS_.js                [39m[1m[2m  6.50 kB[22m[1m[22m[2m Ôöé gzip:   2.55 kB[22m
[2m../dist/public/[22m[36massets/ExpenseBudgetReport-R1qBdtXM.js          [39m[1m[2m  6.51 kB[22m[1m[22m[2m Ôöé gzip:   1.79 kB[22m
[2m../dist/public/[22m[36massets/SystemLogsViewer-C0tT2uFA.js             [39m[1m[2m  6.51 kB[22m[1m[22m[2m Ôöé gzip:   2.21 kB[22m
[2m../dist/public/[22m[36massets/Notifications-D-WQlJbe.js                [39m[1m[2m  6.51 kB[22m[1m[22m[2m Ôöé gzip:   1.99 kB[22m
[2m../dist/public/[22m[36massets/OrgContractDetail-BeWeMJ80.js            [39m[1m[2m  6.55 kB[22m[1m[22m[2m Ôöé gzip:   1.80 kB[22m
[2m../dist/public/[22m[36massets/EditContact-CryquHiM.js                  [39m[1m[2m  6.57 kB[22m[1m[22m[2m Ôöé gzip:   2.12 kB[22m
[2m../dist/public/[22m[36massets/OrgEditContact-CrAdGqQr.js               [39m[1m[2m  6.57 kB[22m[1m[22m[2m Ôöé gzip:   2.12 kB[22m
[2m../dist/public/[22m[36massets/TaxInformation-DA0qYqS3.js               [39m[1m[2m  6.60 kB[22m[1m[22m[2m Ôöé gzip:   2.22 kB[22m
[2m../dist/public/[22m[36massets/CreateOrder-DLX2--5S.js                  [39m[1m[2m  6.62 kB[22m[1m[22m[2m Ôöé gzip:   2.22 kB[22m
[2m../dist/public/[22m[36massets/EditOpportunity-BAcjEZO1.js              [39m[1m[2m  6.65 kB[22m[1m[22m[2m Ôöé gzip:   2.08 kB[22m
[2m../dist/public/[22m[36massets/AuditLogs-BVDKNU5h.js                    [39m[1m[2m  6.66 kB[22m[1m[22m[2m Ôöé gzip:   2.55 kB[22m
[2m../dist/public/[22m[36massets/EditOrder-BCLUNUFr.js                    [39m[1m[2m  6.68 kB[22m[1m[22m[2m Ôöé gzip:   2.33 kB[22m
[2m../dist/public/[22m[36massets/OrgEditOrder-Tc2-rhwR.js                 [39m[1m[2m  6.68 kB[22m[1m[22m[2m Ôöé gzip:   2.33 kB[22m
[2m../dist/public/[22m[36massets/LPODetails-DRlCPvAa.js                   [39m[1m[2m  6.73 kB[22m[1m[22m[2m Ôöé gzip:   2.05 kB[22m
[2m../dist/public/[22m[36massets/CreateService-DdHcKQFj.js                [39m[1m[2m  6.73 kB[22m[1m[22m[2m Ôöé gzip:   2.26 kB[22m
[2m../dist/public/[22m[36massets/OrgCreateService-COpzfhgX.js             [39m[1m[2m  6.73 kB[22m[1m[22m[2m Ôöé gzip:   2.26 kB[22m
[2m../dist/public/[22m[36massets/CreateBenefit-BFOyuRi2.js                [39m[1m[2m  6.73 kB[22m[1m[22m[2m Ôöé gzip:   2.27 kB[22m
[2m../dist/public/[22m[36massets/Login-YTuA-dqw.js                        [39m[1m[2m  6.76 kB[22m[1m[22m[2m Ôöé gzip:   2.26 kB[22m
[2m../dist/public/[22m[36massets/OrgLeave-BmB_cEUi.js                     [39m[1m[2m  6.80 kB[22m[1m[22m[2m Ôöé gzip:   2.39 kB[22m
[2m../dist/public/[22m[36massets/OrgEditContract-BG42sEfk.js              [39m[1m[2m  6.80 kB[22m[1m[22m[2m Ôöé gzip:   2.13 kB[22m
[2m../dist/public/[22m[36massets/Calendar-C40yKR6o.js                     [39m[1m[2m  6.81 kB[22m[1m[22m[2m Ôöé gzip:   2.40 kB[22m
[2m../dist/public/[22m[36massets/OrgCalendar-NiAApG4N.js                  [39m[1m[2m  6.81 kB[22m[1m[22m[2m Ôöé gzip:   2.40 kB[22m
[2m../dist/public/[22m[36massets/Reminders-BSgQGCwo.js                    [39m[1m[2m  6.84 kB[22m[1m[22m[2m Ôöé gzip:   2.16 kB[22m
[2m../dist/public/[22m[36massets/OrgServiceInvoiceDetails-DIlgPyvd.js     [39m[1m[2m  6.84 kB[22m[1m[22m[2m Ôöé gzip:   2.05 kB[22m
[2m../dist/public/[22m[36massets/HRReports-DMDz1lRb.js                    [39m[1m[2m  6.86 kB[22m[1m[22m[2m Ôöé gzip:   2.41 kB[22m
[2m../dist/public/[22m[36massets/UserDetails-Betf9aFD.js                  [39m[1m[2m  6.87 kB[22m[1m[22m[2m Ôöé gzip:   1.68 kB[22m
[2m../dist/public/[22m[36massets/EditProposal-DRlPlyeO.js                 [39m[1m[2m  6.90 kB[22m[1m[22m[2m Ôöé gzip:   2.13 kB[22m
[2m../dist/public/[22m[36massets/OrgEditProposal-DyBoGAhs.js              [39m[1m[2m  6.90 kB[22m[1m[22m[2m Ôöé gzip:   2.13 kB[22m
[2m../dist/public/[22m[36massets/OrgCreateOrder-D2XVDrtX.js               [39m[1m[2m  7.02 kB[22m[1m[22m[2m Ôöé gzip:   2.30 kB[22m
[2m../dist/public/[22m[36massets/ResetPassword-DHVcJWsu.js                [39m[1m[2m  7.09 kB[22m[1m[22m[2m Ôöé gzip:   2.02 kB[22m
[2m../dist/public/[22m[36massets/OrgContracts-DNGg0gJu.js                 [39m[1m[2m  7.13 kB[22m[1m[22m[2m Ôöé gzip:   2.52 kB[22m
[2m../dist/public/[22m[36massets/WorkOrders-DbCVBGry.js                   [39m[1m[2m  7.16 kB[22m[1m[22m[2m Ôöé gzip:   2.59 kB[22m
[2m../dist/public/[22m[36massets/OrgWorkOrders-AyOCD1C-.js                [39m[1m[2m  7.16 kB[22m[1m[22m[2m Ôöé gzip:   2.59 kB[22m
[2m../dist/public/[22m[36massets/SalaryStructures-nN4Efra3.js             [39m[1m[2m  7.18 kB[22m[1m[22m[2m Ôöé gzip:   2.27 kB[22m
[2m../dist/public/[22m[36massets/OrgSalaryStructures-CGvUZdSo.js          [39m[1m[2m  7.18 kB[22m[1m[22m[2m Ôöé gzip:   2.27 kB[22m
[2m../dist/public/[22m[36massets/EditServiceInvoice-BM1V-B5a.js           [39m[1m[2m  7.19 kB[22m[1m[22m[2m Ôöé gzip:   2.38 kB[22m
[2m../dist/public/[22m[36massets/OrgEditServiceInvoice-Dt7bFhNQ.js        [39m[1m[2m  7.19 kB[22m[1m[22m[2m Ôöé gzip:   2.38 kB[22m
[2m../dist/public/[22m[36massets/OrgInvoiceDetail-VeuU_-Bi.js             [39m[1m[2m  7.24 kB[22m[1m[22m[2m Ôöé gzip:   1.99 kB[22m
[2m../dist/public/[22m[36massets/Benefits-C5fP-DtH.js                     [39m[1m[2m  7.31 kB[22m[1m[22m[2m Ôöé gzip:   2.20 kB[22m
[2m../dist/public/[22m[36massets/OrgCreateContract-aLw5EzcY.js            [39m[1m[2m  7.33 kB[22m[1m[22m[2m Ôöé gzip:   2.14 kB[22m
[2m../dist/public/[22m[36massets/Signup-ChKKF_ji.js                       [39m[1m[2m  7.36 kB[22m[1m[22m[2m Ôöé gzip:   2.29 kB[22m
[2m../dist/public/[22m[36massets/ChartOfAccountsHierarchy-CanstzDf.js     [39m[1m[2m  7.45 kB[22m[1m[22m[2m Ôöé gzip:   2.02 kB[22m
[2m../dist/public/[22m[36massets/ExpenseBudgetReport-DbDvZCAZ.js          [39m[1m[2m  7.51 kB[22m[1m[22m[2m Ôöé gzip:   2.64 kB[22m
[2m../dist/public/[22m[36massets/OrgHR-BO_SjD-4.js                        [39m[1m[2m  7.51 kB[22m[1m[22m[2m Ôöé gzip:   2.39 kB[22m
[2m../dist/public/[22m[36massets/OrgCreateProject-DJVXuqC4.js             [39m[1m[2m  7.53 kB[22m[1m[22m[2m Ôöé gzip:   2.41 kB[22m
[2m../dist/public/[22m[36massets/Warehouses-Dr9vAkdI.js                   [39m[1m[2m  7.54 kB[22m[1m[22m[2m Ôöé gzip:   2.30 kB[22m
[2m../dist/public/[22m[36massets/SystemHealth-mPpCkhyY.js                 [39m[1m[2m  7.56 kB[22m[1m[22m[2m Ôöé gzip:   1.75 kB[22m
[2m../dist/public/[22m[36massets/HRAnalyticsPage-B55Zm7vf.js              [39m[1m[2m  7.57 kB[22m[1m[22m[2m Ôöé gzip:   2.07 kB[22m
[2m../dist/public/[22m[36massets/Products-CRCV04Ls.js                     [39m[1m[2m  7.68 kB[22m[1m[22m[2m Ôöé gzip:   2.64 kB[22m
[2m../dist/public/[22m[36massets/OrgProducts-CbX5jpXy.js                  [39m[1m[2m  7.68 kB[22m[1m[22m[2m Ôöé gzip:   2.64 kB[22m
[2m../dist/public/[22m[36massets/locations-CtzeVEdQ.js                    [39m[1m[2m  7.69 kB[22m[1m[22m[2m Ôöé gzip:   2.76 kB[22m
[2m../dist/public/[22m[36massets/AllowancesDeductions-BJr9rQiu.js         [39m[1m[2m  7.70 kB[22m[1m[22m[2m Ôöé gzip:   2.38 kB[22m
[2m../dist/public/[22m[36massets/TermsAndConditions-DYNNnt5F.js           [39m[1m[2m  7.76 kB[22m[1m[22m[2m Ôöé gzip:   2.64 kB[22m
[2m../dist/public/[22m[36massets/LeaveManagement-CpPcGRL7.js              [39m[1m[2m  7.77 kB[22m[1m[22m[2m Ôöé gzip:   2.50 kB[22m
[2m../dist/public/[22m[36massets/Contact-B3zH276I.js                      [39m[1m[2m  7.77 kB[22m[1m[22m[2m Ôöé gzip:   2.77 kB[22m
[2m../dist/public/[22m[36massets/HR-DjD3fFJb.js                           [39m[1m[2m  7.79 kB[22m[1m[22m[2m Ôöé gzip:   2.51 kB[22m
[2m../dist/public/[22m[36massets/ProposalTemplates-DmL_ly1T.js            [39m[1m[2m  7.79 kB[22m[1m[22m[2m Ôöé gzip:   2.50 kB[22m
[2m../dist/public/[22m[36massets/OrgWorkOrderDetail-BmmAZ9UX.js           [39m[1m[2m  7.80 kB[22m[1m[22m[2m Ôöé gzip:   1.95 kB[22m
[2m../dist/public/[22m[36massets/EditService-DleSOvOh.js                  [39m[1m[2m  7.85 kB[22m[1m[22m[2m Ôöé gzip:   2.55 kB[22m
[2m../dist/public/[22m[36massets/OrgEditService-BsXfXAPi.js               [39m[1m[2m  7.85 kB[22m[1m[22m[2m Ôöé gzip:   2.55 kB[22m
[2m../dist/public/[22m[36massets/PayrollDetails-CCSoDjCE.js               [39m[1m[2m  7.88 kB[22m[1m[22m[2m Ôöé gzip:   2.05 kB[22m
[2m../dist/public/[22m[36massets/OrgPayrollDetails-D-yrllZW.js            [39m[1m[2m  7.88 kB[22m[1m[22m[2m Ôöé gzip:   2.05 kB[22m
[2m../dist/public/[22m[36massets/DisciplinaryRecords-EDwMIndm.js          [39m[1m[2m  7.88 kB[22m[1m[22m[2m Ôöé gzip:   2.43 kB[22m
[2m../dist/public/[22m[36massets/OrgCRM-DWrTpQE-.js                       [39m[1m[2m  7.93 kB[22m[1m[22m[2m Ôöé gzip:   2.50 kB[22m
[2m../dist/public/[22m[36massets/HRAdminDashboard-CEyzp63G.js             [39m[1m[2m  7.95 kB[22m[1m[22m[2m Ôöé gzip:   2.35 kB[22m
[2m../dist/public/[22m[36massets/OrgEditProject-BkmraKrA.js               [39m[1m[2m  7.99 kB[22m[1m[22m[2m Ôöé gzip:   2.35 kB[22m
[2m../dist/public/[22m[36massets/EditCreditNote-Csrm4vrV.js               [39m[1m[2m  8.00 kB[22m[1m[22m[2m Ôöé gzip:   2.59 kB[22m
[2m../dist/public/[22m[36massets/OrgEditCreditNote-BV-ahqU4.js            [39m[1m[2m  8.00 kB[22m[1m[22m[2m Ôöé gzip:   2.59 kB[22m
[2m../dist/public/[22m[36massets/FinancialDashboard-7qXGAzRG.js           [39m[1m[2m  8.03 kB[22m[1m[22m[2m Ôöé gzip:   2.55 kB[22m
[2m../dist/public/[22m[36massets/Accounting-Dd1zw6Py.js                   [39m[1m[2m  8.04 kB[22m[1m[22m[2m Ôöé gzip:   2.56 kB[22m
[2m../dist/public/[22m[36massets/OrgFinancialDashboard-DNubRuhC.js        [39m[1m[2m  8.05 kB[22m[1m[22m[2m Ôöé gzip:   2.52 kB[22m
[2m../dist/public/[22m[36massets/ContractTemplates-p17E1fYg.js            [39m[1m[2m  8.11 kB[22m[1m[22m[2m Ôöé gzip:   2.58 kB[22m
[2m../dist/public/[22m[36massets/OrgContractTemplates-D-C3uzxv.js         [39m[1m[2m  8.11 kB[22m[1m[22m[2m Ôöé gzip:   2.58 kB[22m
[2m../dist/public/[22m[36massets/UserGuide-C3YEfvok.js                    [39m[1m[2m  8.15 kB[22m[1m[22m[2m Ôöé gzip:   3.04 kB[22m
[2m../dist/public/[22m[36massets/PerformanceReviews-BxfqB5YN.js           [39m[1m[2m  8.18 kB[22m[1m[22m[2m Ôöé gzip:   2.64 kB[22m
[2m../dist/public/[22m[36massets/OrgPerformanceReviews-CMZ9ZRfQ.js        [39m[1m[2m  8.18 kB[22m[1m[22m[2m Ôöé gzip:   2.64 kB[22m
[2m../dist/public/[22m[36massets/TaskDetails-BjwNwiyE.js                  [39m[1m[2m  8.21 kB[22m[1m[22m[2m Ôöé gzip:   2.23 kB[22m
[2m../dist/public/[22m[36massets/OrgProjects-ociUNzpm.js                  [39m[1m[2m  8.25 kB[22m[1m[22m[2m Ôöé gzip:   2.71 kB[22m
[2m../dist/public/[22m[36massets/Notes-ItbluSw2.js                        [39m[1m[2m  8.38 kB[22m[1m[22m[2m Ôöé gzip:   2.71 kB[22m
[2m../dist/public/[22m[36massets/IntegrationGuides-DrognZgY.js            [39m[1m[2m  8.55 kB[22m[1m[22m[2m Ôöé gzip:   3.17 kB[22m
[2m../dist/public/[22m[36massets/EstimateDetails-D6Ekc09X.js              [39m[1m[2m  8.77 kB[22m[1m[22m[2m Ôöé gzip:   2.73 kB[22m
[2m../dist/public/[22m[36massets/AccountingManagement-DnM6JZB_.js         [39m[1m[2m  8.81 kB[22m[1m[22m[2m Ôöé gzip:   2.32 kB[22m
[2m../dist/public/[22m[36massets/UiElements-ZRbRAust.js                   [39m[1m[2m  8.86 kB[22m[1m[22m[2m Ôöé gzip:   2.86 kB[22m
[2m../dist/public/[22m[36massets/AssetManagement-D0nJi7f7.js              [39m[1m[2m  8.90 kB[22m[1m[22m[2m Ôöé gzip:   2.80 kB[22m
[2m../dist/public/[22m[36massets/CSVImportExport-hmW-0bXZ.js              [39m[1m[2m  8.90 kB[22m[1m[22m[2m Ôöé gzip:   3.02 kB[22m
[2m../dist/public/[22m[36massets/EnhancedReceiptManagement-h9gpLgvt.js    [39m[1m[2m  8.91 kB[22m[1m[22m[2m Ôöé gzip:   3.16 kB[22m
[2m../dist/public/[22m[36massets/LeadsDetails-Bd1u04as.js                 [39m[1m[2m  8.93 kB[22m[1m[22m[2m Ôöé gzip:   2.54 kB[22m
[2m../dist/public/[22m[36massets/OverduePayments-D8ALAr2F.js              [39m[1m[2m  8.98 kB[22m[1m[22m[2m Ôöé gzip:   2.63 kB[22m
[2m../dist/public/[22m[36massets/Payments-CX686wzE.js                     [39m[1m[2m  9.04 kB[22m[1m[22m[2m Ôöé gzip:   3.33 kB[22m
[2m../dist/public/[22m[36massets/OrgPayments-BaJxk8D2.js                  [39m[1m[2m  9.04 kB[22m[1m[22m[2m Ôöé gzip:   3.33 kB[22m
[2m../dist/public/[22m[36massets/ActivityTrail-f07_lqaH.js                [39m[1m[2m  9.05 kB[22m[1m[22m[2m Ôöé gzip:   2.70 kB[22m
[2m../dist/public/[22m[36massets/RecurringInvoices-CBmq8RPr.js            [39m[1m[2m  9.06 kB[22m[1m[22m[2m Ôöé gzip:   2.76 kB[22m
[2m../dist/public/[22m[36massets/CreateCreditNote-iwDK_hdH.js             [39m[1m[2m  9.08 kB[22m[1m[22m[2m Ôöé gzip:   2.82 kB[22m
[2m../dist/public/[22m[36massets/OrgCreateCreditNote-BV7zlilG.js          [39m[1m[2m  9.08 kB[22m[1m[22m[2m Ôöé gzip:   2.82 kB[22m
[2m../dist/public/[22m[36massets/PaymentReconciliation-BmNjnjW1.js        [39m[1m[2m  9.20 kB[22m[1m[22m[2m Ôöé gzip:   2.93 kB[22m
[2m../dist/public/[22m[36massets/PrivacyPolicy-BB-wi_H4.js                [39m[1m[2m  9.21 kB[22m[1m[22m[2m Ôöé gzip:   2.83 kB[22m
[2m../dist/public/[22m[36massets/PayrollApprovals-ClrdpAfF.js             [39m[1m[2m  9.21 kB[22m[1m[22m[2m Ôöé gzip:   2.71 kB[22m
[2m../dist/public/[22m[36massets/Opportunities-D1Chova2.js                [39m[1m[2m  9.23 kB[22m[1m[22m[2m Ôöé gzip:   3.27 kB[22m
[2m../dist/public/[22m[36massets/BillingDashboard-Bs_eoOFc.js             [39m[1m[2m  9.30 kB[22m[1m[22m[2m Ôöé gzip:   3.15 kB[22m
[2m../dist/public/[22m[36massets/DepartmentPayrollReports-BNd0Xbxx.js     [39m[1m[2m  9.31 kB[22m[1m[22m[2m Ôöé gzip:   2.96 kB[22m
[2m../dist/public/[22m[36massets/Quotes-B7lAGdFK.js                       [39m[1m[2m  9.34 kB[22m[1m[22m[2m Ôöé gzip:   3.38 kB[22m
[2m../dist/public/[22m[36massets/HRAnalytics-sE99c8ys.js                  [39m[1m[2m  9.37 kB[22m[1m[22m[2m Ôöé gzip:   2.74 kB[22m
[2m../dist/public/[22m[36massets/About-qeG3o6_S.js                        [39m[1m[2m  9.44 kB[22m[1m[22m[2m Ôöé gzip:   3.53 kB[22m
[2m../dist/public/[22m[36massets/OrgPricing-75FOfA6a.js                   [39m[1m[2m  9.50 kB[22m[1m[22m[2m Ôöé gzip:   3.40 kB[22m
[2m../dist/public/[22m[36massets/CreatePayment-DXsSSVZ8.js                [39m[1m[2m  9.56 kB[22m[1m[22m[2m Ôöé gzip:   3.02 kB[22m
[2m../dist/public/[22m[36massets/OrgTicketDetail-s8YSl-xY.js              [39m[1m[2m  9.59 kB[22m[1m[22m[2m Ôöé gzip:   2.25 kB[22m
[2m../dist/public/[22m[36massets/OrgInventory-CMRTQhPe.js                 [39m[1m[2m  9.60 kB[22m[1m[22m[2m Ôöé gzip:   3.07 kB[22m
[2m../dist/public/[22m[36massets/OrgDeliveryNotes-1PqjiAri.js             [39m[1m[2m  9.72 kB[22m[1m[22m[2m Ôöé gzip:   3.29 kB[22m
[2m../dist/public/[22m[36massets/Onboarding-C24T_9RX.js                   [39m[1m[2m  9.81 kB[22m[1m[22m[2m Ôöé gzip:   2.80 kB[22m
[2m../dist/public/[22m[36massets/DeliveryNotes-DyAW5IBH.js                [39m[1m[2m  9.81 kB[22m[1m[22m[2m Ôöé gzip:   3.31 kB[22m
[2m../dist/public/[22m[36massets/EditUser-C5qIffze.js                     [39m[1m[2m  9.84 kB[22m[1m[22m[2m Ôöé gzip:   2.98 kB[22m
[2m../dist/public/[22m[36massets/CommunicationDetails-B2Hpsx02.js         [39m[1m[2m  9.88 kB[22m[1m[22m[2m Ôöé gzip:   2.87 kB[22m
[2m../dist/public/[22m[36massets/AdminCronJobs-pAmjkw6H.js                [39m[1m[2m  9.89 kB[22m[1m[22m[2m Ôöé gzip:   3.18 kB[22m
[2m../dist/public/[22m[36massets/ProjectMilestones-DEO8th1B.js            [39m[1m[2m  9.97 kB[22m[1m[22m[2m Ôöé gzip:   2.98 kB[22m
[2m../dist/public/[22m[36massets/Estimates-D6bdJXVq.js                    [39m[1m[2m  9.98 kB[22m[1m[22m[2m Ôöé gzip:   3.65 kB[22m
[2m../dist/public/[22m[36massets/CreateUser-ClUZ7KaO.js                   [39m[1m[2m 10.02 kB[22m[1m[22m[2m Ôöé gzip:   3.21 kB[22m
[2m../dist/public/[22m[36massets/Expenses-xZv0px3u.js                     [39m[1m[2m 10.04 kB[22m[1m[22m[2m Ôöé gzip:   3.50 kB[22m
[2m../dist/public/[22m[36massets/OrgExpenses-DuXpBzj3.js                  [39m[1m[2m 10.04 kB[22m[1m[22m[2m Ôöé gzip:   3.50 kB[22m
[2m../dist/public/[22m[36massets/Inventory-BEOGVOw8.js                    [39m[1m[2m 10.08 kB[22m[1m[22m[2m Ôöé gzip:   3.24 kB[22m
[2m../dist/public/[22m[36massets/Receipts-BRwi0Czd.js                     [39m[1m[2m 10.14 kB[22m[1m[22m[2m Ôöé gzip:   3.57 kB[22m
[2m../dist/public/[22m[36massets/ClientForm-DFuR2cWG.js                   [39m[1m[2m 10.15 kB[22m[1m[22m[2m Ôöé gzip:   2.41 kB[22m
[2m../dist/public/[22m[36massets/OrgExpenseDetail-C5MolnvP.js             [39m[1m[2m 10.25 kB[22m[1m[22m[2m Ôöé gzip:   2.77 kB[22m
[2m../dist/public/[22m[36massets/AccountantDashboard-Bk1MCZrM.js          [39m[1m[2m 10.26 kB[22m[1m[22m[2m Ôöé gzip:   3.09 kB[22m
[2m../dist/public/[22m[36massets/Integrations-CKXJnxl1.js                 [39m[1m[2m 10.33 kB[22m[1m[22m[2m Ôöé gzip:   3.08 kB[22m
[2m../dist/public/[22m[36massets/HRAutomation-BDhniUbS.js                 [39m[1m[2m 10.33 kB[22m[1m[22m[2m Ôöé gzip:   2.79 kB[22m
[2m../dist/public/[22m[36massets/PaymentReports-C3iPEHOP.js               [39m[1m[2m 10.37 kB[22m[1m[22m[2m Ôöé gzip:   2.97 kB[22m
[2m../dist/public/[22m[36massets/SupplierForm-9PX68gqo.js                 [39m[1m[2m 10.38 kB[22m[1m[22m[2m Ôöé gzip:   2.71 kB[22m
[2m../dist/public/[22m[36massets/HRAnalyticsDashboard-lX15g8e4.js         [39m[1m[2m 10.39 kB[22m[1m[22m[2m Ôöé gzip:   2.76 kB[22m
[2m../dist/public/[22m[36massets/OrgEstimates-Vo5R6a-H.js                 [39m[1m[2m 10.40 kB[22m[1m[22m[2m Ôöé gzip:   3.75 kB[22m
[2m../dist/public/[22m[36massets/PaymentPlans-DLyBFssi.js                 [39m[1m[2m 10.48 kB[22m[1m[22m[2m Ôöé gzip:   3.22 kB[22m
[2m../dist/public/[22m[36massets/GlobalSettings-DU-KGTTZ.js               [39m[1m[2m 10.48 kB[22m[1m[22m[2m Ôöé gzip:   3.03 kB[22m
[2m../dist/public/[22m[36massets/ReportBuilder-CvyEf7w_.js                [39m[1m[2m 10.49 kB[22m[1m[22m[2m Ôöé gzip:   2.77 kB[22m
[2m../dist/public/[22m[36massets/OrgReceipts-BoJQHKHc.js                  [39m[1m[2m 10.57 kB[22m[1m[22m[2m Ôöé gzip:   3.67 kB[22m
[2m../dist/public/[22m[36massets/CreateServiceTemplate-BJZWOpkz.js        [39m[1m[2m 10.58 kB[22m[1m[22m[2m Ôöé gzip:   2.98 kB[22m
[2m../dist/public/[22m[36massets/GRN-eizygSak.js                          [39m[1m[2m 10.58 kB[22m[1m[22m[2m Ôöé gzip:   3.32 kB[22m
[2m../dist/public/[22m[36massets/OrgGRN-tA3_hS8A.js                       [39m[1m[2m 10.58 kB[22m[1m[22m[2m Ôöé gzip:   3.32 kB[22m
[2m../dist/public/[22m[36massets/CreateProject-BgMYRF8S.js                [39m[1m[2m 10.64 kB[22m[1m[22m[2m Ôöé gzip:   3.29 kB[22m
[2m../dist/public/[22m[36massets/OrgQuotations-Cgks0AnP.js                [39m[1m[2m 10.64 kB[22m[1m[22m[2m Ôöé gzip:   3.56 kB[22m
[2m../dist/public/[22m[36massets/CannedResponses-3YI1nBeL.js              [39m[1m[2m 10.64 kB[22m[1m[22m[2m Ôöé gzip:   3.08 kB[22m
[2m../dist/public/[22m[36massets/OrgCannedResponses-CsWxklQc.js           [39m[1m[2m 10.64 kB[22m[1m[22m[2m Ôöé gzip:   3.08 kB[22m
[2m../dist/public/[22m[36massets/BudgetDetail-Bw7eOaQz.js                 [39m[1m[2m 10.67 kB[22m[1m[22m[2m Ôöé gzip:   3.34 kB[22m
[2m../dist/public/[22m[36massets/OrgBudgetDetail-DQyEwspw.js              [39m[1m[2m 10.67 kB[22m[1m[22m[2m Ôöé gzip:   3.34 kB[22m
[2m../dist/public/[22m[36massets/DashboardHome-DC1LHeye.js                [39m[1m[2m 10.69 kB[22m[1m[22m[2m Ôöé gzip:   3.10 kB[22m
[2m../dist/public/[22m[36massets/EditPayment-B5N3ABuJ.js                  [39m[1m[2m 10.73 kB[22m[1m[22m[2m Ôöé gzip:   3.22 kB[22m
[2m../dist/public/[22m[36massets/OrgEditPayment-_pNdaB35.js               [39m[1m[2m 10.73 kB[22m[1m[22m[2m Ôöé gzip:   3.22 kB[22m
[2m../dist/public/[22m[36massets/CreateOpportunity-DaFXIZ-a.js            [39m[1m[2m 10.80 kB[22m[1m[22m[2m Ôöé gzip:   3.26 kB[22m
[2m../dist/public/[22m[36massets/EmployeeContracts-B7O06yS1.js            [39m[1m[2m 10.82 kB[22m[1m[22m[2m Ôöé gzip:   2.61 kB[22m
[2m../dist/public/[22m[36massets/TenantCommunications-W1QPSHDU.js         [39m[1m[2m 10.84 kB[22m[1m[22m[2m Ôöé gzip:   3.11 kB[22m
[2m../dist/public/[22m[36massets/EditPayroll-D7LVYgNj.js                  [39m[1m[2m 10.90 kB[22m[1m[22m[2m Ôöé gzip:   3.18 kB[22m
[2m../dist/public/[22m[36massets/OrgEditPayroll-C1dPX9ft.js               [39m[1m[2m 10.90 kB[22m[1m[22m[2m Ôöé gzip:   3.18 kB[22m
[2m../dist/public/[22m[36massets/Payslips-D01ZyZBX.js                     [39m[1m[2m 10.93 kB[22m[1m[22m[2m Ôöé gzip:   3.27 kB[22m
[2m../dist/public/[22m[36massets/OrgDashboardHome-CBda7F1Y.js             [39m[1m[2m 11.03 kB[22m[1m[22m[2m Ôöé gzip:   3.28 kB[22m
[2m../dist/public/[22m[36massets/ProcurementLPOs-9bz5WAxr.js              [39m[1m[2m 11.03 kB[22m[1m[22m[2m Ôöé gzip:   3.00 kB[22m
[2m../dist/public/[22m[36massets/LPOs-LeFsAsZ9.js                         [39m[1m[2m 11.09 kB[22m[1m[22m[2m Ôöé gzip:   4.03 kB[22m
[2m../dist/public/[22m[36massets/MaintenanceAdmin-CgFwZCvS.js             [39m[1m[2m 11.13 kB[22m[1m[22m[2m Ôöé gzip:   3.37 kB[22m
[2m../dist/public/[22m[36massets/CustomReportBuilder-Bek9iZGs.js          [39m[1m[2m 11.16 kB[22m[1m[22m[2m Ôöé gzip:   3.31 kB[22m
[2m../dist/public/[22m[36massets/Quotations-B7fR2_uW.js                   [39m[1m[2m 11.23 kB[22m[1m[22m[2m Ôöé gzip:   3.73 kB[22m
[2m../dist/public/[22m[36massets/TimeTracking-KkJVwEgi.js                 [39m[1m[2m 11.30 kB[22m[1m[22m[2m Ôöé gzip:   3.34 kB[22m
[2m../dist/public/[22m[36massets/ContractManagement-I2bHTnhv.js           [39m[1m[2m 11.36 kB[22m[1m[22m[2m Ôöé gzip:   3.28 kB[22m
[2m../dist/public/[22m[36massets/OrgLPOs-3BOJXeXp.js                      [39m[1m[2m 11.37 kB[22m[1m[22m[2m Ôöé gzip:   4.07 kB[22m
[2m../dist/public/[22m[36massets/OrgProjectDetail-Bv7x_9L3.js             [39m[1m[2m 11.44 kB[22m[1m[22m[2m Ôöé gzip:   3.62 kB[22m
[2m../dist/public/[22m[36massets/OrgContacts-D-TCEboe.js                  [39m[1m[2m 11.45 kB[22m[1m[22m[2m Ôöé gzip:   3.67 kB[22m
[2m../dist/public/[22m[36massets/QuoteDetails-9kyFzkYY.js                 [39m[1m[2m 11.46 kB[22m[1m[22m[2m Ôöé gzip:   3.15 kB[22m
[2m../dist/public/[22m[36massets/Suppliers-DSlZCSVw.js                    [39m[1m[2m 11.49 kB[22m[1m[22m[2m Ôöé gzip:   4.20 kB[22m
[2m../dist/public/[22m[36massets/Contacts-CjahBh5X.js                     [39m[1m[2m 11.52 kB[22m[1m[22m[2m Ôöé gzip:   3.70 kB[22m
[2m../dist/public/[22m[36massets/ProcurementImprests-Di53F1wK.js          [39m[1m[2m 11.60 kB[22m[1m[22m[2m Ôöé gzip:   2.85 kB[22m
[2m../dist/public/[22m[36massets/SystemSettings-1WTyAOh3.js               [39m[1m[2m 11.62 kB[22m[1m[22m[2m Ôöé gzip:   3.18 kB[22m
[2m../dist/public/[22m[36massets/EnterpriseTenantsManagement-a0X_zfOH.js  [39m[1m[2m 11.63 kB[22m[1m[22m[2m Ôöé gzip:   3.31 kB[22m
[2m../dist/public/[22m[36massets/FileManager-zl4Yop4M.js                  [39m[1m[2m 11.68 kB[22m[1m[22m[2m Ôöé gzip:   4.02 kB[22m
[2m../dist/public/[22m[36massets/KPITracking-CKMLnjGA.js                  [39m[1m[2m 11.69 kB[22m[1m[22m[2m Ôöé gzip:   3.11 kB[22m
[2m../dist/public/[22m[36massets/EnhancedChangePassword-6UW_iy2N.js       [39m[1m[2m 11.73 kB[22m[1m[22m[2m Ôöé gzip:   2.95 kB[22m
[2m../dist/public/[22m[36massets/UnifiedLanding-DR0S8gzA.js               [39m[1m[2m 11.89 kB[22m[1m[22m[2m Ôöé gzip:   3.15 kB[22m
[2m../dist/public/[22m[36massets/WorkflowAutomation-BAlKxn9G.js           [39m[1m[2m 11.97 kB[22m[1m[22m[2m Ôöé gzip:   3.37 kB[22m
[2m../dist/public/[22m[36massets/Training-CjV6Gj40.js                     [39m[1m[2m 11.99 kB[22m[1m[22m[2m Ôöé gzip:   3.43 kB[22m
[2m../dist/public/[22m[36massets/SubscriptionDetails-9YyeM7Z9.js          [39m[1m[2m 12.04 kB[22m[1m[22m[2m Ôöé gzip:   2.91 kB[22m
[2m../dist/public/[22m[36massets/CustomerPortal-D7ahb0Zz.js               [39m[1m[2m 12.06 kB[22m[1m[22m[2m Ôöé gzip:   2.91 kB[22m
[2m../dist/public/[22m[36massets/RecurringExpenses-Bm3NwgMa.js            [39m[1m[2m 12.15 kB[22m[1m[22m[2m Ôöé gzip:   3.77 kB[22m
[2m../dist/public/[22m[36massets/OrganizationUsersManagement-DnDUKRPA.js  [39m[1m[2m 12.18 kB[22m[1m[22m[2m Ôöé gzip:   3.46 kB[22m
[2m../dist/public/[22m[36massets/SalesPipeline-CANLYkSN.js                [39m[1m[2m 12.22 kB[22m[1m[22m[2m Ôöé gzip:   3.62 kB[22m
[2m../dist/public/[22m[36massets/OrgSalesPipeline-hVkZc-TR.js             [39m[1m[2m 12.22 kB[22m[1m[22m[2m Ôöé gzip:   3.62 kB[22m
[2m../dist/public/[22m[36massets/Projects-DTBWN6Jk.js                     [39m[1m[2m 12.26 kB[22m[1m[22m[2m Ôöé gzip:   3.63 kB[22m
[2m../dist/public/[22m[36massets/ServiceDetails-CBb2zEKt.js               [39m[1m[2m 12.27 kB[22m[1m[22m[2m Ôöé gzip:   3.18 kB[22m
[2m../dist/public/[22m[36massets/Demo-BRTB6leH.js                         [39m[1m[2m 12.37 kB[22m[1m[22m[2m Ôöé gzip:   3.80 kB[22m
[2m../dist/public/[22m[36massets/Features-Dh4DnkIU.js                     [39m[1m[2m 12.65 kB[22m[1m[22m[2m Ôöé gzip:   4.43 kB[22m
[2m../dist/public/[22m[36massets/OrgTimesheets-CvgojmVp.js                [39m[1m[2m 12.84 kB[22m[1m[22m[2m Ôöé gzip:   3.88 kB[22m
[2m../dist/public/[22m[36massets/Timesheets-CrkXMxs0.js                   [39m[1m[2m 12.84 kB[22m[1m[22m[2m Ôöé gzip:   3.88 kB[22m
[2m../dist/public/[22m[36massets/NotificationCenter-BsjJTX4r.js           [39m[1m[2m 12.87 kB[22m[1m[22m[2m Ôöé gzip:   3.34 kB[22m
[2m../dist/public/[22m[36massets/Account-DqjcrjYy.js                      [39m[1m[2m 12.87 kB[22m[1m[22m[2m Ôöé gzip:   3.34 kB[22m
[2m../dist/public/[22m[36massets/ExecutiveDashboard-DJZyEZvK.js           [39m[1m[2m 12.88 kB[22m[1m[22m[2m Ôöé gzip:   3.37 kB[22m
[2m../dist/public/[22m[36massets/OrgJobGroups-Bd--cQ5t.js                 [39m[1m[2m 12.95 kB[22m[1m[22m[2m Ôöé gzip:   3.43 kB[22m
[2m../dist/public/[22m[36massets/ReceiptDetails-Dzn4q45Q.js               [39m[1m[2m 13.06 kB[22m[1m[22m[2m Ôöé gzip:   3.43 kB[22m
[2m../dist/public/[22m[36massets/Proposals-DAHn6L-Q.js                    [39m[1m[2m 13.11 kB[22m[1m[22m[2m Ôöé gzip:   4.02 kB[22m
[2m../dist/public/[22m[36massets/OrgProposals-BsHpGShJ.js                 [39m[1m[2m 13.11 kB[22m[1m[22m[2m Ôöé gzip:   4.02 kB[22m
[2m../dist/public/[22m[36massets/OrgDashboard-Bo2899Vi.js                 [39m[1m[2m 13.20 kB[22m[1m[22m[2m Ôöé gzip:   3.90 kB[22m
[2m../dist/public/[22m[36massets/ProcurementOrders-BdutzrQ3.js            [39m[1m[2m 13.25 kB[22m[1m[22m[2m Ôöé gzip:   3.29 kB[22m
[2m../dist/public/[22m[36massets/Recruitment-Csr1_-b2.js                  [39m[1m[2m 13.36 kB[22m[1m[22m[2m Ôöé gzip:   3.23 kB[22m
[2m../dist/public/[22m[36massets/EditProject-C1Mm7yWR.js                  [39m[1m[2m 13.42 kB[22m[1m[22m[2m Ôöé gzip:   3.93 kB[22m
[2m../dist/public/[22m[36massets/OrgSuppliers-BTE4eBfy.js                 [39m[1m[2m 13.43 kB[22m[1m[22m[2m Ôöé gzip:   4.43 kB[22m
[2m../dist/public/[22m[36massets/OrgLeads-CnOW0h-9.js                     [39m[1m[2m 13.45 kB[22m[1m[22m[2m Ôöé gzip:   3.75 kB[22m
[2m../dist/public/[22m[36massets/OrgTasks-DybYsi5L.js                     [39m[1m[2m 13.45 kB[22m[1m[22m[2m Ôöé gzip:   3.79 kB[22m
[2m../dist/public/[22m[36massets/Tasks-CObEaYti.js                        [39m[1m[2m 13.45 kB[22m[1m[22m[2m Ôöé gzip:   3.79 kB[22m
[2m../dist/public/[22m[36massets/Leads-_4Ec7Aur.js                        [39m[1m[2m 13.45 kB[22m[1m[22m[2m Ôöé gzip:   3.75 kB[22m
[2m../dist/public/[22m[36massets/OrgCommunications-QiFn1lKN.js            [39m[1m[2m 13.51 kB[22m[1m[22m[2m Ôöé gzip:   3.57 kB[22m
[2m../dist/public/[22m[36massets/ChartOfAccounts-BRPni8c-.js              [39m[1m[2m 13.59 kB[22m[1m[22m[2m Ôöé gzip:   4.10 kB[22m
[2m../dist/public/[22m[36massets/OrgChartOfAccounts-eT4vpKSN.js           [39m[1m[2m 13.59 kB[22m[1m[22m[2m Ôöé gzip:   4.10 kB[22m
[2m../dist/public/[22m[36massets/CreatePayroll-B1uMnOuW.js                [39m[1m[2m 13.64 kB[22m[1m[22m[2m Ôöé gzip:   3.11 kB[22m
[2m../dist/public/[22m[36massets/OrgCreatePayroll-YZyR_8t4.js             [39m[1m[2m 13.64 kB[22m[1m[22m[2m Ôöé gzip:   3.11 kB[22m
[2m../dist/public/[22m[36massets/ExpensesDetails-Ck-AdTuh.js              [39m[1m[2m 13.64 kB[22m[1m[22m[2m Ôöé gzip:   3.97 kB[22m
[2m../dist/public/[22m[36massets/Tickets-DgxIiBh5.js                      [39m[1m[2m 13.65 kB[22m[1m[22m[2m Ôöé gzip:   4.14 kB[22m
[2m../dist/public/[22m[36massets/OrgTickets-DaHzyHm5.js                   [39m[1m[2m 13.65 kB[22m[1m[22m[2m Ôöé gzip:   4.14 kB[22m
[2m../dist/public/[22m[36massets/TroubleshootingGuide-Bl0brllg.js         [39m[1m[2m 13.85 kB[22m[1m[22m[2m Ôöé gzip:   4.85 kB[22m
[2m../dist/public/[22m[36massets/BackupRestore-3NIMGTYi.js                [39m[1m[2m 13.89 kB[22m[1m[22m[2m Ôöé gzip:   3.27 kB[22m
[2m../dist/public/[22m[36massets/OrgBilling-BLqz8q5a.js                   [39m[1m[2m 13.94 kB[22m[1m[22m[2m Ôöé gzip:   4.04 kB[22m
[2m../dist/public/[22m[36massets/ProfessionalBudgeting-Bc68ZTSJ.js        [39m[1m[2m 13.96 kB[22m[1m[22m[2m Ôöé gzip:   3.99 kB[22m
[2m../dist/public/[22m[36massets/Pricing-DAgD4yhk.js                      [39m[1m[2m 14.21 kB[22m[1m[22m[2m Ôöé gzip:   4.56 kB[22m
[2m../dist/public/[22m[36massets/Imprests-Bsf75trM.js                     [39m[1m[2m 14.33 kB[22m[1m[22m[2m Ôöé gzip:   4.62 kB[22m
[2m../dist/public/[22m[36massets/KenyanPayrollCalculator-CR_TltK3.js      [39m[1m[2m 14.57 kB[22m[1m[22m[2m Ôöé gzip:   3.72 kB[22m
[2m../dist/public/[22m[36massets/OrgImprests-D3cm_aqh.js                  [39m[1m[2m 14.63 kB[22m[1m[22m[2m Ôöé gzip:   4.68 kB[22m
[2m../dist/public/[22m[36massets/ThemeCustomization-CAQwA8T5.js           [39m[1m[2m 14.81 kB[22m[1m[22m[2m Ôöé gzip:   3.83 kB[22m
[2m../dist/public/[22m[36massets/Roles-BMd8ToXO.js                        [39m[1m[2m 15.06 kB[22m[1m[22m[2m Ôöé gzip:   3.60 kB[22m
[2m../dist/public/[22m[36massets/Payroll-v_STe9AV.js                      [39m[1m[2m 15.06 kB[22m[1m[22m[2m Ôöé gzip:   4.15 kB[22m
[2m../dist/public/[22m[36massets/OrgPayroll-743mBWVh.js                   [39m[1m[2m 15.06 kB[22m[1m[22m[2m Ôöé gzip:   4.15 kB[22m
[2m../dist/public/[22m[36massets/Clients-DMPdB4h6.js                      [39m[1m[2m 15.13 kB[22m[1m[22m[2m Ôöé gzip:   4.55 kB[22m
[2m../dist/public/[22m[36massets/Communications-DjQxKOz1.js               [39m[1m[2m 15.14 kB[22m[1m[22m[2m Ôöé gzip:   4.33 kB[22m
[2m../dist/public/[22m[36massets/SupplierDetails-D1TkULkj.js              [39m[1m[2m 15.21 kB[22m[1m[22m[2m Ôöé gzip:   3.26 kB[22m
[2m../dist/public/[22m[36massets/JobGroupDetails-Cnf6RG1C.js              [39m[1m[2m 15.38 kB[22m[1m[22m[2m Ôöé gzip:   4.17 kB[22m
[2m../dist/public/[22m[36massets/Forecasting-C8i2m8cU.js                  [39m[1m[2m 15.44 kB[22m[1m[22m[2m Ôöé gzip:   3.59 kB[22m
[2m../dist/public/[22m[36massets/OrgForecasting-DvtArTyU.js               [39m[1m[2m 15.44 kB[22m[1m[22m[2m Ôöé gzip:   3.59 kB[22m
[2m../dist/public/[22m[36massets/OrgInvoices-BfnN75jF.js                  [39m[1m[2m 15.99 kB[22m[1m[22m[2m Ôöé gzip:   5.03 kB[22m
[2m../dist/public/[22m[36massets/Invoices-DR8XG4sq.js                     [39m[1m[2m 16.05 kB[22m[1m[22m[2m Ôöé gzip:   5.06 kB[22m
[2m../dist/public/[22m[36massets/ClientPortal-o0ZLFquN.js                 [39m[1m[2m 16.08 kB[22m[1m[22m[2m Ôöé gzip:   4.04 kB[22m
[2m../dist/public/[22m[36massets/JobGroups-BgZzBi8b.js                    [39m[1m[2m 16.21 kB[22m[1m[22m[2m Ôöé gzip:   3.90 kB[22m
[2m../dist/public/[22m[36massets/DepartmentDetails-Dy4bOqOe.js            [39m[1m[2m 16.39 kB[22m[1m[22m[2m Ôöé gzip:   4.32 kB[22m
[2m../dist/public/[22m[36massets/OrgDepartmentDetails-Co4takB8.js         [39m[1m[2m 16.39 kB[22m[1m[22m[2m Ôöé gzip:   4.32 kB[22m
[2m../dist/public/[22m[36massets/OrgKnowledgeBase-cki26Ckm.js             [39m[1m[2m 16.40 kB[22m[1m[22m[2m Ôöé gzip:   4.26 kB[22m
[2m../dist/public/[22m[36massets/KnowledgeBase-CNKyexTy.js                [39m[1m[2m 16.40 kB[22m[1m[22m[2m Ôöé gzip:   4.26 kB[22m
[2m../dist/public/[22m[36massets/OrgClientDetail-BZ5WJUPk.js              [39m[1m[2m 16.62 kB[22m[1m[22m[2m Ôöé gzip:   4.35 kB[22m
[2m../dist/public/[22m[36massets/Orders-Dr56dloa.js                       [39m[1m[2m 16.74 kB[22m[1m[22m[2m Ôöé gzip:   4.94 kB[22m
[2m../dist/public/[22m[36massets/OrgOrders-DBfjDJRP.js                    [39m[1m[2m 16.74 kB[22m[1m[22m[2m Ôöé gzip:   4.94 kB[22m
[2m../dist/public/[22m[36massets/SuperAdminDashboard-CFlKk68o.js          [39m[1m[2m 16.89 kB[22m[1m[22m[2m Ôöé gzip:   4.48 kB[22m
[2m../dist/public/[22m[36massets/WebsiteFooter-CCi09Ifl.js                [39m[1m[2m 16.93 kB[22m[1m[22m[2m Ôöé gzip:   4.60 kB[22m
[2m../dist/public/[22m[36massets/AdminDashboard-D9lQrfj8.js               [39m[1m[2m 16.98 kB[22m[1m[22m[2m Ôöé gzip:   4.03 kB[22m
[2m../dist/public/[22m[36massets/DocumentManagement-DLYq_gJ4.js           [39m[1m[2m 17.04 kB[22m[1m[22m[2m Ôöé gzip:   4.84 kB[22m
[2m../dist/public/[22m[36massets/Subscriptions-DA0RCurC.js                [39m[1m[2m 17.14 kB[22m[1m[22m[2m Ôöé gzip:   4.30 kB[22m
[2m../dist/public/[22m[36massets/StaffDashboard-CiYCA7bE.js               [39m[1m[2m 17.27 kB[22m[1m[22m[2m Ôöé gzip:   4.33 kB[22m
[2m../dist/public/[22m[36massets/BackupManagement-C9a2HEsr.js             [39m[1m[2m 17.31 kB[22m[1m[22m[2m Ôöé gzip:   4.83 kB[22m
[2m../dist/public/[22m[36massets/documentTemplate-C1To6Bzg.js             [39m[1m[2m 17.35 kB[22m[1m[22m[2m Ôöé gzip:   4.20 kB[22m
[2m../dist/public/[22m[36massets/BecomeAPartner-1T5qt5AP.js               [39m[1m[2m 17.41 kB[22m[1m[22m[2m Ôöé gzip:   5.29 kB[22m
[2m../dist/public/[22m[36massets/AccountSettings-3zNkfmTV.js              [39m[1m[2m 18.19 kB[22m[1m[22m[2m Ôöé gzip:   4.47 kB[22m
[2m../dist/public/[22m[36massets/AIHub-D7Qazq-O.js                        [39m[1m[2m 18.65 kB[22m[1m[22m[2m Ôöé gzip:   4.64 kB[22m
[2m../dist/public/[22m[36massets/CustomHomepageBuilder-XVqfyTTd.js        [39m[1m[2m 18.87 kB[22m[1m[22m[2m Ôöé gzip:   5.09 kB[22m
[2m../dist/public/[22m[36massets/BrandCustomization-C83TBFfe.js           [39m[1m[2m 18.93 kB[22m[1m[22m[2m Ôöé gzip:   4.36 kB[22m
[2m../dist/public/[22m[36massets/BookADemo-DAZl-8ZA.js                    [39m[1m[2m 19.11 kB[22m[1m[22m[2m Ôöé gzip:   5.12 kB[22m
[2m../dist/public/[22m[36massets/EditExpense-DvMsvtqS.js                  [39m[1m[2m 19.35 kB[22m[1m[22m[2m Ôöé gzip:   5.26 kB[22m
[2m../dist/public/[22m[36massets/OrgEditExpense-689IQ-jJ.js               [39m[1m[2m 19.35 kB[22m[1m[22m[2m Ôöé gzip:   5.26 kB[22m
[2m../dist/public/[22m[36massets/Approvals-B0-kLaxI.js                    [39m[1m[2m 19.97 kB[22m[1m[22m[2m Ôöé gzip:   4.90 kB[22m
[2m../dist/public/[22m[36massets/OrgApprovals-BBqUurAI.js                 [39m[1m[2m 19.97 kB[22m[1m[22m[2m Ôöé gzip:   4.90 kB[22m
[2m../dist/public/[22m[36massets/CreateEmployee-0DpDVrIz.js               [39m[1m[2m 20.76 kB[22m[1m[22m[2m Ôöé gzip:   5.05 kB[22m
[2m../dist/public/[22m[36massets/OrgReports-CuinuXwX.js                   [39m[1m[2m 20.77 kB[22m[1m[22m[2m Ôöé gzip:   5.26 kB[22m
[2m../dist/public/[22m[36massets/OrgStaffChat-YO1hoIGU.js                 [39m[1m[2m 20.90 kB[22m[1m[22m[2m Ôöé gzip:   6.40 kB[22m
[2m../dist/public/[22m[36massets/ICTDashboard-D3hYfQwG.js                 [39m[1m[2m 21.11 kB[22m[1m[22m[2m Ôöé gzip:   5.16 kB[22m
[2m../dist/public/[22m[36massets/EditEmployee-DYVPiw74.js                 [39m[1m[2m 21.17 kB[22m[1m[22m[2m Ôöé gzip:   5.00 kB[22m
[2m../dist/public/[22m[36massets/SuperAdminPricingTiers-tjn5zyb3.js       [39m[1m[2m 21.43 kB[22m[1m[22m[2m Ôöé gzip:   5.20 kB[22m
[2m../dist/public/[22m[36massets/HRPayrollManagement-kM-1JJHT.js          [39m[1m[2m 21.46 kB[22m[1m[22m[2m Ôöé gzip:   5.04 kB[22m
[2m../dist/public/[22m[36massets/PayslipManagement-DK9UFbHY.js            [39m[1m[2m 21.67 kB[22m[1m[22m[2m Ôöé gzip:   6.93 kB[22m
[2m../dist/public/[22m[36massets/DocumentForm-Djy0LsIs.js                 [39m[1m[2m 21.87 kB[22m[1m[22m[2m Ôöé gzip:   5.90 kB[22m
[2m../dist/public/[22m[36massets/CreateExpense-uHpgdwd7.js                [39m[1m[2m 22.03 kB[22m[1m[22m[2m Ôöé gzip:   6.10 kB[22m
[2m../dist/public/[22m[36massets/OrgCreateExpense-OgHZ1x4H.js             [39m[1m[2m 22.03 kB[22m[1m[22m[2m Ôöé gzip:   6.10 kB[22m
[2m../dist/public/[22m[36massets/Employees-BBaND-fx.js                    [39m[1m[2m 22.08 kB[22m[1m[22m[2m Ôöé gzip:   5.81 kB[22m
[2m../dist/public/[22m[36massets/OrgEmployees-CHYLEyem.js                 [39m[1m[2m 22.08 kB[22m[1m[22m[2m Ôöé gzip:   5.81 kB[22m
[2m../dist/public/[22m[36massets/Checkout-J2S12j-9.js                     [39m[1m[2m 23.41 kB[22m[1m[22m[2m Ôöé gzip:   7.82 kB[22m
[2m../dist/public/[22m[36massets/InvoiceDetails-BK9G9zlm.js               [39m[1m[2m 23.48 kB[22m[1m[22m[2m Ôöé gzip:   6.05 kB[22m
[2m../dist/public/[22m[36massets/FeatureDetail-zcqc8UF5.js                [39m[1m[2m 23.79 kB[22m[1m[22m[2m Ôöé gzip:   7.47 kB[22m
[2m../dist/public/[22m[36massets/StaffChat-WcCU0YUC.js                    [39m[1m[2m 24.37 kB[22m[1m[22m[2m Ôöé gzip:   7.01 kB[22m
[2m../dist/public/[22m[36massets/date-utils-COA5zMcC.js                   [39m[1m[2m 25.29 kB[22m[1m[22m[2m Ôöé gzip:   7.51 kB[22m
[2m../dist/public/[22m[36massets/Reports-DETY-Nx_.js                      [39m[1m[2m 25.84 kB[22m[1m[22m[2m Ôöé gzip:   6.59 kB[22m
[2m../dist/public/[22m[36massets/purify.es-4eNOHKSq.js                    [39m[1m[2m 28.74 kB[22m[1m[22m[2m Ôöé gzip:  11.02 kB[22m
[2m../dist/public/[22m[36massets/CreateCommunication-CVyZkTws.js          [39m[1m[2m 30.73 kB[22m[1m[22m[2m Ôöé gzip:  10.18 kB[22m
[2m../dist/public/[22m[36massets/HRDashboard-C2ubizPt.js                  [39m[1m[2m 30.93 kB[22m[1m[22m[2m Ôöé gzip:   6.60 kB[22m
[2m../dist/public/[22m[36massets/ClientDetails-uYynU9_o.js                [39m[1m[2m 31.37 kB[22m[1m[22m[2m Ôöé gzip:   6.57 kB[22m
[2m../dist/public/[22m[36massets/DocumentTemplates-DNwTLDoI.js            [39m[1m[2m 31.39 kB[22m[1m[22m[2m Ôöé gzip:   6.59 kB[22m
[2m../dist/public/[22m[36massets/pdfGenerator-CKzlUZ16.js                 [39m[1m[2m 37.65 kB[22m[1m[22m[2m Ôöé gzip:  11.12 kB[22m
[2m../dist/public/[22m[36massets/RichTextEditor-BvFqVqNq.js               [39m[1m[2m 37.96 kB[22m[1m[22m[2m Ôöé gzip:   8.43 kB[22m
[2m../dist/public/[22m[36massets/LandingPage-CzF1G8EV.js                  [39m[1m[2m 38.07 kB[22m[1m[22m[2m Ôöé gzip:  10.10 kB[22m
[2m../dist/public/[22m[36massets/OrgEmployeeDetails-CksBEA9E.js           [39m[1m[2m 41.96 kB[22m[1m[22m[2m Ôöé gzip:   8.45 kB[22m
[2m../dist/public/[22m[36massets/AdminManagement-DeJ-Pu4S.js              [39m[1m[2m 42.17 kB[22m[1m[22m[2m Ôöé gzip:   9.96 kB[22m
[2m../dist/public/[22m[36massets/EmployeeDetails-DcKX74Ce.js              [39m[1m[2m 42.71 kB[22m[1m[22m[2m Ôöé gzip:   8.55 kB[22m
[2m../dist/public/[22m[36massets/OrgLayout-DyNxtX6a.js                    [39m[1m[2m 44.25 kB[22m[1m[22m[2m Ôöé gzip:  11.10 kB[22m
[2m../dist/public/[22m[36massets/ProjectDetails-C2RLu59Z.js               [39m[1m[2m 45.29 kB[22m[1m[22m[2m Ôöé gzip:   9.42 kB[22m
[2m../dist/public/[22m[36massets/AdminEmailTemplates-SXBSXzpX.js          [39m[1m[2m 51.49 kB[22m[1m[22m[2m Ôöé gzip:  12.43 kB[22m
[2m../dist/public/[22m[36massets/lucide-react-BFIjfoL5.js                 [39m[1m[2m 61.58 kB[22m[1m[22m[2m Ôöé gzip:  18.04 kB[22m
[2m../dist/public/[22m[36massets/DocumentBlockEditor-DkLNqOgj.js          [39m[1m[2m 68.90 kB[22m[1m[22m[2m Ôöé gzip:  15.76 kB[22m
[2m../dist/public/[22m[36massets/MultiTenancy-Dth0ZqE2.js                 [39m[1m[2m 69.67 kB[22m[1m[22m[2m Ôöé gzip:  13.96 kB[22m
[2m../dist/public/[22m[36massets/CreateQuote-CHEG72FN.js                  [39m[1m[2m 71.71 kB[22m[1m[22m[2m Ôöé gzip:  19.54 kB[22m
[2m../dist/public/[22m[36massets/WebsiteAdmin-Dy-WbXeB.js                 [39m[1m[2m 80.43 kB[22m[1m[22m[2m Ôöé gzip:  15.30 kB[22m
[2m../dist/public/[22m[36massets/api-client-BvX2riSn.js                   [39m[1m[2m 81.61 kB[22m[1m[22m[2m Ôöé gzip:  22.27 kB[22m
[2m../dist/public/[22m[36massets/index.es-_E_N_s3A.js                     [39m[1m[2m158.79 kB[22m[1m[22m[2m Ôöé gzip:  53.05 kB[22m
[2m../dist/public/[22m[36massets/html2canvas-DXEQVQnt.js                  [39m[1m[2m201.04 kB[22m[1m[22m[2m Ôöé gzip:  47.43 kB[22m
[2m../dist/public/[22m[36massets/Settings-2cZfCm5-.js                     [39m[1m[2m284.76 kB[22m[1m[22m[2m Ôöé gzip:  53.89 kB[22m
[2m../dist/public/[22m[36massets/vendor-react-ui-BcLy8Tpi.js              [39m[1m[2m314.57 kB[22m[1m[22m[2m Ôöé gzip: 100.19 kB[22m
[2m../dist/public/[22m[36massets/OrgSettings-C6ik-k86.js                  [39m[1m[2m326.36 kB[22m[1m[22m[2m Ôöé gzip:  65.41 kB[22m
[2m../dist/public/[22m[36massets/jspdf.es.min-DwUC9_-M.js                 [39m[1m[2m384.80 kB[22m[1m[22m[2m Ôöé gzip: 125.62 kB[22m
[2m../dist/public/[22m[36massets/rich-editor-DQKc7IGv.js                  [39m[1m[2m414.84 kB[22m[1m[22m[2m Ôöé gzip: 130.90 kB[22m
[2m../dist/public/[22m[36massets/xlsx-BojT3SgY.js                         [39m[1m[2m424.38 kB[22m[1m[22m[2m Ôöé gzip: 141.60 kB[22m
[2m../dist/public/[22m[36massets/index-DkaBYon2.js                        [39m[1m[2m874.16 kB[22m[1m[22m[2m Ôöé gzip: 224.18 kB[22m
[32mÔ£ô built in 35.75s[39m

  dist\index.js  3.6mb

Done in 285ms
