 Image Kiini: One Hub. Total Control-app Building 
#1 [internal] load local bake definitions
#1 reading from stdin 733B done
#1 DONE 0.0s

#2 [internal] load build definition from Dockerfile
#2 transferring dockerfile: 1.23kB 0.1s done
#2 DONE 0.1s

#3 [internal] load metadata for docker.io/library/node:22-bookworm-slim
#3 DONE 2.9s

#4 [internal] load .dockerignore
#4 transferring context: 193B 0.0s done
#4 DONE 0.1s

#5 [internal] load build context
#5 DONE 0.0s

#6 [1/9] FROM docker.io/library/node:22-bookworm-slim@sha256:83f487e0a63425e5b4d146fb5e5be574bcbe1b7b843d3ebafdd95eaf7767a7e5
#6 resolve docker.io/library/node:22-bookworm-slim@sha256:83f487e0a63425e5b4d146fb5e5be574bcbe1b7b843d3ebafdd95eaf7767a7e5
#6 resolve docker.io/library/node:22-bookworm-slim@sha256:83f487e0a63425e5b4d146fb5e5be574bcbe1b7b843d3ebafdd95eaf7767a7e5 0.1s done
#6 DONE 0.1s

#5 [internal] load build context
#5 transferring context: 5.07MB 0.6s done
#5 DONE 0.6s

#7 [2/9] WORKDIR /app
#7 CACHED

#8 [3/9] RUN corepack enable
#8 CACHED

#9 [4/9] RUN apt-get update  && apt-get install -y --no-install-recommends chromium  && rm -rf /var/lib/apt/lists/*
#9 CACHED

#10 [5/9] COPY package.json pnpm-lock.yaml ./
#10 CACHED

#11 [6/9] RUN PNPM_VERSION=$(node -p "require('./package.json').packageManager.replace('pnpm@', '')")  && corepack prepare pnpm@$PNPM_VERSION --activate  && pnpm config set --location=project --json allowBuilds '{"better-sqlite3":true,"core-js":true,"esbuild":true,"sqlite3":true}'  && pnpm config set fetch-timeout 600000  && pnpm install --frozen-lockfile
#11 CACHED

#12 [7/9] COPY . .
#12 DONE 10.7s

#13 [8/9] RUN pnpm build
#13 5.015 Ô£ô Lockfile passes supply-chain policies (verified 21h ago)
#13 5.043 Lockfile is up to date, resolution step is skipped
#13 5.512 Already up to date
#13 10.04 
#13 10.65 Done in 8.4s using pnpm v11.22.0
#13 10.70 $ vite build && esbuild server/_core/index.ts --platform=node --packages=external --bundle --format=esm --outdir=dist
#13 11.63 vite v7.3.1 building client environment for production...
#13 11.75 (!) %VITE_ANALYTICS_ENDPOINT% is not defined in env variables found in /index.html. Is the variable mistyped?
#13 11.75 (!) %VITE_ANALYTICS_WEBSITE_ID% is not defined in env variables found in /index.html. Is the variable mistyped?
#13 11.85 transforming...
#13 52.66 Ô£ô 3786 modules transformed.
#13 57.44 rendering chunks...
#13 59.36 computing gzip size...
#13 60.26 ../dist/public/index.html                                        3.99 kB Ôöé gzip:   1.67 kB
#13 60.26 ../dist/public/assets/OrgSettings-Bx3OTr2t.css                  29.89 kB Ôöé gzip:   5.84 kB
#13 60.26 ../dist/public/assets/index-CY8zV1SM.css                       401.34 kB Ôöé gzip:  49.40 kB
#13 60.27 ../dist/public/assets/trpc-DGOfIRhv.js                           0.07 kB Ôöé gzip:   0.09 kB
#13 60.27 ../dist/public/assets/tableSort-B6IToDRb.js                      0.14 kB Ôöé gzip:   0.12 kB
#13 60.27 ../dist/public/assets/AreaChart-DXTuiQSo.js                      0.23 kB Ôöé gzip:   0.19 kB
#13 60.27 ../dist/public/assets/LineChart-CvNZ7uty.js                      0.23 kB Ôöé gzip:   0.19 kB
#13 60.27 ../dist/public/assets/use-toast-Cdawc87w.js                      0.24 kB Ôöé gzip:   0.20 kB
#13 60.27 ../dist/public/assets/skeleton-BWV4fKlG.js                       0.24 kB Ôöé gzip:   0.20 kB
#13 60.27 ../dist/public/assets/communications-DPNzK-66.js                 0.27 kB Ôöé gzip:   0.21 kB
#13 60.27 ../dist/public/assets/spinner-Ck0M2wlA.js                        0.28 kB Ôöé gzip:   0.22 kB
#13 60.27 ../dist/public/assets/BarChart-C2n-ws28.js                       0.30 kB Ôöé gzip:   0.22 kB
#13 60.27 ../dist/public/assets/paymentMethods-r32LliAe.js                 0.31 kB Ôöé gzip:   0.24 kB
#13 60.27 ../dist/public/assets/collapsible-DaZGlMFo.js                    0.32 kB Ôöé gzip:   0.19 kB
#13 60.27 ../dist/public/assets/label-Zd8_5IXs.js                          0.33 kB Ôöé gzip:   0.25 kB
#13 60.27 ../dist/public/assets/useUserLookup-BZj7j8TW.js                  0.40 kB Ôöé gzip:   0.31 kB
#13 60.27 ../dist/public/assets/exportCsv-CNzVNdz4.js                      0.44 kB Ôöé gzip:   0.33 kB
#13 60.27 ../dist/public/assets/useRequireFeature-D5BlDYFA.js              0.44 kB Ôöé gzip:   0.31 kB
#13 60.27 ../dist/public/assets/csvGenerator-BbTLt5yV.js                   0.45 kB Ôöé gzip:   0.29 kB
#13 60.27 ../dist/public/assets/textarea-BaipagnU.js                       0.50 kB Ôöé gzip:   0.34 kB
#13 60.27 ../dist/public/assets/useCompanyInfo-CTuzBE9z.js                 0.51 kB Ôöé gzip:   0.35 kB
#13 60.27 ../dist/public/assets/export-utils-BPQoY-_5.js                   0.57 kB Ôöé gzip:   0.40 kB
#13 60.27 ../dist/public/assets/useOrgPermission-CP9lekbr.js               0.59 kB Ôöé gzip:   0.40 kB
#13 60.27 ../dist/public/assets/useFavorite-M_q4fUtJ.js                    0.59 kB Ôöé gzip:   0.35 kB
#13 60.27 ../dist/public/assets/documentTemplateHelpers-CduNLrpb.js        0.59 kB Ôöé gzip:   0.33 kB
#13 60.27 ../dist/public/assets/payslipPdf-C-2CSY3N.js                     0.63 kB Ôöé gzip:   0.44 kB
#13 60.27 ../dist/public/assets/activityLog-B-yh0W2G.js                    0.75 kB Ôöé gzip:   0.36 kB
#13 60.27 ../dist/public/assets/popover-7iTNqinL.js                        0.83 kB Ôöé gzip:   0.45 kB
#13 60.27 ../dist/public/assets/DeleteConfirmationModal-HhcX1A-D.js        0.85 kB Ôöé gzip:   0.49 kB
#13 60.27 ../dist/public/assets/healthScore-hLzRzKdj.js                    0.89 kB Ôöé gzip:   0.52 kB
#13 60.27 ../dist/public/assets/switch-Q7QzREEP.js                         0.90 kB Ôöé gzip:   0.47 kB
#13 60.27 ../dist/public/assets/checkbox-CnTDSdcc.js                       0.92 kB Ôöé gzip:   0.47 kB
#13 60.27 ../dist/public/assets/UserSelector-DDZhGs0w.js                   0.96 kB Ôöé gzip:   0.55 kB
#13 60.27 ../dist/public/assets/CustomPage-B-GF043v.js                     1.04 kB Ôöé gzip:   0.60 kB
#13 60.27 ../dist/public/assets/PermissionGuard-PJ_t1rUW.js                1.05 kB Ôöé gzip:   0.59 kB
#13 60.27 ../dist/public/assets/EmployeeSelector-DxpV04Bw.js               1.10 kB Ôöé gzip:   0.61 kB
#13 60.27 ../dist/public/assets/format-XyXgtmZc.js                         1.15 kB Ôöé gzip:   0.55 kB
#13 60.27 ../dist/public/assets/Messages-D2q2TDy3.js                       1.18 kB Ôöé gzip:   0.63 kB
#13 60.27 ../dist/public/assets/ModuleLayout-CDuAxzoB.js                   1.25 kB Ôöé gzip:   0.62 kB
#13 60.27 ../dist/public/assets/accordion-CAKAKmpH.js                      1.27 kB Ôöé gzip:   0.62 kB
#13 60.27 ../dist/public/assets/OrgAssets-Ca2PT5pi.js                      1.28 kB Ôöé gzip:   0.62 kB
#13 60.27 ../dist/public/assets/OrgDocuments-C0Bpq5qP.js                   1.29 kB Ôöé gzip:   0.62 kB
#13 60.27 ../dist/public/assets/OrgPurchaseOrders-nPZEGAfr.js              1.31 kB Ôöé gzip:   0.63 kB
#13 60.27 ../dist/public/assets/PhoneInput-CfsIwLYA.js                     1.40 kB Ôöé gzip:   0.73 kB
#13 60.27 ../dist/public/assets/TenantAdminDetails-1a8HAkUX.js             1.56 kB Ôöé gzip:   0.68 kB
#13 60.27 ../dist/public/assets/TenantUserDetails-C2p3D4NX.js              1.69 kB Ôöé gzip:   0.71 kB
#13 60.27 ../dist/public/assets/RoleBasedDashboard-BMO3N_7t.js             1.71 kB Ôöé gzip:   0.74 kB
#13 60.27 ../dist/public/assets/JobGroupPayrollItems-BLV9AC25.js           1.72 kB Ôöé gzip:   0.81 kB
#13 60.27 ../dist/public/assets/RowActionsMenu-CX-pCMG_.js                 1.73 kB Ôöé gzip:   0.74 kB
#13 60.27 ../dist/public/assets/designSystem-BjMWY9N5.js                   1.76 kB Ôöé gzip:   0.66 kB
#13 60.27 ../dist/public/assets/OrgBreadcrumb-DALlJvtZ.js                  1.76 kB Ôöé gzip:   0.74 kB
#13 60.27 ../dist/public/assets/SmsQueue-C2Ry8NyZ.js                       1.78 kB Ôöé gzip:   0.91 kB
#13 60.27 ../dist/public/assets/ServiceSearchFilter-CYQOo3M3.js            1.90 kB Ôöé gzip:   0.77 kB
#13 60.27 ../dist/public/assets/NotFound-DKV41w4t.js                       1.92 kB Ôöé gzip:   0.91 kB
#13 60.27 ../dist/public/assets/SummaryStatCards-CNRxVWYs.js               1.92 kB Ôöé gzip:   0.85 kB
#13 60.27 ../dist/public/assets/ModuleAnalyticsStrip-C-xJ3NHu.js           1.98 kB Ôöé gzip:   0.91 kB
#13 60.27 ../dist/public/assets/CustomFields-BtntNNPt.js                   2.00 kB Ôöé gzip:   0.93 kB
#13 60.27 ../dist/public/assets/VerifyEmail-CD_8xrCb.js                    2.00 kB Ôöé gzip:   1.09 kB
#13 60.27 ../dist/public/assets/alert-dialog-Ct2vbV4r.js                   2.04 kB Ôöé gzip:   0.74 kB
#13 60.27 ../dist/public/assets/table-BPTnvM3P.js                          2.06 kB Ôöé gzip:   0.77 kB
#13 60.27 ../dist/public/assets/LocationSelects-DP5Q86eX.js                2.07 kB Ôöé gzip:   0.58 kB
#13 60.27 ../dist/public/assets/CreateImprest-BOMATFIt.js                  2.13 kB Ôöé gzip:   1.03 kB
#13 60.27 ../dist/public/assets/useOrgAccess-MyXXoRTb.js                   2.18 kB Ôöé gzip:   1.09 kB
#13 60.27 ../dist/public/assets/PageHeader-ChZot-4K.js                     2.21 kB Ôöé gzip:   0.94 kB
#13 60.27 ../dist/public/assets/data-table-controls-0hD44cbY.js            2.30 kB Ôöé gzip:   0.97 kB
#13 60.27 ../dist/public/assets/OrgModulePage-Dlzak2qz.js                  2.36 kB Ôöé gzip:   1.02 kB
#13 60.27 ../dist/public/assets/UnifiedModuleLayout-BRqmpd85.js            2.42 kB Ôöé gzip:   1.05 kB
#13 60.27 ../dist/public/assets/EmployeeAccountSection-Bd-UH94I.js         2.55 kB Ôöé gzip:   0.95 kB
#13 60.27 ../dist/public/assets/BiTools-BAsrGzPq.js                        2.68 kB Ôöé gzip:   1.18 kB
#13 60.27 ../dist/public/assets/CreateClient-DUcXnPHy.js                   2.70 kB Ôöé gzip:   1.36 kB
#13 60.27 ../dist/public/assets/OrgCreateClient-CDxRQy-z.js                2.70 kB Ôöé gzip:   1.36 kB
#13 60.27 ../dist/public/assets/OrgSuperAdminDashboard-BVK3A7W6.js         2.76 kB Ôöé gzip:   1.21 kB
#13 60.27 ../dist/public/assets/CreateBudget-C7kp8qwc.js                   2.80 kB Ôöé gzip:   1.32 kB
#13 60.27 ../dist/public/assets/ICTSystemSettings-D87aLJ7E.js              2.81 kB Ôöé gzip:   1.18 kB
#13 60.27 ../dist/public/assets/CreateReceipt-Ck54lKVQ.js                  2.83 kB Ôöé gzip:   1.18 kB
#13 60.27 ../dist/public/assets/CreateProduct-vwILDuyV.js                  2.84 kB Ôöé gzip:   1.27 kB
#13 60.27 ../dist/public/assets/OrgCreateProduct-fKb3o3UC.js               2.84 kB Ôöé gzip:   1.27 kB
#13 60.27 ../dist/public/assets/DashboardBuilderPro-Cy7kIRwN.js            2.86 kB Ôöé gzip:   1.18 kB
#13 60.27 ../dist/public/assets/EnhancedBulkActions-DapGgz1h.js            2.89 kB Ôöé gzip:   1.21 kB
#13 60.27 ../dist/public/assets/MyPayslips-D9DQ_85W.js                     2.95 kB Ôöé gzip:   1.24 kB
#13 60.27 ../dist/public/assets/actions-pilY1Nvt.js                        3.01 kB Ôöé gzip:   1.34 kB
#13 60.27 ../dist/public/assets/FinancialReports-BRq9L2Mf.js               3.03 kB Ôöé gzip:   1.23 kB
#13 60.27 ../dist/public/assets/Search-xFvNDoaE.js                         3.20 kB Ôöé gzip:   1.46 kB
#13 60.27 ../dist/public/assets/CreditNotes-DnrtnDwy.js                    3.20 kB Ôöé gzip:   1.31 kB
#13 60.27 ../dist/public/assets/OrgCreditNotes-Dp1yvnuv.js                 3.20 kB Ôöé gzip:   1.31 kB
#13 60.27 ../dist/public/assets/privateChatUtils-Bv4qHQl7.js               3.20 kB Ôöé gzip:   1.23 kB
#13 60.27 ../dist/public/assets/SalesManagerDashboard-BmkNSN0E.js          3.24 kB Ôöé gzip:   1.16 kB
#13 60.27 ../dist/public/assets/ICTAnalytics-DzgToFia.js                   3.26 kB Ôöé gzip:   1.22 kB
#13 60.27 ../dist/public/assets/ReportsDetails-CNQeRkZv.js                 3.27 kB Ôöé gzip:   1.22 kB
#13 60.27 ../dist/public/assets/ProcurementManagerDashboard-kyT4OsZm.js    3.27 kB Ôöé gzip:   1.15 kB
#13 60.27 ../dist/public/assets/FunnelAnalysis-CFkVMYoZ.js                 3.33 kB Ôöé gzip:   1.26 kB
#13 60.27 ../dist/public/assets/TableColumnSettings-9NpPwTOp.js            3.35 kB Ôöé gzip:   1.44 kB
#13 60.27 ../dist/public/assets/OrgCreateLPO-cnXEcHmE.js                   3.36 kB Ôöé gzip:   1.44 kB
#13 60.27 ../dist/public/assets/CreateDepartment-BFcM4qVJ.js               3.38 kB Ôöé gzip:   1.40 kB
#13 60.28 ../dist/public/assets/OrgCreateDepartment-k7VvzYHm.js            3.38 kB Ôöé gzip:   1.40 kB
#13 60.28 ../dist/public/assets/CohortAnalysis-GTy8EWAe.js                 3.43 kB Ôöé gzip:   1.23 kB
#13 60.28 ../dist/public/assets/EditBudget-BPF8CARp.js                     3.43 kB Ôöé gzip:   1.52 kB
#13 60.28 ../dist/public/assets/OrgEditBudget-Di1xbUQn.js                  3.43 kB Ôöé gzip:   1.52 kB
#13 60.28 ../dist/public/assets/OrgCreateReceipt-C0A6N3TG.js               3.47 kB Ôöé gzip:   1.41 kB
#13 60.28 ../dist/public/assets/OrgPurchaseOrderDetail-BosHkpIT.js         3.49 kB Ôöé gzip:   1.25 kB
#13 60.28 ../dist/public/assets/CreatePurchaseOrder-CbOU-4Y5.js            3.49 kB Ôöé gzip:   1.26 kB
#13 60.28 ../dist/public/assets/OrgCreatePurchaseOrder-SemvvrGp.js         3.49 kB Ôöé gzip:   1.26 kB
#13 60.28 ../dist/public/assets/CreateSupplier-DVi_NOfI.js                 3.56 kB Ôöé gzip:   1.61 kB
#13 60.28 ../dist/public/assets/OrgCreateSupplier-CeIoxjgM.js              3.56 kB Ôöé gzip:   1.61 kB
#13 60.28 ../dist/public/assets/ListPageToolbar-Cl7Zoa8V.js                3.56 kB Ôöé gzip:   1.00 kB
#13 60.28 ../dist/public/assets/CreateWarranty-06my3y66.js                 3.57 kB Ôöé gzip:   1.36 kB
#13 60.28 ../dist/public/assets/EditDepartment-c9p5YaBL.js                 3.60 kB Ôöé gzip:   1.39 kB
#13 60.28 ../dist/public/assets/OrgEditDepartment-C_z6ktZe.js              3.60 kB Ôöé gzip:   1.39 kB
#13 60.28 ../dist/public/assets/WarrantyDetails-DZkE6kZL.js                3.60 kB Ôöé gzip:   1.21 kB
#13 60.28 ../dist/public/assets/EmailQueue-5arRgjrN.js                     3.63 kB Ôöé gzip:   1.59 kB
#13 60.28 ../dist/public/assets/CreateEstimate-DHYfuuL6.js                 3.67 kB Ôöé gzip:   1.58 kB
#13 60.28 ../dist/public/assets/DepartmentForm-BT6k4YYM.js                 3.67 kB Ôöé gzip:   1.40 kB
#13 60.28 ../dist/public/assets/OrgContactDetail-Du1pcm89.js               3.68 kB Ôöé gzip:   1.24 kB
#13 60.28 ../dist/public/assets/CreateTicket-DVSPbxto.js                   3.70 kB Ôöé gzip:   1.47 kB
#13 60.28 ../dist/public/assets/OrgCreateTicket-CkEv8g4c.js                3.70 kB Ôöé gzip:   1.47 kB
#13 60.28 ../dist/public/assets/ChartOfAccountsDetails-Cm2pJUaJ.js         3.72 kB Ôöé gzip:   1.29 kB
#13 60.28 ../dist/public/assets/ProductDetails-0T40LdM0.js                 3.76 kB Ôöé gzip:   1.39 kB
#13 60.28 ../dist/public/assets/ProposalDetails-BqbBbAji.js                3.78 kB Ôöé gzip:   1.30 kB
#13 60.28 ../dist/public/assets/OrgServiceDetail-UutU6Q2Q.js               3.80 kB Ôöé gzip:   1.25 kB
#13 60.28 ../dist/public/assets/ConversionAnalytics-DeKHTowC.js            3.82 kB Ôöé gzip:   1.55 kB
#13 60.28 ../dist/public/assets/OrgEditApproval-TgPGX2_t.js                3.83 kB Ôöé gzip:   1.41 kB
#13 60.28 ../dist/public/assets/CreateLeaveRequest-SV_9jXAj.js             3.87 kB Ôöé gzip:   1.45 kB
#13 60.28 ../dist/public/assets/TenantAdmins-Dm-Figo2.js                   3.87 kB Ôöé gzip:   1.37 kB
#13 60.28 ../dist/public/assets/Home-DD6SK9LZ.js                           3.88 kB Ôöé gzip:   1.47 kB
#13 60.28 ../dist/public/assets/OrgReceiptDetail-BQtYfLSY.js               3.91 kB Ôöé gzip:   1.40 kB
#13 60.28 ../dist/public/assets/InvoiceSearchFilter-CCvjCLgW.js            3.93 kB Ôöé gzip:   1.29 kB
#13 60.28 ../dist/public/assets/OrgPaymentDetail-BH21Me7a.js               3.95 kB Ôöé gzip:   1.41 kB
#13 60.28 ../dist/public/assets/OrgQuotationDetail-CP1UYxuV.js             3.95 kB Ôöé gzip:   1.40 kB
#13 60.28 ../dist/public/assets/CreateAttendance-mb4L9twM.js               3.96 kB Ôöé gzip:   1.46 kB
#13 60.28 ../dist/public/assets/OrgCreateAttendance-CALIGopJ.js            3.96 kB Ôöé gzip:   1.46 kB
#13 60.28 ../dist/public/assets/OrgProductDetail-D5u7VVA8.js               3.97 kB Ôöé gzip:   1.29 kB
#13 60.28 ../dist/public/assets/HRDetails-BVw7g55r.js                      3.97 kB Ôöé gzip:   1.43 kB
#13 60.28 ../dist/public/assets/TenantUsers-dLcZyI9I.js                    3.99 kB Ôöé gzip:   1.47 kB
#13 60.28 ../dist/public/assets/OrgLPODetail-D4kC7ZSI.js                   4.00 kB Ôöé gzip:   1.55 kB
#13 60.28 ../dist/public/assets/ProjectAnalytics-C-Yj65lA.js               4.00 kB Ôöé gzip:   1.49 kB
#13 60.28 ../dist/public/assets/OrgLeadDetail-GUiMuJfK.js                  4.01 kB Ôöé gzip:   1.43 kB
#13 60.28 ../dist/public/assets/OrgEstimateDetail-BOHSqKi1.js              4.02 kB Ôöé gzip:   1.44 kB
#13 60.28 ../dist/public/assets/Sales-CVrlX5Pb.js                          4.03 kB Ôöé gzip:   1.50 kB
#13 60.28 ../dist/public/assets/OrgApprovalDetail-DwR8fP51.js              4.04 kB Ôöé gzip:   1.41 kB
#13 60.28 ../dist/public/assets/AIAssistantModal-FvzCemnQ.js               4.14 kB Ôöé gzip:   1.72 kB
#13 60.28 ../dist/public/assets/OrgAttendanceDetail-BwJnlJRw.js            4.14 kB Ôöé gzip:   1.43 kB
#13 60.28 ../dist/public/assets/EditAllowance-BfQPDRO4.js                  4.17 kB Ôöé gzip:   1.69 kB
#13 60.28 ../dist/public/assets/SalesReports-ClzFkws-.js                   4.21 kB Ôöé gzip:   1.40 kB
#13 60.28 ../dist/public/assets/OrgEditLead-D5enihFF.js                    4.21 kB Ôöé gzip:   1.48 kB
#13 60.28 ../dist/public/assets/OrgProcurementDetail-CvzmPKca.js           4.22 kB Ôöé gzip:   1.45 kB
#13 60.28 ../dist/public/assets/BudgetDetails-Y_xTPJkd.js                  4.22 kB Ôöé gzip:   1.39 kB
#13 60.28 ../dist/public/assets/EditSalaryStructure-A4vCp676.js            4.23 kB Ôöé gzip:   1.60 kB
#13 60.29 ../dist/public/assets/OrgEditSalaryStructure-C_72bXF-.js         4.23 kB Ôöé gzip:   1.60 kB
#13 60.29 ../dist/public/assets/OrgEditPurchaseOrder-Czt9L4sO.js           4.23 kB Ôöé gzip:   1.58 kB
#13 60.29 ../dist/public/assets/RevenueForecasting-CFhCX-S7.js             4.24 kB Ôöé gzip:   1.70 kB
#13 60.29 ../dist/public/assets/CreateAllowance-BuDUeCyT.js                4.24 kB Ôöé gzip:   1.64 kB
#13 60.29 ../dist/public/assets/EditTicket-DOTk4tPP.js                     4.33 kB Ôöé gzip:   1.62 kB
#13 60.29 ../dist/public/assets/OrgEditTicket-Dh9rDJ5z.js                  4.33 kB Ôöé gzip:   1.62 kB
#13 60.29 ../dist/public/assets/AssetDetails-RjcmsRGG.js                   4.34 kB Ôöé gzip:   1.28 kB
#13 60.29 ../dist/public/assets/OrgProposalDetail-W13BsBUy.js              4.34 kB Ôöé gzip:   1.46 kB
#13 60.29 ../dist/public/assets/EditDeduction-Dbmh44vX.js                  4.42 kB Ôöé gzip:   1.77 kB
#13 60.29 ../dist/public/assets/Services-BSe-Pecf.js                       4.47 kB Ôöé gzip:   1.76 kB
#13 60.29 ../dist/public/assets/OrgEditProcurement-CbB01I9_.js             4.47 kB Ôöé gzip:   1.56 kB
#13 60.29 ../dist/public/assets/OrgDebitNoteDetail-D8ipX_85.js             4.48 kB Ôöé gzip:   1.53 kB
#13 60.29 ../dist/public/assets/AdvancedAnalytics-BVXpqJsb.js              4.51 kB Ôöé gzip:   1.38 kB
#13 60.29 ../dist/public/assets/EditReceipt-86N8ejf5.js                    4.59 kB Ôöé gzip:   1.67 kB
#13 60.29 ../dist/public/assets/OrgEditReceipt-CbkFxl9r.js                 4.59 kB Ôöé gzip:   1.67 kB
#13 60.29 ../dist/public/assets/EditBenefit-DQsaDmK8.js                    4.59 kB Ôöé gzip:   1.79 kB
#13 60.29 ../dist/public/assets/Blog-BTPEX8lq.js                           4.60 kB Ôöé gzip:   1.63 kB
#13 60.29 ../dist/public/assets/ContractDetails-CPYF1gey.js                4.60 kB Ôöé gzip:   1.37 kB
#13 60.29 ../dist/public/assets/WarrantyManagement-BwlOIRe1.js             4.74 kB Ôöé gzip:   1.83 kB
#13 60.29 ../dist/public/assets/ESignatures-CWXNybqY.js                    4.74 kB Ôöé gzip:   1.82 kB
#13 60.29 ../dist/public/assets/SalaryStructureDetails-BuzCgGNj.js         4.76 kB Ôöé gzip:   1.62 kB
#13 60.29 ../dist/public/assets/OrgSalaryStructureDetails-piEjSx2k.js      4.76 kB Ôöé gzip:   1.62 kB
#13 60.29 ../dist/public/assets/OrgAI-DWAzr_Bw.js                          4.77 kB Ôöé gzip:   1.89 kB
#13 60.29 ../dist/public/assets/CreateLPO-CDGDuJV8.js                      4.80 kB Ôöé gzip:   1.93 kB
#13 60.29 ../dist/public/assets/EditWarranty-ahssaTOc.js                   4.83 kB Ôöé gzip:   1.71 kB
#13 60.29 ../dist/public/assets/TimesheetDetails-y0v-ZzCY.js               4.83 kB Ôöé gzip:   1.42 kB
#13 60.29 ../dist/public/assets/OrgOrderDetail-D09nms7b.js                 4.86 kB Ôöé gzip:   1.62 kB
#13 60.29 ../dist/public/assets/CreateDebitNote-CKqhfJVl.js                4.86 kB Ôöé gzip:   1.91 kB
#13 60.29 ../dist/public/assets/OrgCreateDebitNote-By6v5L5Z.js             4.86 kB Ôöé gzip:   1.91 kB
#13 60.29 ../dist/public/assets/EditAttendance-D_T6H8ln.js                 4.87 kB Ôöé gzip:   1.66 kB
#13 60.29 ../dist/public/assets/OrgEditAttendance-CK-prGfC.js              4.87 kB Ôöé gzip:   1.66 kB
#13 60.29 ../dist/public/assets/BankReconciliationDetails-CBUn7M14.js      4.91 kB Ôöé gzip:   1.51 kB
#13 60.29 ../dist/public/assets/OrgSubscriptions-DuInTlMI.js               4.94 kB Ôöé gzip:   1.81 kB
#13 60.29 ../dist/public/assets/CustomerReports-OmysjZwB.js                4.96 kB Ôöé gzip:   2.01 kB
#13 60.29 ../dist/public/assets/OrgSupplierDetail-tSdDUrfq.js              4.96 kB Ôöé gzip:   1.58 kB
#13 60.29 ../dist/public/assets/EditClient-KwEFSlpe.js                     4.99 kB Ôöé gzip:   1.94 kB
#13 60.29 ../dist/public/assets/ImprestDetails-CVeoXrOB.js                 5.00 kB Ôöé gzip:   1.56 kB
#13 60.29 ../dist/public/assets/CreateWorkOrder-DlnEL6lS.js                5.01 kB Ôöé gzip:   1.70 kB
#13 60.29 ../dist/public/assets/OrgCreateWorkOrder-BO13ank9.js             5.01 kB Ôöé gzip:   1.70 kB
#13 60.29 ../dist/public/assets/ChangePassword-CDM-v4Su.js                 5.02 kB Ôöé gzip:   1.79 kB
#13 60.29 ../dist/public/assets/OrgEditQuotation-0JqEF0cc.js               5.04 kB Ôöé gzip:   1.82 kB
#13 60.29 ../dist/public/assets/EditEstimate-N0I01JJf.js                   5.06 kB Ôöé gzip:   1.74 kB
#13 60.29 ../dist/public/assets/OrgEditEstimate-BRCiiEz2.js                5.06 kB Ôöé gzip:   1.74 kB
#13 60.29 ../dist/public/assets/ChurnPrediction-CC2Vd66X.js                5.07 kB Ôöé gzip:   1.58 kB
#13 60.29 ../dist/public/assets/BankReconciliation-CSbWF31o.js             5.09 kB Ôöé gzip:   2.00 kB
#13 60.29 ../dist/public/assets/SystemHealthDashboard-DYywO55F.js          5.09 kB Ôöé gzip:   1.72 kB
#13 60.29 ../dist/public/assets/OrgBankReconciliation-DVpryszH.js          5.09 kB Ôöé gzip:   2.00 kB
#13 60.29 ../dist/public/assets/Activity-BJjEq2Du.js                       5.09 kB Ôöé gzip:   2.15 kB
#13 60.29 ../dist/public/assets/OrgActivity-DN6trrVg.js                    5.09 kB Ôöé gzip:   2.15 kB
#13 60.29 ../dist/public/assets/OrgProcurement-BbJ8vo6M.js                 5.09 kB Ôöé gzip:   1.83 kB
#13 60.29 ../dist/public/assets/EditProduct-D3XdR_QO.js                    5.12 kB Ôöé gzip:   1.89 kB
#13 60.29 ../dist/public/assets/OrgEditProduct-40QBBNaf.js                 5.12 kB Ôöé gzip:   1.89 kB
#13 60.29 ../dist/public/assets/OrgCreditNoteDetail-B9ZjxGuk.js            5.14 kB Ôöé gzip:   1.61 kB
#13 60.29 ../dist/public/assets/EditLPO-flcWzvup.js                        5.15 kB Ôöé gzip:   1.91 kB
#13 60.29 ../dist/public/assets/OrgEditLPO-CDNlLJi4.js                     5.15 kB Ôöé gzip:   1.91 kB
#13 60.29 ../dist/public/assets/EditInvoice-BBcF4Y3_.js                    5.20 kB Ôöé gzip:   1.80 kB
#13 60.29 ../dist/public/assets/OrgEditInvoice-CUqaPzkb.js                 5.20 kB Ôöé gzip:   1.80 kB
#13 60.29 ../dist/public/assets/ContactDetails-DNfk_DYU.js                 5.20 kB Ôöé gzip:   1.40 kB
#13 60.29 ../dist/public/assets/OrgCreateQuotation-BXzvd6Ie.js             5.20 kB Ôöé gzip:   1.79 kB
#13 60.29 ../dist/public/assets/QuotationDetails-ZVHMXg72.js               5.23 kB Ôöé gzip:   1.81 kB
#13 60.29 ../dist/public/assets/SessionManager-CCZ499c8.js                 5.26 kB Ôöé gzip:   1.95 kB
#13 60.29 ../dist/public/assets/ProductForm-D1iaoDcX.js                    5.30 kB Ôöé gzip:   1.59 kB
#13 60.29 ../dist/public/assets/ServiceTemplates-DyLYGt-I.js               5.31 kB Ôöé gzip:   2.16 kB
#13 60.29 ../dist/public/assets/OrgServiceTemplates-CGGxJWHY.js            5.31 kB Ôöé gzip:   2.16 kB
#13 60.29 ../dist/public/assets/FinanceSettings-CFejhA3K.js                5.32 kB Ôöé gzip:   1.78 kB
#13 60.29 ../dist/public/assets/Departments-DgCVkQW6.js                    5.34 kB Ôöé gzip:   2.03 kB
#13 60.29 ../dist/public/assets/TestPDFGeneration-FsJl3Q19.js              5.37 kB Ôöé gzip:   1.89 kB
#13 60.29 ../dist/public/assets/Dashboard-BGWtRP9O.js                      5.39 kB Ôöé gzip:   1.48 kB
#13 60.29 ../dist/public/assets/OrgServices-DyxZSaMj.js                    5.40 kB Ôöé gzip:   1.89 kB
#13 60.29 ../dist/public/assets/PaymentDetails-CMJ6ixzs.js                 5.40 kB Ôöé gzip:   1.92 kB
#13 60.29 ../dist/public/assets/GRNDetails-DqOUUivo.js                     5.43 kB Ôöé gzip:   1.80 kB
#13 60.29 ../dist/public/assets/TaxComplianceReports-aQSHHbA3.js           5.45 kB Ôöé gzip:   1.50 kB
#13 60.29 ../dist/public/assets/CreateDeduction-BKeP8Ssd.js                5.45 kB Ôöé gzip:   2.02 kB
#13 60.29 ../dist/public/assets/PayslipDetails-ClLC9uSq.js                 5.49 kB Ôöé gzip:   2.07 kB
#13 60.29 ../dist/public/assets/OrderDetails-8nDuMwz0.js                   5.53 kB Ôöé gzip:   1.63 kB
#13 60.29 ../dist/public/assets/OrgWarranty-DvtCMxKR.js                    5.54 kB Ôöé gzip:   2.10 kB
#13 60.29 ../dist/public/assets/OrgDebitNotes-BcTOhP-w.js                  5.57 kB Ôöé gzip:   2.33 kB
#13 60.29 ../dist/public/assets/OrgCreateProposal-BQg6-n-W.js              5.57 kB Ôöé gzip:   1.93 kB
#13 60.29 ../dist/public/assets/DeliveryNoteDetails-DlVXpBW7.js            5.58 kB Ôöé gzip:   1.77 kB
#13 60.29 ../dist/public/assets/EditSupplier-B-POHhNQ.js                   5.60 kB Ôöé gzip:   2.17 kB
#13 60.29 ../dist/public/assets/OrgEditSupplier-D-3G7UlX.js                5.60 kB Ôöé gzip:   2.17 kB
#13 60.29 ../dist/public/assets/ProcurementMaster-CyuTsWpg.js              5.61 kB Ôöé gzip:   1.73 kB
#13 60.29 ../dist/public/assets/Attendance-DoCiGOO8.js                     5.63 kB Ôöé gzip:   2.00 kB
#13 60.29 ../dist/public/assets/OrgAttendance-CuIi-2aj.js                  5.63 kB Ôöé gzip:   2.00 kB
#13 60.29 ../dist/public/assets/ForgotPassword-Bj_v_x-V.js                 5.67 kB Ôöé gzip:   1.77 kB
#13 60.29 ../dist/public/assets/EditWorkOrder-DMKx1s8l.js                  5.70 kB Ôöé gzip:   1.85 kB
#13 60.29 ../dist/public/assets/OrgEditWorkOrder-QmsSU74P.js               5.70 kB Ôöé gzip:   1.85 kB
#13 60.29 ../dist/public/assets/OrgTaxCompliance-aDcX2_KA.js               5.71 kB Ôöé gzip:   1.61 kB
#13 60.29 ../dist/public/assets/MFA-DAWdW1Bk.js                            5.71 kB Ôöé gzip:   1.72 kB
#13 60.29 ../dist/public/assets/ServiceTemplateDetails-LzooyCe9.js         5.72 kB Ôöé gzip:   1.80 kB
#13 60.29 ../dist/public/assets/CreateContact-Din7PyT5.js                  5.73 kB Ôöé gzip:   1.88 kB
#13 60.29 ../dist/public/assets/ClientPerformance-B0g2ynaf.js              5.73 kB Ôöé gzip:   2.06 kB
#13 60.29 ../dist/public/assets/ProjectsManagement-CIhlZn30.js             5.76 kB Ôöé gzip:   2.11 kB
#13 60.29 ../dist/public/assets/DebitNoteDetails-BOEMynvY.js               5.77 kB Ôöé gzip:   1.99 kB
#13 60.29 ../dist/public/assets/DatabaseManagement-BcF0l408.js             5.80 kB Ôöé gzip:   1.74 kB
#13 60.29 ../dist/public/assets/OrgCreateSalaryStructure-s2II7_7T.js       5.83 kB Ôöé gzip:   1.89 kB
#13 60.29 ../dist/public/assets/Holidays-Cg1zq7mg.js                       5.83 kB Ôöé gzip:   2.15 kB
#13 60.29 ../dist/public/assets/LeaveManagementDetails-CBOqLQxM.js         5.84 kB Ôöé gzip:   1.80 kB
#13 60.29 ../dist/public/assets/DebitNotes-BgkI-4A0.js                     5.85 kB Ôöé gzip:   2.42 kB
#13 60.29 ../dist/public/assets/CreateSalaryStructure-ClqLagLu.js          5.89 kB Ôöé gzip:   1.92 kB
#13 60.29 ../dist/public/assets/ProjectReports-DNt9DLEZ.js                 5.92 kB Ôöé gzip:   2.26 kB
#13 60.29 ../dist/public/assets/EnterpriseSettings-CTJUjlPm.js             5.99 kB Ôöé gzip:   2.08 kB
#13 60.29 ../dist/public/assets/EditDebitNote-DAODtswB.js                  6.00 kB Ôöé gzip:   2.20 kB
#13 60.29 ../dist/public/assets/OrgEditDebitNote-Ded_y7FU.js               6.00 kB Ôöé gzip:   2.20 kB
#13 60.29 ../dist/public/assets/OrgCreateInvoice-CzpTFRDH.js               6.04 kB Ôöé gzip:   2.39 kB
#13 60.29 ../dist/public/assets/EditLeave-CMQY1xZX.js                      6.04 kB Ôöé gzip:   1.89 kB
#13 60.30 ../dist/public/assets/OrgEditLeave-Duq-U3sE.js                   6.04 kB Ôöé gzip:   1.89 kB
#13 60.30 ../dist/public/assets/CreateInvoice-BXsQSTtf.js                  6.05 kB Ôöé gzip:   2.39 kB
#13 60.30 ../dist/public/assets/EditChartOfAccounts-BneLOtOG.js            6.06 kB Ôöé gzip:   2.09 kB
#13 60.30 ../dist/public/assets/OrgStaff-BL4dtGyU.js                       6.07 kB Ôöé gzip:   2.32 kB
#13 60.30 ../dist/public/assets/EditBankReconciliation-CVm6oi-6.js         6.09 kB Ôöé gzip:   1.78 kB
#13 60.30 ../dist/public/assets/LeaveBalances-BbmKqTQi.js                  6.09 kB Ôöé gzip:   2.06 kB
#13 60.30 ../dist/public/assets/OrgCreateLeave-C0AhFoAd.js                 6.09 kB Ôöé gzip:   1.97 kB
#13 60.30 ../dist/public/assets/OrgAccounting-DJ5DBg7A.js                  6.11 kB Ôöé gzip:   2.13 kB
#13 60.30 ../dist/public/assets/Security-DOAARhUn.js                       6.18 kB Ôöé gzip:   1.71 kB
#13 60.30 ../dist/public/assets/OrgDepartments-FEzKAmEH.js                 6.19 kB Ôöé gzip:   2.25 kB
#13 60.30 ../dist/public/assets/OpportunityDetails-DMb-cpmo.js             6.20 kB Ôöé gzip:   1.89 kB
#13 60.30 ../dist/public/assets/OrgCreateProcurement-CdIxlnaA.js           6.26 kB Ôöé gzip:   1.93 kB
#13 60.30 ../dist/public/assets/Budgets-Ci3asUIq.js                        6.28 kB Ôöé gzip:   2.26 kB
#13 60.30 ../dist/public/assets/OrgBudgets-D_JUVzTs.js                     6.28 kB Ôöé gzip:   2.26 kB
#13 60.30 ../dist/public/assets/OrgLeaveDetail-BHlk-0Bm.js                 6.32 kB Ôöé gzip:   1.83 kB
#13 60.30 ../dist/public/assets/HTMLEditor-867tj-eM.js                     6.37 kB Ôöé gzip:   2.47 kB
#13 60.30 ../dist/public/assets/Profile-CzAW3F9a.js                        6.38 kB Ôöé gzip:   2.23 kB
#13 60.30 ../dist/public/assets/ServiceInvoices-Bs76Ec5X.js                6.40 kB Ôöé gzip:   2.59 kB
#13 60.30 ../dist/public/assets/OrgServiceInvoices-BW9zY9is.js             6.40 kB Ôöé gzip:   2.59 kB
#13 60.30 ../dist/public/assets/ProjectManagerDashboard-DkmXj9B2.js        6.46 kB Ôöé gzip:   2.11 kB
#13 60.30 ../dist/public/assets/CreditNoteDetails-BJnElNPi.js              6.46 kB Ôöé gzip:   2.08 kB
#13 60.30 ../dist/public/assets/AttendanceDetails-CIl_djcK.js              6.50 kB Ôöé gzip:   1.98 kB
#13 60.30 ../dist/public/assets/CreateServiceInvoice-BqSaYeWb.js           6.50 kB Ôöé gzip:   2.22 kB
#13 60.30 ../dist/public/assets/OrgCreateServiceInvoice-_pDohqsb.js        6.50 kB Ôöé gzip:   2.22 kB
#13 60.30 ../dist/public/assets/Documentation-C5zNHhJc.js                  6.50 kB Ôöé gzip:   2.55 kB
#13 60.30 ../dist/public/assets/ExpenseBudgetReport-BW9yfI6z.js            6.51 kB Ôöé gzip:   1.79 kB
#13 60.30 ../dist/public/assets/SystemLogsViewer-_Bcic04d.js               6.51 kB Ôöé gzip:   2.21 kB
#13 60.30 ../dist/public/assets/Notifications-NF2C_z0_.js                  6.51 kB Ôöé gzip:   1.99 kB
#13 60.30 ../dist/public/assets/OrgContractDetail-D0Pw750f.js              6.55 kB Ôöé gzip:   1.81 kB
#13 60.30 ../dist/public/assets/EditContact-C2ZK2M00.js                    6.57 kB Ôöé gzip:   2.12 kB
#13 60.30 ../dist/public/assets/OrgEditContact-BLvFNJ7M.js                 6.57 kB Ôöé gzip:   2.12 kB
#13 60.30 ../dist/public/assets/TaxInformation-BQBC9Ia5.js                 6.60 kB Ôöé gzip:   2.22 kB
#13 60.30 ../dist/public/assets/CreateOrder-DI1ORxog.js                    6.62 kB Ôöé gzip:   2.21 kB
#13 60.30 ../dist/public/assets/EditOpportunity-CAn5wTP5.js                6.65 kB Ôöé gzip:   2.08 kB
#13 60.30 ../dist/public/assets/AuditLogs-CBjjUNEd.js                      6.66 kB Ôöé gzip:   2.55 kB
#13 60.30 ../dist/public/assets/EditOrder-CI7p2Tgl.js                      6.68 kB Ôöé gzip:   2.33 kB
#13 60.30 ../dist/public/assets/OrgEditOrder-DWrs0zy-.js                   6.68 kB Ôöé gzip:   2.33 kB
#13 60.30 ../dist/public/assets/LPODetails-9JYPuwi3.js                     6.73 kB Ôöé gzip:   2.05 kB
#13 60.30 ../dist/public/assets/CreateService-DWaYtyWy.js                  6.73 kB Ôöé gzip:   2.26 kB
#13 60.30 ../dist/public/assets/OrgCreateService-B1LoyAJA.js               6.73 kB Ôöé gzip:   2.26 kB
#13 60.30 ../dist/public/assets/CreateBenefit-CPV-Spej.js                  6.73 kB Ôöé gzip:   2.27 kB
#13 60.30 ../dist/public/assets/Login-Bnse2v7u.js                          6.76 kB Ôöé gzip:   2.27 kB
#13 60.30 ../dist/public/assets/OrgLeave-GmjRHPfb.js                       6.80 kB Ôöé gzip:   2.39 kB
#13 60.30 ../dist/public/assets/OrgEditContract-CqkX0Ulf.js                6.80 kB Ôöé gzip:   2.13 kB
#13 60.30 ../dist/public/assets/Calendar-DkukyAVP.js                       6.81 kB Ôöé gzip:   2.39 kB
#13 60.30 ../dist/public/assets/OrgCalendar-D5Z-xEm3.js                    6.81 kB Ôöé gzip:   2.39 kB
#13 60.30 ../dist/public/assets/Reminders-Bzr42ad_.js                      6.84 kB Ôöé gzip:   2.16 kB
#13 60.30 ../dist/public/assets/OrgServiceInvoiceDetails-DoSc9MQX.js       6.84 kB Ôöé gzip:   2.05 kB
#13 60.30 ../dist/public/assets/HRReports-BWIe-EBI.js                      6.86 kB Ôöé gzip:   2.41 kB
#13 60.30 ../dist/public/assets/UserDetails-Bh3UEm4S.js                    6.87 kB Ôöé gzip:   1.68 kB
#13 60.30 ../dist/public/assets/EditProposal-BJ6Gu5nn.js                   6.90 kB Ôöé gzip:   2.13 kB
#13 60.30 ../dist/public/assets/OrgEditProposal-DNV7goci.js                6.90 kB Ôöé gzip:   2.13 kB
#13 60.30 ../dist/public/assets/OrgCreateOrder-DyzSWvtr.js                 7.02 kB Ôöé gzip:   2.30 kB
#13 60.31 ../dist/public/assets/ResetPassword-PL4BKNz3.js                  7.09 kB Ôöé gzip:   2.02 kB
#13 60.31 ../dist/public/assets/OrgContracts-ZW3YsZNu.js                   7.13 kB Ôöé gzip:   2.52 kB
#13 60.31 ../dist/public/assets/WorkOrders-DFGmBp4k.js                     7.16 kB Ôöé gzip:   2.59 kB
#13 60.31 ../dist/public/assets/OrgWorkOrders-bb4Blxxl.js                  7.16 kB Ôöé gzip:   2.59 kB
#13 60.31 ../dist/public/assets/SalaryStructures-DJNV8zJ_.js               7.18 kB Ôöé gzip:   2.28 kB
#13 60.31 ../dist/public/assets/OrgSalaryStructures-CqEcaZz8.js            7.18 kB Ôöé gzip:   2.28 kB
#13 60.31 ../dist/public/assets/EditServiceInvoice-ib3LlOBt.js             7.19 kB Ôöé gzip:   2.37 kB
#13 60.31 ../dist/public/assets/OrgEditServiceInvoice-D_OWhN_7.js          7.19 kB Ôöé gzip:   2.37 kB
#13 60.31 ../dist/public/assets/OrgInvoiceDetail-BQsNJA63.js               7.24 kB Ôöé gzip:   1.99 kB
#13 60.31 ../dist/public/assets/Benefits-D6C4DLcd.js                       7.31 kB Ôöé gzip:   2.20 kB
#13 60.31 ../dist/public/assets/OrgCreateContract-BcXLZXAP.js              7.33 kB Ôöé gzip:   2.14 kB
#13 60.31 ../dist/public/assets/Signup-CJCrVHPK.js                         7.36 kB Ôöé gzip:   2.29 kB
#13 60.31 ../dist/public/assets/ChartOfAccountsHierarchy-DqnaxqzK.js       7.45 kB Ôöé gzip:   2.02 kB
#13 60.31 ../dist/public/assets/ExpenseBudgetReport-BAf_5i0b.js            7.51 kB Ôöé gzip:   2.64 kB
#13 60.31 ../dist/public/assets/OrgHR-CqUr3Cuo.js                          7.51 kB Ôöé gzip:   2.39 kB
#13 60.31 ../dist/public/assets/OrgCreateProject-5sXngxUd.js               7.53 kB Ôöé gzip:   2.41 kB
#13 60.31 ../dist/public/assets/Warehouses-BpJ0Ectc.js                     7.54 kB Ôöé gzip:   2.30 kB
#13 60.31 ../dist/public/assets/SystemHealth-DsS1r8bT.js                   7.56 kB Ôöé gzip:   1.75 kB
#13 60.31 ../dist/public/assets/HRAnalyticsPage-CFJU_Tc7.js                7.57 kB Ôöé gzip:   2.07 kB
#13 60.31 ../dist/public/assets/Products-DGwhNvqg.js                       7.68 kB Ôöé gzip:   2.64 kB
#13 60.31 ../dist/public/assets/OrgProducts-DOZ42xVA.js                    7.68 kB Ôöé gzip:   2.64 kB
#13 60.31 ../dist/public/assets/locations-CtzeVEdQ.js                      7.69 kB Ôöé gzip:   2.76 kB
#13 60.31 ../dist/public/assets/AllowancesDeductions-CwtFANcp.js           7.70 kB Ôöé gzip:   2.37 kB
#13 60.31 ../dist/public/assets/TermsAndConditions-CAfQYFRM.js             7.76 kB Ôöé gzip:   2.64 kB
#13 60.31 ../dist/public/assets/LeaveManagement-DaO1vIFF.js                7.77 kB Ôöé gzip:   2.50 kB
#13 60.31 ../dist/public/assets/Contact-CCl71N9F.js                        7.77 kB Ôöé gzip:   2.77 kB
#13 60.31 ../dist/public/assets/HR-DtlHmtFI.js                             7.79 kB Ôöé gzip:   2.51 kB
#13 60.31 ../dist/public/assets/ProposalTemplates-ChE1lHmr.js              7.79 kB Ôöé gzip:   2.50 kB
#13 60.31 ../dist/public/assets/OrgWorkOrderDetail-D-DznnoL.js             7.80 kB Ôöé gzip:   1.95 kB
#13 60.31 ../dist/public/assets/EditService-ByQw3aEp.js                    7.85 kB Ôöé gzip:   2.55 kB
#13 60.31 ../dist/public/assets/OrgEditService-Dxu87YT5.js                 7.85 kB Ôöé gzip:   2.55 kB
#13 60.31 ../dist/public/assets/PayrollDetails-D6tMexJA.js                 7.88 kB Ôöé gzip:   2.05 kB
#13 60.31 ../dist/public/assets/OrgPayrollDetails-CRc2F8zq.js              7.88 kB Ôöé gzip:   2.05 kB
#13 60.31 ../dist/public/assets/DisciplinaryRecords-BO2qvE0K.js            7.88 kB Ôöé gzip:   2.43 kB
#13 60.31 ../dist/public/assets/OrgCRM-MkJzKkGF.js                         7.93 kB Ôöé gzip:   2.50 kB
#13 60.31 ../dist/public/assets/HRAdminDashboard-BG4HhNP_.js               7.95 kB Ôöé gzip:   2.35 kB
#13 60.31 ../dist/public/assets/OrgEditProject-CmdbRBGZ.js                 7.99 kB Ôöé gzip:   2.35 kB
#13 60.31 ../dist/public/assets/EditCreditNote-ChlpEZUC.js                 8.00 kB Ôöé gzip:   2.59 kB
#13 60.31 ../dist/public/assets/OrgEditCreditNote-3sneqjis.js              8.00 kB Ôöé gzip:   2.59 kB
#13 60.31 ../dist/public/assets/FinancialDashboard-BLo8yuRl.js             8.03 kB Ôöé gzip:   2.55 kB
#13 60.31 ../dist/public/assets/Accounting-CxMx5JL0.js                     8.04 kB Ôöé gzip:   2.56 kB
#13 60.31 ../dist/public/assets/OrgFinancialDashboard-C7nVC2M-.js          8.05 kB Ôöé gzip:   2.52 kB
#13 60.31 ../dist/public/assets/ContractTemplates-C7yxR2zX.js              8.11 kB Ôöé gzip:   2.58 kB
#13 60.31 ../dist/public/assets/OrgContractTemplates-Crxv5M-v.js           8.11 kB Ôöé gzip:   2.58 kB
#13 60.31 ../dist/public/assets/UserGuide-CwidGIi4.js                      8.15 kB Ôöé gzip:   3.04 kB
#13 60.31 ../dist/public/assets/PerformanceReviews-DM-3XfE6.js             8.18 kB Ôöé gzip:   2.64 kB
#13 60.31 ../dist/public/assets/OrgPerformanceReviews-Dcy7tuHb.js          8.18 kB Ôöé gzip:   2.64 kB
#13 60.31 ../dist/public/assets/TaskDetails-BnrveYOm.js                    8.21 kB Ôöé gzip:   2.23 kB
#13 60.31 ../dist/public/assets/OrgProjects-CtijH-Cl.js                    8.25 kB Ôöé gzip:   2.71 kB
#13 60.31 ../dist/public/assets/Notes-DtAdk1Wp.js                          8.38 kB Ôöé gzip:   2.71 kB
#13 60.31 ../dist/public/assets/IntegrationGuides-CSK8-LLV.js              8.55 kB Ôöé gzip:   3.17 kB
#13 60.31 ../dist/public/assets/EstimateDetails-DARI8o9E.js                8.77 kB Ôöé gzip:   2.73 kB
#13 60.31 ../dist/public/assets/AccountingManagement-C__S2aIy.js           8.81 kB Ôöé gzip:   2.32 kB
#13 60.31 ../dist/public/assets/UiElements-Ai5Xc6w4.js                     8.86 kB Ôöé gzip:   2.86 kB
#13 60.31 ../dist/public/assets/AssetManagement-BO47LiAi.js                8.90 kB Ôöé gzip:   2.80 kB
#13 60.31 ../dist/public/assets/CSVImportExport-DYO5UWoV.js                8.90 kB Ôöé gzip:   3.02 kB
#13 60.31 ../dist/public/assets/EnhancedReceiptManagement-DwSehuFg.js      8.91 kB Ôöé gzip:   3.16 kB
#13 60.31 ../dist/public/assets/LeadsDetails-DNdD4L5z.js                   8.93 kB Ôöé gzip:   2.53 kB
#13 60.31 ../dist/public/assets/OverduePayments-DbUrwt-O.js                8.98 kB Ôöé gzip:   2.63 kB
#13 60.31 ../dist/public/assets/Payments-DsG4PcZ5.js                       9.04 kB Ôöé gzip:   3.33 kB
#13 60.31 ../dist/public/assets/OrgPayments-KXhvu5vj.js                    9.04 kB Ôöé gzip:   3.33 kB
#13 60.31 ../dist/public/assets/ActivityTrail-_hu5barQ.js                  9.05 kB Ôöé gzip:   2.70 kB
#13 60.31 ../dist/public/assets/RecurringInvoices-DRmTQRpT.js              9.06 kB Ôöé gzip:   2.76 kB
#13 60.31 ../dist/public/assets/CreateCreditNote-DBgDED96.js               9.08 kB Ôöé gzip:   2.82 kB
#13 60.31 ../dist/public/assets/OrgCreateCreditNote-C_SPVrdq.js            9.08 kB Ôöé gzip:   2.82 kB
#13 60.31 ../dist/public/assets/PaymentReconciliation-JMraJWgV.js          9.20 kB Ôöé gzip:   2.93 kB
#13 60.31 ../dist/public/assets/PrivacyPolicy-eOHgWjOL.js                  9.21 kB Ôöé gzip:   2.83 kB
#13 60.31 ../dist/public/assets/PayrollApprovals-Bpu4jQ55.js               9.21 kB Ôöé gzip:   2.71 kB
#13 60.31 ../dist/public/assets/Opportunities-DD1l0hU4.js                  9.23 kB Ôöé gzip:   3.27 kB
#13 60.31 ../dist/public/assets/BillingDashboard-9RwguH_w.js               9.30 kB Ôöé gzip:   3.15 kB
#13 60.31 ../dist/public/assets/DepartmentPayrollReports-CeMOWI0C.js       9.31 kB Ôöé gzip:   2.96 kB
#13 60.31 ../dist/public/assets/Quotes-DSaDyRM3.js                         9.34 kB Ôöé gzip:   3.38 kB
#13 60.31 ../dist/public/assets/HRAnalytics-BRU_HujO.js                    9.37 kB Ôöé gzip:   2.73 kB
#13 60.32 ../dist/public/assets/About-DTMrq6C7.js                          9.44 kB Ôöé gzip:   3.53 kB
#13 60.32 ../dist/public/assets/OrgPricing-O0EXdGRC.js                     9.50 kB Ôöé gzip:   3.40 kB
#13 60.32 ../dist/public/assets/CreatePayment-lhmv7f-F.js                  9.56 kB Ôöé gzip:   3.02 kB
#13 60.32 ../dist/public/assets/OrgTicketDetail-CWm-g3oO.js                9.59 kB Ôöé gzip:   2.25 kB
#13 60.32 ../dist/public/assets/OrgInventory-C9-mDPby.js                   9.60 kB Ôöé gzip:   3.07 kB
#13 60.32 ../dist/public/assets/OrgDeliveryNotes-B19vou0_.js               9.72 kB Ôöé gzip:   3.29 kB
#13 60.32 ../dist/public/assets/Onboarding-B9Qw8BWO.js                     9.81 kB Ôöé gzip:   2.79 kB
#13 60.32 ../dist/public/assets/DeliveryNotes-CZ-saOYq.js                  9.81 kB Ôöé gzip:   3.31 kB
#13 60.32 ../dist/public/assets/EditUser-VkhMv1Jh.js                       9.84 kB Ôöé gzip:   2.98 kB
#13 60.32 ../dist/public/assets/CommunicationDetails-4oyqmT0O.js           9.88 kB Ôöé gzip:   2.86 kB
#13 60.32 ../dist/public/assets/AdminCronJobs-CYwukvuu.js                  9.89 kB Ôöé gzip:   3.18 kB
#13 60.32 ../dist/public/assets/ProjectMilestones-CkZczORc.js              9.97 kB Ôöé gzip:   2.98 kB
#13 60.32 ../dist/public/assets/Estimates-DyIzncPi.js                      9.98 kB Ôöé gzip:   3.65 kB
#13 60.32 ../dist/public/assets/CreateUser-Cy62sefe.js                    10.02 kB Ôöé gzip:   3.21 kB
#13 60.32 ../dist/public/assets/Expenses-DP8OhScO.js                      10.04 kB Ôöé gzip:   3.50 kB
#13 60.32 ../dist/public/assets/OrgExpenses-BvpXVXJ9.js                   10.04 kB Ôöé gzip:   3.50 kB
#13 60.32 ../dist/public/assets/Inventory-BgqaENDg.js                     10.08 kB Ôöé gzip:   3.24 kB
#13 60.32 ../dist/public/assets/Receipts-CVslaogu.js                      10.14 kB Ôöé gzip:   3.58 kB
#13 60.32 ../dist/public/assets/ClientForm-lfVEeips.js                    10.15 kB Ôöé gzip:   2.41 kB
#13 60.32 ../dist/public/assets/OrgExpenseDetail-DD3gX_MF.js              10.25 kB Ôöé gzip:   2.76 kB
#13 60.32 ../dist/public/assets/AccountantDashboard-D4V2rFmt.js           10.26 kB Ôöé gzip:   3.09 kB
#13 60.32 ../dist/public/assets/Integrations-Cp3UOrXW.js                  10.33 kB Ôöé gzip:   3.08 kB
#13 60.32 ../dist/public/assets/HRAutomation-DRWRLBt4.js                  10.33 kB Ôöé gzip:   2.79 kB
#13 60.32 ../dist/public/assets/PaymentReports-DjaegWma.js                10.37 kB Ôöé gzip:   2.97 kB
#13 60.32 ../dist/public/assets/SupplierForm-DX0dlgoX.js                  10.38 kB Ôöé gzip:   2.71 kB
#13 60.32 ../dist/public/assets/HRAnalyticsDashboard-CqXj30uA.js          10.39 kB Ôöé gzip:   2.76 kB
#13 60.32 ../dist/public/assets/OrgEstimates-BgOn89TW.js                  10.40 kB Ôöé gzip:   3.75 kB
#13 60.32 ../dist/public/assets/PaymentPlans-Cni2p9nF.js                  10.48 kB Ôöé gzip:   3.21 kB
#13 60.32 ../dist/public/assets/GlobalSettings-CmAr54w9.js                10.48 kB Ôöé gzip:   3.02 kB
#13 60.32 ../dist/public/assets/ReportBuilder-xqtAvXSi.js                 10.49 kB Ôöé gzip:   2.77 kB
#13 60.32 ../dist/public/assets/OrgReceipts-Bsl284H-.js                   10.57 kB Ôöé gzip:   3.67 kB
#13 60.32 ../dist/public/assets/CreateServiceTemplate-Bid3Z2ND.js         10.58 kB Ôöé gzip:   2.98 kB
#13 60.32 ../dist/public/assets/GRN-CX-iM0Dw.js                           10.58 kB Ôöé gzip:   3.32 kB
#13 60.32 ../dist/public/assets/OrgGRN-BKBbKrJ0.js                        10.58 kB Ôöé gzip:   3.31 kB
#13 60.32 ../dist/public/assets/CreateProject-Vb-SVGDZ.js                 10.64 kB Ôöé gzip:   3.29 kB
#13 60.32 ../dist/public/assets/OrgQuotations-0on_C5pR.js                 10.64 kB Ôöé gzip:   3.55 kB
#13 60.32 ../dist/public/assets/CannedResponses-DfTFC6zE.js               10.64 kB Ôöé gzip:   3.08 kB
#13 60.32 ../dist/public/assets/OrgCannedResponses-noXt14sS.js            10.64 kB Ôöé gzip:   3.08 kB
#13 60.32 ../dist/public/assets/BudgetDetail-DucCVxbK.js                  10.67 kB Ôöé gzip:   3.34 kB
#13 60.32 ../dist/public/assets/OrgBudgetDetail-Dchgm1fc.js               10.67 kB Ôöé gzip:   3.34 kB
#13 60.32 ../dist/public/assets/DashboardHome-BxJcbqhs.js                 10.69 kB Ôöé gzip:   3.10 kB
#13 60.32 ../dist/public/assets/EditPayment-BATdcrVt.js                   10.73 kB Ôöé gzip:   3.21 kB
#13 60.32 ../dist/public/assets/OrgEditPayment-EWYwwaWY.js                10.73 kB Ôöé gzip:   3.21 kB
#13 60.32 ../dist/public/assets/CreateOpportunity-DyMmgyM6.js             10.80 kB Ôöé gzip:   3.26 kB
#13 60.32 ../dist/public/assets/EmployeeContracts-BT_jffVJ.js             10.82 kB Ôöé gzip:   2.61 kB
#13 60.32 ../dist/public/assets/TenantCommunications-16hzrHaI.js          10.84 kB Ôöé gzip:   3.11 kB
#13 60.32 ../dist/public/assets/EditPayroll-DlYGL6m_.js                   10.90 kB Ôöé gzip:   3.18 kB
#13 60.32 ../dist/public/assets/OrgEditPayroll-DC7NI6jn.js                10.90 kB Ôöé gzip:   3.18 kB
#13 60.32 ../dist/public/assets/Payslips-k8Vw3Yep.js                      10.93 kB Ôöé gzip:   3.27 kB
#13 60.32 ../dist/public/assets/OrgDashboardHome-jBTtXu51.js              11.03 kB Ôöé gzip:   3.28 kB
#13 60.32 ../dist/public/assets/ProcurementLPOs-CeAPc6c0.js               11.03 kB Ôöé gzip:   3.00 kB
#13 60.32 ../dist/public/assets/LPOs-CzBRQGY0.js                          11.09 kB Ôöé gzip:   4.03 kB
#13 60.32 ../dist/public/assets/MaintenanceAdmin-BtdcrNgv.js              11.13 kB Ôöé gzip:   3.37 kB
#13 60.32 ../dist/public/assets/CustomReportBuilder-BNndyLTe.js           11.16 kB Ôöé gzip:   3.31 kB
#13 60.32 ../dist/public/assets/Quotations-BseKO-xf.js                    11.23 kB Ôöé gzip:   3.73 kB
#13 60.32 ../dist/public/assets/TimeTracking-BS_SztpV.js                  11.30 kB Ôöé gzip:   3.34 kB
#13 60.32 ../dist/public/assets/ContractManagement-C8ipHkT-.js            11.36 kB Ôöé gzip:   3.28 kB
#13 60.32 ../dist/public/assets/OrgLPOs-8rLWUh7m.js                       11.37 kB Ôöé gzip:   4.07 kB
#13 60.32 ../dist/public/assets/OrgProjectDetail-Dnl_7e4-.js              11.44 kB Ôöé gzip:   3.61 kB
#13 60.32 ../dist/public/assets/OrgContacts-EQBkC3dv.js                   11.45 kB Ôöé gzip:   3.67 kB
#13 60.32 ../dist/public/assets/QuoteDetails-aKTbFjjc.js                  11.46 kB Ôöé gzip:   3.15 kB
#13 60.32 ../dist/public/assets/Suppliers-CbZUr6OP.js                     11.49 kB Ôöé gzip:   4.20 kB
#13 60.32 ../dist/public/assets/Contacts-7WQ-I-xj.js                      11.52 kB Ôöé gzip:   3.70 kB
#13 60.32 ../dist/public/assets/ProcurementImprests-68K5qVeR.js           11.60 kB Ôöé gzip:   2.85 kB
#13 60.32 ../dist/public/assets/SystemSettings-BTqPWxEQ.js                11.62 kB Ôöé gzip:   3.18 kB
#13 60.32 ../dist/public/assets/EnterpriseTenantsManagement-D_oTRkkN.js   11.63 kB Ôöé gzip:   3.31 kB
#13 60.32 ../dist/public/assets/FileManager-B-70BCCi.js                   11.68 kB Ôöé gzip:   4.02 kB
#13 60.32 ../dist/public/assets/KPITracking-BwdtsnTG.js                   11.69 kB Ôöé gzip:   3.11 kB
#13 60.32 ../dist/public/assets/EnhancedChangePassword-wccSsq1H.js        11.73 kB Ôöé gzip:   2.95 kB
#13 60.32 ../dist/public/assets/UnifiedLanding-uXcUjBFU.js                11.89 kB Ôöé gzip:   3.15 kB
#13 60.32 ../dist/public/assets/WorkflowAutomation-CgpWYoTh.js            11.97 kB Ôöé gzip:   3.37 kB
#13 60.32 ../dist/public/assets/Training-CIyZ5gf0.js                      11.99 kB Ôöé gzip:   3.42 kB
#13 60.32 ../dist/public/assets/SubscriptionDetails-CkpjPPnA.js           12.04 kB Ôöé gzip:   2.92 kB
#13 60.32 ../dist/public/assets/CustomerPortal-Bx595xyU.js                12.06 kB Ôöé gzip:   2.91 kB
#13 60.32 ../dist/public/assets/RecurringExpenses-DNWfgo0S.js             12.15 kB Ôöé gzip:   3.77 kB
#13 60.32 ../dist/public/assets/OrganizationUsersManagement-DEuKcjsv.js   12.18 kB Ôöé gzip:   3.45 kB
#13 60.32 ../dist/public/assets/SalesPipeline-CB--fxor.js                 12.22 kB Ôöé gzip:   3.62 kB
#13 60.32 ../dist/public/assets/OrgSalesPipeline-BH0SnTqq.js              12.22 kB Ôöé gzip:   3.62 kB
#13 60.32 ../dist/public/assets/Projects-DUn8YIzP.js                      12.26 kB Ôöé gzip:   3.62 kB
#13 60.32 ../dist/public/assets/ServiceDetails-DgKI4bmk.js                12.27 kB Ôöé gzip:   3.17 kB
#13 60.32 ../dist/public/assets/Demo-5HNFLn--.js                          12.37 kB Ôöé gzip:   3.80 kB
#13 60.32 ../dist/public/assets/Features-myvy8Lpb.js                      12.65 kB Ôöé gzip:   4.43 kB
#13 60.32 ../dist/public/assets/OrgTimesheets-BE0PDXET.js                 12.84 kB Ôöé gzip:   3.87 kB
#13 60.32 ../dist/public/assets/Timesheets-BIwCGFRx.js                    12.84 kB Ôöé gzip:   3.87 kB
#13 60.32 ../dist/public/assets/NotificationCenter-CIiJGnVH.js            12.87 kB Ôöé gzip:   3.33 kB
#13 60.32 ../dist/public/assets/Account-UCvXOqr4.js                       12.87 kB Ôöé gzip:   3.34 kB
#13 60.32 ../dist/public/assets/ExecutiveDashboard-cV0p105i.js            12.88 kB Ôöé gzip:   3.37 kB
#13 60.33 ../dist/public/assets/OrgJobGroups-BJvgK-e9.js                  12.95 kB Ôöé gzip:   3.43 kB
#13 60.33 ../dist/public/assets/ReceiptDetails-CDCySikf.js                13.06 kB Ôöé gzip:   3.43 kB
#13 60.33 ../dist/public/assets/Proposals-WZTh85FH.js                     13.11 kB Ôöé gzip:   4.02 kB
#13 60.33 ../dist/public/assets/OrgProposals-Ck4tgGy8.js                  13.11 kB Ôöé gzip:   4.02 kB
#13 60.33 ../dist/public/assets/OrgDashboard-BcbsphM4.js                  13.20 kB Ôöé gzip:   3.90 kB
#13 60.33 ../dist/public/assets/ProcurementOrders-BEoj6guu.js             13.25 kB Ôöé gzip:   3.29 kB
#13 60.33 ../dist/public/assets/Recruitment-CreriHab.js                   13.36 kB Ôöé gzip:   3.23 kB
#13 60.33 ../dist/public/assets/EditProject-P-1h1g7C.js                   13.42 kB Ôöé gzip:   3.93 kB
#13 60.33 ../dist/public/assets/OrgSuppliers-C_SKRv9c.js                  13.43 kB Ôöé gzip:   4.43 kB
#13 60.33 ../dist/public/assets/OrgLeads-DN9gDtND.js                      13.45 kB Ôöé gzip:   3.75 kB
#13 60.33 ../dist/public/assets/OrgTasks-Baz6YSx7.js                      13.45 kB Ôöé gzip:   3.79 kB
#13 60.33 ../dist/public/assets/Tasks-BlXLVpbv.js                         13.45 kB Ôöé gzip:   3.79 kB
#13 60.33 ../dist/public/assets/Leads-CMpwfiA-.js                         13.45 kB Ôöé gzip:   3.75 kB
#13 60.33 ../dist/public/assets/OrgCommunications-bLhMZEXx.js             13.51 kB Ôöé gzip:   3.57 kB
#13 60.33 ../dist/public/assets/ChartOfAccounts-B5v4tPqH.js               13.59 kB Ôöé gzip:   4.09 kB
#13 60.33 ../dist/public/assets/OrgChartOfAccounts-bYTaK4FZ.js            13.59 kB Ôöé gzip:   4.09 kB
#13 60.33 ../dist/public/assets/CreatePayroll-D-CpBPPE.js                 13.64 kB Ôöé gzip:   3.11 kB
#13 60.33 ../dist/public/assets/OrgCreatePayroll-BB9BKCU0.js              13.64 kB Ôöé gzip:   3.11 kB
#13 60.33 ../dist/public/assets/ExpensesDetails-s7H1TZd9.js               13.64 kB Ôöé gzip:   3.97 kB
#13 60.33 ../dist/public/assets/Tickets--5xGB8dI.js                       13.65 kB Ôöé gzip:   4.14 kB
#13 60.33 ../dist/public/assets/OrgTickets-DU8VCe4m.js                    13.65 kB Ôöé gzip:   4.14 kB
#13 60.33 ../dist/public/assets/TroubleshootingGuide-zNq4SLGo.js          13.85 kB Ôöé gzip:   4.85 kB
#13 60.33 ../dist/public/assets/BackupRestore-DRFlYOIC.js                 13.89 kB Ôöé gzip:   3.27 kB
#13 60.33 ../dist/public/assets/OrgBilling-CqFdhUVB.js                    13.94 kB Ôöé gzip:   4.04 kB
#13 60.33 ../dist/public/assets/ProfessionalBudgeting-DKJR2XrV.js         13.96 kB Ôöé gzip:   3.99 kB
#13 60.33 ../dist/public/assets/Pricing-CxcWzu8I.js                       14.21 kB Ôöé gzip:   4.56 kB
#13 60.33 ../dist/public/assets/Imprests-Dx-HXLRT.js                      14.33 kB Ôöé gzip:   4.62 kB
#13 60.33 ../dist/public/assets/KenyanPayrollCalculator-mH_QAxzA.js       14.57 kB Ôöé gzip:   3.72 kB
#13 60.33 ../dist/public/assets/OrgImprests-DqsmbS1B.js                   14.63 kB Ôöé gzip:   4.67 kB
#13 60.33 ../dist/public/assets/ThemeCustomization-CLo0W1XV.js            14.81 kB Ôöé gzip:   3.82 kB
#13 60.33 ../dist/public/assets/Roles-XV077k3c.js                         15.06 kB Ôöé gzip:   3.60 kB
#13 60.33 ../dist/public/assets/Payroll-D7Mj3jjS.js                       15.06 kB Ôöé gzip:   4.15 kB
#13 60.33 ../dist/public/assets/OrgPayroll-DFxta5KR.js                    15.06 kB Ôöé gzip:   4.15 kB
#13 60.33 ../dist/public/assets/Clients-BYw2nP5R.js                       15.13 kB Ôöé gzip:   4.54 kB
#13 60.33 ../dist/public/assets/Communications-Cd47tbTo.js                15.14 kB Ôöé gzip:   4.33 kB
#13 60.33 ../dist/public/assets/SupplierDetails-DXr7Hs1M.js               15.21 kB Ôöé gzip:   3.26 kB
#13 60.33 ../dist/public/assets/JobGroupDetails-BptpO52d.js               15.38 kB Ôöé gzip:   4.17 kB
#13 60.33 ../dist/public/assets/Forecasting-BDdo6OqY.js                   15.44 kB Ôöé gzip:   3.58 kB
#13 60.33 ../dist/public/assets/OrgForecasting-CzVZ0jR-.js                15.44 kB Ôöé gzip:   3.58 kB
#13 60.33 ../dist/public/assets/OrgInvoices-B_ATZl2Q.js                   15.99 kB Ôöé gzip:   5.03 kB
#13 60.33 ../dist/public/assets/Invoices-CnPvU5oc.js                      16.05 kB Ôöé gzip:   5.07 kB
#13 60.33 ../dist/public/assets/ClientPortal-D2PkD0HW.js                  16.08 kB Ôöé gzip:   4.04 kB
#13 60.33 ../dist/public/assets/JobGroups-B7u8hKHk.js                     16.21 kB Ôöé gzip:   3.90 kB
#13 60.33 ../dist/public/assets/DepartmentDetails-DaCc1Not.js             16.39 kB Ôöé gzip:   4.31 kB
#13 60.33 ../dist/public/assets/OrgDepartmentDetails-pexW3kUp.js          16.39 kB Ôöé gzip:   4.31 kB
#13 60.33 ../dist/public/assets/OrgKnowledgeBase-DukkqHuI.js              16.40 kB Ôöé gzip:   4.26 kB
#13 60.33 ../dist/public/assets/KnowledgeBase-DT5UNhow.js                 16.40 kB Ôöé gzip:   4.26 kB
#13 60.33 ../dist/public/assets/OrgClientDetail-B_vTq0hh.js               16.62 kB Ôöé gzip:   4.35 kB
#13 60.33 ../dist/public/assets/Orders-DWNmjN3b.js                        16.74 kB Ôöé gzip:   4.94 kB
#13 60.33 ../dist/public/assets/OrgOrders-Bj6zgGgu.js                     16.74 kB Ôöé gzip:   4.94 kB
#13 60.33 ../dist/public/assets/SuperAdminDashboard-C-YSWH5g.js           16.89 kB Ôöé gzip:   4.48 kB
#13 60.33 ../dist/public/assets/WebsiteFooter-irRMlR3a.js                 16.93 kB Ôöé gzip:   4.60 kB
#13 60.33 ../dist/public/assets/AdminDashboard-OXbuGgNB.js                16.98 kB Ôöé gzip:   4.03 kB
#13 60.33 ../dist/public/assets/DocumentManagement-Du0R-AKv.js            17.04 kB Ôöé gzip:   4.84 kB
#13 60.34 ../dist/public/assets/Subscriptions-BHoEReLm.js                 17.14 kB Ôöé gzip:   4.29 kB
#13 60.34 ../dist/public/assets/StaffDashboard-BBvWsUmJ.js                17.27 kB Ôöé gzip:   4.33 kB
#13 60.34 ../dist/public/assets/BackupManagement-vT6y769G.js              17.31 kB Ôöé gzip:   4.83 kB
#13 60.34 ../dist/public/assets/documentTemplate-C1To6Bzg.js              17.35 kB Ôöé gzip:   4.20 kB
#13 60.34 ../dist/public/assets/BecomeAPartner-CpMrpdLR.js                17.41 kB Ôöé gzip:   5.29 kB
#13 60.34 ../dist/public/assets/AccountSettings-BnUomJgR.js               18.19 kB Ôöé gzip:   4.47 kB
#13 60.34 ../dist/public/assets/AIHub-IRESJowE.js                         18.65 kB Ôöé gzip:   4.64 kB
#13 60.34 ../dist/public/assets/CustomHomepageBuilder-CKfbbIwK.js         18.87 kB Ôöé gzip:   5.08 kB
#13 60.34 ../dist/public/assets/BrandCustomization-D8kw_aYn.js            18.93 kB Ôöé gzip:   4.36 kB
#13 60.34 ../dist/public/assets/BookADemo-BsVbsrby.js                     19.11 kB Ôöé gzip:   5.12 kB
#13 60.34 ../dist/public/assets/EditExpense-lURv4wB6.js                   19.35 kB Ôöé gzip:   5.26 kB
#13 60.34 ../dist/public/assets/OrgEditExpense-DqWyJp7V.js                19.35 kB Ôöé gzip:   5.26 kB
#13 60.34 ../dist/public/assets/Approvals-BHHl4IYq.js                     19.97 kB Ôöé gzip:   4.90 kB
#13 60.34 ../dist/public/assets/OrgApprovals-DohQ9ub9.js                  19.97 kB Ôöé gzip:   4.90 kB
#13 60.34 ../dist/public/assets/CreateEmployee-DjZ2sEc2.js                20.76 kB Ôöé gzip:   5.05 kB
#13 60.34 ../dist/public/assets/OrgReports-B2suWI-L.js                    20.77 kB Ôöé gzip:   5.26 kB
#13 60.34 ../dist/public/assets/OrgStaffChat-DJQQcpmo.js                  20.90 kB Ôöé gzip:   6.40 kB
#13 60.34 ../dist/public/assets/ICTDashboard-CEYWXymA.js                  21.11 kB Ôöé gzip:   5.16 kB
#13 60.34 ../dist/public/assets/EditEmployee-CHL2BobC.js                  21.17 kB Ôöé gzip:   5.00 kB
#13 60.34 ../dist/public/assets/SuperAdminPricingTiers-MxiC-Z48.js        21.43 kB Ôöé gzip:   5.20 kB
#13 60.34 ../dist/public/assets/HRPayrollManagement-BP8IFmoG.js           21.46 kB Ôöé gzip:   5.04 kB
#13 60.34 ../dist/public/assets/PayslipManagement-EKzTmiH_.js             21.67 kB Ôöé gzip:   6.93 kB
#13 60.34 ../dist/public/assets/DocumentForm-BraW-JZ8.js                  21.87 kB Ôöé gzip:   5.90 kB
#13 60.34 ../dist/public/assets/CreateExpense-_3BTMUVM.js                 22.03 kB Ôöé gzip:   6.09 kB
#13 60.34 ../dist/public/assets/OrgCreateExpense-lkusL5pm.js              22.03 kB Ôöé gzip:   6.09 kB
#13 60.34 ../dist/public/assets/Employees-Bl5_x7_2.js                     22.08 kB Ôöé gzip:   5.81 kB
#13 60.34 ../dist/public/assets/OrgEmployees-C7xBLOXA.js                  22.08 kB Ôöé gzip:   5.81 kB
#13 60.34 ../dist/public/assets/Checkout-DTbS4mQG.js                      23.41 kB Ôöé gzip:   7.82 kB
#13 60.34 ../dist/public/assets/InvoiceDetails-BSBuD8UH.js                23.48 kB Ôöé gzip:   6.05 kB
#13 60.34 ../dist/public/assets/FeatureDetail-p9bdOYrO.js                 23.79 kB Ôöé gzip:   7.47 kB
#13 60.34 ../dist/public/assets/StaffChat-BgPYcTJA.js                     24.37 kB Ôöé gzip:   7.01 kB
#13 60.34 ../dist/public/assets/date-utils-COA5zMcC.js                    25.29 kB Ôöé gzip:   7.51 kB
#13 60.34 ../dist/public/assets/Reports-B2NVsV7t.js                       25.84 kB Ôöé gzip:   6.59 kB
#13 60.34 ../dist/public/assets/purify.es-4eNOHKSq.js                     28.74 kB Ôöé gzip:  11.02 kB
#13 60.34 ../dist/public/assets/CreateCommunication-B_WZYhB7.js           30.73 kB Ôöé gzip:  10.18 kB
#13 60.34 ../dist/public/assets/HRDashboard-_lce8re-.js                   30.93 kB Ôöé gzip:   6.60 kB
#13 60.34 ../dist/public/assets/ClientDetails-BbscDaqB.js                 31.37 kB Ôöé gzip:   6.57 kB
#13 60.34 ../dist/public/assets/DocumentTemplates-B2EIvknA.js             31.39 kB Ôöé gzip:   6.59 kB
#13 60.34 ../dist/public/assets/pdfGenerator-CNctzTld.js                  37.65 kB Ôöé gzip:  11.12 kB
#13 60.34 ../dist/public/assets/RichTextEditor-CUOgM-zP.js                37.96 kB Ôöé gzip:   8.43 kB
#13 60.34 ../dist/public/assets/LandingPage-53sZx7tw.js                   38.07 kB Ôöé gzip:  10.10 kB
#13 60.34 ../dist/public/assets/OrgEmployeeDetails-hAjmD_vQ.js            41.96 kB Ôöé gzip:   8.45 kB
#13 60.34 ../dist/public/assets/AdminManagement-D9CxCdYS.js               42.17 kB Ôöé gzip:   9.95 kB
#13 60.34 ../dist/public/assets/EmployeeDetails-qRXjYBlW.js               42.71 kB Ôöé gzip:   8.54 kB
#13 60.34 ../dist/public/assets/OrgLayout-BPZd2qBZ.js                     44.25 kB Ôöé gzip:  11.10 kB
#13 60.34 ../dist/public/assets/ProjectDetails-CQBv9T3V.js                45.29 kB Ôöé gzip:   9.42 kB
#13 60.34 ../dist/public/assets/AdminEmailTemplates-1ybWSBIS.js           51.49 kB Ôöé gzip:  12.43 kB
#13 60.34 ../dist/public/assets/lucide-react-BFIjfoL5.js                  61.58 kB Ôöé gzip:  18.04 kB
#13 60.34 ../dist/public/assets/DocumentBlockEditor-CH2d9cMb.js           68.90 kB Ôöé gzip:  15.76 kB
#13 60.34 ../dist/public/assets/MultiTenancy-D4fRvbsl.js                  69.67 kB Ôöé gzip:  13.95 kB
#13 60.34 ../dist/public/assets/CreateQuote-D9jNMvxU.js                   71.71 kB Ôöé gzip:  19.54 kB
#13 60.34 ../dist/public/assets/WebsiteAdmin-C2XcmhZx.js                  80.43 kB Ôöé gzip:  15.29 kB
#13 60.34 ../dist/public/assets/api-client-BvX2riSn.js                    81.61 kB Ôöé gzip:  22.27 kB
#13 60.34 ../dist/public/assets/index.es-Dh6BY6gj.js                     158.79 kB Ôöé gzip:  53.05 kB
#13 60.34 ../dist/public/assets/html2canvas-DXEQVQnt.js                  201.04 kB Ôöé gzip:  47.43 kB
#13 60.34 ../dist/public/assets/Settings-QYpuGoa7.js                     284.76 kB Ôöé gzip:  53.89 kB
#13 60.34 ../dist/public/assets/vendor-react-ui-BcLy8Tpi.js              314.57 kB Ôöé gzip: 100.19 kB
#13 60.34 ../dist/public/assets/OrgSettings-C921N5is.js                  326.36 kB Ôöé gzip:  65.40 kB
#13 60.34 ../dist/public/assets/jspdf.es.min-SLKDxdoM.js                 384.80 kB Ôöé gzip: 125.62 kB
#13 60.34 ../dist/public/assets/rich-editor-DQKc7IGv.js                  414.84 kB Ôöé gzip: 130.90 kB
#13 60.34 ../dist/public/assets/xlsx-BojT3SgY.js                         424.38 kB Ôöé gzip: 141.60 kB
#13 60.34 ../dist/public/assets/index-BjcrPWn8.js                        874.64 kB Ôöé gzip: 224.42 kB
#13 60.36 Ô£ô built in 48.63s
#13 61.37 
#13 61.37   dist/index.js  3.6mb ÔÜá´©Å
#13 61.37 
#13 61.37 ÔÜí Done in 146ms
#13 DONE 62.1s

#14 [9/9] RUN chmod +x /app/docker/entrypoint.sh
#14 DONE 1.0s

#15 exporting to image
#15 exporting layers
#15 exporting layers 23.7s done
#15 exporting manifest sha256:e48e2da0864369babd81c011f43d05a1f9f138b956f09594c6ee2b2eab81b82b 0.1s done
#15 exporting config sha256:dd8d93accf3a2c97a366c92777d586fd8af6c9787b0a69f493c96ea90fdcdbe2 0.1s done
#15 exporting attestation manifest sha256:8c05b99e925178072eaf52cf2b3c3fafa53a09df3a4817f63ff32fbf66e3a326
#15 exporting attestation manifest sha256:8c05b99e925178072eaf52cf2b3c3fafa53a09df3a4817f63ff32fbf66e3a326 0.1s done
#15 exporting manifest list sha256:12767c226a02b29de268c346bd24316bcc32de0de419a0c7cb6fa9fe006518af
#15 exporting manifest list sha256:12767c226a02b29de268c346bd24316bcc32de0de419a0c7cb6fa9fe006518af 0.1s done
#15 naming to docker.io/library/Kiini: One Hub. Total Control-app:latest done
#15 unpacking to docker.io/library/Kiini: One Hub. Total Control-app:latest
#15 unpacking to docker.io/library/Kiini: One Hub. Total Control-app:latest 3.7s done
#15 DONE 27.9s

#16 resolving provenance for metadata file
#16 DONE 0.7s
 Image Kiini: One Hub. Total Control-app Built 
 Container Kiini: One Hub. Total Control-db-1 Running 
 Container Kiini: One Hub. Total Control-app-1 Recreate 
 Container Kiini: One Hub. Total Control-app-1 Recreated 
 Container Kiini: One Hub. Total Control-db-1 Waiting 
 Container Kiini: One Hub. Total Control-db-1 Healthy 
 Container Kiini: One Hub. Total Control-app-1 Starting 
 Container Kiini: One Hub. Total Control-app-1 Started 
