Already up to date
Done in 1.1s using pnpm v11.22.0
$ vite build && esbuild server/_core/index.ts --platform=node --packages=external --bundle --format=esm --outdir=dist
NODE_ENV=production is not supported in the .env file. Only NODE_ENV=development is supported to create a development build of your project. If you need to set process.env.NODE_ENV, you can set it in the Vite config instead.
[36mvite v7.3.1 [32mbuilding client environment for production...[36m[39m
(node:3664) [DEP0205] DeprecationWarning: `module.register()` is deprecated. Use `module.registerHooks()` instead.
(Use `node --trace-deprecation ...` to show where the warning was created)
transforming...
[32mÔ£ô[39m 3786 modules transformed.
rendering chunks...
computing gzip size...
[2m../dist/public/[22m[32mindex.html                                      [39m[1m[2m  3.94 kB[22m[1m[22m[2m Ôöé gzip:   1.63 kB[22m
[2m../dist/public/[22m[35massets/OrgSettings-Bx3OTr2t.css                 [39m[1m[2m 29.89 kB[22m[1m[22m[2m Ôöé gzip:   5.84 kB[22m
[2m../dist/public/[22m[35massets/index-CY8zV1SM.css                       [39m[1m[2m401.34 kB[22m[1m[22m[2m Ôöé gzip:  49.40 kB[22m
[2m../dist/public/[22m[36massets/trpc-DGOfIRhv.js                         [39m[1m[2m  0.07 kB[22m[1m[22m[2m Ôöé gzip:   0.09 kB[22m
[2m../dist/public/[22m[36massets/tableSort-B6IToDRb.js                    [39m[1m[2m  0.14 kB[22m[1m[22m[2m Ôöé gzip:   0.12 kB[22m
[2m../dist/public/[22m[36massets/AreaChart-DvRxKl42.js                    [39m[1m[2m  0.23 kB[22m[1m[22m[2m Ôöé gzip:   0.19 kB[22m
[2m../dist/public/[22m[36massets/LineChart-CZ6_tyWB.js                    [39m[1m[2m  0.23 kB[22m[1m[22m[2m Ôöé gzip:   0.19 kB[22m
[2m../dist/public/[22m[36massets/use-toast-Bb1XuzQ5.js                    [39m[1m[2m  0.24 kB[22m[1m[22m[2m Ôöé gzip:   0.20 kB[22m
[2m../dist/public/[22m[36massets/skeleton-wlisnufB.js                     [39m[1m[2m  0.24 kB[22m[1m[22m[2m Ôöé gzip:   0.20 kB[22m
[2m../dist/public/[22m[36massets/communications-DPNzK-66.js               [39m[1m[2m  0.27 kB[22m[1m[22m[2m Ôöé gzip:   0.21 kB[22m
[2m../dist/public/[22m[36massets/spinner-BhPfII6s.js                      [39m[1m[2m  0.28 kB[22m[1m[22m[2m Ôöé gzip:   0.22 kB[22m
[2m../dist/public/[22m[36massets/BarChart-BTZxXH9L.js                     [39m[1m[2m  0.30 kB[22m[1m[22m[2m Ôöé gzip:   0.22 kB[22m
[2m../dist/public/[22m[36massets/paymentMethods-r32LliAe.js               [39m[1m[2m  0.31 kB[22m[1m[22m[2m Ôöé gzip:   0.24 kB[22m
[2m../dist/public/[22m[36massets/collapsible-DaZGlMFo.js                  [39m[1m[2m  0.32 kB[22m[1m[22m[2m Ôöé gzip:   0.19 kB[22m
[2m../dist/public/[22m[36massets/label-tUGQPABd.js                        [39m[1m[2m  0.33 kB[22m[1m[22m[2m Ôöé gzip:   0.25 kB[22m
[2m../dist/public/[22m[36massets/useUserLookup-BR9UzDXG.js                [39m[1m[2m  0.40 kB[22m[1m[22m[2m Ôöé gzip:   0.31 kB[22m
[2m../dist/public/[22m[36massets/exportCsv-CNzVNdz4.js                    [39m[1m[2m  0.44 kB[22m[1m[22m[2m Ôöé gzip:   0.33 kB[22m
[2m../dist/public/[22m[36massets/useRequireFeature-mqcpWTiw.js            [39m[1m[2m  0.44 kB[22m[1m[22m[2m Ôöé gzip:   0.32 kB[22m
[2m../dist/public/[22m[36massets/csvGenerator-BbTLt5yV.js                 [39m[1m[2m  0.45 kB[22m[1m[22m[2m Ôöé gzip:   0.29 kB[22m
[2m../dist/public/[22m[36massets/textarea-BDxpa-Tt.js                     [39m[1m[2m  0.50 kB[22m[1m[22m[2m Ôöé gzip:   0.34 kB[22m
[2m../dist/public/[22m[36massets/useCompanyInfo-zAH5uDUO.js               [39m[1m[2m  0.52 kB[22m[1m[22m[2m Ôöé gzip:   0.36 kB[22m
[2m../dist/public/[22m[36massets/export-utils-DjlTE6GI.js                 [39m[1m[2m  0.57 kB[22m[1m[22m[2m Ôöé gzip:   0.40 kB[22m
[2m../dist/public/[22m[36massets/useOrgPermission-CANXPFHY.js             [39m[1m[2m  0.59 kB[22m[1m[22m[2m Ôöé gzip:   0.40 kB[22m
[2m../dist/public/[22m[36massets/useFavorite-DMB7-xTq.js                  [39m[1m[2m  0.59 kB[22m[1m[22m[2m Ôöé gzip:   0.36 kB[22m
[2m../dist/public/[22m[36massets/documentTemplateHelpers-CduNLrpb.js      [39m[1m[2m  0.59 kB[22m[1m[22m[2m Ôöé gzip:   0.33 kB[22m
[2m../dist/public/[22m[36massets/payslipPdf-BRw4jbjT.js                   [39m[1m[2m  0.63 kB[22m[1m[22m[2m Ôöé gzip:   0.44 kB[22m
[2m../dist/public/[22m[36massets/activityLog-B-yh0W2G.js                  [39m[1m[2m  0.75 kB[22m[1m[22m[2m Ôöé gzip:   0.36 kB[22m
[2m../dist/public/[22m[36massets/popover-Dz_b5U2d.js                      [39m[1m[2m  0.83 kB[22m[1m[22m[2m Ôöé gzip:   0.45 kB[22m
[2m../dist/public/[22m[36massets/DeleteConfirmationModal-BiTPDTXB.js      [39m[1m[2m  0.85 kB[22m[1m[22m[2m Ôöé gzip:   0.49 kB[22m
[2m../dist/public/[22m[36massets/healthScore-hLzRzKdj.js                  [39m[1m[2m  0.89 kB[22m[1m[22m[2m Ôöé gzip:   0.52 kB[22m
[2m../dist/public/[22m[36massets/switch-CMq2pXFz.js                       [39m[1m[2m  0.90 kB[22m[1m[22m[2m Ôöé gzip:   0.47 kB[22m
[2m../dist/public/[22m[36massets/checkbox-Dnu6Monl.js                     [39m[1m[2m  0.92 kB[22m[1m[22m[2m Ôöé gzip:   0.47 kB[22m
[2m../dist/public/[22m[36massets/UserSelector-DC4-cByM.js                 [39m[1m[2m  0.96 kB[22m[1m[22m[2m Ôöé gzip:   0.55 kB[22m
[2m../dist/public/[22m[36massets/CustomPage-DCkeibkT.js                   [39m[1m[2m  1.04 kB[22m[1m[22m[2m Ôöé gzip:   0.60 kB[22m
[2m../dist/public/[22m[36massets/PermissionGuard-DJ5a-9Xl.js              [39m[1m[2m  1.05 kB[22m[1m[22m[2m Ôöé gzip:   0.59 kB[22m
[2m../dist/public/[22m[36massets/EmployeeSelector-ReIxy_r_.js             [39m[1m[2m  1.10 kB[22m[1m[22m[2m Ôöé gzip:   0.62 kB[22m
[2m../dist/public/[22m[36massets/format-XyXgtmZc.js                       [39m[1m[2m  1.15 kB[22m[1m[22m[2m Ôöé gzip:   0.55 kB[22m
[2m../dist/public/[22m[36massets/Messages-SdUBpl6h.js                     [39m[1m[2m  1.18 kB[22m[1m[22m[2m Ôöé gzip:   0.64 kB[22m
[2m../dist/public/[22m[36massets/ModuleLayout-BOyXCMYQ.js                 [39m[1m[2m  1.25 kB[22m[1m[22m[2m Ôöé gzip:   0.62 kB[22m
[2m../dist/public/[22m[36massets/accordion-hnE6g8Ai.js                    [39m[1m[2m  1.27 kB[22m[1m[22m[2m Ôöé gzip:   0.62 kB[22m
[2m../dist/public/[22m[36massets/OrgAssets-CyHKTF2i.js                    [39m[1m[2m  1.28 kB[22m[1m[22m[2m Ôöé gzip:   0.62 kB[22m
[2m../dist/public/[22m[36massets/OrgDocuments-TQX4QStS.js                 [39m[1m[2m  1.29 kB[22m[1m[22m[2m Ôöé gzip:   0.63 kB[22m
[2m../dist/public/[22m[36massets/OrgPurchaseOrders-DQ9rsrYr.js            [39m[1m[2m  1.31 kB[22m[1m[22m[2m Ôöé gzip:   0.63 kB[22m
[2m../dist/public/[22m[36massets/PhoneInput-BG6qN_oM.js                   [39m[1m[2m  1.40 kB[22m[1m[22m[2m Ôöé gzip:   0.73 kB[22m
[2m../dist/public/[22m[36massets/TenantAdminDetails-BCYQ-NN3.js           [39m[1m[2m  1.56 kB[22m[1m[22m[2m Ôöé gzip:   0.68 kB[22m
[2m../dist/public/[22m[36massets/TenantUserDetails-BoJexRDr.js            [39m[1m[2m  1.69 kB[22m[1m[22m[2m Ôöé gzip:   0.71 kB[22m
[2m../dist/public/[22m[36massets/RoleBasedDashboard-BP6lrmY2.js           [39m[1m[2m  1.71 kB[22m[1m[22m[2m Ôöé gzip:   0.74 kB[22m
[2m../dist/public/[22m[36massets/JobGroupPayrollItems-Dx8QZTWW.js         [39m[1m[2m  1.72 kB[22m[1m[22m[2m Ôöé gzip:   0.81 kB[22m
[2m../dist/public/[22m[36massets/RowActionsMenu-DjkXCbue.js               [39m[1m[2m  1.73 kB[22m[1m[22m[2m Ôöé gzip:   0.74 kB[22m
[2m../dist/public/[22m[36massets/designSystem-BjMWY9N5.js                 [39m[1m[2m  1.76 kB[22m[1m[22m[2m Ôöé gzip:   0.66 kB[22m
[2m../dist/public/[22m[36massets/OrgBreadcrumb-DEme88oR.js                [39m[1m[2m  1.76 kB[22m[1m[22m[2m Ôöé gzip:   0.74 kB[22m
[2m../dist/public/[22m[36massets/SmsQueue-DY2JB-DM.js                     [39m[1m[2m  1.78 kB[22m[1m[22m[2m Ôöé gzip:   0.91 kB[22m
[2m../dist/public/[22m[36massets/ServiceSearchFilter-Df-l6Kpw.js          [39m[1m[2m  1.90 kB[22m[1m[22m[2m Ôöé gzip:   0.77 kB[22m
[2m../dist/public/[22m[36massets/NotFound-DhWfAed9.js                     [39m[1m[2m  1.92 kB[22m[1m[22m[2m Ôöé gzip:   0.91 kB[22m
[2m../dist/public/[22m[36massets/SummaryStatCards-BzXa7np5.js             [39m[1m[2m  1.92 kB[22m[1m[22m[2m Ôöé gzip:   0.84 kB[22m
[2m../dist/public/[22m[36massets/ModuleAnalyticsStrip-PggUTWEX.js         [39m[1m[2m  1.98 kB[22m[1m[22m[2m Ôöé gzip:   0.90 kB[22m
[2m../dist/public/[22m[36massets/CustomFields-BnS9FiqY.js                 [39m[1m[2m  2.00 kB[22m[1m[22m[2m Ôöé gzip:   0.94 kB[22m
[2m../dist/public/[22m[36massets/VerifyEmail-CbY6jtF4.js                  [39m[1m[2m  2.00 kB[22m[1m[22m[2m Ôöé gzip:   1.09 kB[22m
[2m../dist/public/[22m[36massets/alert-dialog-B8CH0cTZ.js                 [39m[1m[2m  2.04 kB[22m[1m[22m[2m Ôöé gzip:   0.74 kB[22m
[2m../dist/public/[22m[36massets/table-WU9Ap-8_.js                        [39m[1m[2m  2.06 kB[22m[1m[22m[2m Ôöé gzip:   0.77 kB[22m
[2m../dist/public/[22m[36massets/LocationSelects-B3sm1bD-.js              [39m[1m[2m  2.07 kB[22m[1m[22m[2m Ôöé gzip:   0.58 kB[22m
[2m../dist/public/[22m[36massets/CreateImprest-C2pR4m_V.js                [39m[1m[2m  2.13 kB[22m[1m[22m[2m Ôöé gzip:   1.03 kB[22m
[2m../dist/public/[22m[36massets/useOrgAccess-Bi-LK3MM.js                 [39m[1m[2m  2.18 kB[22m[1m[22m[2m Ôöé gzip:   1.10 kB[22m
[2m../dist/public/[22m[36massets/PageHeader-BWz_6Oq9.js                   [39m[1m[2m  2.21 kB[22m[1m[22m[2m Ôöé gzip:   0.94 kB[22m
[2m../dist/public/[22m[36massets/data-table-controls-Ditht5ZC.js          [39m[1m[2m  2.30 kB[22m[1m[22m[2m Ôöé gzip:   0.97 kB[22m
[2m../dist/public/[22m[36massets/OrgModulePage-DcM7AezC.js                [39m[1m[2m  2.36 kB[22m[1m[22m[2m Ôöé gzip:   1.02 kB[22m
[2m../dist/public/[22m[36massets/UnifiedModuleLayout-C73Ck00e.js          [39m[1m[2m  2.42 kB[22m[1m[22m[2m Ôöé gzip:   1.05 kB[22m
[2m../dist/public/[22m[36massets/EmployeeAccountSection-0Zg_L-PO.js       [39m[1m[2m  2.55 kB[22m[1m[22m[2m Ôöé gzip:   0.95 kB[22m
[2m../dist/public/[22m[36massets/BiTools-BfUX0UF-.js                      [39m[1m[2m  2.68 kB[22m[1m[22m[2m Ôöé gzip:   1.19 kB[22m
[2m../dist/public/[22m[36massets/CreateClient-Bc_oz67P.js                 [39m[1m[2m  2.70 kB[22m[1m[22m[2m Ôöé gzip:   1.36 kB[22m
[2m../dist/public/[22m[36massets/OrgCreateClient-Ea0vfdOs.js              [39m[1m[2m  2.70 kB[22m[1m[22m[2m Ôöé gzip:   1.36 kB[22m
[2m../dist/public/[22m[36massets/OrgSuperAdminDashboard-epabMDve.js       [39m[1m[2m  2.76 kB[22m[1m[22m[2m Ôöé gzip:   1.21 kB[22m
[2m../dist/public/[22m[36massets/CreateBudget-BP747eYG.js                 [39m[1m[2m  2.80 kB[22m[1m[22m[2m Ôöé gzip:   1.32 kB[22m
[2m../dist/public/[22m[36massets/ICTSystemSettings-CUfFGuCe.js            [39m[1m[2m  2.81 kB[22m[1m[22m[2m Ôöé gzip:   1.18 kB[22m
[2m../dist/public/[22m[36massets/CreateReceipt-Bv0PphSD.js                [39m[1m[2m  2.83 kB[22m[1m[22m[2m Ôöé gzip:   1.19 kB[22m
[2m../dist/public/[22m[36massets/CreateProduct-CbS8sFy8.js                [39m[1m[2m  2.84 kB[22m[1m[22m[2m Ôöé gzip:   1.28 kB[22m
[2m../dist/public/[22m[36massets/OrgCreateProduct-imKuereb.js             [39m[1m[2m  2.84 kB[22m[1m[22m[2m Ôöé gzip:   1.28 kB[22m
[2m../dist/public/[22m[36massets/DashboardBuilderPro-BTq7iRe8.js          [39m[1m[2m  2.86 kB[22m[1m[22m[2m Ôöé gzip:   1.19 kB[22m
[2m../dist/public/[22m[36massets/EnhancedBulkActions-CyT-xumV.js          [39m[1m[2m  2.89 kB[22m[1m[22m[2m Ôöé gzip:   1.21 kB[22m
[2m../dist/public/[22m[36massets/MyPayslips-B9ZE56Aq.js                   [39m[1m[2m  2.95 kB[22m[1m[22m[2m Ôöé gzip:   1.24 kB[22m
[2m../dist/public/[22m[36massets/actions-Dky2vYoJ.js                      [39m[1m[2m  3.01 kB[22m[1m[22m[2m Ôöé gzip:   1.34 kB[22m
[2m../dist/public/[22m[36massets/FinancialReports-DSJNEp8h.js             [39m[1m[2m  3.03 kB[22m[1m[22m[2m Ôöé gzip:   1.24 kB[22m
[2m../dist/public/[22m[36massets/Search-BG9ErPXI.js                       [39m[1m[2m  3.20 kB[22m[1m[22m[2m Ôöé gzip:   1.47 kB[22m
[2m../dist/public/[22m[36massets/CreditNotes-CsgELhWs.js                  [39m[1m[2m  3.20 kB[22m[1m[22m[2m Ôöé gzip:   1.32 kB[22m
[2m../dist/public/[22m[36massets/OrgCreditNotes-De2XDfM0.js               [39m[1m[2m  3.20 kB[22m[1m[22m[2m Ôöé gzip:   1.32 kB[22m
[2m../dist/public/[22m[36massets/privateChatUtils-Bv4qHQl7.js             [39m[1m[2m  3.20 kB[22m[1m[22m[2m Ôöé gzip:   1.23 kB[22m
[2m../dist/public/[22m[36massets/SalesManagerDashboard-DcnY2a3c.js        [39m[1m[2m  3.24 kB[22m[1m[22m[2m Ôöé gzip:   1.17 kB[22m
[2m../dist/public/[22m[36massets/ICTAnalytics-87i5NA2N.js                 [39m[1m[2m  3.26 kB[22m[1m[22m[2m Ôöé gzip:   1.22 kB[22m
[2m../dist/public/[22m[36massets/ReportsDetails-Cnd5RS2F.js               [39m[1m[2m  3.27 kB[22m[1m[22m[2m Ôöé gzip:   1.23 kB[22m
[2m../dist/public/[22m[36massets/ProcurementManagerDashboard-DlVdpCZv.js  [39m[1m[2m  3.27 kB[22m[1m[22m[2m Ôöé gzip:   1.16 kB[22m
[2m../dist/public/[22m[36massets/FunnelAnalysis-MCkGpe3h.js               [39m[1m[2m  3.33 kB[22m[1m[22m[2m Ôöé gzip:   1.27 kB[22m
[2m../dist/public/[22m[36massets/TableColumnSettings-CqM3167H.js          [39m[1m[2m  3.35 kB[22m[1m[22m[2m Ôöé gzip:   1.44 kB[22m
[2m../dist/public/[22m[36massets/OrgCreateLPO-hjL7Fecu.js                 [39m[1m[2m  3.36 kB[22m[1m[22m[2m Ôöé gzip:   1.44 kB[22m
[2m../dist/public/[22m[36massets/CreateDepartment-DYj8PeAu.js             [39m[1m[2m  3.38 kB[22m[1m[22m[2m Ôöé gzip:   1.40 kB[22m
[2m../dist/public/[22m[36massets/OrgCreateDepartment-CAaeQ2Y_.js          [39m[1m[2m  3.38 kB[22m[1m[22m[2m Ôöé gzip:   1.40 kB[22m
[2m../dist/public/[22m[36massets/CohortAnalysis-DS561WcG.js               [39m[1m[2m  3.43 kB[22m[1m[22m[2m Ôöé gzip:   1.24 kB[22m
[2m../dist/public/[22m[36massets/EditBudget-CdkV8gvc.js                   [39m[1m[2m  3.43 kB[22m[1m[22m[2m Ôöé gzip:   1.52 kB[22m
[2m../dist/public/[22m[36massets/OrgEditBudget-DiF0Knmb.js                [39m[1m[2m  3.43 kB[22m[1m[22m[2m Ôöé gzip:   1.52 kB[22m
[2m../dist/public/[22m[36massets/OrgCreateReceipt-DYeoNYR-.js             [39m[1m[2m  3.47 kB[22m[1m[22m[2m Ôöé gzip:   1.41 kB[22m
[2m../dist/public/[22m[36massets/OrgPurchaseOrderDetail-BMounr_o.js       [39m[1m[2m  3.49 kB[22m[1m[22m[2m Ôöé gzip:   1.25 kB[22m
[2m../dist/public/[22m[36massets/CreatePurchaseOrder-DXc6_Ysd.js          [39m[1m[2m  3.49 kB[22m[1m[22m[2m Ôöé gzip:   1.26 kB[22m
[2m../dist/public/[22m[36massets/OrgCreatePurchaseOrder-b8EUwv6J.js       [39m[1m[2m  3.49 kB[22m[1m[22m[2m Ôöé gzip:   1.26 kB[22m
[2m../dist/public/[22m[36massets/CreateSupplier-DpkqEuMs.js               [39m[1m[2m  3.56 kB[22m[1m[22m[2m Ôöé gzip:   1.61 kB[22m
[2m../dist/public/[22m[36massets/OrgCreateSupplier-CIbn0Ob2.js            [39m[1m[2m  3.56 kB[22m[1m[22m[2m Ôöé gzip:   1.61 kB[22m
[2m../dist/public/[22m[36massets/ListPageToolbar-z8nUXwKK.js              [39m[1m[2m  3.56 kB[22m[1m[22m[2m Ôöé gzip:   1.00 kB[22m
[2m../dist/public/[22m[36massets/CreateWarranty-Dz4mIxgw.js               [39m[1m[2m  3.57 kB[22m[1m[22m[2m Ôöé gzip:   1.36 kB[22m
[2m../dist/public/[22m[36massets/EditDepartment-CacoZeNF.js               [39m[1m[2m  3.60 kB[22m[1m[22m[2m Ôöé gzip:   1.40 kB[22m
[2m../dist/public/[22m[36massets/OrgEditDepartment-BEfu8Evs.js            [39m[1m[2m  3.60 kB[22m[1m[22m[2m Ôöé gzip:   1.40 kB[22m
[2m../dist/public/[22m[36massets/WarrantyDetails-DZVOHys0.js              [39m[1m[2m  3.60 kB[22m[1m[22m[2m Ôöé gzip:   1.21 kB[22m
[2m../dist/public/[22m[36massets/EmailQueue-DDIX8eFF.js                   [39m[1m[2m  3.63 kB[22m[1m[22m[2m Ôöé gzip:   1.59 kB[22m
[2m../dist/public/[22m[36massets/CreateEstimate-CPkLyfhA.js               [39m[1m[2m  3.67 kB[22m[1m[22m[2m Ôöé gzip:   1.59 kB[22m
[2m../dist/public/[22m[36massets/DepartmentForm-BTRGpwpT.js               [39m[1m[2m  3.67 kB[22m[1m[22m[2m Ôöé gzip:   1.40 kB[22m
[2m../dist/public/[22m[36massets/OrgContactDetail-BRpVDSC4.js             [39m[1m[2m  3.68 kB[22m[1m[22m[2m Ôöé gzip:   1.24 kB[22m
[2m../dist/public/[22m[36massets/CreateTicket-irBWD2O-.js                 [39m[1m[2m  3.70 kB[22m[1m[22m[2m Ôöé gzip:   1.47 kB[22m
[2m../dist/public/[22m[36massets/OrgCreateTicket-aAwn5Zo8.js              [39m[1m[2m  3.70 kB[22m[1m[22m[2m Ôöé gzip:   1.47 kB[22m
[2m../dist/public/[22m[36massets/ChartOfAccountsDetails-CZ7wgEly.js       [39m[1m[2m  3.72 kB[22m[1m[22m[2m Ôöé gzip:   1.30 kB[22m
[2m../dist/public/[22m[36massets/ProductDetails-Ck1Ohhfi.js               [39m[1m[2m  3.76 kB[22m[1m[22m[2m Ôöé gzip:   1.39 kB[22m
[2m../dist/public/[22m[36massets/ProposalDetails-BVFYsOoJ.js              [39m[1m[2m  3.78 kB[22m[1m[22m[2m Ôöé gzip:   1.30 kB[22m
[2m../dist/public/[22m[36massets/OrgServiceDetail-BQMGYS1U.js             [39m[1m[2m  3.80 kB[22m[1m[22m[2m Ôöé gzip:   1.26 kB[22m
[2m../dist/public/[22m[36massets/ConversionAnalytics-tf9OCUxi.js          [39m[1m[2m  3.82 kB[22m[1m[22m[2m Ôöé gzip:   1.56 kB[22m
[2m../dist/public/[22m[36massets/OrgEditApproval-BpRnX9dq.js              [39m[1m[2m  3.83 kB[22m[1m[22m[2m Ôöé gzip:   1.41 kB[22m
[2m../dist/public/[22m[36massets/CreateLeaveRequest-En9-tuMW.js           [39m[1m[2m  3.87 kB[22m[1m[22m[2m Ôöé gzip:   1.46 kB[22m
[2m../dist/public/[22m[36massets/TenantAdmins-CeNXDgfB.js                 [39m[1m[2m  3.87 kB[22m[1m[22m[2m Ôöé gzip:   1.37 kB[22m
[2m../dist/public/[22m[36massets/Home-DEQ_FcLy.js                         [39m[1m[2m  3.88 kB[22m[1m[22m[2m Ôöé gzip:   1.47 kB[22m
[2m../dist/public/[22m[36massets/OrgReceiptDetail-DHLuAdTv.js             [39m[1m[2m  3.91 kB[22m[1m[22m[2m Ôöé gzip:   1.41 kB[22m
[2m../dist/public/[22m[36massets/InvoiceSearchFilter-CF8lrOXq.js          [39m[1m[2m  3.93 kB[22m[1m[22m[2m Ôöé gzip:   1.29 kB[22m
[2m../dist/public/[22m[36massets/OrgPaymentDetail-p4ilvEHP.js             [39m[1m[2m  3.95 kB[22m[1m[22m[2m Ôöé gzip:   1.41 kB[22m
[2m../dist/public/[22m[36massets/OrgQuotationDetail-ZUVodv8h.js           [39m[1m[2m  3.95 kB[22m[1m[22m[2m Ôöé gzip:   1.40 kB[22m
[2m../dist/public/[22m[36massets/CreateAttendance-Bwefn70D.js             [39m[1m[2m  3.96 kB[22m[1m[22m[2m Ôöé gzip:   1.47 kB[22m
[2m../dist/public/[22m[36massets/OrgCreateAttendance-DQiTRP-8.js          [39m[1m[2m  3.96 kB[22m[1m[22m[2m Ôöé gzip:   1.47 kB[22m
[2m../dist/public/[22m[36massets/OrgProductDetail-QaMoD4xk.js             [39m[1m[2m  3.97 kB[22m[1m[22m[2m Ôöé gzip:   1.30 kB[22m
[2m../dist/public/[22m[36massets/HRDetails-BBHa-PHu.js                    [39m[1m[2m  3.97 kB[22m[1m[22m[2m Ôöé gzip:   1.44 kB[22m
[2m../dist/public/[22m[36massets/TenantUsers-kHQEtAog.js                  [39m[1m[2m  3.99 kB[22m[1m[22m[2m Ôöé gzip:   1.48 kB[22m
[2m../dist/public/[22m[36massets/OrgLPODetail-Da5PIO6x.js                 [39m[1m[2m  4.00 kB[22m[1m[22m[2m Ôöé gzip:   1.56 kB[22m
[2m../dist/public/[22m[36massets/ProjectAnalytics-DOFpZgVN.js             [39m[1m[2m  4.00 kB[22m[1m[22m[2m Ôöé gzip:   1.49 kB[22m
[2m../dist/public/[22m[36massets/OrgLeadDetail-DMqReypE.js                [39m[1m[2m  4.01 kB[22m[1m[22m[2m Ôöé gzip:   1.43 kB[22m
[2m../dist/public/[22m[36massets/OrgEstimateDetail-D4O0b5bO.js            [39m[1m[2m  4.02 kB[22m[1m[22m[2m Ôöé gzip:   1.44 kB[22m
[2m../dist/public/[22m[36massets/Sales-CVLEvSDk.js                        [39m[1m[2m  4.03 kB[22m[1m[22m[2m Ôöé gzip:   1.50 kB[22m
[2m../dist/public/[22m[36massets/OrgApprovalDetail-my6L8o6f.js            [39m[1m[2m  4.04 kB[22m[1m[22m[2m Ôöé gzip:   1.41 kB[22m
[2m../dist/public/[22m[36massets/AIAssistantModal-DubZRUAt.js             [39m[1m[2m  4.14 kB[22m[1m[22m[2m Ôöé gzip:   1.72 kB[22m
[2m../dist/public/[22m[36massets/OrgAttendanceDetail-DXWcoZ_x.js          [39m[1m[2m  4.14 kB[22m[1m[22m[2m Ôöé gzip:   1.43 kB[22m
[2m../dist/public/[22m[36massets/EditAllowance-29R-QhWG.js                [39m[1m[2m  4.17 kB[22m[1m[22m[2m Ôöé gzip:   1.69 kB[22m
[2m../dist/public/[22m[36massets/SalesReports-C5XamvjM.js                 [39m[1m[2m  4.21 kB[22m[1m[22m[2m Ôöé gzip:   1.41 kB[22m
[2m../dist/public/[22m[36massets/OrgEditLead-CXe-Yvoh.js                  [39m[1m[2m  4.21 kB[22m[1m[22m[2m Ôöé gzip:   1.48 kB[22m
[2m../dist/public/[22m[36massets/OrgProcurementDetail-DcGRRXFd.js         [39m[1m[2m  4.22 kB[22m[1m[22m[2m Ôöé gzip:   1.45 kB[22m
[2m../dist/public/[22m[36massets/BudgetDetails-Du6BBkMo.js                [39m[1m[2m  4.22 kB[22m[1m[22m[2m Ôöé gzip:   1.40 kB[22m
[2m../dist/public/[22m[36massets/EditSalaryStructure-pUnrJSMJ.js          [39m[1m[2m  4.23 kB[22m[1m[22m[2m Ôöé gzip:   1.60 kB[22m
[2m../dist/public/[22m[36massets/OrgEditSalaryStructure-C2hWh7pF.js       [39m[1m[2m  4.23 kB[22m[1m[22m[2m Ôöé gzip:   1.60 kB[22m
[2m../dist/public/[22m[36massets/OrgEditPurchaseOrder-DKwExKen.js         [39m[1m[2m  4.23 kB[22m[1m[22m[2m Ôöé gzip:   1.58 kB[22m
[2m../dist/public/[22m[36massets/RevenueForecasting-DYl6m6ry.js           [39m[1m[2m  4.24 kB[22m[1m[22m[2m Ôöé gzip:   1.70 kB[22m
[2m../dist/public/[22m[36massets/CreateAllowance-DDR4cz_c.js              [39m[1m[2m  4.24 kB[22m[1m[22m[2m Ôöé gzip:   1.65 kB[22m
[2m../dist/public/[22m[36massets/EditTicket-BFmbMN5v.js                   [39m[1m[2m  4.33 kB[22m[1m[22m[2m Ôöé gzip:   1.62 kB[22m
[2m../dist/public/[22m[36massets/OrgEditTicket-CZSLu-Ct.js                [39m[1m[2m  4.33 kB[22m[1m[22m[2m Ôöé gzip:   1.62 kB[22m
[2m../dist/public/[22m[36massets/AssetDetails-CxqxHeeD.js                 [39m[1m[2m  4.34 kB[22m[1m[22m[2m Ôöé gzip:   1.28 kB[22m
[2m../dist/public/[22m[36massets/OrgProposalDetail-MOnEnrFr.js            [39m[1m[2m  4.34 kB[22m[1m[22m[2m Ôöé gzip:   1.47 kB[22m
[2m../dist/public/[22m[36massets/EditDeduction-CkPYSse4.js                [39m[1m[2m  4.42 kB[22m[1m[22m[2m Ôöé gzip:   1.77 kB[22m
[2m../dist/public/[22m[36massets/Services-Cl3t3RtT.js                     [39m[1m[2m  4.47 kB[22m[1m[22m[2m Ôöé gzip:   1.76 kB[22m
[2m../dist/public/[22m[36massets/OrgEditProcurement-BAmoDA1y.js           [39m[1m[2m  4.47 kB[22m[1m[22m[2m Ôöé gzip:   1.56 kB[22m
[2m../dist/public/[22m[36massets/OrgDebitNoteDetail-DzYYfvSj.js           [39m[1m[2m  4.48 kB[22m[1m[22m[2m Ôöé gzip:   1.54 kB[22m
[2m../dist/public/[22m[36massets/AdvancedAnalytics-BQIIW3fA.js            [39m[1m[2m  4.51 kB[22m[1m[22m[2m Ôöé gzip:   1.39 kB[22m
[2m../dist/public/[22m[36massets/EditReceipt-B2yMEETi.js                  [39m[1m[2m  4.59 kB[22m[1m[22m[2m Ôöé gzip:   1.68 kB[22m
[2m../dist/public/[22m[36massets/OrgEditReceipt-BunIutDD.js               [39m[1m[2m  4.59 kB[22m[1m[22m[2m Ôöé gzip:   1.68 kB[22m
[2m../dist/public/[22m[36massets/EditBenefit-BVSavDtE.js                  [39m[1m[2m  4.59 kB[22m[1m[22m[2m Ôöé gzip:   1.79 kB[22m
[2m../dist/public/[22m[36massets/Blog-BFxUrL3t.js                         [39m[1m[2m  4.60 kB[22m[1m[22m[2m Ôöé gzip:   1.63 kB[22m
[2m../dist/public/[22m[36massets/ContractDetails-CGomYn6_.js              [39m[1m[2m  4.60 kB[22m[1m[22m[2m Ôöé gzip:   1.37 kB[22m
[2m../dist/public/[22m[36massets/WarrantyManagement-CxWFFWw9.js           [39m[1m[2m  4.74 kB[22m[1m[22m[2m Ôöé gzip:   1.84 kB[22m
[2m../dist/public/[22m[36massets/ESignatures-38pO1p4U.js                  [39m[1m[2m  4.74 kB[22m[1m[22m[2m Ôöé gzip:   1.82 kB[22m
[2m../dist/public/[22m[36massets/SalaryStructureDetails-BIWHviKz.js       [39m[1m[2m  4.76 kB[22m[1m[22m[2m Ôöé gzip:   1.62 kB[22m
[2m../dist/public/[22m[36massets/OrgSalaryStructureDetails-BObp0byG.js    [39m[1m[2m  4.76 kB[22m[1m[22m[2m Ôöé gzip:   1.62 kB[22m
[2m../dist/public/[22m[36massets/OrgAI-C8oO72UJ.js                        [39m[1m[2m  4.77 kB[22m[1m[22m[2m Ôöé gzip:   1.90 kB[22m
[2m../dist/public/[22m[36massets/CreateLPO-GS1NM1oQ.js                    [39m[1m[2m  4.80 kB[22m[1m[22m[2m Ôöé gzip:   1.93 kB[22m
[2m../dist/public/[22m[36massets/EditWarranty-_RmK35vj.js                 [39m[1m[2m  4.83 kB[22m[1m[22m[2m Ôöé gzip:   1.71 kB[22m
[2m../dist/public/[22m[36massets/TimesheetDetails-BobINRzQ.js             [39m[1m[2m  4.83 kB[22m[1m[22m[2m Ôöé gzip:   1.43 kB[22m
[2m../dist/public/[22m[36massets/OrgOrderDetail-F2X8c_NS.js               [39m[1m[2m  4.86 kB[22m[1m[22m[2m Ôöé gzip:   1.62 kB[22m
[2m../dist/public/[22m[36massets/CreateDebitNote-BzrVv8YH.js              [39m[1m[2m  4.86 kB[22m[1m[22m[2m Ôöé gzip:   1.91 kB[22m
[2m../dist/public/[22m[36massets/OrgCreateDebitNote-CMiDWlk_.js           [39m[1m[2m  4.86 kB[22m[1m[22m[2m Ôöé gzip:   1.91 kB[22m
[2m../dist/public/[22m[36massets/EditAttendance-Bk7enwEC.js               [39m[1m[2m  4.87 kB[22m[1m[22m[2m Ôöé gzip:   1.66 kB[22m
[2m../dist/public/[22m[36massets/OrgEditAttendance-DeEmVBLy.js            [39m[1m[2m  4.87 kB[22m[1m[22m[2m Ôöé gzip:   1.66 kB[22m
[2m../dist/public/[22m[36massets/BankReconciliationDetails-ZM6KzKaa.js    [39m[1m[2m  4.91 kB[22m[1m[22m[2m Ôöé gzip:   1.51 kB[22m
[2m../dist/public/[22m[36massets/OrgSubscriptions-CpEg5vx_.js             [39m[1m[2m  4.94 kB[22m[1m[22m[2m Ôöé gzip:   1.81 kB[22m
[2m../dist/public/[22m[36massets/CustomerReports-DGk5tcwq.js              [39m[1m[2m  4.96 kB[22m[1m[22m[2m Ôöé gzip:   2.02 kB[22m
[2m../dist/public/[22m[36massets/OrgSupplierDetail-NTpUfiw7.js            [39m[1m[2m  4.96 kB[22m[1m[22m[2m Ôöé gzip:   1.58 kB[22m
[2m../dist/public/[22m[36massets/EditClient-1ZxB2y42.js                   [39m[1m[2m  4.99 kB[22m[1m[22m[2m Ôöé gzip:   1.95 kB[22m
[2m../dist/public/[22m[36massets/ImprestDetails-DxgUCaOr.js               [39m[1m[2m  5.00 kB[22m[1m[22m[2m Ôöé gzip:   1.56 kB[22m
[2m../dist/public/[22m[36massets/CreateWorkOrder-ijzNeYZP.js              [39m[1m[2m  5.01 kB[22m[1m[22m[2m Ôöé gzip:   1.71 kB[22m
[2m../dist/public/[22m[36massets/OrgCreateWorkOrder-B5rkWDtc.js           [39m[1m[2m  5.01 kB[22m[1m[22m[2m Ôöé gzip:   1.71 kB[22m
[2m../dist/public/[22m[36massets/ChangePassword-Bm_3UHRx.js               [39m[1m[2m  5.02 kB[22m[1m[22m[2m Ôöé gzip:   1.79 kB[22m
[2m../dist/public/[22m[36massets/OrgEditQuotation-DkvZIkFD.js             [39m[1m[2m  5.04 kB[22m[1m[22m[2m Ôöé gzip:   1.83 kB[22m
[2m../dist/public/[22m[36massets/EditEstimate-BkvPV3xH.js                 [39m[1m[2m  5.06 kB[22m[1m[22m[2m Ôöé gzip:   1.75 kB[22m
[2m../dist/public/[22m[36massets/OrgEditEstimate-DGxXPzzk.js              [39m[1m[2m  5.06 kB[22m[1m[22m[2m Ôöé gzip:   1.75 kB[22m
[2m../dist/public/[22m[36massets/ChurnPrediction-B1WNiTSo.js              [39m[1m[2m  5.07 kB[22m[1m[22m[2m Ôöé gzip:   1.59 kB[22m
[2m../dist/public/[22m[36massets/BankReconciliation-BomWPs2g.js           [39m[1m[2m  5.09 kB[22m[1m[22m[2m Ôöé gzip:   2.01 kB[22m
[2m../dist/public/[22m[36massets/SystemHealthDashboard-CeJJvHwb.js        [39m[1m[2m  5.09 kB[22m[1m[22m[2m Ôöé gzip:   1.72 kB[22m
[2m../dist/public/[22m[36massets/OrgBankReconciliation-BITzf4c3.js        [39m[1m[2m  5.09 kB[22m[1m[22m[2m Ôöé gzip:   2.01 kB[22m
[2m../dist/public/[22m[36massets/Activity-tm98CUjg.js                     [39m[1m[2m  5.09 kB[22m[1m[22m[2m Ôöé gzip:   2.15 kB[22m
[2m../dist/public/[22m[36massets/OrgActivity-D5jyHuMS.js                  [39m[1m[2m  5.09 kB[22m[1m[22m[2m Ôöé gzip:   2.15 kB[22m
[2m../dist/public/[22m[36massets/OrgProcurement-DsHtaAek.js               [39m[1m[2m  5.09 kB[22m[1m[22m[2m Ôöé gzip:   1.83 kB[22m
[2m../dist/public/[22m[36massets/EditProduct-B9pKraqy.js                  [39m[1m[2m  5.12 kB[22m[1m[22m[2m Ôöé gzip:   1.90 kB[22m
[2m../dist/public/[22m[36massets/OrgEditProduct-Cwh2wUsl.js               [39m[1m[2m  5.12 kB[22m[1m[22m[2m Ôöé gzip:   1.90 kB[22m
[2m../dist/public/[22m[36massets/OrgCreditNoteDetail-BIfNJP4h.js          [39m[1m[2m  5.14 kB[22m[1m[22m[2m Ôöé gzip:   1.61 kB[22m
[2m../dist/public/[22m[36massets/EditLPO-BmhC2HUQ.js                      [39m[1m[2m  5.15 kB[22m[1m[22m[2m Ôöé gzip:   1.91 kB[22m
[2m../dist/public/[22m[36massets/OrgEditLPO-D6goiY6l.js                   [39m[1m[2m  5.15 kB[22m[1m[22m[2m Ôöé gzip:   1.91 kB[22m
[2m../dist/public/[22m[36massets/EditInvoice-BhR125u2.js                  [39m[1m[2m  5.20 kB[22m[1m[22m[2m Ôöé gzip:   1.80 kB[22m
[2m../dist/public/[22m[36massets/OrgEditInvoice-Bt1FVHSP.js               [39m[1m[2m  5.20 kB[22m[1m[22m[2m Ôöé gzip:   1.80 kB[22m
[2m../dist/public/[22m[36massets/ContactDetails-Bupde6uT.js               [39m[1m[2m  5.20 kB[22m[1m[22m[2m Ôöé gzip:   1.40 kB[22m
[2m../dist/public/[22m[36massets/OrgCreateQuotation-BTFj_72H.js           [39m[1m[2m  5.20 kB[22m[1m[22m[2m Ôöé gzip:   1.79 kB[22m
[2m../dist/public/[22m[36massets/QuotationDetails-CFB-cnO2.js             [39m[1m[2m  5.23 kB[22m[1m[22m[2m Ôöé gzip:   1.81 kB[22m
[2m../dist/public/[22m[36massets/SessionManager-DWq4ZEwg.js               [39m[1m[2m  5.26 kB[22m[1m[22m[2m Ôöé gzip:   1.96 kB[22m
[2m../dist/public/[22m[36massets/ProductForm-BN6ZLHjZ.js                  [39m[1m[2m  5.30 kB[22m[1m[22m[2m Ôöé gzip:   1.59 kB[22m
[2m../dist/public/[22m[36massets/ServiceTemplates-D-eeIr7t.js             [39m[1m[2m  5.31 kB[22m[1m[22m[2m Ôöé gzip:   2.17 kB[22m
[2m../dist/public/[22m[36massets/OrgServiceTemplates-BL1dxo5W.js          [39m[1m[2m  5.31 kB[22m[1m[22m[2m Ôöé gzip:   2.17 kB[22m
[2m../dist/public/[22m[36massets/FinanceSettings-LtG59E55.js              [39m[1m[2m  5.32 kB[22m[1m[22m[2m Ôöé gzip:   1.79 kB[22m
[2m../dist/public/[22m[36massets/Departments-BTl0Lkd4.js                  [39m[1m[2m  5.34 kB[22m[1m[22m[2m Ôöé gzip:   2.03 kB[22m
[2m../dist/public/[22m[36massets/TestPDFGeneration-D8fOVe-8.js            [39m[1m[2m  5.37 kB[22m[1m[22m[2m Ôöé gzip:   1.89 kB[22m
[2m../dist/public/[22m[36massets/Dashboard-IHNFVvGt.js                    [39m[1m[2m  5.39 kB[22m[1m[22m[2m Ôöé gzip:   1.49 kB[22m
[2m../dist/public/[22m[36massets/OrgServices-DrMX6KQ4.js                  [39m[1m[2m  5.40 kB[22m[1m[22m[2m Ôöé gzip:   1.89 kB[22m
[2m../dist/public/[22m[36massets/PaymentDetails-CWbEkq3v.js               [39m[1m[2m  5.40 kB[22m[1m[22m[2m Ôöé gzip:   1.92 kB[22m
[2m../dist/public/[22m[36massets/GRNDetails-DXrGbw8F.js                   [39m[1m[2m  5.43 kB[22m[1m[22m[2m Ôöé gzip:   1.80 kB[22m
[2m../dist/public/[22m[36massets/TaxComplianceReports-BG8QXPlc.js         [39m[1m[2m  5.45 kB[22m[1m[22m[2m Ôöé gzip:   1.50 kB[22m
[2m../dist/public/[22m[36massets/CreateDeduction-DPapYz5N.js              [39m[1m[2m  5.45 kB[22m[1m[22m[2m Ôöé gzip:   2.02 kB[22m
[2m../dist/public/[22m[36massets/PayslipDetails-DxcVYITn.js               [39m[1m[2m  5.49 kB[22m[1m[22m[2m Ôöé gzip:   2.07 kB[22m
[2m../dist/public/[22m[36massets/OrderDetails-B_otmC44.js                 [39m[1m[2m  5.53 kB[22m[1m[22m[2m Ôöé gzip:   1.63 kB[22m
[2m../dist/public/[22m[36massets/OrgWarranty-Bd5SyIO_.js                  [39m[1m[2m  5.54 kB[22m[1m[22m[2m Ôöé gzip:   2.11 kB[22m
[2m../dist/public/[22m[36massets/OrgDebitNotes-CSjE83hc.js                [39m[1m[2m  5.57 kB[22m[1m[22m[2m Ôöé gzip:   2.34 kB[22m
[2m../dist/public/[22m[36massets/OrgCreateProposal-BjFRp7Q5.js            [39m[1m[2m  5.57 kB[22m[1m[22m[2m Ôöé gzip:   1.93 kB[22m
[2m../dist/public/[22m[36massets/DeliveryNoteDetails-BpBFrxi1.js          [39m[1m[2m  5.58 kB[22m[1m[22m[2m Ôöé gzip:   1.77 kB[22m
[2m../dist/public/[22m[36massets/EditSupplier-ClxLZe72.js                 [39m[1m[2m  5.60 kB[22m[1m[22m[2m Ôöé gzip:   2.18 kB[22m
[2m../dist/public/[22m[36massets/OrgEditSupplier-C-ORXdKY.js              [39m[1m[2m  5.60 kB[22m[1m[22m[2m Ôöé gzip:   2.18 kB[22m
[2m../dist/public/[22m[36massets/ProcurementMaster-D9SOX_CD.js            [39m[1m[2m  5.61 kB[22m[1m[22m[2m Ôöé gzip:   1.73 kB[22m
[2m../dist/public/[22m[36massets/Attendance-BJpQXsgS.js                   [39m[1m[2m  5.63 kB[22m[1m[22m[2m Ôöé gzip:   2.00 kB[22m
[2m../dist/public/[22m[36massets/OrgAttendance-vWiIVXcd.js                [39m[1m[2m  5.63 kB[22m[1m[22m[2m Ôöé gzip:   2.00 kB[22m
[2m../dist/public/[22m[36massets/ForgotPassword-BLlogAho.js               [39m[1m[2m  5.67 kB[22m[1m[22m[2m Ôöé gzip:   1.78 kB[22m
[2m../dist/public/[22m[36massets/EditWorkOrder-D81BmFgi.js                [39m[1m[2m  5.70 kB[22m[1m[22m[2m Ôöé gzip:   1.86 kB[22m
[2m../dist/public/[22m[36massets/OrgEditWorkOrder-C2ACBACE.js             [39m[1m[2m  5.70 kB[22m[1m[22m[2m Ôöé gzip:   1.86 kB[22m
[2m../dist/public/[22m[36massets/OrgTaxCompliance-CyweFkIv.js             [39m[1m[2m  5.71 kB[22m[1m[22m[2m Ôöé gzip:   1.61 kB[22m
[2m../dist/public/[22m[36massets/MFA-Dp-5k_6t.js                          [39m[1m[2m  5.71 kB[22m[1m[22m[2m Ôöé gzip:   1.72 kB[22m
[2m../dist/public/[22m[36massets/ServiceTemplateDetails-Ce_2GNX9.js       [39m[1m[2m  5.72 kB[22m[1m[22m[2m Ôöé gzip:   1.81 kB[22m
[2m../dist/public/[22m[36massets/CreateContact-c0kPMHaJ.js                [39m[1m[2m  5.73 kB[22m[1m[22m[2m Ôöé gzip:   1.88 kB[22m
[2m../dist/public/[22m[36massets/ClientPerformance-Y-YBU299.js            [39m[1m[2m  5.73 kB[22m[1m[22m[2m Ôöé gzip:   2.07 kB[22m
[2m../dist/public/[22m[36massets/ProjectsManagement-Cbwh25Vr.js           [39m[1m[2m  5.76 kB[22m[1m[22m[2m Ôöé gzip:   2.11 kB[22m
[2m../dist/public/[22m[36massets/DebitNoteDetails-cpAaCdGF.js             [39m[1m[2m  5.77 kB[22m[1m[22m[2m Ôöé gzip:   1.99 kB[22m
[2m../dist/public/[22m[36massets/DatabaseManagement-BoGAhn7X.js           [39m[1m[2m  5.80 kB[22m[1m[22m[2m Ôöé gzip:   1.74 kB[22m
[2m../dist/public/[22m[36massets/OrgCreateSalaryStructure-C-TjYXfl.js     [39m[1m[2m  5.83 kB[22m[1m[22m[2m Ôöé gzip:   1.89 kB[22m
[2m../dist/public/[22m[36massets/Holidays-B84mZM8R.js                     [39m[1m[2m  5.83 kB[22m[1m[22m[2m Ôöé gzip:   2.16 kB[22m
[2m../dist/public/[22m[36massets/LeaveManagementDetails-DVKk-NAJ.js       [39m[1m[2m  5.84 kB[22m[1m[22m[2m Ôöé gzip:   1.81 kB[22m
[2m../dist/public/[22m[36massets/DebitNotes-DXvWA69L.js                   [39m[1m[2m  5.85 kB[22m[1m[22m[2m Ôöé gzip:   2.42 kB[22m
[2m../dist/public/[22m[36massets/CreateSalaryStructure-vaKXf8cM.js        [39m[1m[2m  5.89 kB[22m[1m[22m[2m Ôöé gzip:   1.93 kB[22m
[2m../dist/public/[22m[36massets/ProjectReports-DiaGfTLO.js               [39m[1m[2m  5.92 kB[22m[1m[22m[2m Ôöé gzip:   2.26 kB[22m
[2m../dist/public/[22m[36massets/EnterpriseSettings-DKRW8OSz.js           [39m[1m[2m  5.99 kB[22m[1m[22m[2m Ôöé gzip:   2.08 kB[22m
[2m../dist/public/[22m[36massets/EditDebitNote-DoiSoRsZ.js                [39m[1m[2m  6.00 kB[22m[1m[22m[2m Ôöé gzip:   2.20 kB[22m
[2m../dist/public/[22m[36massets/OrgEditDebitNote-BOpOkMwW.js             [39m[1m[2m  6.00 kB[22m[1m[22m[2m Ôöé gzip:   2.20 kB[22m
[2m../dist/public/[22m[36massets/OrgCreateInvoice-C-ac743N.js             [39m[1m[2m  6.04 kB[22m[1m[22m[2m Ôöé gzip:   2.39 kB[22m
[2m../dist/public/[22m[36massets/EditLeave-mZ-68Snc.js                    [39m[1m[2m  6.04 kB[22m[1m[22m[2m Ôöé gzip:   1.90 kB[22m
[2m../dist/public/[22m[36massets/OrgEditLeave-jEGnSE25.js                 [39m[1m[2m  6.04 kB[22m[1m[22m[2m Ôöé gzip:   1.90 kB[22m
[2m../dist/public/[22m[36massets/CreateInvoice-s6H_2A2-.js                [39m[1m[2m  6.05 kB[22m[1m[22m[2m Ôöé gzip:   2.40 kB[22m
[2m../dist/public/[22m[36massets/EditChartOfAccounts-AXSWN8Pw.js          [39m[1m[2m  6.06 kB[22m[1m[22m[2m Ôöé gzip:   2.10 kB[22m
[2m../dist/public/[22m[36massets/OrgStaff-Cx28cp7i.js                     [39m[1m[2m  6.07 kB[22m[1m[22m[2m Ôöé gzip:   2.32 kB[22m
[2m../dist/public/[22m[36massets/EditBankReconciliation-jW7UUjBc.js       [39m[1m[2m  6.09 kB[22m[1m[22m[2m Ôöé gzip:   1.79 kB[22m
[2m../dist/public/[22m[36massets/LeaveBalances-MU5h2I7Z.js                [39m[1m[2m  6.09 kB[22m[1m[22m[2m Ôöé gzip:   2.06 kB[22m
[2m../dist/public/[22m[36massets/OrgCreateLeave-MHC2FmJp.js               [39m[1m[2m  6.09 kB[22m[1m[22m[2m Ôöé gzip:   1.98 kB[22m
[2m../dist/public/[22m[36massets/OrgAccounting-C_kDcHmj.js                [39m[1m[2m  6.11 kB[22m[1m[22m[2m Ôöé gzip:   2.14 kB[22m
[2m../dist/public/[22m[36massets/Security-CmhDAWt7.js                     [39m[1m[2m  6.18 kB[22m[1m[22m[2m Ôöé gzip:   1.71 kB[22m
[2m../dist/public/[22m[36massets/OrgDepartments-CafaANhc.js               [39m[1m[2m  6.19 kB[22m[1m[22m[2m Ôöé gzip:   2.25 kB[22m
[2m../dist/public/[22m[36massets/OpportunityDetails-8ruVM7Qa.js           [39m[1m[2m  6.20 kB[22m[1m[22m[2m Ôöé gzip:   1.89 kB[22m
[2m../dist/public/[22m[36massets/OrgCreateProcurement-C9DRm5xi.js         [39m[1m[2m  6.26 kB[22m[1m[22m[2m Ôöé gzip:   1.93 kB[22m
[2m../dist/public/[22m[36massets/Budgets-DkFpVeB2.js                      [39m[1m[2m  6.28 kB[22m[1m[22m[2m Ôöé gzip:   2.26 kB[22m
[2m../dist/public/[22m[36massets/OrgBudgets-DBMlGbNl.js                   [39m[1m[2m  6.28 kB[22m[1m[22m[2m Ôöé gzip:   2.26 kB[22m
[2m../dist/public/[22m[36massets/OrgLeaveDetail-orBq3_YA.js               [39m[1m[2m  6.32 kB[22m[1m[22m[2m Ôöé gzip:   1.83 kB[22m
[2m../dist/public/[22m[36massets/HTMLEditor-CiAAG463.js                   [39m[1m[2m  6.37 kB[22m[1m[22m[2m Ôöé gzip:   2.47 kB[22m
[2m../dist/public/[22m[36massets/Profile-D0QRqS8_.js                      [39m[1m[2m  6.38 kB[22m[1m[22m[2m Ôöé gzip:   2.23 kB[22m
[2m../dist/public/[22m[36massets/ServiceInvoices-CYRaKRqB.js              [39m[1m[2m  6.40 kB[22m[1m[22m[2m Ôöé gzip:   2.59 kB[22m
[2m../dist/public/[22m[36massets/OrgServiceInvoices-NXqw_Hna.js           [39m[1m[2m  6.40 kB[22m[1m[22m[2m Ôöé gzip:   2.59 kB[22m
[2m../dist/public/[22m[36massets/ProjectManagerDashboard-CUg-qebA.js      [39m[1m[2m  6.46 kB[22m[1m[22m[2m Ôöé gzip:   2.11 kB[22m
[2m../dist/public/[22m[36massets/CreditNoteDetails-CmR_LRj0.js            [39m[1m[2m  6.46 kB[22m[1m[22m[2m Ôöé gzip:   2.08 kB[22m
[2m../dist/public/[22m[36massets/AttendanceDetails-4nc64tpX.js            [39m[1m[2m  6.50 kB[22m[1m[22m[2m Ôöé gzip:   1.98 kB[22m
[2m../dist/public/[22m[36massets/CreateServiceInvoice-D3X-D8I6.js         [39m[1m[2m  6.50 kB[22m[1m[22m[2m Ôöé gzip:   2.23 kB[22m
[2m../dist/public/[22m[36massets/OrgCreateServiceInvoice-D6oJjHO4.js      [39m[1m[2m  6.50 kB[22m[1m[22m[2m Ôöé gzip:   2.23 kB[22m
[2m../dist/public/[22m[36massets/Documentation-CoM9o7xX.js                [39m[1m[2m  6.50 kB[22m[1m[22m[2m Ôöé gzip:   2.55 kB[22m
[2m../dist/public/[22m[36massets/ExpenseBudgetReport-Creb2wIQ.js          [39m[1m[2m  6.51 kB[22m[1m[22m[2m Ôöé gzip:   1.80 kB[22m
[2m../dist/public/[22m[36massets/SystemLogsViewer-C9U2EKRj.js             [39m[1m[2m  6.51 kB[22m[1m[22m[2m Ôöé gzip:   2.21 kB[22m
[2m../dist/public/[22m[36massets/Notifications-BeSARVUR.js                [39m[1m[2m  6.51 kB[22m[1m[22m[2m Ôöé gzip:   2.00 kB[22m
[2m../dist/public/[22m[36massets/OrgContractDetail-aMNt7k4E.js            [39m[1m[2m  6.55 kB[22m[1m[22m[2m Ôöé gzip:   1.81 kB[22m
[2m../dist/public/[22m[36massets/EditContact-LzyU3no3.js                  [39m[1m[2m  6.57 kB[22m[1m[22m[2m Ôöé gzip:   2.12 kB[22m
[2m../dist/public/[22m[36massets/OrgEditContact-Dyggz5Ya.js               [39m[1m[2m  6.57 kB[22m[1m[22m[2m Ôöé gzip:   2.12 kB[22m
[2m../dist/public/[22m[36massets/TaxInformation-Rw4SXef6.js               [39m[1m[2m  6.60 kB[22m[1m[22m[2m Ôöé gzip:   2.23 kB[22m
[2m../dist/public/[22m[36massets/CreateOrder-DcqoLPye.js                  [39m[1m[2m  6.62 kB[22m[1m[22m[2m Ôöé gzip:   2.22 kB[22m
[2m../dist/public/[22m[36massets/EditOpportunity-zP7nu3Ro.js              [39m[1m[2m  6.65 kB[22m[1m[22m[2m Ôöé gzip:   2.09 kB[22m
[2m../dist/public/[22m[36massets/AuditLogs-Dqvo5j61.js                    [39m[1m[2m  6.66 kB[22m[1m[22m[2m Ôöé gzip:   2.55 kB[22m
[2m../dist/public/[22m[36massets/EditOrder-Cxd471Cs.js                    [39m[1m[2m  6.68 kB[22m[1m[22m[2m Ôöé gzip:   2.33 kB[22m
[2m../dist/public/[22m[36massets/OrgEditOrder-CkwV7rMQ.js                 [39m[1m[2m  6.68 kB[22m[1m[22m[2m Ôöé gzip:   2.33 kB[22m
[2m../dist/public/[22m[36massets/LPODetails-DYHxtm8d.js                   [39m[1m[2m  6.73 kB[22m[1m[22m[2m Ôöé gzip:   2.05 kB[22m
[2m../dist/public/[22m[36massets/CreateService-O5LCYFuR.js                [39m[1m[2m  6.73 kB[22m[1m[22m[2m Ôöé gzip:   2.26 kB[22m
[2m../dist/public/[22m[36massets/OrgCreateService-Fs_2qW_o.js             [39m[1m[2m  6.73 kB[22m[1m[22m[2m Ôöé gzip:   2.26 kB[22m
[2m../dist/public/[22m[36massets/CreateBenefit-BjbxkJ12.js                [39m[1m[2m  6.73 kB[22m[1m[22m[2m Ôöé gzip:   2.27 kB[22m
[2m../dist/public/[22m[36massets/Login-BaKbyUCJ.js                        [39m[1m[2m  6.76 kB[22m[1m[22m[2m Ôöé gzip:   2.27 kB[22m
[2m../dist/public/[22m[36massets/OrgLeave-61IcfGqM.js                     [39m[1m[2m  6.80 kB[22m[1m[22m[2m Ôöé gzip:   2.39 kB[22m
[2m../dist/public/[22m[36massets/OrgEditContract-CK9rpOx7.js              [39m[1m[2m  6.80 kB[22m[1m[22m[2m Ôöé gzip:   2.13 kB[22m
[2m../dist/public/[22m[36massets/Calendar-CK_-EIzF.js                     [39m[1m[2m  6.81 kB[22m[1m[22m[2m Ôöé gzip:   2.40 kB[22m
[2m../dist/public/[22m[36massets/OrgCalendar-BTyYxENO.js                  [39m[1m[2m  6.81 kB[22m[1m[22m[2m Ôöé gzip:   2.40 kB[22m
[2m../dist/public/[22m[36massets/Reminders-CNekCx12.js                    [39m[1m[2m  6.84 kB[22m[1m[22m[2m Ôöé gzip:   2.16 kB[22m
[2m../dist/public/[22m[36massets/OrgServiceInvoiceDetails-By5sM_q3.js     [39m[1m[2m  6.84 kB[22m[1m[22m[2m Ôöé gzip:   2.06 kB[22m
[2m../dist/public/[22m[36massets/HRReports-POwY_1V0.js                    [39m[1m[2m  6.86 kB[22m[1m[22m[2m Ôöé gzip:   2.42 kB[22m
[2m../dist/public/[22m[36massets/UserDetails-Ddzi-bwx.js                  [39m[1m[2m  6.87 kB[22m[1m[22m[2m Ôöé gzip:   1.68 kB[22m
[2m../dist/public/[22m[36massets/EditProposal-DnxIdGZh.js                 [39m[1m[2m  6.90 kB[22m[1m[22m[2m Ôöé gzip:   2.13 kB[22m
[2m../dist/public/[22m[36massets/OrgEditProposal-BR0ZdHRE.js              [39m[1m[2m  6.90 kB[22m[1m[22m[2m Ôöé gzip:   2.13 kB[22m
[2m../dist/public/[22m[36massets/OrgCreateOrder-BsyxUx1D.js               [39m[1m[2m  7.02 kB[22m[1m[22m[2m Ôöé gzip:   2.30 kB[22m
[2m../dist/public/[22m[36massets/ResetPassword-kkWfcEU2.js                [39m[1m[2m  7.09 kB[22m[1m[22m[2m Ôöé gzip:   2.02 kB[22m
[2m../dist/public/[22m[36massets/OrgContracts-DFDkf2s_.js                 [39m[1m[2m  7.13 kB[22m[1m[22m[2m Ôöé gzip:   2.52 kB[22m
[2m../dist/public/[22m[36massets/WorkOrders-DDiNe6Ob.js                   [39m[1m[2m  7.16 kB[22m[1m[22m[2m Ôöé gzip:   2.60 kB[22m
[2m../dist/public/[22m[36massets/OrgWorkOrders-TEiSPtKP.js                [39m[1m[2m  7.16 kB[22m[1m[22m[2m Ôöé gzip:   2.60 kB[22m
[2m../dist/public/[22m[36massets/SalaryStructures-Coj8Uktb.js             [39m[1m[2m  7.18 kB[22m[1m[22m[2m Ôöé gzip:   2.28 kB[22m
[2m../dist/public/[22m[36massets/OrgSalaryStructures-BP-gPAB2.js          [39m[1m[2m  7.18 kB[22m[1m[22m[2m Ôöé gzip:   2.28 kB[22m
[2m../dist/public/[22m[36massets/EditServiceInvoice-C6MhpEzM.js           [39m[1m[2m  7.19 kB[22m[1m[22m[2m Ôöé gzip:   2.38 kB[22m
[2m../dist/public/[22m[36massets/OrgEditServiceInvoice-B_x9UtC_.js        [39m[1m[2m  7.19 kB[22m[1m[22m[2m Ôöé gzip:   2.38 kB[22m
[2m../dist/public/[22m[36massets/OrgInvoiceDetail-DU7-Es1g.js             [39m[1m[2m  7.24 kB[22m[1m[22m[2m Ôöé gzip:   1.99 kB[22m
[2m../dist/public/[22m[36massets/Benefits-CBw98sI6.js                     [39m[1m[2m  7.31 kB[22m[1m[22m[2m Ôöé gzip:   2.20 kB[22m
[2m../dist/public/[22m[36massets/OrgCreateContract-Chw0pqXV.js            [39m[1m[2m  7.33 kB[22m[1m[22m[2m Ôöé gzip:   2.14 kB[22m
[2m../dist/public/[22m[36massets/Signup-BR4a9mwi.js                       [39m[1m[2m  7.36 kB[22m[1m[22m[2m Ôöé gzip:   2.29 kB[22m
[2m../dist/public/[22m[36massets/ChartOfAccountsHierarchy-BZatJzV2.js     [39m[1m[2m  7.45 kB[22m[1m[22m[2m Ôöé gzip:   2.02 kB[22m
[2m../dist/public/[22m[36massets/ExpenseBudgetReport-BHGxwvku.js          [39m[1m[2m  7.51 kB[22m[1m[22m[2m Ôöé gzip:   2.65 kB[22m
[2m../dist/public/[22m[36massets/OrgHR-Cl8Z2Jcv.js                        [39m[1m[2m  7.51 kB[22m[1m[22m[2m Ôöé gzip:   2.39 kB[22m
[2m../dist/public/[22m[36massets/OrgCreateProject-D4PG8Toe.js             [39m[1m[2m  7.53 kB[22m[1m[22m[2m Ôöé gzip:   2.41 kB[22m
[2m../dist/public/[22m[36massets/Warehouses-BwyiGGKc.js                   [39m[1m[2m  7.54 kB[22m[1m[22m[2m Ôöé gzip:   2.31 kB[22m
[2m../dist/public/[22m[36massets/SystemHealth-Cwb0eR0b.js                 [39m[1m[2m  7.56 kB[22m[1m[22m[2m Ôöé gzip:   1.76 kB[22m
[2m../dist/public/[22m[36massets/HRAnalyticsPage-Ujmvpl88.js              [39m[1m[2m  7.57 kB[22m[1m[22m[2m Ôöé gzip:   2.07 kB[22m
[2m../dist/public/[22m[36massets/Products-BjNse8Ry.js                     [39m[1m[2m  7.68 kB[22m[1m[22m[2m Ôöé gzip:   2.65 kB[22m
[2m../dist/public/[22m[36massets/OrgProducts-CO7_cZUU.js                  [39m[1m[2m  7.68 kB[22m[1m[22m[2m Ôöé gzip:   2.65 kB[22m
[2m../dist/public/[22m[36massets/locations-CtzeVEdQ.js                    [39m[1m[2m  7.69 kB[22m[1m[22m[2m Ôöé gzip:   2.76 kB[22m
[2m../dist/public/[22m[36massets/AllowancesDeductions-BFYKSkny.js         [39m[1m[2m  7.70 kB[22m[1m[22m[2m Ôöé gzip:   2.38 kB[22m
[2m../dist/public/[22m[36massets/TermsAndConditions-ChissGoj.js           [39m[1m[2m  7.76 kB[22m[1m[22m[2m Ôöé gzip:   2.64 kB[22m
[2m../dist/public/[22m[36massets/LeaveManagement-CcBm9K3m.js              [39m[1m[2m  7.77 kB[22m[1m[22m[2m Ôöé gzip:   2.50 kB[22m
[2m../dist/public/[22m[36massets/Contact-L92lRcEr.js                      [39m[1m[2m  7.77 kB[22m[1m[22m[2m Ôöé gzip:   2.77 kB[22m
[2m../dist/public/[22m[36massets/HR-Szz_2aO6.js                           [39m[1m[2m  7.79 kB[22m[1m[22m[2m Ôöé gzip:   2.51 kB[22m
[2m../dist/public/[22m[36massets/ProposalTemplates-ww-uUzfJ.js            [39m[1m[2m  7.79 kB[22m[1m[22m[2m Ôöé gzip:   2.50 kB[22m
[2m../dist/public/[22m[36massets/OrgWorkOrderDetail-TTD-Btfo.js           [39m[1m[2m  7.80 kB[22m[1m[22m[2m Ôöé gzip:   1.95 kB[22m
[2m../dist/public/[22m[36massets/EditService-CjaKHveV.js                  [39m[1m[2m  7.85 kB[22m[1m[22m[2m Ôöé gzip:   2.55 kB[22m
[2m../dist/public/[22m[36massets/OrgEditService-DcwS7bjB.js               [39m[1m[2m  7.85 kB[22m[1m[22m[2m Ôöé gzip:   2.55 kB[22m
[2m../dist/public/[22m[36massets/PayrollDetails-DntJv7zb.js               [39m[1m[2m  7.88 kB[22m[1m[22m[2m Ôöé gzip:   2.06 kB[22m
[2m../dist/public/[22m[36massets/OrgPayrollDetails-COPTHH8x.js            [39m[1m[2m  7.88 kB[22m[1m[22m[2m Ôöé gzip:   2.06 kB[22m
[2m../dist/public/[22m[36massets/DisciplinaryRecords-B-0w3c6r.js          [39m[1m[2m  7.88 kB[22m[1m[22m[2m Ôöé gzip:   2.44 kB[22m
[2m../dist/public/[22m[36massets/OrgCRM-wXggWv0c.js                       [39m[1m[2m  7.93 kB[22m[1m[22m[2m Ôöé gzip:   2.50 kB[22m
[2m../dist/public/[22m[36massets/HRAdminDashboard-KPGnaA7u.js             [39m[1m[2m  7.95 kB[22m[1m[22m[2m Ôöé gzip:   2.36 kB[22m
[2m../dist/public/[22m[36massets/OrgEditProject-_0jC_QLR.js               [39m[1m[2m  7.99 kB[22m[1m[22m[2m Ôöé gzip:   2.35 kB[22m
[2m../dist/public/[22m[36massets/EditCreditNote-lWttsVS8.js               [39m[1m[2m  8.00 kB[22m[1m[22m[2m Ôöé gzip:   2.59 kB[22m
[2m../dist/public/[22m[36massets/OrgEditCreditNote-BtR31K4P.js            [39m[1m[2m  8.00 kB[22m[1m[22m[2m Ôöé gzip:   2.59 kB[22m
[2m../dist/public/[22m[36massets/FinancialDashboard-GENFN_R0.js           [39m[1m[2m  8.03 kB[22m[1m[22m[2m Ôöé gzip:   2.55 kB[22m
[2m../dist/public/[22m[36massets/Accounting-DHMgcnCT.js                   [39m[1m[2m  8.04 kB[22m[1m[22m[2m Ôöé gzip:   2.57 kB[22m
[2m../dist/public/[22m[36massets/OrgFinancialDashboard-FIzgrUcY.js        [39m[1m[2m  8.05 kB[22m[1m[22m[2m Ôöé gzip:   2.52 kB[22m
[2m../dist/public/[22m[36massets/ContractTemplates-tahogYQ2.js            [39m[1m[2m  8.11 kB[22m[1m[22m[2m Ôöé gzip:   2.59 kB[22m
[2m../dist/public/[22m[36massets/OrgContractTemplates-BCQcb7FQ.js         [39m[1m[2m  8.11 kB[22m[1m[22m[2m Ôöé gzip:   2.59 kB[22m
[2m../dist/public/[22m[36massets/UserGuide-BEH_AXha.js                    [39m[1m[2m  8.15 kB[22m[1m[22m[2m Ôöé gzip:   3.04 kB[22m
[2m../dist/public/[22m[36massets/PerformanceReviews-BWFDolap.js           [39m[1m[2m  8.18 kB[22m[1m[22m[2m Ôöé gzip:   2.64 kB[22m
[2m../dist/public/[22m[36massets/OrgPerformanceReviews-DWnxQszH.js        [39m[1m[2m  8.18 kB[22m[1m[22m[2m Ôöé gzip:   2.64 kB[22m
[2m../dist/public/[22m[36massets/TaskDetails-u6rbQpUR.js                  [39m[1m[2m  8.21 kB[22m[1m[22m[2m Ôöé gzip:   2.24 kB[22m
[2m../dist/public/[22m[36massets/OrgProjects-DB7EDWtX.js                  [39m[1m[2m  8.25 kB[22m[1m[22m[2m Ôöé gzip:   2.72 kB[22m
[2m../dist/public/[22m[36massets/Notes-BflioF2b.js                        [39m[1m[2m  8.38 kB[22m[1m[22m[2m Ôöé gzip:   2.71 kB[22m
[2m../dist/public/[22m[36massets/IntegrationGuides-syLUACL6.js            [39m[1m[2m  8.55 kB[22m[1m[22m[2m Ôöé gzip:   3.17 kB[22m
[2m../dist/public/[22m[36massets/EstimateDetails-DO5KsXbd.js              [39m[1m[2m  8.77 kB[22m[1m[22m[2m Ôöé gzip:   2.73 kB[22m
[2m../dist/public/[22m[36massets/AccountingManagement-CPdTOWWQ.js         [39m[1m[2m  8.81 kB[22m[1m[22m[2m Ôöé gzip:   2.33 kB[22m
[2m../dist/public/[22m[36massets/UiElements-4B-W98_m.js                   [39m[1m[2m  8.86 kB[22m[1m[22m[2m Ôöé gzip:   2.86 kB[22m
[2m../dist/public/[22m[36massets/AssetManagement-DoIZCIdf.js              [39m[1m[2m  8.90 kB[22m[1m[22m[2m Ôöé gzip:   2.80 kB[22m
[2m../dist/public/[22m[36massets/CSVImportExport-DfUBwXCz.js              [39m[1m[2m  8.90 kB[22m[1m[22m[2m Ôöé gzip:   3.02 kB[22m
[2m../dist/public/[22m[36massets/EnhancedReceiptManagement-DOizroE6.js    [39m[1m[2m  8.91 kB[22m[1m[22m[2m Ôöé gzip:   3.16 kB[22m
[2m../dist/public/[22m[36massets/LeadsDetails-D1cpch_Z.js                 [39m[1m[2m  8.93 kB[22m[1m[22m[2m Ôöé gzip:   2.54 kB[22m
[2m../dist/public/[22m[36massets/OverduePayments-Chg-bqRh.js              [39m[1m[2m  8.98 kB[22m[1m[22m[2m Ôöé gzip:   2.64 kB[22m
[2m../dist/public/[22m[36massets/Payments-B2QGX3ZQ.js                     [39m[1m[2m  9.04 kB[22m[1m[22m[2m Ôöé gzip:   3.33 kB[22m
[2m../dist/public/[22m[36massets/OrgPayments-BB_OIYhC.js                  [39m[1m[2m  9.04 kB[22m[1m[22m[2m Ôöé gzip:   3.33 kB[22m
[2m../dist/public/[22m[36massets/ActivityTrail-BMjdl_3z.js                [39m[1m[2m  9.05 kB[22m[1m[22m[2m Ôöé gzip:   2.70 kB[22m
[2m../dist/public/[22m[36massets/RecurringInvoices-BA1yWjPY.js            [39m[1m[2m  9.06 kB[22m[1m[22m[2m Ôöé gzip:   2.77 kB[22m
[2m../dist/public/[22m[36massets/CreateCreditNote-ws2WVnY8.js             [39m[1m[2m  9.08 kB[22m[1m[22m[2m Ôöé gzip:   2.82 kB[22m
[2m../dist/public/[22m[36massets/OrgCreateCreditNote-HgT4U9od.js          [39m[1m[2m  9.08 kB[22m[1m[22m[2m Ôöé gzip:   2.82 kB[22m
[2m../dist/public/[22m[36massets/PaymentReconciliation-CMzUc9A0.js        [39m[1m[2m  9.20 kB[22m[1m[22m[2m Ôöé gzip:   2.94 kB[22m
[2m../dist/public/[22m[36massets/PrivacyPolicy-BV3qCb2R.js                [39m[1m[2m  9.21 kB[22m[1m[22m[2m Ôöé gzip:   2.83 kB[22m
[2m../dist/public/[22m[36massets/PayrollApprovals-DODbasMQ.js             [39m[1m[2m  9.21 kB[22m[1m[22m[2m Ôöé gzip:   2.71 kB[22m
[2m../dist/public/[22m[36massets/Opportunities-CNIRY_wa.js                [39m[1m[2m  9.23 kB[22m[1m[22m[2m Ôöé gzip:   3.28 kB[22m
[2m../dist/public/[22m[36massets/BillingDashboard-D0xJYHmq.js             [39m[1m[2m  9.30 kB[22m[1m[22m[2m Ôöé gzip:   3.15 kB[22m
[2m../dist/public/[22m[36massets/DepartmentPayrollReports-BZGcEsYy.js     [39m[1m[2m  9.31 kB[22m[1m[22m[2m Ôöé gzip:   2.96 kB[22m
[2m../dist/public/[22m[36massets/Quotes-Bptbnzkt.js                       [39m[1m[2m  9.34 kB[22m[1m[22m[2m Ôöé gzip:   3.39 kB[22m
[2m../dist/public/[22m[36massets/HRAnalytics-DGDVWM3y.js                  [39m[1m[2m  9.37 kB[22m[1m[22m[2m Ôöé gzip:   2.74 kB[22m
[2m../dist/public/[22m[36massets/About-B4W-Fg5A.js                        [39m[1m[2m  9.44 kB[22m[1m[22m[2m Ôöé gzip:   3.53 kB[22m
[2m../dist/public/[22m[36massets/OrgPricing-CJpBGr0e.js                   [39m[1m[2m  9.50 kB[22m[1m[22m[2m Ôöé gzip:   3.41 kB[22m
[2m../dist/public/[22m[36massets/CreatePayment-DwVU3n-6.js                [39m[1m[2m  9.56 kB[22m[1m[22m[2m Ôöé gzip:   3.02 kB[22m
[2m../dist/public/[22m[36massets/OrgTicketDetail-StFIXoUS.js              [39m[1m[2m  9.59 kB[22m[1m[22m[2m Ôöé gzip:   2.25 kB[22m
[2m../dist/public/[22m[36massets/OrgInventory-Bg_EMMZ-.js                 [39m[1m[2m  9.60 kB[22m[1m[22m[2m Ôöé gzip:   3.07 kB[22m
[2m../dist/public/[22m[36massets/OrgDeliveryNotes-CkrBJJdX.js             [39m[1m[2m  9.72 kB[22m[1m[22m[2m Ôöé gzip:   3.29 kB[22m
[2m../dist/public/[22m[36massets/Onboarding-D1jAM26-.js                   [39m[1m[2m  9.81 kB[22m[1m[22m[2m Ôöé gzip:   2.80 kB[22m
[2m../dist/public/[22m[36massets/DeliveryNotes-Drs6GdjX.js                [39m[1m[2m  9.81 kB[22m[1m[22m[2m Ôöé gzip:   3.31 kB[22m
[2m../dist/public/[22m[36massets/EditUser-BBxdIywu.js                     [39m[1m[2m  9.84 kB[22m[1m[22m[2m Ôöé gzip:   2.98 kB[22m
[2m../dist/public/[22m[36massets/CommunicationDetails-COIFBepv.js         [39m[1m[2m  9.88 kB[22m[1m[22m[2m Ôöé gzip:   2.87 kB[22m
[2m../dist/public/[22m[36massets/AdminCronJobs-C1N8BCIp.js                [39m[1m[2m  9.89 kB[22m[1m[22m[2m Ôöé gzip:   3.18 kB[22m
[2m../dist/public/[22m[36massets/ProjectMilestones-D1tvPecT.js            [39m[1m[2m  9.97 kB[22m[1m[22m[2m Ôöé gzip:   2.99 kB[22m
[2m../dist/public/[22m[36massets/Estimates-DoEtio76.js                    [39m[1m[2m  9.98 kB[22m[1m[22m[2m Ôöé gzip:   3.66 kB[22m
[2m../dist/public/[22m[36massets/CreateUser-8UDqEHXc.js                   [39m[1m[2m 10.02 kB[22m[1m[22m[2m Ôöé gzip:   3.22 kB[22m
[2m../dist/public/[22m[36massets/Expenses-BAuRmUYZ.js                     [39m[1m[2m 10.04 kB[22m[1m[22m[2m Ôöé gzip:   3.50 kB[22m
[2m../dist/public/[22m[36massets/OrgExpenses-C4sE1ukT.js                  [39m[1m[2m 10.04 kB[22m[1m[22m[2m Ôöé gzip:   3.50 kB[22m
[2m../dist/public/[22m[36massets/Inventory-BSPBdqG_.js                    [39m[1m[2m 10.08 kB[22m[1m[22m[2m Ôöé gzip:   3.25 kB[22m
[2m../dist/public/[22m[36massets/Receipts-D7iwvdwm.js                     [39m[1m[2m 10.14 kB[22m[1m[22m[2m Ôöé gzip:   3.58 kB[22m
[2m../dist/public/[22m[36massets/ClientForm-DIR1rNxK.js                   [39m[1m[2m 10.15 kB[22m[1m[22m[2m Ôöé gzip:   2.41 kB[22m
[2m../dist/public/[22m[36massets/OrgExpenseDetail-LX5NfZMe.js             [39m[1m[2m 10.25 kB[22m[1m[22m[2m Ôöé gzip:   2.77 kB[22m
[2m../dist/public/[22m[36massets/AccountantDashboard-ClVEKaSw.js          [39m[1m[2m 10.26 kB[22m[1m[22m[2m Ôöé gzip:   3.10 kB[22m
[2m../dist/public/[22m[36massets/Integrations-DkgusNRJ.js                 [39m[1m[2m 10.33 kB[22m[1m[22m[2m Ôöé gzip:   3.09 kB[22m
[2m../dist/public/[22m[36massets/HRAutomation-DKD5pSop.js                 [39m[1m[2m 10.33 kB[22m[1m[22m[2m Ôöé gzip:   2.79 kB[22m
[2m../dist/public/[22m[36massets/PaymentReports-O3469WCS.js               [39m[1m[2m 10.37 kB[22m[1m[22m[2m Ôöé gzip:   2.97 kB[22m
[2m../dist/public/[22m[36massets/SupplierForm-BIY4FmDv.js                 [39m[1m[2m 10.38 kB[22m[1m[22m[2m Ôöé gzip:   2.70 kB[22m
[2m../dist/public/[22m[36massets/HRAnalyticsDashboard-BP4qTbr3.js         [39m[1m[2m 10.39 kB[22m[1m[22m[2m Ôöé gzip:   2.77 kB[22m
[2m../dist/public/[22m[36massets/OrgEstimates-CK3AyhZ2.js                 [39m[1m[2m 10.40 kB[22m[1m[22m[2m Ôöé gzip:   3.75 kB[22m
[2m../dist/public/[22m[36massets/PaymentPlans-CxPyDU7V.js                 [39m[1m[2m 10.48 kB[22m[1m[22m[2m Ôöé gzip:   3.22 kB[22m
[2m../dist/public/[22m[36massets/GlobalSettings-CcBAvw2p.js               [39m[1m[2m 10.48 kB[22m[1m[22m[2m Ôöé gzip:   3.03 kB[22m
[2m../dist/public/[22m[36massets/ReportBuilder-BqdDasNn.js                [39m[1m[2m 10.49 kB[22m[1m[22m[2m Ôöé gzip:   2.77 kB[22m
[2m../dist/public/[22m[36massets/OrgReceipts-C6z8UUC9.js                  [39m[1m[2m 10.57 kB[22m[1m[22m[2m Ôöé gzip:   3.68 kB[22m
[2m../dist/public/[22m[36massets/CreateServiceTemplate-lYpXanxa.js        [39m[1m[2m 10.58 kB[22m[1m[22m[2m Ôöé gzip:   2.98 kB[22m
[2m../dist/public/[22m[36massets/GRN-D5XREYtX.js                          [39m[1m[2m 10.58 kB[22m[1m[22m[2m Ôöé gzip:   3.32 kB[22m
[2m../dist/public/[22m[36massets/OrgGRN-xSSVs7Qt.js                       [39m[1m[2m 10.58 kB[22m[1m[22m[2m Ôöé gzip:   3.32 kB[22m
[2m../dist/public/[22m[36massets/CreateProject-C3u4NyY1.js                [39m[1m[2m 10.64 kB[22m[1m[22m[2m Ôöé gzip:   3.29 kB[22m
[2m../dist/public/[22m[36massets/OrgQuotations-BRGqy0ah.js                [39m[1m[2m 10.64 kB[22m[1m[22m[2m Ôöé gzip:   3.55 kB[22m
[2m../dist/public/[22m[36massets/CannedResponses-D0uQtJ6l.js              [39m[1m[2m 10.64 kB[22m[1m[22m[2m Ôöé gzip:   3.09 kB[22m
[2m../dist/public/[22m[36massets/OrgCannedResponses-BjcbPfje.js           [39m[1m[2m 10.64 kB[22m[1m[22m[2m Ôöé gzip:   3.09 kB[22m
[2m../dist/public/[22m[36massets/BudgetDetail-D8HtZLmH.js                 [39m[1m[2m 10.67 kB[22m[1m[22m[2m Ôöé gzip:   3.34 kB[22m
[2m../dist/public/[22m[36massets/OrgBudgetDetail-Cjenul7j.js              [39m[1m[2m 10.67 kB[22m[1m[22m[2m Ôöé gzip:   3.34 kB[22m
[2m../dist/public/[22m[36massets/DashboardHome-Cp_rtMf6.js                [39m[1m[2m 10.69 kB[22m[1m[22m[2m Ôöé gzip:   3.10 kB[22m
[2m../dist/public/[22m[36massets/EditPayment-C4EvuuhF.js                  [39m[1m[2m 10.73 kB[22m[1m[22m[2m Ôöé gzip:   3.22 kB[22m
[2m../dist/public/[22m[36massets/OrgEditPayment-D_rUurgy.js               [39m[1m[2m 10.73 kB[22m[1m[22m[2m Ôöé gzip:   3.22 kB[22m
[2m../dist/public/[22m[36massets/CreateOpportunity-w4nujSYR.js            [39m[1m[2m 10.80 kB[22m[1m[22m[2m Ôöé gzip:   3.27 kB[22m
[2m../dist/public/[22m[36massets/EmployeeContracts-CQwtQu8x.js            [39m[1m[2m 10.82 kB[22m[1m[22m[2m Ôöé gzip:   2.61 kB[22m
[2m../dist/public/[22m[36massets/TenantCommunications-C5nvc9sM.js         [39m[1m[2m 10.84 kB[22m[1m[22m[2m Ôöé gzip:   3.11 kB[22m
[2m../dist/public/[22m[36massets/EditPayroll-I_cXabRh.js                  [39m[1m[2m 10.90 kB[22m[1m[22m[2m Ôöé gzip:   3.18 kB[22m
[2m../dist/public/[22m[36massets/OrgEditPayroll-D6Py4xnJ.js               [39m[1m[2m 10.90 kB[22m[1m[22m[2m Ôöé gzip:   3.18 kB[22m
[2m../dist/public/[22m[36massets/Payslips-DSkF_3WM.js                     [39m[1m[2m 10.93 kB[22m[1m[22m[2m Ôöé gzip:   3.28 kB[22m
[2m../dist/public/[22m[36massets/OrgDashboardHome-KokMyujd.js             [39m[1m[2m 11.03 kB[22m[1m[22m[2m Ôöé gzip:   3.28 kB[22m
[2m../dist/public/[22m[36massets/ProcurementLPOs-CZoA0KpY.js              [39m[1m[2m 11.03 kB[22m[1m[22m[2m Ôöé gzip:   3.01 kB[22m
[2m../dist/public/[22m[36massets/LPOs-C95ZdLId.js                         [39m[1m[2m 11.09 kB[22m[1m[22m[2m Ôöé gzip:   4.03 kB[22m
[2m../dist/public/[22m[36massets/MaintenanceAdmin-DQn69Zfq.js             [39m[1m[2m 11.13 kB[22m[1m[22m[2m Ôöé gzip:   3.37 kB[22m
[2m../dist/public/[22m[36massets/CustomReportBuilder-DVFiZMmM.js          [39m[1m[2m 11.16 kB[22m[1m[22m[2m Ôöé gzip:   3.32 kB[22m
[2m../dist/public/[22m[36massets/Quotations-KifcV_3g.js                   [39m[1m[2m 11.23 kB[22m[1m[22m[2m Ôöé gzip:   3.73 kB[22m
[2m../dist/public/[22m[36massets/TimeTracking-BWt9PEnQ.js                 [39m[1m[2m 11.30 kB[22m[1m[22m[2m Ôöé gzip:   3.34 kB[22m
[2m../dist/public/[22m[36massets/ContractManagement-NoYsl1u5.js           [39m[1m[2m 11.36 kB[22m[1m[22m[2m Ôöé gzip:   3.28 kB[22m
[2m../dist/public/[22m[36massets/OrgLPOs-DdOYhVLy.js                      [39m[1m[2m 11.37 kB[22m[1m[22m[2m Ôöé gzip:   4.07 kB[22m
[2m../dist/public/[22m[36massets/OrgProjectDetail-rlUnI7bm.js             [39m[1m[2m 11.44 kB[22m[1m[22m[2m Ôöé gzip:   3.62 kB[22m
[2m../dist/public/[22m[36massets/OrgContacts-Czg8Yp8n.js                  [39m[1m[2m 11.45 kB[22m[1m[22m[2m Ôöé gzip:   3.67 kB[22m
[2m../dist/public/[22m[36massets/QuoteDetails-EDnYMuVL.js                 [39m[1m[2m 11.46 kB[22m[1m[22m[2m Ôöé gzip:   3.15 kB[22m
[2m../dist/public/[22m[36massets/Suppliers-Crbdx-Q0.js                    [39m[1m[2m 11.49 kB[22m[1m[22m[2m Ôöé gzip:   4.20 kB[22m
[2m../dist/public/[22m[36massets/Contacts-CQ4LsVR6.js                     [39m[1m[2m 11.52 kB[22m[1m[22m[2m Ôöé gzip:   3.70 kB[22m
[2m../dist/public/[22m[36massets/ProcurementImprests-BgKp_Enk.js          [39m[1m[2m 11.60 kB[22m[1m[22m[2m Ôöé gzip:   2.85 kB[22m
[2m../dist/public/[22m[36massets/SystemSettings-D9kbDQa7.js               [39m[1m[2m 11.62 kB[22m[1m[22m[2m Ôöé gzip:   3.18 kB[22m
[2m../dist/public/[22m[36massets/EnterpriseTenantsManagement-D_ABVx4J.js  [39m[1m[2m 11.63 kB[22m[1m[22m[2m Ôöé gzip:   3.31 kB[22m
[2m../dist/public/[22m[36massets/FileManager-pWulHDkr.js                  [39m[1m[2m 11.68 kB[22m[1m[22m[2m Ôöé gzip:   4.02 kB[22m
[2m../dist/public/[22m[36massets/KPITracking-B1xMqSO6.js                  [39m[1m[2m 11.69 kB[22m[1m[22m[2m Ôöé gzip:   3.11 kB[22m
[2m../dist/public/[22m[36massets/EnhancedChangePassword-CMDE2AGV.js       [39m[1m[2m 11.73 kB[22m[1m[22m[2m Ôöé gzip:   2.95 kB[22m
[2m../dist/public/[22m[36massets/UnifiedLanding-BNnVPsI3.js               [39m[1m[2m 11.89 kB[22m[1m[22m[2m Ôöé gzip:   3.15 kB[22m
[2m../dist/public/[22m[36massets/WorkflowAutomation-o8SVGrT2.js           [39m[1m[2m 11.97 kB[22m[1m[22m[2m Ôöé gzip:   3.37 kB[22m
[2m../dist/public/[22m[36massets/Training-Bh8OjoaU.js                     [39m[1m[2m 11.99 kB[22m[1m[22m[2m Ôöé gzip:   3.43 kB[22m
[2m../dist/public/[22m[36massets/SubscriptionDetails-BOUBQxnE.js          [39m[1m[2m 12.04 kB[22m[1m[22m[2m Ôöé gzip:   2.92 kB[22m
[2m../dist/public/[22m[36massets/CustomerPortal-BVDUux3l.js               [39m[1m[2m 12.06 kB[22m[1m[22m[2m Ôöé gzip:   2.91 kB[22m
[2m../dist/public/[22m[36massets/RecurringExpenses-C8k4SX6N.js            [39m[1m[2m 12.15 kB[22m[1m[22m[2m Ôöé gzip:   3.77 kB[22m
[2m../dist/public/[22m[36massets/OrganizationUsersManagement-BUnwtoz5.js  [39m[1m[2m 12.18 kB[22m[1m[22m[2m Ôöé gzip:   3.46 kB[22m
[2m../dist/public/[22m[36massets/SalesPipeline-DEOjgAqR.js                [39m[1m[2m 12.22 kB[22m[1m[22m[2m Ôöé gzip:   3.63 kB[22m
[2m../dist/public/[22m[36massets/OrgSalesPipeline-DM1Ub9Qj.js             [39m[1m[2m 12.22 kB[22m[1m[22m[2m Ôöé gzip:   3.63 kB[22m
[2m../dist/public/[22m[36massets/Projects-C96dEzzU.js                     [39m[1m[2m 12.26 kB[22m[1m[22m[2m Ôöé gzip:   3.63 kB[22m
[2m../dist/public/[22m[36massets/ServiceDetails-BQQvTZOE.js               [39m[1m[2m 12.27 kB[22m[1m[22m[2m Ôöé gzip:   3.18 kB[22m
[2m../dist/public/[22m[36massets/Demo-DELq1nsu.js                         [39m[1m[2m 12.37 kB[22m[1m[22m[2m Ôöé gzip:   3.80 kB[22m
[2m../dist/public/[22m[36massets/Features-mLBSjIUb.js                     [39m[1m[2m 12.65 kB[22m[1m[22m[2m Ôöé gzip:   4.43 kB[22m
[2m../dist/public/[22m[36massets/OrgTimesheets-B-jiI1bD.js                [39m[1m[2m 12.84 kB[22m[1m[22m[2m Ôöé gzip:   3.88 kB[22m
[2m../dist/public/[22m[36massets/Timesheets-CZzvCDfQ.js                   [39m[1m[2m 12.84 kB[22m[1m[22m[2m Ôöé gzip:   3.88 kB[22m
[2m../dist/public/[22m[36massets/NotificationCenter-Cvr1xHK_.js           [39m[1m[2m 12.87 kB[22m[1m[22m[2m Ôöé gzip:   3.34 kB[22m
[2m../dist/public/[22m[36massets/Account-BbE_dGUS.js                      [39m[1m[2m 12.87 kB[22m[1m[22m[2m Ôöé gzip:   3.35 kB[22m
[2m../dist/public/[22m[36massets/ExecutiveDashboard-v3C644bC.js           [39m[1m[2m 12.88 kB[22m[1m[22m[2m Ôöé gzip:   3.37 kB[22m
[2m../dist/public/[22m[36massets/OrgJobGroups-DHUWpkjx.js                 [39m[1m[2m 12.95 kB[22m[1m[22m[2m Ôöé gzip:   3.43 kB[22m
[2m../dist/public/[22m[36massets/ReceiptDetails-B4Uso1Fu.js               [39m[1m[2m 13.06 kB[22m[1m[22m[2m Ôöé gzip:   3.43 kB[22m
[2m../dist/public/[22m[36massets/Proposals-DUnf9OPN.js                    [39m[1m[2m 13.11 kB[22m[1m[22m[2m Ôöé gzip:   4.02 kB[22m
[2m../dist/public/[22m[36massets/OrgProposals-Dyc_FEx1.js                 [39m[1m[2m 13.11 kB[22m[1m[22m[2m Ôöé gzip:   4.02 kB[22m
[2m../dist/public/[22m[36massets/OrgDashboard-DzPU4VZN.js                 [39m[1m[2m 13.20 kB[22m[1m[22m[2m Ôöé gzip:   3.91 kB[22m
[2m../dist/public/[22m[36massets/ProcurementOrders-BG6urX6B.js            [39m[1m[2m 13.25 kB[22m[1m[22m[2m Ôöé gzip:   3.29 kB[22m
[2m../dist/public/[22m[36massets/Recruitment-BPMlx1zC.js                  [39m[1m[2m 13.36 kB[22m[1m[22m[2m Ôöé gzip:   3.23 kB[22m
[2m../dist/public/[22m[36massets/EditProject-BGyZXoHf.js                  [39m[1m[2m 13.42 kB[22m[1m[22m[2m Ôöé gzip:   3.93 kB[22m
[2m../dist/public/[22m[36massets/OrgSuppliers-DNXKEcdz.js                 [39m[1m[2m 13.43 kB[22m[1m[22m[2m Ôöé gzip:   4.43 kB[22m
[2m../dist/public/[22m[36massets/OrgLeads-BUmVypzz.js                     [39m[1m[2m 13.45 kB[22m[1m[22m[2m Ôöé gzip:   3.75 kB[22m
[2m../dist/public/[22m[36massets/OrgTasks-_gIB5Rbh.js                     [39m[1m[2m 13.45 kB[22m[1m[22m[2m Ôöé gzip:   3.79 kB[22m
[2m../dist/public/[22m[36massets/Tasks-CtoL4hR6.js                        [39m[1m[2m 13.45 kB[22m[1m[22m[2m Ôöé gzip:   3.79 kB[22m
[2m../dist/public/[22m[36massets/Leads-CgHSlFT6.js                        [39m[1m[2m 13.45 kB[22m[1m[22m[2m Ôöé gzip:   3.75 kB[22m
[2m../dist/public/[22m[36massets/OrgCommunications-Ba0J3q51.js            [39m[1m[2m 13.51 kB[22m[1m[22m[2m Ôöé gzip:   3.58 kB[22m
[2m../dist/public/[22m[36massets/ChartOfAccounts-ofDO3a7e.js              [39m[1m[2m 13.59 kB[22m[1m[22m[2m Ôöé gzip:   4.10 kB[22m
[2m../dist/public/[22m[36massets/OrgChartOfAccounts-DAaPIxx5.js           [39m[1m[2m 13.59 kB[22m[1m[22m[2m Ôöé gzip:   4.10 kB[22m
[2m../dist/public/[22m[36massets/CreatePayroll-BMj_Tdge.js                [39m[1m[2m 13.64 kB[22m[1m[22m[2m Ôöé gzip:   3.11 kB[22m
[2m../dist/public/[22m[36massets/OrgCreatePayroll-9WYIKfLU.js             [39m[1m[2m 13.64 kB[22m[1m[22m[2m Ôöé gzip:   3.11 kB[22m
[2m../dist/public/[22m[36massets/ExpensesDetails-DxgD3Tby.js              [39m[1m[2m 13.64 kB[22m[1m[22m[2m Ôöé gzip:   3.98 kB[22m
[2m../dist/public/[22m[36massets/Tickets-CkEuIBTf.js                      [39m[1m[2m 13.65 kB[22m[1m[22m[2m Ôöé gzip:   4.15 kB[22m
[2m../dist/public/[22m[36massets/OrgTickets-D1l4FoTx.js                   [39m[1m[2m 13.65 kB[22m[1m[22m[2m Ôöé gzip:   4.15 kB[22m
[2m../dist/public/[22m[36massets/TroubleshootingGuide-woWSjk_7.js         [39m[1m[2m 13.85 kB[22m[1m[22m[2m Ôöé gzip:   4.85 kB[22m
[2m../dist/public/[22m[36massets/BackupRestore-ddQvSSkr.js                [39m[1m[2m 13.89 kB[22m[1m[22m[2m Ôöé gzip:   3.27 kB[22m
[2m../dist/public/[22m[36massets/OrgBilling-DQ424Gr9.js                   [39m[1m[2m 13.94 kB[22m[1m[22m[2m Ôöé gzip:   4.04 kB[22m
[2m../dist/public/[22m[36massets/ProfessionalBudgeting-CSyjwS6g.js        [39m[1m[2m 13.96 kB[22m[1m[22m[2m Ôöé gzip:   4.00 kB[22m
[2m../dist/public/[22m[36massets/Pricing-RtLankU8.js                      [39m[1m[2m 14.21 kB[22m[1m[22m[2m Ôöé gzip:   4.56 kB[22m
[2m../dist/public/[22m[36massets/Imprests-BVFo6BBN.js                     [39m[1m[2m 14.33 kB[22m[1m[22m[2m Ôöé gzip:   4.62 kB[22m
[2m../dist/public/[22m[36massets/KenyanPayrollCalculator-BhfgS3ET.js      [39m[1m[2m 14.57 kB[22m[1m[22m[2m Ôöé gzip:   3.72 kB[22m
[2m../dist/public/[22m[36massets/OrgImprests-Dr0flF4B.js                  [39m[1m[2m 14.63 kB[22m[1m[22m[2m Ôöé gzip:   4.68 kB[22m
[2m../dist/public/[22m[36massets/ThemeCustomization-CU3ZLeXC.js           [39m[1m[2m 14.81 kB[22m[1m[22m[2m Ôöé gzip:   3.83 kB[22m
[2m../dist/public/[22m[36massets/Roles-CH88F3Ki.js                        [39m[1m[2m 15.06 kB[22m[1m[22m[2m Ôöé gzip:   3.60 kB[22m
[2m../dist/public/[22m[36massets/Payroll-CIiJ_AJs.js                      [39m[1m[2m 15.06 kB[22m[1m[22m[2m Ôöé gzip:   4.15 kB[22m
[2m../dist/public/[22m[36massets/OrgPayroll-DOAGg3Cc.js                   [39m[1m[2m 15.06 kB[22m[1m[22m[2m Ôöé gzip:   4.15 kB[22m
[2m../dist/public/[22m[36massets/Clients-CouguaTo.js                      [39m[1m[2m 15.13 kB[22m[1m[22m[2m Ôöé gzip:   4.55 kB[22m
[2m../dist/public/[22m[36massets/Communications-q-MWyruv.js               [39m[1m[2m 15.14 kB[22m[1m[22m[2m Ôöé gzip:   4.34 kB[22m
[2m../dist/public/[22m[36massets/SupplierDetails-CBxZRBQT.js              [39m[1m[2m 15.21 kB[22m[1m[22m[2m Ôöé gzip:   3.26 kB[22m
[2m../dist/public/[22m[36massets/JobGroupDetails-C9sLimBR.js              [39m[1m[2m 15.38 kB[22m[1m[22m[2m Ôöé gzip:   4.18 kB[22m
[2m../dist/public/[22m[36massets/Forecasting-zAQ8po_5.js                  [39m[1m[2m 15.44 kB[22m[1m[22m[2m Ôöé gzip:   3.59 kB[22m
[2m../dist/public/[22m[36massets/OrgForecasting-Bjr42xOy.js               [39m[1m[2m 15.44 kB[22m[1m[22m[2m Ôöé gzip:   3.59 kB[22m
[2m../dist/public/[22m[36massets/OrgInvoices-DDpZPAaP.js                  [39m[1m[2m 15.99 kB[22m[1m[22m[2m Ôöé gzip:   5.03 kB[22m
[2m../dist/public/[22m[36massets/Invoices-W1XQgRpG.js                     [39m[1m[2m 16.05 kB[22m[1m[22m[2m Ôöé gzip:   5.07 kB[22m
[2m../dist/public/[22m[36massets/ClientPortal-D7G7jG7Q.js                 [39m[1m[2m 16.08 kB[22m[1m[22m[2m Ôöé gzip:   4.04 kB[22m
[2m../dist/public/[22m[36massets/JobGroups-CTxq72uI.js                    [39m[1m[2m 16.21 kB[22m[1m[22m[2m Ôöé gzip:   3.90 kB[22m
[2m../dist/public/[22m[36massets/DepartmentDetails-hp4KIErP.js            [39m[1m[2m 16.39 kB[22m[1m[22m[2m Ôöé gzip:   4.32 kB[22m
[2m../dist/public/[22m[36massets/OrgDepartmentDetails-fL1kQLvl.js         [39m[1m[2m 16.39 kB[22m[1m[22m[2m Ôöé gzip:   4.32 kB[22m
[2m../dist/public/[22m[36massets/OrgKnowledgeBase-BepFrn5T.js             [39m[1m[2m 16.40 kB[22m[1m[22m[2m Ôöé gzip:   4.26 kB[22m
[2m../dist/public/[22m[36massets/KnowledgeBase-DtZY8u14.js                [39m[1m[2m 16.40 kB[22m[1m[22m[2m Ôöé gzip:   4.26 kB[22m
[2m../dist/public/[22m[36massets/OrgClientDetail-DEaouq5y.js              [39m[1m[2m 16.62 kB[22m[1m[22m[2m Ôöé gzip:   4.35 kB[22m
[2m../dist/public/[22m[36massets/Orders-CLkPsTqh.js                       [39m[1m[2m 16.74 kB[22m[1m[22m[2m Ôöé gzip:   4.95 kB[22m
[2m../dist/public/[22m[36massets/OrgOrders-Dd98Ov0A.js                    [39m[1m[2m 16.74 kB[22m[1m[22m[2m Ôöé gzip:   4.95 kB[22m
[2m../dist/public/[22m[36massets/SuperAdminDashboard-Bnaohe9B.js          [39m[1m[2m 16.89 kB[22m[1m[22m[2m Ôöé gzip:   4.48 kB[22m
[2m../dist/public/[22m[36massets/WebsiteFooter-DxuIY_O5.js                [39m[1m[2m 16.93 kB[22m[1m[22m[2m Ôöé gzip:   4.60 kB[22m
[2m../dist/public/[22m[36massets/AdminDashboard-CQIRYfCM.js               [39m[1m[2m 16.98 kB[22m[1m[22m[2m Ôöé gzip:   4.03 kB[22m
[2m../dist/public/[22m[36massets/DocumentManagement-Bu9CTsAa.js           [39m[1m[2m 17.04 kB[22m[1m[22m[2m Ôöé gzip:   4.84 kB[22m
[2m../dist/public/[22m[36massets/Subscriptions-BnV8pEdX.js                [39m[1m[2m 17.14 kB[22m[1m[22m[2m Ôöé gzip:   4.30 kB[22m
[2m../dist/public/[22m[36massets/StaffDashboard-s0iC5ysx.js               [39m[1m[2m 17.27 kB[22m[1m[22m[2m Ôöé gzip:   4.33 kB[22m
[2m../dist/public/[22m[36massets/BackupManagement-CqTL6ISK.js             [39m[1m[2m 17.31 kB[22m[1m[22m[2m Ôöé gzip:   4.84 kB[22m
[2m../dist/public/[22m[36massets/documentTemplate-C1To6Bzg.js             [39m[1m[2m 17.35 kB[22m[1m[22m[2m Ôöé gzip:   4.20 kB[22m
[2m../dist/public/[22m[36massets/BecomeAPartner-CC-NsIQs.js               [39m[1m[2m 17.41 kB[22m[1m[22m[2m Ôöé gzip:   5.29 kB[22m
[2m../dist/public/[22m[36massets/AccountSettings-B7cHjzu0.js              [39m[1m[2m 18.19 kB[22m[1m[22m[2m Ôöé gzip:   4.47 kB[22m
[2m../dist/public/[22m[36massets/AIHub-BK-vziqv.js                        [39m[1m[2m 18.65 kB[22m[1m[22m[2m Ôöé gzip:   4.64 kB[22m
[2m../dist/public/[22m[36massets/CustomHomepageBuilder-BcvIyPEU.js        [39m[1m[2m 18.87 kB[22m[1m[22m[2m Ôöé gzip:   5.09 kB[22m
[2m../dist/public/[22m[36massets/BrandCustomization-C2M3KABR.js           [39m[1m[2m 18.93 kB[22m[1m[22m[2m Ôöé gzip:   4.36 kB[22m
[2m../dist/public/[22m[36massets/BookADemo-BZCIrqel.js                    [39m[1m[2m 19.11 kB[22m[1m[22m[2m Ôöé gzip:   5.13 kB[22m
[2m../dist/public/[22m[36massets/EditExpense-DyzSFghb.js                  [39m[1m[2m 19.35 kB[22m[1m[22m[2m Ôöé gzip:   5.26 kB[22m
[2m../dist/public/[22m[36massets/OrgEditExpense-C5NEQ2MV.js               [39m[1m[2m 19.35 kB[22m[1m[22m[2m Ôöé gzip:   5.26 kB[22m
[2m../dist/public/[22m[36massets/Approvals-CHX6AufV.js                    [39m[1m[2m 19.97 kB[22m[1m[22m[2m Ôöé gzip:   4.90 kB[22m
[2m../dist/public/[22m[36massets/OrgApprovals-C7ri904U.js                 [39m[1m[2m 19.97 kB[22m[1m[22m[2m Ôöé gzip:   4.90 kB[22m
[2m../dist/public/[22m[36massets/CreateEmployee-DMoMrgN3.js               [39m[1m[2m 20.76 kB[22m[1m[22m[2m Ôöé gzip:   5.05 kB[22m
[2m../dist/public/[22m[36massets/OrgReports-BJ8qrhTR.js                   [39m[1m[2m 20.77 kB[22m[1m[22m[2m Ôöé gzip:   5.26 kB[22m
[2m../dist/public/[22m[36massets/OrgStaffChat-BTVSoe3I.js                 [39m[1m[2m 20.90 kB[22m[1m[22m[2m Ôöé gzip:   6.40 kB[22m
[2m../dist/public/[22m[36massets/ICTDashboard-mA9ZtAdq.js                 [39m[1m[2m 21.11 kB[22m[1m[22m[2m Ôöé gzip:   5.16 kB[22m
[2m../dist/public/[22m[36massets/EditEmployee-CvgjEU5R.js                 [39m[1m[2m 21.17 kB[22m[1m[22m[2m Ôöé gzip:   5.00 kB[22m
[2m../dist/public/[22m[36massets/SuperAdminPricingTiers-CFMnnXS9.js       [39m[1m[2m 21.43 kB[22m[1m[22m[2m Ôöé gzip:   5.20 kB[22m
[2m../dist/public/[22m[36massets/HRPayrollManagement-CY8Cdzld.js          [39m[1m[2m 21.46 kB[22m[1m[22m[2m Ôöé gzip:   5.05 kB[22m
[2m../dist/public/[22m[36massets/PayslipManagement-Dr24svPw.js            [39m[1m[2m 21.67 kB[22m[1m[22m[2m Ôöé gzip:   6.93 kB[22m
[2m../dist/public/[22m[36massets/DocumentForm-DysXVXKx.js                 [39m[1m[2m 21.87 kB[22m[1m[22m[2m Ôöé gzip:   5.90 kB[22m
[2m../dist/public/[22m[36massets/CreateExpense-BHc6eCJ4.js                [39m[1m[2m 22.03 kB[22m[1m[22m[2m Ôöé gzip:   6.10 kB[22m
[2m../dist/public/[22m[36massets/OrgCreateExpense-CYtHv1Tr.js             [39m[1m[2m 22.03 kB[22m[1m[22m[2m Ôöé gzip:   6.10 kB[22m
[2m../dist/public/[22m[36massets/Employees-Dzer4Em9.js                    [39m[1m[2m 22.08 kB[22m[1m[22m[2m Ôöé gzip:   5.82 kB[22m
[2m../dist/public/[22m[36massets/OrgEmployees-DfaVZ_9A.js                 [39m[1m[2m 22.08 kB[22m[1m[22m[2m Ôöé gzip:   5.82 kB[22m
[2m../dist/public/[22m[36massets/Checkout-CNcTKjmo.js                     [39m[1m[2m 23.41 kB[22m[1m[22m[2m Ôöé gzip:   7.82 kB[22m
[2m../dist/public/[22m[36massets/InvoiceDetails-BnmExLqu.js               [39m[1m[2m 23.48 kB[22m[1m[22m[2m Ôöé gzip:   6.05 kB[22m
[2m../dist/public/[22m[36massets/FeatureDetail-CFCzTuOK.js                [39m[1m[2m 23.79 kB[22m[1m[22m[2m Ôöé gzip:   7.47 kB[22m
[2m../dist/public/[22m[36massets/StaffChat-DDefc7Um.js                    [39m[1m[2m 24.37 kB[22m[1m[22m[2m Ôöé gzip:   7.02 kB[22m
[2m../dist/public/[22m[36massets/date-utils-COA5zMcC.js                   [39m[1m[2m 25.29 kB[22m[1m[22m[2m Ôöé gzip:   7.51 kB[22m
[2m../dist/public/[22m[36massets/Reports-Cu9l-I3V.js                      [39m[1m[2m 25.84 kB[22m[1m[22m[2m Ôöé gzip:   6.60 kB[22m
[2m../dist/public/[22m[36massets/purify.es-4eNOHKSq.js                    [39m[1m[2m 28.74 kB[22m[1m[22m[2m Ôöé gzip:  11.02 kB[22m
[2m../dist/public/[22m[36massets/CreateCommunication-DGz34ijO.js          [39m[1m[2m 30.73 kB[22m[1m[22m[2m Ôöé gzip:  10.18 kB[22m
[2m../dist/public/[22m[36massets/HRDashboard-CKuDhAa5.js                  [39m[1m[2m 30.93 kB[22m[1m[22m[2m Ôöé gzip:   6.61 kB[22m
[2m../dist/public/[22m[36massets/ClientDetails-DHrOXFMw.js                [39m[1m[2m 31.37 kB[22m[1m[22m[2m Ôöé gzip:   6.57 kB[22m
[2m../dist/public/[22m[36massets/DocumentTemplates-ts_BFRHu.js            [39m[1m[2m 31.39 kB[22m[1m[22m[2m Ôöé gzip:   6.59 kB[22m
[2m../dist/public/[22m[36massets/pdfGenerator-Cbthph2T.js                 [39m[1m[2m 37.65 kB[22m[1m[22m[2m Ôöé gzip:  11.12 kB[22m
[2m../dist/public/[22m[36massets/RichTextEditor-BNRHLviQ.js               [39m[1m[2m 37.96 kB[22m[1m[22m[2m Ôöé gzip:   8.43 kB[22m
[2m../dist/public/[22m[36massets/LandingPage-CkePHeOu.js                  [39m[1m[2m 38.07 kB[22m[1m[22m[2m Ôöé gzip:  10.10 kB[22m
[2m../dist/public/[22m[36massets/OrgEmployeeDetails-C0Iyc307.js           [39m[1m[2m 41.96 kB[22m[1m[22m[2m Ôöé gzip:   8.45 kB[22m
[2m../dist/public/[22m[36massets/AdminManagement-Bivczik3.js              [39m[1m[2m 42.17 kB[22m[1m[22m[2m Ôöé gzip:   9.96 kB[22m
[2m../dist/public/[22m[36massets/EmployeeDetails-BGELMbBC.js              [39m[1m[2m 42.71 kB[22m[1m[22m[2m Ôöé gzip:   8.55 kB[22m
[2m../dist/public/[22m[36massets/OrgLayout-DGsyQjTE.js                    [39m[1m[2m 44.25 kB[22m[1m[22m[2m Ôöé gzip:  11.10 kB[22m
[2m../dist/public/[22m[36massets/ProjectDetails-Cus6c2Jv.js               [39m[1m[2m 45.29 kB[22m[1m[22m[2m Ôöé gzip:   9.42 kB[22m
[2m../dist/public/[22m[36massets/AdminEmailTemplates-B4AiwsE6.js          [39m[1m[2m 51.49 kB[22m[1m[22m[2m Ôöé gzip:  12.43 kB[22m
[2m../dist/public/[22m[36massets/lucide-react-BFIjfoL5.js                 [39m[1m[2m 61.58 kB[22m[1m[22m[2m Ôöé gzip:  18.04 kB[22m
[2m../dist/public/[22m[36massets/DocumentBlockEditor-C-TcOTAs.js          [39m[1m[2m 68.90 kB[22m[1m[22m[2m Ôöé gzip:  15.76 kB[22m
[2m../dist/public/[22m[36massets/MultiTenancy-y7mito2B.js                 [39m[1m[2m 69.67 kB[22m[1m[22m[2m Ôöé gzip:  13.95 kB[22m
[2m../dist/public/[22m[36massets/CreateQuote-BQJkVFKf.js                  [39m[1m[2m 71.71 kB[22m[1m[22m[2m Ôöé gzip:  19.54 kB[22m
[2m../dist/public/[22m[36massets/WebsiteAdmin-RljDpYJr.js                 [39m[1m[2m 80.43 kB[22m[1m[22m[2m Ôöé gzip:  15.29 kB[22m
[2m../dist/public/[22m[36massets/api-client-BvX2riSn.js                   [39m[1m[2m 81.61 kB[22m[1m[22m[2m Ôöé gzip:  22.27 kB[22m
[2m../dist/public/[22m[36massets/index.es-CGnFEjbD.js                     [39m[1m[2m158.79 kB[22m[1m[22m[2m Ôöé gzip:  53.05 kB[22m
[2m../dist/public/[22m[36massets/html2canvas-DXEQVQnt.js                  [39m[1m[2m201.04 kB[22m[1m[22m[2m Ôöé gzip:  47.43 kB[22m
[2m../dist/public/[22m[36massets/Settings-COr9tfHA.js                     [39m[1m[2m284.76 kB[22m[1m[22m[2m Ôöé gzip:  53.89 kB[22m
[2m../dist/public/[22m[36massets/vendor-react-ui-BcLy8Tpi.js              [39m[1m[2m314.57 kB[22m[1m[22m[2m Ôöé gzip: 100.19 kB[22m
[2m../dist/public/[22m[36massets/OrgSettings-B4D8ileb.js                  [39m[1m[2m326.36 kB[22m[1m[22m[2m Ôöé gzip:  65.40 kB[22m
[2m../dist/public/[22m[36massets/jspdf.es.min-Dl6bdTrj.js                 [39m[1m[2m384.80 kB[22m[1m[22m[2m Ôöé gzip: 125.62 kB[22m
[2m../dist/public/[22m[36massets/rich-editor-DQKc7IGv.js                  [39m[1m[2m414.84 kB[22m[1m[22m[2m Ôöé gzip: 130.90 kB[22m
[2m../dist/public/[22m[36massets/xlsx-BojT3SgY.js                         [39m[1m[2m424.38 kB[22m[1m[22m[2m Ôöé gzip: 141.60 kB[22m
[2m../dist/public/[22m[36massets/index-0j1_5Gez.js                        [39m[1m[2m874.30 kB[22m[1m[22m[2m Ôöé gzip: 224.27 kB[22m
[32mÔ£ô built in 42.38s[39m

  dist\index.js  3.6mb

Done in 128ms
