 Image Kiini: One Hub. Total Control-app Building 
#1 [internal] load local bake definitions
#1 reading from stdin 733B done
#1 DONE 0.0s

#2 [internal] load build definition from Dockerfile
#2 transferring dockerfile: 1.23kB 0.0s done
#2 DONE 0.1s

#3 [internal] load metadata for docker.io/library/node:22-bookworm-slim
#3 DONE 5.7s

#4 [internal] load .dockerignore
#4 transferring context: 193B 0.0s done
#4 DONE 0.1s

#5 [internal] load build context
#5 DONE 0.0s

#6 [1/9] FROM docker.io/library/node:22-bookworm-slim@sha256:83f487e0a63425e5b4d146fb5e5be574bcbe1b7b843d3ebafdd95eaf7767a7e5
#6 resolve docker.io/library/node:22-bookworm-slim@sha256:83f487e0a63425e5b4d146fb5e5be574bcbe1b7b843d3ebafdd95eaf7767a7e5
#6 resolve docker.io/library/node:22-bookworm-slim@sha256:83f487e0a63425e5b4d146fb5e5be574bcbe1b7b843d3ebafdd95eaf7767a7e5 0.1s done
#6 DONE 0.1s

#5 [internal] load build context
#5 transferring context: 663.34kB 0.3s done
#5 DONE 0.4s

#7 [2/9] WORKDIR /app
#7 CACHED

#8 [3/9] RUN corepack enable
#8 CACHED

#9 [4/9] RUN apt-get update  && apt-get install -y --no-install-recommends chromium  && rm -rf /var/lib/apt/lists/*
#9 CACHED

#10 [5/9] COPY package.json pnpm-lock.yaml ./
#10 CACHED

#11 [6/9] RUN PNPM_VERSION=$(node -p "require('./package.json').packageManager.replace('pnpm@', '')")  && corepack prepare pnpm@$PNPM_VERSION --activate  && pnpm config set --location=project --json allowBuilds '{"better-sqlite3":true,"core-js":true,"esbuild":true,"sqlite3":true}'  && pnpm config set fetch-timeout 600000  && pnpm install --frozen-lockfile
#11 CACHED

#12 [7/9] COPY . .
#12 DONE 7.3s

#13 [8/9] RUN pnpm build
#13 5.123 Ô£ô Lockfile passes supply-chain policies (verified 19h ago)
#13 5.169 Lockfile is up to date, resolution step is skipped
#13 5.915 Already up to date
#13 11.62 
#13 12.42 Done in 9.7s using pnpm v11.22.0
#13 12.51 $ vite build && esbuild server/_core/index.ts --platform=node --packages=external --bundle --format=esm --outdir=dist
#13 13.93 vite v7.3.1 building client environment for production...
#13 14.09 (!) %VITE_ANALYTICS_ENDPOINT% is not defined in env variables found in /index.html. Is the variable mistyped?
#13 14.09 (!) %VITE_ANALYTICS_WEBSITE_ID% is not defined in env variables found in /index.html. Is the variable mistyped?
#13 14.22 transforming...
#13 72.97 Ô£ô 3786 modules transformed.
#13 80.12 rendering chunks...
#13 82.63 computing gzip size...
#13 84.67 ../dist/public/index.html                                        3.99 kB Ôöé gzip:   1.67 kB
#13 84.67 ../dist/public/assets/OrgSettings-Bx3OTr2t.css                  29.89 kB Ôöé gzip:   5.84 kB
#13 84.67 ../dist/public/assets/index-CY8zV1SM.css                       401.34 kB Ôöé gzip:  49.40 kB
#13 84.67 ../dist/public/assets/trpc-DGOfIRhv.js                           0.07 kB Ôöé gzip:   0.09 kB
#13 84.67 ../dist/public/assets/tableSort-B6IToDRb.js                      0.14 kB Ôöé gzip:   0.12 kB
#13 84.67 ../dist/public/assets/AreaChart-CL7NsQZm.js                      0.23 kB Ôöé gzip:   0.18 kB
#13 84.67 ../dist/public/assets/LineChart-Dh3Vj7l5.js                      0.23 kB Ôöé gzip:   0.19 kB
#13 84.67 ../dist/public/assets/use-toast-CQF7VICr.js                      0.24 kB Ôöé gzip:   0.20 kB
#13 84.67 ../dist/public/assets/skeleton-CpRC5v-K.js                       0.24 kB Ôöé gzip:   0.20 kB
#13 84.67 ../dist/public/assets/communications-DPNzK-66.js                 0.27 kB Ôöé gzip:   0.21 kB
#13 84.67 ../dist/public/assets/spinner-DI-dEWUp.js                        0.28 kB Ôöé gzip:   0.22 kB
#13 84.67 ../dist/public/assets/BarChart-DFPK0pyO.js                       0.30 kB Ôöé gzip:   0.22 kB
#13 84.67 ../dist/public/assets/paymentMethods-r32LliAe.js                 0.31 kB Ôöé gzip:   0.24 kB
#13 84.67 ../dist/public/assets/collapsible-DaZGlMFo.js                    0.32 kB Ôöé gzip:   0.19 kB
#13 84.67 ../dist/public/assets/label-O9GoGU1r.js                          0.33 kB Ôöé gzip:   0.25 kB
#13 84.67 ../dist/public/assets/useUserLookup-C5yn3zJw.js                  0.40 kB Ôöé gzip:   0.31 kB
#13 84.67 ../dist/public/assets/exportCsv-CNzVNdz4.js                      0.44 kB Ôöé gzip:   0.33 kB
#13 84.67 ../dist/public/assets/useRequireFeature-DYOAyh0L.js              0.44 kB Ôöé gzip:   0.31 kB
#13 84.67 ../dist/public/assets/csvGenerator-BbTLt5yV.js                   0.45 kB Ôöé gzip:   0.29 kB
#13 84.67 ../dist/public/assets/textarea-DnWTrhTn.js                       0.50 kB Ôöé gzip:   0.34 kB
#13 84.67 ../dist/public/assets/useCompanyInfo-4bJylqfS.js                 0.51 kB Ôöé gzip:   0.35 kB
#13 84.67 ../dist/public/assets/export-utils-D1wGGYES.js                   0.57 kB Ôöé gzip:   0.40 kB
#13 84.67 ../dist/public/assets/useOrgPermission-BllJejuS.js               0.59 kB Ôöé gzip:   0.40 kB
#13 84.67 ../dist/public/assets/useFavorite-DNkinLMJ.js                    0.59 kB Ôöé gzip:   0.35 kB
#13 84.67 ../dist/public/assets/documentTemplateHelpers-CduNLrpb.js        0.59 kB Ôöé gzip:   0.33 kB
#13 84.67 ../dist/public/assets/payslipPdf-CA1z19jr.js                     0.63 kB Ôöé gzip:   0.44 kB
#13 84.67 ../dist/public/assets/activityLog-B-yh0W2G.js                    0.75 kB Ôöé gzip:   0.36 kB
#13 84.67 ../dist/public/assets/popover-BTkw28B-.js                        0.83 kB Ôöé gzip:   0.45 kB
#13 84.67 ../dist/public/assets/DeleteConfirmationModal-B6wEXZsz.js        0.85 kB Ôöé gzip:   0.49 kB
#13 84.67 ../dist/public/assets/healthScore-hLzRzKdj.js                    0.89 kB Ôöé gzip:   0.52 kB
#13 84.67 ../dist/public/assets/switch-DFgjsIki.js                         0.90 kB Ôöé gzip:   0.47 kB
#13 84.67 ../dist/public/assets/checkbox-DVrSoUi5.js                       0.92 kB Ôöé gzip:   0.47 kB
#13 84.67 ../dist/public/assets/UserSelector-DmIBvTk9.js                   0.96 kB Ôöé gzip:   0.55 kB
#13 84.67 ../dist/public/assets/CustomPage-DQ46CJ2R.js                     1.04 kB Ôöé gzip:   0.60 kB
#13 84.67 ../dist/public/assets/PermissionGuard-CgHzFCDk.js                1.05 kB Ôöé gzip:   0.59 kB
#13 84.67 ../dist/public/assets/EmployeeSelector-DUEMPFw8.js               1.10 kB Ôöé gzip:   0.62 kB
#13 84.67 ../dist/public/assets/format-XyXgtmZc.js                         1.15 kB Ôöé gzip:   0.55 kB
#13 84.67 ../dist/public/assets/Messages-SHssp-t1.js                       1.18 kB Ôöé gzip:   0.63 kB
#13 84.67 ../dist/public/assets/ModuleLayout-DQ_dhI3r.js                   1.25 kB Ôöé gzip:   0.62 kB
#13 84.67 ../dist/public/assets/accordion-C6QGiqYc.js                      1.27 kB Ôöé gzip:   0.62 kB
#13 84.67 ../dist/public/assets/OrgAssets-D5eaCTrF.js                      1.28 kB Ôöé gzip:   0.62 kB
#13 84.67 ../dist/public/assets/OrgDocuments-BNQdQ6qr.js                   1.29 kB Ôöé gzip:   0.62 kB
#13 84.67 ../dist/public/assets/OrgPurchaseOrders-BBEbDXbK.js              1.31 kB Ôöé gzip:   0.63 kB
#13 84.67 ../dist/public/assets/PhoneInput-qpo9jyWb.js                     1.40 kB Ôöé gzip:   0.73 kB
#13 84.67 ../dist/public/assets/TenantAdminDetails-1RQsxUGo.js             1.56 kB Ôöé gzip:   0.68 kB
#13 84.67 ../dist/public/assets/TenantUserDetails-BF4I_xrl.js              1.69 kB Ôöé gzip:   0.71 kB
#13 84.67 ../dist/public/assets/RoleBasedDashboard-Dq80bpG7.js             1.71 kB Ôöé gzip:   0.74 kB
#13 84.67 ../dist/public/assets/JobGroupPayrollItems-B8hLRy4z.js           1.72 kB Ôöé gzip:   0.81 kB
#13 84.67 ../dist/public/assets/RowActionsMenu-DVddhLbv.js                 1.73 kB Ôöé gzip:   0.74 kB
#13 84.67 ../dist/public/assets/designSystem-BjMWY9N5.js                   1.76 kB Ôöé gzip:   0.66 kB
#13 84.67 ../dist/public/assets/OrgBreadcrumb-JSkU3gX8.js                  1.76 kB Ôöé gzip:   0.74 kB
#13 84.67 ../dist/public/assets/SmsQueue-Dfor67dN.js                       1.78 kB Ôöé gzip:   0.91 kB
#13 84.67 ../dist/public/assets/ServiceSearchFilter-D2DeZj_s.js            1.90 kB Ôöé gzip:   0.77 kB
#13 84.67 ../dist/public/assets/NotFound-Ci6NfnyC.js                       1.92 kB Ôöé gzip:   0.91 kB
#13 84.67 ../dist/public/assets/SummaryStatCards-aF9gDVEX.js               1.92 kB Ôöé gzip:   0.85 kB
#13 84.67 ../dist/public/assets/ModuleAnalyticsStrip-DMhn2uCN.js           1.98 kB Ôöé gzip:   0.90 kB
#13 84.67 ../dist/public/assets/CustomFields-BBC0CHpJ.js                   2.00 kB Ôöé gzip:   0.93 kB
#13 84.67 ../dist/public/assets/VerifyEmail-CLTlnRWK.js                    2.00 kB Ôöé gzip:   1.09 kB
#13 84.67 ../dist/public/assets/alert-dialog-C6n3FNQM.js                   2.04 kB Ôöé gzip:   0.74 kB
#13 84.67 ../dist/public/assets/table-8BeBXjHr.js                          2.06 kB Ôöé gzip:   0.77 kB
#13 84.67 ../dist/public/assets/LocationSelects-D-ETXfPs.js                2.07 kB Ôöé gzip:   0.58 kB
#13 84.67 ../dist/public/assets/CreateImprest-DsoZJCSr.js                  2.13 kB Ôöé gzip:   1.03 kB
#13 84.67 ../dist/public/assets/useOrgAccess-Gtq6VUBn.js                   2.18 kB Ôöé gzip:   1.09 kB
#13 84.67 ../dist/public/assets/PageHeader-D3suoy9u.js                     2.21 kB Ôöé gzip:   0.94 kB
#13 84.67 ../dist/public/assets/data-table-controls-BgNQ0Ocf.js            2.30 kB Ôöé gzip:   0.97 kB
#13 84.67 ../dist/public/assets/OrgModulePage-C80z8ovS.js                  2.36 kB Ôöé gzip:   1.02 kB
#13 84.67 ../dist/public/assets/UnifiedModuleLayout-JTTNjROc.js            2.42 kB Ôöé gzip:   1.05 kB
#13 84.67 ../dist/public/assets/EmployeeAccountSection-dz9EMzH2.js         2.55 kB Ôöé gzip:   0.95 kB
#13 84.67 ../dist/public/assets/BiTools-DLlKWWXS.js                        2.68 kB Ôöé gzip:   1.18 kB
#13 84.67 ../dist/public/assets/CreateClient-JaBa2pD3.js                   2.70 kB Ôöé gzip:   1.36 kB
#13 84.67 ../dist/public/assets/OrgCreateClient-Cjf5LiAt.js                2.70 kB Ôöé gzip:   1.36 kB
#13 84.67 ../dist/public/assets/OrgSuperAdminDashboard-CBZ7Kw7C.js         2.76 kB Ôöé gzip:   1.21 kB
#13 84.67 ../dist/public/assets/CreateBudget-CyuKR7bd.js                   2.80 kB Ôöé gzip:   1.32 kB
#13 84.67 ../dist/public/assets/ICTSystemSettings-Dtw6r3Ld.js              2.81 kB Ôöé gzip:   1.18 kB
#13 84.67 ../dist/public/assets/CreateReceipt-DW2mtY4y.js                  2.83 kB Ôöé gzip:   1.18 kB
#13 84.67 ../dist/public/assets/CreateProduct-DH2uwJLS.js                  2.84 kB Ôöé gzip:   1.27 kB
#13 84.67 ../dist/public/assets/OrgCreateProduct-pdRIVf9v.js               2.84 kB Ôöé gzip:   1.27 kB
#13 84.67 ../dist/public/assets/DashboardBuilderPro-BS_MhJ0Z.js            2.86 kB Ôöé gzip:   1.18 kB
#13 84.67 ../dist/public/assets/EnhancedBulkActions-P6GR9o8Z.js            2.89 kB Ôöé gzip:   1.21 kB
#13 84.67 ../dist/public/assets/MyPayslips-BlwzBV-5.js                     2.95 kB Ôöé gzip:   1.24 kB
#13 84.67 ../dist/public/assets/actions-BGtr5GLO.js                        3.01 kB Ôöé gzip:   1.34 kB
#13 84.67 ../dist/public/assets/FinancialReports-D-_O1i5H.js               3.03 kB Ôöé gzip:   1.23 kB
#13 84.67 ../dist/public/assets/Search-BX-wNDtX.js                         3.20 kB Ôöé gzip:   1.46 kB
#13 84.67 ../dist/public/assets/CreditNotes-B-lRXvO5.js                    3.20 kB Ôöé gzip:   1.31 kB
#13 84.67 ../dist/public/assets/OrgCreditNotes-_ByOTjol.js                 3.20 kB Ôöé gzip:   1.31 kB
#13 84.67 ../dist/public/assets/privateChatUtils-Bv4qHQl7.js               3.20 kB Ôöé gzip:   1.23 kB
#13 84.67 ../dist/public/assets/SalesManagerDashboard-CkypMbWe.js          3.24 kB Ôöé gzip:   1.16 kB
#13 84.67 ../dist/public/assets/ICTAnalytics-Bc7-JKC4.js                   3.26 kB Ôöé gzip:   1.22 kB
#13 84.67 ../dist/public/assets/ReportsDetails-MfF8M-dl.js                 3.27 kB Ôöé gzip:   1.22 kB
#13 84.67 ../dist/public/assets/ProcurementManagerDashboard-Rl9h0jWq.js    3.27 kB Ôöé gzip:   1.15 kB
#13 84.67 ../dist/public/assets/FunnelAnalysis-DLlCmshP.js                 3.33 kB Ôöé gzip:   1.26 kB
#13 84.67 ../dist/public/assets/TableColumnSettings-B1oOb89L.js            3.35 kB Ôöé gzip:   1.44 kB
#13 84.67 ../dist/public/assets/OrgCreateLPO-DdDOL5AP.js                   3.36 kB Ôöé gzip:   1.44 kB
#13 84.67 ../dist/public/assets/CreateDepartment-cZWVI0zo.js               3.38 kB Ôöé gzip:   1.40 kB
#13 84.67 ../dist/public/assets/OrgCreateDepartment-CC64Ua7v.js            3.38 kB Ôöé gzip:   1.40 kB
#13 84.67 ../dist/public/assets/CohortAnalysis-2LogaIoN.js                 3.43 kB Ôöé gzip:   1.23 kB
#13 84.67 ../dist/public/assets/EditBudget-CCEuQw9G.js                     3.43 kB Ôöé gzip:   1.52 kB
#13 84.67 ../dist/public/assets/OrgEditBudget-C-qd0J90.js                  3.43 kB Ôöé gzip:   1.52 kB
#13 84.67 ../dist/public/assets/OrgCreateReceipt-BqPe6wDL.js               3.47 kB Ôöé gzip:   1.41 kB
#13 84.67 ../dist/public/assets/OrgPurchaseOrderDetail-AKLpyzDb.js         3.49 kB Ôöé gzip:   1.25 kB
#13 84.67 ../dist/public/assets/CreatePurchaseOrder-mOz4dIwe.js            3.49 kB Ôöé gzip:   1.26 kB
#13 84.67 ../dist/public/assets/OrgCreatePurchaseOrder-B3RqEEZ_.js         3.49 kB Ôöé gzip:   1.26 kB
#13 84.67 ../dist/public/assets/CreateSupplier-LiHvIIBQ.js                 3.56 kB Ôöé gzip:   1.61 kB
#13 84.67 ../dist/public/assets/OrgCreateSupplier-Bs99H1Uu.js              3.56 kB Ôöé gzip:   1.61 kB
#13 84.67 ../dist/public/assets/ListPageToolbar-C0rciUD2.js                3.56 kB Ôöé gzip:   1.00 kB
#13 84.67 ../dist/public/assets/CreateWarranty-C4sUCVom.js                 3.57 kB Ôöé gzip:   1.36 kB
#13 84.67 ../dist/public/assets/EditDepartment-DNBfFeAW.js                 3.60 kB Ôöé gzip:   1.39 kB
#13 84.67 ../dist/public/assets/OrgEditDepartment-C6Egb8Ds.js              3.60 kB Ôöé gzip:   1.39 kB
#13 84.67 ../dist/public/assets/WarrantyDetails-Z--2EVYR.js                3.60 kB Ôöé gzip:   1.20 kB
#13 84.67 ../dist/public/assets/EmailQueue-8otUHquZ.js                     3.63 kB Ôöé gzip:   1.59 kB
#13 84.67 ../dist/public/assets/CreateEstimate-Cz-oVKhA.js                 3.67 kB Ôöé gzip:   1.58 kB
#13 84.67 ../dist/public/assets/DepartmentForm-BB2O1JOa.js                 3.67 kB Ôöé gzip:   1.41 kB
#13 84.67 ../dist/public/assets/OrgContactDetail-D0aPKcmN.js               3.68 kB Ôöé gzip:   1.24 kB
#13 84.67 ../dist/public/assets/CreateTicket-D6TFR3-k.js                   3.70 kB Ôöé gzip:   1.47 kB
#13 84.67 ../dist/public/assets/OrgCreateTicket-DQc3wRxL.js                3.70 kB Ôöé gzip:   1.47 kB
#13 84.67 ../dist/public/assets/ChartOfAccountsDetails-lKVtdsnV.js         3.72 kB Ôöé gzip:   1.29 kB
#13 84.67 ../dist/public/assets/ProductDetails-BHG8cK3r.js                 3.76 kB Ôöé gzip:   1.39 kB
#13 84.67 ../dist/public/assets/ProposalDetails-BlJ5MFyI.js                3.78 kB Ôöé gzip:   1.30 kB
#13 84.67 ../dist/public/assets/OrgServiceDetail-6fJz-vCG.js               3.80 kB Ôöé gzip:   1.25 kB
#13 84.67 ../dist/public/assets/ConversionAnalytics-DBNGbeXI.js            3.82 kB Ôöé gzip:   1.56 kB
#13 84.67 ../dist/public/assets/OrgEditApproval-DE3UyW2m.js                3.83 kB Ôöé gzip:   1.41 kB
#13 84.67 ../dist/public/assets/CreateLeaveRequest-MpXcjush.js             3.87 kB Ôöé gzip:   1.45 kB
#13 84.67 ../dist/public/assets/TenantAdmins-BqUvgW8P.js                   3.87 kB Ôöé gzip:   1.37 kB
#13 84.67 ../dist/public/assets/Home-BQ6gSLZ2.js                           3.88 kB Ôöé gzip:   1.47 kB
#13 84.67 ../dist/public/assets/OrgReceiptDetail-DrfA7aY4.js               3.91 kB Ôöé gzip:   1.40 kB
#13 84.67 ../dist/public/assets/InvoiceSearchFilter-DyK9lBI5.js            3.93 kB Ôöé gzip:   1.29 kB
#13 84.67 ../dist/public/assets/OrgPaymentDetail-Ch_k0adg.js               3.95 kB Ôöé gzip:   1.41 kB
#13 84.68 ../dist/public/assets/OrgQuotationDetail-BjYzP13o.js             3.95 kB Ôöé gzip:   1.40 kB
#13 84.68 ../dist/public/assets/CreateAttendance-CBsxN-JX.js               3.96 kB Ôöé gzip:   1.46 kB
#13 84.68 ../dist/public/assets/OrgCreateAttendance-BTJQsCY6.js            3.96 kB Ôöé gzip:   1.46 kB
#13 84.68 ../dist/public/assets/OrgProductDetail-Dj_WZRYE.js               3.97 kB Ôöé gzip:   1.29 kB
#13 84.68 ../dist/public/assets/HRDetails-Bp37mzSn.js                      3.97 kB Ôöé gzip:   1.44 kB
#13 84.68 ../dist/public/assets/TenantUsers-C2rtMgnO.js                    3.99 kB Ôöé gzip:   1.47 kB
#13 84.68 ../dist/public/assets/OrgLPODetail-DG8SoIf6.js                   4.00 kB Ôöé gzip:   1.55 kB
#13 84.68 ../dist/public/assets/ProjectAnalytics-CnZuuict.js               4.00 kB Ôöé gzip:   1.48 kB
#13 84.68 ../dist/public/assets/OrgLeadDetail-DkgNnLXn.js                  4.01 kB Ôöé gzip:   1.43 kB
#13 84.68 ../dist/public/assets/OrgEstimateDetail-DFIgwDcX.js              4.02 kB Ôöé gzip:   1.44 kB
#13 84.68 ../dist/public/assets/Sales-XZnAMleB.js                          4.03 kB Ôöé gzip:   1.49 kB
#13 84.68 ../dist/public/assets/OrgApprovalDetail-Coqm-GDI.js              4.04 kB Ôöé gzip:   1.40 kB
#13 84.68 ../dist/public/assets/AIAssistantModal-CnqCsbhb.js               4.14 kB Ôöé gzip:   1.72 kB
#13 84.68 ../dist/public/assets/OrgAttendanceDetail-CDaAjCoP.js            4.14 kB Ôöé gzip:   1.43 kB
#13 84.68 ../dist/public/assets/EditAllowance-CVlKyycC.js                  4.17 kB Ôöé gzip:   1.68 kB
#13 84.68 ../dist/public/assets/SalesReports-Cb8u-ECa.js                   4.21 kB Ôöé gzip:   1.40 kB
#13 84.68 ../dist/public/assets/OrgEditLead-2RftSfK2.js                    4.21 kB Ôöé gzip:   1.48 kB
#13 84.68 ../dist/public/assets/OrgProcurementDetail-DXDNte8D.js           4.22 kB Ôöé gzip:   1.45 kB
#13 84.68 ../dist/public/assets/BudgetDetails-hJSBUIzk.js                  4.22 kB Ôöé gzip:   1.39 kB
#13 84.68 ../dist/public/assets/EditSalaryStructure-BALAc58V.js            4.23 kB Ôöé gzip:   1.60 kB
#13 84.68 ../dist/public/assets/OrgEditSalaryStructure-Dcqe8x8T.js         4.23 kB Ôöé gzip:   1.60 kB
#13 84.68 ../dist/public/assets/OrgEditPurchaseOrder-D9qILFPM.js           4.23 kB Ôöé gzip:   1.57 kB
#13 84.68 ../dist/public/assets/RevenueForecasting-DXXlBsoE.js             4.24 kB Ôöé gzip:   1.70 kB
#13 84.68 ../dist/public/assets/CreateAllowance-pScNlxT4.js                4.24 kB Ôöé gzip:   1.64 kB
#13 84.68 ../dist/public/assets/EditTicket-2-8dyIw2.js                     4.33 kB Ôöé gzip:   1.61 kB
#13 84.68 ../dist/public/assets/OrgEditTicket-DovGXbP4.js                  4.33 kB Ôöé gzip:   1.61 kB
#13 84.68 ../dist/public/assets/AssetDetails-DwKxW7QW.js                   4.34 kB Ôöé gzip:   1.28 kB
#13 84.68 ../dist/public/assets/OrgProposalDetail-2snD-dAk.js              4.34 kB Ôöé gzip:   1.46 kB
#13 84.68 ../dist/public/assets/EditDeduction-DMux97zG.js                  4.42 kB Ôöé gzip:   1.76 kB
#13 84.68 ../dist/public/assets/Services-AzgnPt2r.js                       4.47 kB Ôöé gzip:   1.76 kB
#13 84.68 ../dist/public/assets/OrgEditProcurement-DxKcdAQn.js             4.47 kB Ôöé gzip:   1.56 kB
#13 84.68 ../dist/public/assets/OrgDebitNoteDetail-POoSkx46.js             4.48 kB Ôöé gzip:   1.54 kB
#13 84.68 ../dist/public/assets/AdvancedAnalytics-Cit4shWu.js              4.51 kB Ôöé gzip:   1.38 kB
#13 84.68 ../dist/public/assets/EditReceipt-CW3fY3Ph.js                    4.59 kB Ôöé gzip:   1.68 kB
#13 84.68 ../dist/public/assets/OrgEditReceipt-B-jVmZ78.js                 4.59 kB Ôöé gzip:   1.68 kB
#13 84.68 ../dist/public/assets/EditBenefit-Kvax7QXI.js                    4.59 kB Ôöé gzip:   1.78 kB
#13 84.68 ../dist/public/assets/Blog-clvD-YBc.js                           4.60 kB Ôöé gzip:   1.64 kB
#13 84.68 ../dist/public/assets/ContractDetails-CvZGlhMW.js                4.60 kB Ôöé gzip:   1.37 kB
#13 84.68 ../dist/public/assets/WarrantyManagement-6Wz_3EfE.js             4.74 kB Ôöé gzip:   1.84 kB
#13 84.68 ../dist/public/assets/ESignatures-C8Jasx1E.js                    4.74 kB Ôöé gzip:   1.82 kB
#13 84.68 ../dist/public/assets/SalaryStructureDetails-BZ84g0Jz.js         4.76 kB Ôöé gzip:   1.62 kB
#13 84.68 ../dist/public/assets/OrgSalaryStructureDetails-CRXkup_x.js      4.76 kB Ôöé gzip:   1.62 kB
#13 84.68 ../dist/public/assets/OrgAI-CXWdYkSx.js                          4.77 kB Ôöé gzip:   1.89 kB
#13 84.68 ../dist/public/assets/CreateLPO-B8pphKkD.js                      4.80 kB Ôöé gzip:   1.93 kB
#13 84.68 ../dist/public/assets/EditWarranty-INxKp4d5.js                   4.83 kB Ôöé gzip:   1.70 kB
#13 84.68 ../dist/public/assets/TimesheetDetails-kiL8q5eV.js               4.83 kB Ôöé gzip:   1.42 kB
#13 84.68 ../dist/public/assets/OrgOrderDetail-BfRXN4U5.js                 4.86 kB Ôöé gzip:   1.62 kB
#13 84.68 ../dist/public/assets/CreateDebitNote-Ba6XxkHy.js                4.86 kB Ôöé gzip:   1.90 kB
#13 84.68 ../dist/public/assets/OrgCreateDebitNote-BFAXbtCh.js             4.86 kB Ôöé gzip:   1.90 kB
#13 84.68 ../dist/public/assets/EditAttendance-B0JyXOcc.js                 4.87 kB Ôöé gzip:   1.66 kB
#13 84.68 ../dist/public/assets/OrgEditAttendance-2rZqYyJQ.js              4.87 kB Ôöé gzip:   1.66 kB
#13 84.68 ../dist/public/assets/BankReconciliationDetails-Ces91O8j.js      4.91 kB Ôöé gzip:   1.51 kB
#13 84.68 ../dist/public/assets/OrgSubscriptions-DKUA5Kv-.js               4.94 kB Ôöé gzip:   1.81 kB
#13 84.68 ../dist/public/assets/CustomerReports-FBPigR_8.js                4.96 kB Ôöé gzip:   2.01 kB
#13 84.68 ../dist/public/assets/OrgSupplierDetail-Ber0n0gU.js              4.96 kB Ôöé gzip:   1.57 kB
#13 84.68 ../dist/public/assets/EditClient-BaRJO6Wg.js                     4.99 kB Ôöé gzip:   1.94 kB
#13 84.68 ../dist/public/assets/ImprestDetails-DYEACB5z.js                 5.00 kB Ôöé gzip:   1.56 kB
#13 84.68 ../dist/public/assets/CreateWorkOrder-D4caMrTU.js                5.01 kB Ôöé gzip:   1.70 kB
#13 84.68 ../dist/public/assets/OrgCreateWorkOrder-3PhzVKpH.js             5.01 kB Ôöé gzip:   1.70 kB
#13 84.68 ../dist/public/assets/ChangePassword-C8rCjLBL.js                 5.02 kB Ôöé gzip:   1.79 kB
#13 84.68 ../dist/public/assets/OrgEditQuotation-Bmr3RMDM.js               5.04 kB Ôöé gzip:   1.82 kB
#13 84.68 ../dist/public/assets/EditEstimate-bMpMMDtS.js                   5.06 kB Ôöé gzip:   1.75 kB
#13 84.68 ../dist/public/assets/OrgEditEstimate-C_rSJmgG.js                5.06 kB Ôöé gzip:   1.75 kB
#13 84.68 ../dist/public/assets/ChurnPrediction-BkLQ__lf.js                5.07 kB Ôöé gzip:   1.58 kB
#13 84.68 ../dist/public/assets/BankReconciliation-CviiWngV.js             5.09 kB Ôöé gzip:   2.00 kB
#13 84.68 ../dist/public/assets/SystemHealthDashboard-DJFLlDK3.js          5.09 kB Ôöé gzip:   1.72 kB
#13 84.68 ../dist/public/assets/OrgBankReconciliation-qqArXEBX.js          5.09 kB Ôöé gzip:   2.00 kB
#13 84.68 ../dist/public/assets/Activity-Zt9I8_Rb.js                       5.09 kB Ôöé gzip:   2.14 kB
#13 84.68 ../dist/public/assets/OrgActivity-gDVfJbkk.js                    5.09 kB Ôöé gzip:   2.14 kB
#13 84.68 ../dist/public/assets/OrgProcurement-BQDmLjaf.js                 5.09 kB Ôöé gzip:   1.83 kB
#13 84.68 ../dist/public/assets/EditProduct-CtqWnVRu.js                    5.12 kB Ôöé gzip:   1.89 kB
#13 84.68 ../dist/public/assets/OrgEditProduct-DvtO3bwW.js                 5.12 kB Ôöé gzip:   1.89 kB
#13 84.68 ../dist/public/assets/OrgCreditNoteDetail-C2AUudh7.js            5.14 kB Ôöé gzip:   1.61 kB
#13 84.68 ../dist/public/assets/EditLPO-CDPPxBG2.js                        5.15 kB Ôöé gzip:   1.91 kB
#13 84.68 ../dist/public/assets/OrgEditLPO-DqJ37Hn2.js                     5.15 kB Ôöé gzip:   1.91 kB
#13 84.68 ../dist/public/assets/EditInvoice-DhkDvxYU.js                    5.20 kB Ôöé gzip:   1.80 kB
#13 84.68 ../dist/public/assets/OrgEditInvoice-C5dG0RD5.js                 5.20 kB Ôöé gzip:   1.80 kB
#13 84.68 ../dist/public/assets/ContactDetails-CKXd8ljF.js                 5.20 kB Ôöé gzip:   1.40 kB
#13 84.68 ../dist/public/assets/OrgCreateQuotation-DsDvykvC.js             5.20 kB Ôöé gzip:   1.79 kB
#13 84.68 ../dist/public/assets/QuotationDetails-B_hNfn7L.js               5.23 kB Ôöé gzip:   1.81 kB
#13 84.68 ../dist/public/assets/SessionManager-D3fYvbk5.js                 5.26 kB Ôöé gzip:   1.95 kB
#13 84.68 ../dist/public/assets/ProductForm-3VlKulFm.js                    5.30 kB Ôöé gzip:   1.59 kB
#13 84.68 ../dist/public/assets/ServiceTemplates-BuWDa1cD.js               5.31 kB Ôöé gzip:   2.16 kB
#13 84.68 ../dist/public/assets/OrgServiceTemplates-Cjip4Wf7.js            5.31 kB Ôöé gzip:   2.16 kB
#13 84.68 ../dist/public/assets/FinanceSettings-BpPYcQ4L.js                5.32 kB Ôöé gzip:   1.78 kB
#13 84.68 ../dist/public/assets/Departments-DwUdFupD.js                    5.34 kB Ôöé gzip:   2.03 kB
#13 84.68 ../dist/public/assets/TestPDFGeneration-joeEy2Qp.js              5.37 kB Ôöé gzip:   1.89 kB
#13 84.68 ../dist/public/assets/Dashboard-1MkYy4xh.js                      5.39 kB Ôöé gzip:   1.48 kB
#13 84.68 ../dist/public/assets/OrgServices-DjCAB4Gi.js                    5.40 kB Ôöé gzip:   1.89 kB
#13 84.68 ../dist/public/assets/PaymentDetails-CGjgzbw8.js                 5.40 kB Ôöé gzip:   1.92 kB
#13 84.68 ../dist/public/assets/GRNDetails-Crqodjt1.js                     5.43 kB Ôöé gzip:   1.80 kB
#13 84.68 ../dist/public/assets/TaxComplianceReports-DOy6x39A.js           5.45 kB Ôöé gzip:   1.50 kB
#13 84.68 ../dist/public/assets/CreateDeduction-CevYgeUS.js                5.45 kB Ôöé gzip:   2.02 kB
#13 84.68 ../dist/public/assets/PayslipDetails-BOFDtugr.js                 5.49 kB Ôöé gzip:   2.07 kB
#13 84.68 ../dist/public/assets/OrderDetails-KLxgK5X8.js                   5.53 kB Ôöé gzip:   1.63 kB
#13 84.68 ../dist/public/assets/OrgWarranty-B92sf1fo.js                    5.54 kB Ôöé gzip:   2.10 kB
#13 84.68 ../dist/public/assets/OrgDebitNotes-BJlVkEHF.js                  5.57 kB Ôöé gzip:   2.33 kB
#13 84.68 ../dist/public/assets/OrgCreateProposal-BfeSlVdp.js              5.57 kB Ôöé gzip:   1.93 kB
#13 84.68 ../dist/public/assets/DeliveryNoteDetails-wYjFX0_F.js            5.58 kB Ôöé gzip:   1.77 kB
#13 84.68 ../dist/public/assets/EditSupplier-BrX-_nrZ.js                   5.60 kB Ôöé gzip:   2.18 kB
#13 84.68 ../dist/public/assets/OrgEditSupplier-D7N8kxwf.js                5.60 kB Ôöé gzip:   2.18 kB
#13 84.68 ../dist/public/assets/ProcurementMaster-D-7P2G4v.js              5.61 kB Ôöé gzip:   1.73 kB
#13 84.68 ../dist/public/assets/Attendance-XSKq4ZMy.js                     5.63 kB Ôöé gzip:   2.00 kB
#13 84.68 ../dist/public/assets/OrgAttendance-5L0Z8SBp.js                  5.63 kB Ôöé gzip:   2.00 kB
#13 84.68 ../dist/public/assets/ForgotPassword-aZdmhEgc.js                 5.67 kB Ôöé gzip:   1.78 kB
#13 84.68 ../dist/public/assets/EditWorkOrder-CqFC_S3I.js                  5.70 kB Ôöé gzip:   1.85 kB
#13 84.68 ../dist/public/assets/OrgEditWorkOrder-DGAejPzg.js               5.70 kB Ôöé gzip:   1.85 kB
#13 84.69 ../dist/public/assets/OrgTaxCompliance-Dk798VpF.js               5.71 kB Ôöé gzip:   1.61 kB
#13 84.69 ../dist/public/assets/MFA-DSjBXNYs.js                            5.71 kB Ôöé gzip:   1.72 kB
#13 84.69 ../dist/public/assets/ServiceTemplateDetails-5f3237m8.js         5.72 kB Ôöé gzip:   1.80 kB
#13 84.69 ../dist/public/assets/CreateContact-CRIoX4rZ.js                  5.73 kB Ôöé gzip:   1.88 kB
#13 84.69 ../dist/public/assets/ClientPerformance-CAQ--j-5.js              5.73 kB Ôöé gzip:   2.07 kB
#13 84.69 ../dist/public/assets/ProjectsManagement-DKhV-dGv.js             5.76 kB Ôöé gzip:   2.11 kB
#13 84.69 ../dist/public/assets/DebitNoteDetails-B1ypXWGT.js               5.77 kB Ôöé gzip:   1.99 kB
#13 84.69 ../dist/public/assets/DatabaseManagement-CwNrBg3e.js             5.80 kB Ôöé gzip:   1.74 kB
#13 84.69 ../dist/public/assets/OrgCreateSalaryStructure-BeKL7dVd.js       5.83 kB Ôöé gzip:   1.89 kB
#13 84.69 ../dist/public/assets/Holidays-C6xQK5bB.js                       5.83 kB Ôöé gzip:   2.15 kB
#13 84.69 ../dist/public/assets/LeaveManagementDetails-Bv_uk-GG.js         5.84 kB Ôöé gzip:   1.80 kB
#13 84.69 ../dist/public/assets/DebitNotes-BagDenLV.js                     5.85 kB Ôöé gzip:   2.42 kB
#13 84.69 ../dist/public/assets/CreateSalaryStructure-5FNFk5cy.js          5.89 kB Ôöé gzip:   1.92 kB
#13 84.69 ../dist/public/assets/ProjectReports-BZvzfioa.js                 5.92 kB Ôöé gzip:   2.26 kB
#13 84.69 ../dist/public/assets/EnterpriseSettings-D1rEvVID.js             5.99 kB Ôöé gzip:   2.08 kB
#13 84.69 ../dist/public/assets/EditDebitNote-Dc5Vcl8C.js                  6.00 kB Ôöé gzip:   2.20 kB
#13 84.69 ../dist/public/assets/OrgEditDebitNote-CxWyL5q0.js               6.00 kB Ôöé gzip:   2.20 kB
#13 84.69 ../dist/public/assets/OrgCreateInvoice-DfV4BEHL.js               6.04 kB Ôöé gzip:   2.39 kB
#13 84.69 ../dist/public/assets/EditLeave-B8IMcbjs.js                      6.04 kB Ôöé gzip:   1.89 kB
#13 84.69 ../dist/public/assets/OrgEditLeave-D6dB7gHo.js                   6.04 kB Ôöé gzip:   1.89 kB
#13 84.69 ../dist/public/assets/CreateInvoice-DyVJ5eU4.js                  6.05 kB Ôöé gzip:   2.39 kB
#13 84.69 ../dist/public/assets/EditChartOfAccounts-C8X9nauH.js            6.06 kB Ôöé gzip:   2.09 kB
#13 84.69 ../dist/public/assets/OrgStaff-DHT9--u5.js                       6.07 kB Ôöé gzip:   2.32 kB
#13 84.69 ../dist/public/assets/EditBankReconciliation-CSE8C-FJ.js         6.09 kB Ôöé gzip:   1.78 kB
#13 84.69 ../dist/public/assets/LeaveBalances-C7g23i6X.js                  6.09 kB Ôöé gzip:   2.06 kB
#13 84.69 ../dist/public/assets/OrgCreateLeave-BHg_Lq2A.js                 6.09 kB Ôöé gzip:   1.97 kB
#13 84.69 ../dist/public/assets/OrgAccounting-C4f60Gwo.js                  6.11 kB Ôöé gzip:   2.13 kB
#13 84.69 ../dist/public/assets/Security-pJ4K7zo-.js                       6.18 kB Ôöé gzip:   1.71 kB
#13 84.69 ../dist/public/assets/OrgDepartments-BLqB0RyH.js                 6.19 kB Ôöé gzip:   2.25 kB
#13 84.69 ../dist/public/assets/OpportunityDetails-DtU15Dmx.js             6.20 kB Ôöé gzip:   1.88 kB
#13 84.69 ../dist/public/assets/OrgCreateProcurement-DC_0Rxed.js           6.26 kB Ôöé gzip:   1.93 kB
#13 84.69 ../dist/public/assets/Budgets-3BzHToAn.js                        6.28 kB Ôöé gzip:   2.26 kB
#13 84.69 ../dist/public/assets/OrgBudgets-CuGpoypo.js                     6.28 kB Ôöé gzip:   2.26 kB
#13 84.69 ../dist/public/assets/OrgLeaveDetail-Di0EPfw_.js                 6.32 kB Ôöé gzip:   1.83 kB
#13 84.69 ../dist/public/assets/HTMLEditor-ScC_L-Av.js                     6.37 kB Ôöé gzip:   2.47 kB
#13 84.69 ../dist/public/assets/Profile-ETQI2htf.js                        6.38 kB Ôöé gzip:   2.22 kB
#13 84.69 ../dist/public/assets/ServiceInvoices-vu3eQWhP.js                6.40 kB Ôöé gzip:   2.59 kB
#13 84.69 ../dist/public/assets/OrgServiceInvoices-NfnN9-aZ.js             6.40 kB Ôöé gzip:   2.59 kB
#13 84.69 ../dist/public/assets/ProjectManagerDashboard-BN-Iv2s5.js        6.46 kB Ôöé gzip:   2.11 kB
#13 84.69 ../dist/public/assets/CreditNoteDetails-ThvbF-rR.js              6.46 kB Ôöé gzip:   2.08 kB
#13 84.69 ../dist/public/assets/AttendanceDetails-a0T471-t.js              6.50 kB Ôöé gzip:   1.98 kB
#13 84.69 ../dist/public/assets/CreateServiceInvoice-DAATCcmT.js           6.50 kB Ôöé gzip:   2.23 kB
#13 84.69 ../dist/public/assets/OrgCreateServiceInvoice-DACTSunG.js        6.50 kB Ôöé gzip:   2.23 kB
#13 84.69 ../dist/public/assets/Documentation-kTikrMkQ.js                  6.50 kB Ôöé gzip:   2.55 kB
#13 84.69 ../dist/public/assets/ExpenseBudgetReport-D829BFY0.js            6.51 kB Ôöé gzip:   1.80 kB
#13 84.69 ../dist/public/assets/SystemLogsViewer-SCtzgw6t.js               6.51 kB Ôöé gzip:   2.21 kB
#13 84.69 ../dist/public/assets/Notifications-CXzqUN-x.js                  6.51 kB Ôöé gzip:   1.99 kB
#13 84.69 ../dist/public/assets/OrgContractDetail-BDmPCXOU.js              6.55 kB Ôöé gzip:   1.80 kB
#13 84.69 ../dist/public/assets/EditContact-DjRTKA9_.js                    6.57 kB Ôöé gzip:   2.11 kB
#13 84.69 ../dist/public/assets/OrgEditContact-BDi5-9dk.js                 6.57 kB Ôöé gzip:   2.11 kB
#13 84.69 ../dist/public/assets/TaxInformation-X-XS3gl9.js                 6.60 kB Ôöé gzip:   2.22 kB
#13 84.69 ../dist/public/assets/CreateOrder-BBgfqoXy.js                    6.62 kB Ôöé gzip:   2.21 kB
#13 84.69 ../dist/public/assets/EditOpportunity-CRMd17Ds.js                6.65 kB Ôöé gzip:   2.08 kB
#13 84.69 ../dist/public/assets/AuditLogs-xKlQnCpb.js                      6.66 kB Ôöé gzip:   2.55 kB
#13 84.69 ../dist/public/assets/EditOrder-BDpC3yqB.js                      6.68 kB Ôöé gzip:   2.33 kB
#13 84.69 ../dist/public/assets/OrgEditOrder-BuN6-1jC.js                   6.68 kB Ôöé gzip:   2.33 kB
#13 84.69 ../dist/public/assets/LPODetails-CCLbozQk.js                     6.73 kB Ôöé gzip:   2.05 kB
#13 84.69 ../dist/public/assets/CreateService-DYkNh5q4.js                  6.73 kB Ôöé gzip:   2.26 kB
#13 84.69 ../dist/public/assets/OrgCreateService-fBrSoScD.js               6.73 kB Ôöé gzip:   2.26 kB
#13 84.69 ../dist/public/assets/CreateBenefit-DmBgxMao.js                  6.73 kB Ôöé gzip:   2.27 kB
#13 84.69 ../dist/public/assets/Login-BhWKQ3y9.js                          6.76 kB Ôöé gzip:   2.26 kB
#13 84.69 ../dist/public/assets/OrgLeave-DP0r3Thb.js                       6.80 kB Ôöé gzip:   2.39 kB
#13 84.69 ../dist/public/assets/OrgEditContract-fwDCQbqW.js                6.80 kB Ôöé gzip:   2.13 kB
#13 84.69 ../dist/public/assets/Calendar-BbcngPJJ.js                       6.81 kB Ôöé gzip:   2.39 kB
#13 84.69 ../dist/public/assets/OrgCalendar-B6FnjZN_.js                    6.81 kB Ôöé gzip:   2.39 kB
#13 84.69 ../dist/public/assets/Reminders-BgRizErU.js                      6.84 kB Ôöé gzip:   2.16 kB
#13 84.69 ../dist/public/assets/OrgServiceInvoiceDetails-B6vJ1haC.js       6.84 kB Ôöé gzip:   2.05 kB
#13 84.69 ../dist/public/assets/HRReports-DweIYV_7.js                      6.86 kB Ôöé gzip:   2.41 kB
#13 84.69 ../dist/public/assets/UserDetails-LVaa8s82.js                    6.87 kB Ôöé gzip:   1.68 kB
#13 84.69 ../dist/public/assets/EditProposal-Dd26sBFj.js                   6.90 kB Ôöé gzip:   2.13 kB
#13 84.69 ../dist/public/assets/OrgEditProposal-C0Gw1S-8.js                6.90 kB Ôöé gzip:   2.13 kB
#13 84.69 ../dist/public/assets/OrgCreateOrder-BrQZyv6Z.js                 7.02 kB Ôöé gzip:   2.30 kB
#13 84.69 ../dist/public/assets/ResetPassword-DxqSKzhz.js                  7.09 kB Ôöé gzip:   2.02 kB
#13 84.69 ../dist/public/assets/OrgContracts-D5t2g714.js                   7.13 kB Ôöé gzip:   2.52 kB
#13 84.69 ../dist/public/assets/WorkOrders-FHgQTb4Y.js                     7.16 kB Ôöé gzip:   2.59 kB
#13 84.69 ../dist/public/assets/OrgWorkOrders-DXx4ug1D.js                  7.16 kB Ôöé gzip:   2.59 kB
#13 84.69 ../dist/public/assets/SalaryStructures-Dwz--_FY.js               7.18 kB Ôöé gzip:   2.27 kB
#13 84.69 ../dist/public/assets/OrgSalaryStructures-B3KQHMb-.js            7.18 kB Ôöé gzip:   2.27 kB
#13 84.69 ../dist/public/assets/EditServiceInvoice-DDyGDax9.js             7.19 kB Ôöé gzip:   2.37 kB
#13 84.69 ../dist/public/assets/OrgEditServiceInvoice-BkOw90wg.js          7.19 kB Ôöé gzip:   2.37 kB
#13 84.69 ../dist/public/assets/OrgInvoiceDetail-DlLrz-72.js               7.24 kB Ôöé gzip:   1.99 kB
#13 84.69 ../dist/public/assets/Benefits-CIm6DTOU.js                       7.31 kB Ôöé gzip:   2.20 kB
#13 84.69 ../dist/public/assets/OrgCreateContract-mE61u0G5.js              7.33 kB Ôöé gzip:   2.14 kB
#13 84.69 ../dist/public/assets/Signup-B9cjlaFO.js                         7.36 kB Ôöé gzip:   2.29 kB
#13 84.69 ../dist/public/assets/ChartOfAccountsHierarchy-Bilqdbw6.js       7.45 kB Ôöé gzip:   2.02 kB
#13 84.69 ../dist/public/assets/ExpenseBudgetReport-t-Z9upYW.js            7.51 kB Ôöé gzip:   2.64 kB
#13 84.69 ../dist/public/assets/OrgHR-BzHEdIzy.js                          7.51 kB Ôöé gzip:   2.39 kB
#13 84.69 ../dist/public/assets/OrgCreateProject-DIeFaRzx.js               7.53 kB Ôöé gzip:   2.40 kB
#13 84.69 ../dist/public/assets/Warehouses-DqdFWqFf.js                     7.54 kB Ôöé gzip:   2.30 kB
#13 84.69 ../dist/public/assets/SystemHealth-Csk9THJf.js                   7.56 kB Ôöé gzip:   1.75 kB
#13 84.69 ../dist/public/assets/HRAnalyticsPage-Byi_T_vV.js                7.57 kB Ôöé gzip:   2.07 kB
#13 84.69 ../dist/public/assets/Products-C1EzUEID.js                       7.68 kB Ôöé gzip:   2.64 kB
#13 84.69 ../dist/public/assets/OrgProducts-Dm6LrTbp.js                    7.68 kB Ôöé gzip:   2.64 kB
#13 84.69 ../dist/public/assets/locations-CtzeVEdQ.js                      7.69 kB Ôöé gzip:   2.76 kB
#13 84.69 ../dist/public/assets/AllowancesDeductions-DF9NZD5V.js           7.70 kB Ôöé gzip:   2.38 kB
#13 84.69 ../dist/public/assets/TermsAndConditions-rGEbdA7S.js             7.76 kB Ôöé gzip:   2.64 kB
#13 84.69 ../dist/public/assets/LeaveManagement-BFJeR7MV.js                7.77 kB Ôöé gzip:   2.50 kB
#13 84.69 ../dist/public/assets/Contact-BHZbCjXq.js                        7.77 kB Ôöé gzip:   2.77 kB
#13 84.69 ../dist/public/assets/HR-p8MdOgXH.js                             7.79 kB Ôöé gzip:   2.51 kB
#13 84.69 ../dist/public/assets/ProposalTemplates-DLAGsBB-.js              7.79 kB Ôöé gzip:   2.50 kB
#13 84.69 ../dist/public/assets/OrgWorkOrderDetail-B0T7VXqm.js             7.80 kB Ôöé gzip:   1.95 kB
#13 84.69 ../dist/public/assets/EditService-CmtgSdbY.js                    7.85 kB Ôöé gzip:   2.54 kB
#13 84.69 ../dist/public/assets/OrgEditService-CTPuPkYA.js                 7.85 kB Ôöé gzip:   2.54 kB
#13 84.69 ../dist/public/assets/PayrollDetails-BVNM3Rvm.js                 7.88 kB Ôöé gzip:   2.05 kB
#13 84.69 ../dist/public/assets/OrgPayrollDetails-B1XC1pKX.js              7.88 kB Ôöé gzip:   2.05 kB
#13 84.69 ../dist/public/assets/DisciplinaryRecords-BDouEc99.js            7.88 kB Ôöé gzip:   2.43 kB
#13 84.69 ../dist/public/assets/OrgCRM-B7SOcLp-.js                         7.93 kB Ôöé gzip:   2.50 kB
#13 84.69 ../dist/public/assets/HRAdminDashboard-C4AgZATp.js               7.95 kB Ôöé gzip:   2.35 kB
#13 84.69 ../dist/public/assets/OrgEditProject-DgoFI-52.js                 7.99 kB Ôöé gzip:   2.34 kB
#13 84.69 ../dist/public/assets/EditCreditNote-i3aeYPnY.js                 8.00 kB Ôöé gzip:   2.59 kB
#13 84.69 ../dist/public/assets/OrgEditCreditNote-tw_9t4Wf.js              8.00 kB Ôöé gzip:   2.59 kB
#13 84.69 ../dist/public/assets/FinancialDashboard--53PLTBV.js             8.03 kB Ôöé gzip:   2.55 kB
#13 84.69 ../dist/public/assets/Accounting-BmNcEY7O.js                     8.04 kB Ôöé gzip:   2.56 kB
#13 84.69 ../dist/public/assets/OrgFinancialDashboard-CnR9R8Ln.js          8.05 kB Ôöé gzip:   2.52 kB
#13 84.69 ../dist/public/assets/ContractTemplates-CLI7bxDC.js              8.11 kB Ôöé gzip:   2.58 kB
#13 84.69 ../dist/public/assets/OrgContractTemplates-BOYJWW8e.js           8.11 kB Ôöé gzip:   2.58 kB
#13 84.69 ../dist/public/assets/UserGuide-WY0SeFbd.js                      8.15 kB Ôöé gzip:   3.04 kB
#13 84.69 ../dist/public/assets/PerformanceReviews-CLnSFF3O.js             8.18 kB Ôöé gzip:   2.64 kB
#13 84.69 ../dist/public/assets/OrgPerformanceReviews-BRTG1dAL.js          8.18 kB Ôöé gzip:   2.64 kB
#13 84.69 ../dist/public/assets/TaskDetails-CdCZB1rH.js                    8.21 kB Ôöé gzip:   2.23 kB
#13 84.69 ../dist/public/assets/OrgProjects-DpdhMswa.js                    8.25 kB Ôöé gzip:   2.71 kB
#13 84.69 ../dist/public/assets/Notes-B2dfo3oV.js                          8.38 kB Ôöé gzip:   2.70 kB
#13 84.69 ../dist/public/assets/IntegrationGuides-9hkw2T0Q.js              8.55 kB Ôöé gzip:   3.17 kB
#13 84.69 ../dist/public/assets/EstimateDetails-B6xiy_6z.js                8.77 kB Ôöé gzip:   2.72 kB
#13 84.69 ../dist/public/assets/AccountingManagement-Ch217g4n.js           8.81 kB Ôöé gzip:   2.32 kB
#13 84.69 ../dist/public/assets/UiElements-Ux3ce94N.js                     8.86 kB Ôöé gzip:   2.85 kB
#13 84.69 ../dist/public/assets/AssetManagement-BxynGXyN.js                8.90 kB Ôöé gzip:   2.80 kB
#13 84.69 ../dist/public/assets/CSVImportExport-DaxrgGTh.js                8.90 kB Ôöé gzip:   3.02 kB
#13 84.69 ../dist/public/assets/EnhancedReceiptManagement-D6OPaPQP.js      8.91 kB Ôöé gzip:   3.16 kB
#13 84.69 ../dist/public/assets/LeadsDetails-gj3WkjUz.js                   8.93 kB Ôöé gzip:   2.54 kB
#13 84.69 ../dist/public/assets/OverduePayments-CQDW-e54.js                8.98 kB Ôöé gzip:   2.63 kB
#13 84.69 ../dist/public/assets/Payments-BNo0YK5l.js                       9.04 kB Ôöé gzip:   3.33 kB
#13 84.69 ../dist/public/assets/OrgPayments-Yj23eG3C.js                    9.04 kB Ôöé gzip:   3.33 kB
#13 84.69 ../dist/public/assets/ActivityTrail-Ccewo1gW.js                  9.05 kB Ôöé gzip:   2.70 kB
#13 84.69 ../dist/public/assets/RecurringInvoices-A-vySc-C.js              9.06 kB Ôöé gzip:   2.76 kB
#13 84.69 ../dist/public/assets/CreateCreditNote-DAjAlucj.js               9.08 kB Ôöé gzip:   2.81 kB
#13 84.69 ../dist/public/assets/OrgCreateCreditNote-Bdop3qMy.js            9.08 kB Ôöé gzip:   2.81 kB
#13 84.69 ../dist/public/assets/PaymentReconciliation-CuuPjDzy.js          9.20 kB Ôöé gzip:   2.93 kB
#13 84.69 ../dist/public/assets/PrivacyPolicy-DRS1LlHg.js                  9.21 kB Ôöé gzip:   2.83 kB
#13 84.69 ../dist/public/assets/PayrollApprovals-D_btpqLT.js               9.21 kB Ôöé gzip:   2.71 kB
#13 84.69 ../dist/public/assets/Opportunities-OHi7BzQZ.js                  9.23 kB Ôöé gzip:   3.27 kB
#13 84.69 ../dist/public/assets/BillingDashboard-DV3DqgMy.js               9.30 kB Ôöé gzip:   3.15 kB
#13 84.69 ../dist/public/assets/DepartmentPayrollReports-BdXu4ioU.js       9.31 kB Ôöé gzip:   2.96 kB
#13 84.69 ../dist/public/assets/Quotes-JGHPbyUn.js                         9.34 kB Ôöé gzip:   3.38 kB
#13 84.69 ../dist/public/assets/HRAnalytics-74j-KFoV.js                    9.37 kB Ôöé gzip:   2.74 kB
#13 84.69 ../dist/public/assets/About-BwVTZf8m.js                          9.44 kB Ôöé gzip:   3.53 kB
#13 84.69 ../dist/public/assets/OrgPricing-TbX4Q_7v.js                     9.50 kB Ôöé gzip:   3.40 kB
#13 84.69 ../dist/public/assets/CreatePayment-Bb8WipVN.js                  9.56 kB Ôöé gzip:   3.02 kB
#13 84.69 ../dist/public/assets/OrgTicketDetail-CksRSQ0c.js                9.59 kB Ôöé gzip:   2.25 kB
#13 84.69 ../dist/public/assets/OrgInventory-TAI31GlA.js                   9.60 kB Ôöé gzip:   3.07 kB
#13 84.69 ../dist/public/assets/OrgDeliveryNotes-08BaG5J-.js               9.72 kB Ôöé gzip:   3.29 kB
#13 84.69 ../dist/public/assets/Onboarding-BXD7t2D_.js                     9.81 kB Ôöé gzip:   2.79 kB
#13 84.69 ../dist/public/assets/DeliveryNotes-D6Ribq-Q.js                  9.81 kB Ôöé gzip:   3.30 kB
#13 84.69 ../dist/public/assets/EditUser-CQ4TBpIK.js                       9.84 kB Ôöé gzip:   2.98 kB
#13 84.69 ../dist/public/assets/CommunicationDetails-CvfqMnoM.js           9.88 kB Ôöé gzip:   2.87 kB
#13 84.69 ../dist/public/assets/AdminCronJobs-Caf5OYQD.js                  9.89 kB Ôöé gzip:   3.18 kB
#13 84.69 ../dist/public/assets/ProjectMilestones-DhydNPD_.js              9.97 kB Ôöé gzip:   2.98 kB
#13 84.69 ../dist/public/assets/Estimates-CKX1C0ja.js                      9.98 kB Ôöé gzip:   3.65 kB
#13 84.69 ../dist/public/assets/CreateUser-BrMddkX4.js                    10.02 kB Ôöé gzip:   3.21 kB
#13 84.69 ../dist/public/assets/Expenses-DYycDOxn.js                      10.04 kB Ôöé gzip:   3.50 kB
#13 84.69 ../dist/public/assets/OrgExpenses-BHhhQgcJ.js                   10.04 kB Ôöé gzip:   3.50 kB
#13 84.69 ../dist/public/assets/Inventory-CWbvBOC6.js                     10.08 kB Ôöé gzip:   3.24 kB
#13 84.69 ../dist/public/assets/Receipts-CVK6270n.js                      10.14 kB Ôöé gzip:   3.58 kB
#13 84.69 ../dist/public/assets/ClientForm-bpjF5Vim.js                    10.15 kB Ôöé gzip:   2.41 kB
#13 84.69 ../dist/public/assets/OrgExpenseDetail-CsUrnYs4.js              10.25 kB Ôöé gzip:   2.76 kB
#13 84.69 ../dist/public/assets/AccountantDashboard-BXF0Lz2m.js           10.26 kB Ôöé gzip:   3.09 kB
#13 84.69 ../dist/public/assets/Integrations-DLhZwGe0.js                  10.33 kB Ôöé gzip:   3.08 kB
#13 84.69 ../dist/public/assets/HRAutomation-BXxBDZII.js                  10.33 kB Ôöé gzip:   2.79 kB
#13 84.70 ../dist/public/assets/PaymentReports-CPBXGQWY.js                10.37 kB Ôöé gzip:   2.97 kB
#13 84.70 ../dist/public/assets/SupplierForm-_FxcZH2Y.js                  10.38 kB Ôöé gzip:   2.71 kB
#13 84.70 ../dist/public/assets/HRAnalyticsDashboard-EFwdHtjp.js          10.39 kB Ôöé gzip:   2.76 kB
#13 84.70 ../dist/public/assets/OrgEstimates-BZo6ecmR.js                  10.40 kB Ôöé gzip:   3.75 kB
#13 84.70 ../dist/public/assets/PaymentPlans-Bi27dkZ6.js                  10.48 kB Ôöé gzip:   3.21 kB
#13 84.70 ../dist/public/assets/GlobalSettings-BuldUxkz.js                10.48 kB Ôöé gzip:   3.02 kB
#13 84.70 ../dist/public/assets/ReportBuilder-xI2GXda_.js                 10.49 kB Ôöé gzip:   2.77 kB
#13 84.70 ../dist/public/assets/OrgReceipts-DOhMBERe.js                   10.57 kB Ôöé gzip:   3.67 kB
#13 84.70 ../dist/public/assets/CreateServiceTemplate-DCtVrs4m.js         10.58 kB Ôöé gzip:   2.97 kB
#13 84.70 ../dist/public/assets/GRN-BTBjF6Um.js                           10.58 kB Ôöé gzip:   3.32 kB
#13 84.70 ../dist/public/assets/OrgGRN-DX9KuIv3.js                        10.58 kB Ôöé gzip:   3.31 kB
#13 84.70 ../dist/public/assets/CreateProject-DSjgdkRO.js                 10.64 kB Ôöé gzip:   3.28 kB
#13 84.70 ../dist/public/assets/OrgQuotations-D7nhTN68.js                 10.64 kB Ôöé gzip:   3.55 kB
#13 84.70 ../dist/public/assets/CannedResponses-BfPa7J7Z.js               10.64 kB Ôöé gzip:   3.08 kB
#13 84.70 ../dist/public/assets/OrgCannedResponses-hYSJnbPp.js            10.64 kB Ôöé gzip:   3.08 kB
#13 84.70 ../dist/public/assets/BudgetDetail-BJkM7uA3.js                  10.67 kB Ôöé gzip:   3.34 kB
#13 84.70 ../dist/public/assets/OrgBudgetDetail-CCq_w0w6.js               10.67 kB Ôöé gzip:   3.34 kB
#13 84.70 ../dist/public/assets/DashboardHome-DPhH2VoN.js                 10.69 kB Ôöé gzip:   3.10 kB
#13 84.70 ../dist/public/assets/EditPayment-BBZy8Nao.js                   10.73 kB Ôöé gzip:   3.21 kB
#13 84.70 ../dist/public/assets/OrgEditPayment-N3gMTPMT.js                10.73 kB Ôöé gzip:   3.21 kB
#13 84.70 ../dist/public/assets/CreateOpportunity-CH1ecn4M.js             10.80 kB Ôöé gzip:   3.26 kB
#13 84.70 ../dist/public/assets/EmployeeContracts-ByCUTfM0.js             10.82 kB Ôöé gzip:   2.61 kB
#13 84.70 ../dist/public/assets/TenantCommunications-V0wvxvmS.js          10.84 kB Ôöé gzip:   3.11 kB
#13 84.70 ../dist/public/assets/EditPayroll-DuKHHHNK.js                   10.90 kB Ôöé gzip:   3.18 kB
#13 84.70 ../dist/public/assets/OrgEditPayroll-bCNecqEY.js                10.90 kB Ôöé gzip:   3.18 kB
#13 84.70 ../dist/public/assets/Payslips-BcY01Apg.js                      10.93 kB Ôöé gzip:   3.27 kB
#13 84.70 ../dist/public/assets/OrgDashboardHome-fcXxwKSK.js              11.03 kB Ôöé gzip:   3.28 kB
#13 84.70 ../dist/public/assets/ProcurementLPOs-CdsCsnul.js               11.03 kB Ôöé gzip:   3.00 kB
#13 84.70 ../dist/public/assets/LPOs-DHiRpoDC.js                          11.09 kB Ôöé gzip:   4.03 kB
#13 84.70 ../dist/public/assets/MaintenanceAdmin-CEiynK01.js              11.13 kB Ôöé gzip:   3.37 kB
#13 84.70 ../dist/public/assets/CustomReportBuilder-BeI7wUqI.js           11.16 kB Ôöé gzip:   3.31 kB
#13 84.70 ../dist/public/assets/Quotations-Dk2SLTW7.js                    11.23 kB Ôöé gzip:   3.73 kB
#13 84.70 ../dist/public/assets/TimeTracking-BxlMSM3D.js                  11.30 kB Ôöé gzip:   3.34 kB
#13 84.70 ../dist/public/assets/ContractManagement-hDesgjo1.js            11.36 kB Ôöé gzip:   3.28 kB
#13 84.70 ../dist/public/assets/OrgLPOs-rzjz_dF0.js                       11.37 kB Ôöé gzip:   4.07 kB
#13 84.70 ../dist/public/assets/OrgProjectDetail-Y6Z3tDMH.js              11.44 kB Ôöé gzip:   3.61 kB
#13 84.70 ../dist/public/assets/OrgContacts-B-QuYHmW.js                   11.45 kB Ôöé gzip:   3.67 kB
#13 84.70 ../dist/public/assets/QuoteDetails-BihN_48V.js                  11.46 kB Ôöé gzip:   3.15 kB
#13 84.70 ../dist/public/assets/Suppliers-DWoTT_vJ.js                     11.49 kB Ôöé gzip:   4.20 kB
#13 84.70 ../dist/public/assets/Contacts-DcxeqS0D.js                      11.52 kB Ôöé gzip:   3.70 kB
#13 84.70 ../dist/public/assets/ProcurementImprests-CjTkLFMG.js           11.60 kB Ôöé gzip:   2.85 kB
#13 84.70 ../dist/public/assets/SystemSettings-CKK0JAn1.js                11.62 kB Ôöé gzip:   3.17 kB
#13 84.70 ../dist/public/assets/EnterpriseTenantsManagement-C4yxfXoQ.js   11.63 kB Ôöé gzip:   3.30 kB
#13 84.70 ../dist/public/assets/FileManager-Duxl_30R.js                   11.68 kB Ôöé gzip:   4.02 kB
#13 84.70 ../dist/public/assets/KPITracking-D8L3Mn-I.js                   11.69 kB Ôöé gzip:   3.11 kB
#13 84.70 ../dist/public/assets/EnhancedChangePassword-DY3m9uZH.js        11.73 kB Ôöé gzip:   2.94 kB
#13 84.70 ../dist/public/assets/UnifiedLanding-bh9xzU4Q.js                11.89 kB Ôöé gzip:   3.15 kB
#13 84.70 ../dist/public/assets/WorkflowAutomation-Bmkdven_.js            11.97 kB Ôöé gzip:   3.37 kB
#13 84.70 ../dist/public/assets/Training-jOCvhLEx.js                      11.99 kB Ôöé gzip:   3.42 kB
#13 84.70 ../dist/public/assets/SubscriptionDetails-Bh8ULtSA.js           12.04 kB Ôöé gzip:   2.91 kB
#13 84.70 ../dist/public/assets/CustomerPortal-C_Mh9S9s.js                12.06 kB Ôöé gzip:   2.91 kB
#13 84.70 ../dist/public/assets/RecurringExpenses-B0FfOzXc.js             12.15 kB Ôöé gzip:   3.77 kB
#13 84.70 ../dist/public/assets/OrganizationUsersManagement-tBxnZHfW.js   12.18 kB Ôöé gzip:   3.45 kB
#13 84.70 ../dist/public/assets/SalesPipeline-D44Jjltz.js                 12.22 kB Ôöé gzip:   3.62 kB
#13 84.70 ../dist/public/assets/OrgSalesPipeline-BKbDmQwY.js              12.22 kB Ôöé gzip:   3.62 kB
#13 84.70 ../dist/public/assets/Projects-CqxWuBsI.js                      12.26 kB Ôöé gzip:   3.62 kB
#13 84.70 ../dist/public/assets/ServiceDetails-BHqAONcH.js                12.27 kB Ôöé gzip:   3.17 kB
#13 84.70 ../dist/public/assets/Demo-Csz0OoK1.js                          12.37 kB Ôöé gzip:   3.80 kB
#13 84.70 ../dist/public/assets/Features-CelWpElc.js                      12.65 kB Ôöé gzip:   4.43 kB
#13 84.70 ../dist/public/assets/OrgTimesheets-BWplRmw5.js                 12.84 kB Ôöé gzip:   3.88 kB
#13 84.70 ../dist/public/assets/Timesheets-BhT4lMaJ.js                    12.84 kB Ôöé gzip:   3.88 kB
#13 84.70 ../dist/public/assets/NotificationCenter-BVRdcvzQ.js            12.87 kB Ôöé gzip:   3.33 kB
#13 84.70 ../dist/public/assets/Account-EFxnBsGW.js                       12.87 kB Ôöé gzip:   3.34 kB
#13 84.70 ../dist/public/assets/ExecutiveDashboard-DfW36MeK.js            12.88 kB Ôöé gzip:   3.37 kB
#13 84.70 ../dist/public/assets/OrgJobGroups--BOmaX9p.js                  12.95 kB Ôöé gzip:   3.42 kB
#13 84.70 ../dist/public/assets/ReceiptDetails-BsUuiZFi.js                13.06 kB Ôöé gzip:   3.43 kB
#13 84.70 ../dist/public/assets/Proposals-xdt-XgEc.js                     13.11 kB Ôöé gzip:   4.02 kB
#13 84.70 ../dist/public/assets/OrgProposals-Cc4TjO7K.js                  13.11 kB Ôöé gzip:   4.02 kB
#13 84.70 ../dist/public/assets/OrgDashboard-CzFq2moo.js                  13.20 kB Ôöé gzip:   3.91 kB
#13 84.70 ../dist/public/assets/ProcurementOrders-GNUyV09M.js             13.25 kB Ôöé gzip:   3.29 kB
#13 84.70 ../dist/public/assets/Recruitment-Dk4NOQfk.js                   13.36 kB Ôöé gzip:   3.23 kB
#13 84.70 ../dist/public/assets/EditProject-D25dAgSu.js                   13.42 kB Ôöé gzip:   3.93 kB
#13 84.70 ../dist/public/assets/OrgSuppliers-Brg0eLGq.js                  13.43 kB Ôöé gzip:   4.43 kB
#13 84.70 ../dist/public/assets/OrgLeads-HaJvc8w8.js                      13.45 kB Ôöé gzip:   3.74 kB
#13 84.70 ../dist/public/assets/OrgTasks-IvzI4rh7.js                      13.45 kB Ôöé gzip:   3.79 kB
#13 84.70 ../dist/public/assets/Tasks-C28Ft1i4.js                         13.45 kB Ôöé gzip:   3.79 kB
#13 84.70 ../dist/public/assets/Leads-u4zWOy9T.js                         13.45 kB Ôöé gzip:   3.74 kB
#13 84.70 ../dist/public/assets/OrgCommunications-BHnz6jjw.js             13.51 kB Ôöé gzip:   3.57 kB
#13 84.70 ../dist/public/assets/ChartOfAccounts-CUeGF-l2.js               13.59 kB Ôöé gzip:   4.09 kB
#13 84.70 ../dist/public/assets/OrgChartOfAccounts-CMCIvAn_.js            13.59 kB Ôöé gzip:   4.09 kB
#13 84.70 ../dist/public/assets/CreatePayroll-ZjXbjeVk.js                 13.64 kB Ôöé gzip:   3.11 kB
#13 84.70 ../dist/public/assets/OrgCreatePayroll-Ck641W4D.js              13.64 kB Ôöé gzip:   3.11 kB
#13 84.70 ../dist/public/assets/ExpensesDetails--AmAgluH.js               13.64 kB Ôöé gzip:   3.97 kB
#13 84.70 ../dist/public/assets/Tickets-BX57Nu-p.js                       13.65 kB Ôöé gzip:   4.14 kB
#13 84.70 ../dist/public/assets/OrgTickets-BUjve4cQ.js                    13.65 kB Ôöé gzip:   4.14 kB
#13 84.70 ../dist/public/assets/TroubleshootingGuide-f_hBx7k4.js          13.85 kB Ôöé gzip:   4.85 kB
#13 84.70 ../dist/public/assets/BackupRestore-BRwjBnhW.js                 13.89 kB Ôöé gzip:   3.27 kB
#13 84.70 ../dist/public/assets/OrgBilling-BxuTWPWo.js                    13.94 kB Ôöé gzip:   4.04 kB
#13 84.70 ../dist/public/assets/ProfessionalBudgeting-cI9q17M0.js         13.96 kB Ôöé gzip:   3.99 kB
#13 84.70 ../dist/public/assets/Pricing-BgSY_H8x.js                       14.21 kB Ôöé gzip:   4.56 kB
#13 84.70 ../dist/public/assets/Imprests-R-VFE7Ec.js                      14.33 kB Ôöé gzip:   4.62 kB
#13 84.70 ../dist/public/assets/KenyanPayrollCalculator-DLEZYty1.js       14.57 kB Ôöé gzip:   3.72 kB
#13 84.70 ../dist/public/assets/OrgImprests-D60v8Ucd.js                   14.63 kB Ôöé gzip:   4.67 kB
#13 84.70 ../dist/public/assets/ThemeCustomization-DRiBgfQg.js            14.81 kB Ôöé gzip:   3.82 kB
#13 84.70 ../dist/public/assets/Roles-DkNkOCAu.js                         15.06 kB Ôöé gzip:   3.59 kB
#13 84.70 ../dist/public/assets/Payroll-DkSXxgeH.js                       15.06 kB Ôöé gzip:   4.15 kB
#13 84.70 ../dist/public/assets/OrgPayroll-CqgPhvz6.js                    15.06 kB Ôöé gzip:   4.15 kB
#13 84.70 ../dist/public/assets/Clients-CFi5TcwC.js                       15.13 kB Ôöé gzip:   4.54 kB
#13 84.70 ../dist/public/assets/Communications-DUrD968f.js                15.14 kB Ôöé gzip:   4.33 kB
#13 84.70 ../dist/public/assets/SupplierDetails-DitVdjKc.js               15.21 kB Ôöé gzip:   3.26 kB
#13 84.70 ../dist/public/assets/JobGroupDetails-D8vwzQ9q.js               15.38 kB Ôöé gzip:   4.17 kB
#13 84.70 ../dist/public/assets/Forecasting-BdSgDW1I.js                   15.44 kB Ôöé gzip:   3.58 kB
#13 84.70 ../dist/public/assets/OrgForecasting-8ArNRYN3.js                15.44 kB Ôöé gzip:   3.58 kB
#13 84.70 ../dist/public/assets/OrgInvoices-knpA4MkJ.js                   15.99 kB Ôöé gzip:   5.03 kB
#13 84.70 ../dist/public/assets/Invoices-DJanXe0E.js                      16.05 kB Ôöé gzip:   5.07 kB
#13 84.70 ../dist/public/assets/ClientPortal-Bkx5lap_.js                  16.08 kB Ôöé gzip:   4.04 kB
#13 84.70 ../dist/public/assets/JobGroups-GXCJtvN-.js                     16.21 kB Ôöé gzip:   3.90 kB
#13 84.70 ../dist/public/assets/DepartmentDetails-C1CB6gC-.js             16.39 kB Ôöé gzip:   4.31 kB
#13 84.70 ../dist/public/assets/OrgDepartmentDetails-Cw9Rxk_Q.js          16.39 kB Ôöé gzip:   4.31 kB
#13 84.70 ../dist/public/assets/OrgKnowledgeBase-CKvO0XHJ.js              16.40 kB Ôöé gzip:   4.25 kB
#13 84.70 ../dist/public/assets/KnowledgeBase-BRN3pURe.js                 16.40 kB Ôöé gzip:   4.25 kB
#13 84.70 ../dist/public/assets/OrgClientDetail-BGabaKJv.js               16.62 kB Ôöé gzip:   4.35 kB
#13 84.70 ../dist/public/assets/Orders-Cb9_WbGM.js                        16.74 kB Ôöé gzip:   4.94 kB
#13 84.70 ../dist/public/assets/OrgOrders-wwHMmx0u.js                     16.74 kB Ôöé gzip:   4.94 kB
#13 84.70 ../dist/public/assets/SuperAdminDashboard-Eov2BDOO.js           16.89 kB Ôöé gzip:   4.48 kB
#13 84.70 ../dist/public/assets/WebsiteFooter-egsRM94T.js                 16.93 kB Ôöé gzip:   4.60 kB
#13 84.70 ../dist/public/assets/AdminDashboard-BAL1pwfs.js                16.98 kB Ôöé gzip:   4.03 kB
#13 84.70 ../dist/public/assets/DocumentManagement-BqvKXGJd.js            17.04 kB Ôöé gzip:   4.84 kB
#13 84.70 ../dist/public/assets/Subscriptions-Ctp-c1JQ.js                 17.14 kB Ôöé gzip:   4.29 kB
#13 84.70 ../dist/public/assets/StaffDashboard-IvpWWi-X.js                17.27 kB Ôöé gzip:   4.33 kB
#13 84.70 ../dist/public/assets/BackupManagement-DpU2xGWR.js              17.31 kB Ôöé gzip:   4.83 kB
#13 84.70 ../dist/public/assets/documentTemplate-C1To6Bzg.js              17.35 kB Ôöé gzip:   4.20 kB
#13 84.70 ../dist/public/assets/BecomeAPartner-D56Dm8vH.js                17.41 kB Ôöé gzip:   5.29 kB
#13 84.70 ../dist/public/assets/AccountSettings-CGA-tApk.js               18.19 kB Ôöé gzip:   4.47 kB
#13 84.70 ../dist/public/assets/AIHub-BEgsHsuN.js                         18.65 kB Ôöé gzip:   4.64 kB
#13 84.70 ../dist/public/assets/CustomHomepageBuilder-Chv4KeYh.js         18.87 kB Ôöé gzip:   5.08 kB
#13 84.70 ../dist/public/assets/BrandCustomization-DufZKfVk.js            18.93 kB Ôöé gzip:   4.35 kB
#13 84.70 ../dist/public/assets/BookADemo-C0mwfnrT.js                     19.11 kB Ôöé gzip:   5.12 kB
#13 84.70 ../dist/public/assets/EditExpense-CszacAkD.js                   19.35 kB Ôöé gzip:   5.26 kB
#13 84.70 ../dist/public/assets/OrgEditExpense-C6z3lwfd.js                19.35 kB Ôöé gzip:   5.26 kB
#13 84.70 ../dist/public/assets/Approvals-CZX8b4gk.js                     19.97 kB Ôöé gzip:   4.89 kB
#13 84.70 ../dist/public/assets/OrgApprovals-DHos1FJl.js                  19.97 kB Ôöé gzip:   4.89 kB
#13 84.70 ../dist/public/assets/CreateEmployee-wS8snPEy.js                20.76 kB Ôöé gzip:   5.05 kB
#13 84.70 ../dist/public/assets/OrgReports-GlR8KWR4.js                    20.77 kB Ôöé gzip:   5.26 kB
#13 84.70 ../dist/public/assets/OrgStaffChat-iG0d60bo.js                  20.90 kB Ôöé gzip:   6.40 kB
#13 84.70 ../dist/public/assets/ICTDashboard-C-Gz7w3Q.js                  21.11 kB Ôöé gzip:   5.16 kB
#13 84.70 ../dist/public/assets/EditEmployee-DeMbozxY.js                  21.17 kB Ôöé gzip:   5.00 kB
#13 84.70 ../dist/public/assets/SuperAdminPricingTiers-BzC_DExd.js        21.43 kB Ôöé gzip:   5.20 kB
#13 84.70 ../dist/public/assets/HRPayrollManagement-INF8Ren6.js           21.46 kB Ôöé gzip:   5.04 kB
#13 84.70 ../dist/public/assets/PayslipManagement-SmBs_imN.js             21.67 kB Ôöé gzip:   6.93 kB
#13 84.70 ../dist/public/assets/DocumentForm-DUH6sEzi.js                  21.87 kB Ôöé gzip:   5.90 kB
#13 84.70 ../dist/public/assets/CreateExpense-DveUFaOS.js                 22.03 kB Ôöé gzip:   6.09 kB
#13 84.70 ../dist/public/assets/OrgCreateExpense-DwJ9164X.js              22.03 kB Ôöé gzip:   6.09 kB
#13 84.70 ../dist/public/assets/Employees-BJ7CYjC0.js                     22.08 kB Ôöé gzip:   5.81 kB
#13 84.70 ../dist/public/assets/OrgEmployees-BXX_tt7U.js                  22.08 kB Ôöé gzip:   5.81 kB
#13 84.70 ../dist/public/assets/Checkout-CxaUiUSq.js                      23.41 kB Ôöé gzip:   7.82 kB
#13 84.70 ../dist/public/assets/InvoiceDetails-D9_bzkQP.js                23.48 kB Ôöé gzip:   6.05 kB
#13 84.70 ../dist/public/assets/FeatureDetail-1LY2k-8o.js                 23.79 kB Ôöé gzip:   7.47 kB
#13 84.70 ../dist/public/assets/StaffChat-Dug3kWY-.js                     24.37 kB Ôöé gzip:   7.01 kB
#13 84.70 ../dist/public/assets/date-utils-COA5zMcC.js                    25.29 kB Ôöé gzip:   7.51 kB
#13 84.70 ../dist/public/assets/Reports-DQcz17iw.js                       25.84 kB Ôöé gzip:   6.59 kB
#13 84.70 ../dist/public/assets/purify.es-4eNOHKSq.js                     28.74 kB Ôöé gzip:  11.02 kB
#13 84.70 ../dist/public/assets/CreateCommunication-Ccgbui8i.js           30.73 kB Ôöé gzip:  10.18 kB
#13 84.70 ../dist/public/assets/HRDashboard-ByfbT1PU.js                   30.93 kB Ôöé gzip:   6.60 kB
#13 84.70 ../dist/public/assets/ClientDetails-D5wjHKZw.js                 31.37 kB Ôöé gzip:   6.57 kB
#13 84.70 ../dist/public/assets/DocumentTemplates-BTk3Vn4N.js             31.39 kB Ôöé gzip:   6.58 kB
#13 84.70 ../dist/public/assets/pdfGenerator-CXnCAQNy.js                  37.65 kB Ôöé gzip:  11.12 kB
#13 84.70 ../dist/public/assets/RichTextEditor-D-QUesdc.js                37.96 kB Ôöé gzip:   8.43 kB
#13 84.70 ../dist/public/assets/LandingPage-n5CoY12Q.js                   38.07 kB Ôöé gzip:  10.10 kB
#13 84.70 ../dist/public/assets/OrgEmployeeDetails-Cibzv3Nr.js            41.96 kB Ôöé gzip:   8.45 kB
#13 84.70 ../dist/public/assets/AdminManagement-BCnu_5yv.js               42.17 kB Ôöé gzip:   9.95 kB
#13 84.70 ../dist/public/assets/EmployeeDetails-CRrBk9qh.js               42.71 kB Ôöé gzip:   8.54 kB
#13 84.70 ../dist/public/assets/OrgLayout-Bun0lVtu.js                     44.28 kB Ôöé gzip:  11.13 kB
#13 84.70 ../dist/public/assets/ProjectDetails-B59DRzDt.js                45.29 kB Ôöé gzip:   9.42 kB
#13 84.70 ../dist/public/assets/AdminEmailTemplates-kG1jSEBl.js           51.49 kB Ôöé gzip:  12.42 kB
#13 84.70 ../dist/public/assets/lucide-react-BFIjfoL5.js                  61.58 kB Ôöé gzip:  18.04 kB
#13 84.70 ../dist/public/assets/DocumentBlockEditor-DBd_GSUi.js           68.90 kB Ôöé gzip:  15.76 kB
#13 84.70 ../dist/public/assets/MultiTenancy-CQpbXro3.js                  69.67 kB Ôöé gzip:  13.95 kB
#13 84.70 ../dist/public/assets/CreateQuote-DXonG1BG.js                   71.71 kB Ôöé gzip:  19.54 kB
#13 84.70 ../dist/public/assets/WebsiteAdmin-BBaxg3MP.js                  80.43 kB Ôöé gzip:  15.29 kB
#13 84.70 ../dist/public/assets/api-client-BvX2riSn.js                    81.61 kB Ôöé gzip:  22.27 kB
#13 84.70 ../dist/public/assets/index.es-cYKIJ52u.js                     158.79 kB Ôöé gzip:  53.05 kB
#13 84.70 ../dist/public/assets/html2canvas-DXEQVQnt.js                  201.04 kB Ôöé gzip:  47.43 kB
#13 84.70 ../dist/public/assets/Settings-DmSpmEQx.js                     284.76 kB Ôöé gzip:  53.89 kB
#13 84.70 ../dist/public/assets/vendor-react-ui-BcLy8Tpi.js              314.57 kB Ôöé gzip: 100.19 kB
#13 84.70 ../dist/public/assets/OrgSettings-CPvd5Ouo.js                  326.36 kB Ôöé gzip:  65.40 kB
#13 84.70 ../dist/public/assets/jspdf.es.min-BYG02ilo.js                 384.80 kB Ôöé gzip: 125.62 kB
#13 84.70 ../dist/public/assets/rich-editor-DQKc7IGv.js                  414.84 kB Ôöé gzip: 130.90 kB
#13 84.70 ../dist/public/assets/xlsx-BojT3SgY.js                         424.38 kB Ôöé gzip: 141.60 kB
#13 84.70 ../dist/public/assets/index-CsfuznJ7.js                        873.90 kB Ôöé gzip: 224.31 kB
#13 84.70 Ô£ô built in 1m 11s
#13 85.58 
#13 85.58   dist/index.js  3.6mb ÔÜá´©Å
#13 85.58 
#13 85.58 ÔÜí Done in 190ms
#13 DONE 86.5s

#14 [9/9] RUN chmod +x /app/docker/entrypoint.sh
#14 DONE 1.2s

#15 exporting to image
#15 exporting layers
#15 exporting layers 26.7s done
#15 exporting manifest sha256:b2c9e694b1ada4c055353181bf4be3e8890159b9f7e5f5a0985dff75ef37c35c 0.1s done
#15 exporting config sha256:0b0d6dc14dce0230859958f540546b6baadc7b2d6095e4b086d2914340390153 0.1s done
#15 exporting attestation manifest sha256:9c5c979cb3b71aae6db9f7ff4d88dca093f9e7be8de040554fb057536906ea46 0.1s done
#15 exporting manifest list sha256:6d595ec925a05af461f24800c41991b1fad88ba276f94d859214e57844551104
#15 exporting manifest list sha256:6d595ec925a05af461f24800c41991b1fad88ba276f94d859214e57844551104 0.0s done
#15 naming to docker.io/library/Kiini: One Hub. Total Control-app:latest done
#15 unpacking to docker.io/library/Kiini: One Hub. Total Control-app:latest
#15 unpacking to docker.io/library/Kiini: One Hub. Total Control-app:latest 5.4s done
#15 DONE 32.6s

#16 resolving provenance for metadata file
#16 DONE 0.0s
 Image Kiini: One Hub. Total Control-app Built 
 Container Kiini: One Hub. Total Control-db-1 Running 
 Container Kiini: One Hub. Total Control-app-1 Recreate 
 Container Kiini: One Hub. Total Control-app-1 Recreated 
 Container Kiini: One Hub. Total Control-db-1 Waiting 
 Container Kiini: One Hub. Total Control-db-1 Healthy 
 Container Kiini: One Hub. Total Control-app-1 Starting 
 Container Kiini: One Hub. Total Control-app-1 Started 
