[OAuth] Initialized with baseURL: 
[dotenv@17.3.1] injecting env (31) from .env.production -- tip: 🔐 prevent building .env in docker: https://dotenvx.com/prebuild
[STARTUP] Initializing database with default user...
[Database] Attempting to create drizzle connection...
[Database] ✅ Drizzle connection created successfully
[Database] Runtime migrations enabled: false
[Database] Skipping runtime drizzle migrations in production
[Initialization] Checking for default user...
[EMAIL] Seeding default email templates...
[SCHEDULER] Initializing scheduled jobs...
[SCHEDULER] Invoice reminder jobs initialized
[JobScheduler] Initializing...
[BILLING] Initializing organization billing cron jobs...
[OrgBilling] Initializing billing cron jobs...
[OrgBilling] Billing cron jobs initialized successfully
[HR] Initializing HR automation jobs...
Initializing HR automation jobs...
✓ Scheduled: Daily Attendance Reminder (0 9 * * *)
✓ Scheduled: Monthly Leave Accrual (0 0 1 * *)
✓ Scheduled: Automated Payroll Calculation (0 0 20 * *)
✓ Scheduled: Automated Payslip Generation (0 8 23 * *)
✓ Scheduled: Yearly P9 Generation (0 0 20 12 *)
✓ Scheduled: Leave Expiry Reminder (0 9 20 11 *)
✓ Scheduled: Birthday Reminder (0 8 * * *)
✓ Scheduled: Work Anniversary Reminder (0 8 * * *)
✓ Scheduled: Timesheet Reminder (0 16 * * 5)
✓ Scheduled: Performance Review Cycle (0 0 1 1,4,7,10 *)
HR automation: 10 jobs initialized
[STARTUP] CSRF protection: DISABLED (using JWT token auth for APIs)
[Static] Serving assets from: D:\Websites & Stuff\Kiini: One Hub. Total Control\dist\public
[STARTUP] NODE_ENV=production, PORT=3006
