Already up to date
Done in 355ms using pnpm v11.22.0
$ vite build && esbuild server/_core/index.ts --platform=node --packages=external --bundle --format=esm --outdir=dist
NODE_ENV=production is not supported in the .env file. Only NODE_ENV=development is supported to create a development build of your project. If you need to set process.env.NODE_ENV, you can set it in the Vite config instead.
[36mvite v7.3.1 [32mbuilding client environment for production...[36m[39m
(node:17060) [DEP0205] DeprecationWarning: `module.register()` is deprecated. Use `module.registerHooks()` instead.
(Use `node --trace-deprecation ...` to show where the warning was created)
transforming...
[plugin vite:esbuild] client/src/pages/Login.tsx: Duplicate "className" attribute in JSX element
211 |                    value={formData.email}
212 |                    onChange={(e) => setFormData({ ...formData, email: e.target.value })}
213 |                    className="pl-10"
    |                    ^
214 |                    required
215 |                    autoFocus

[plugin vite:esbuild] client/src/pages/Login.tsx: Duplicate "className" attribute in JSX element
231 |                      value={formData.password}
232 |                      onChange={(e) => setFormData({ ...formData, password: e.target.value })}
233 |                      className="pl-10 pr-10"
    |                      ^
234 |                      required
235 |                      disabled={loading}

[32mÔ£ô[39m 3786 modules transformed.
rendering chunks...
computing gzip size...
[2m../dist/public/[22m[32mindex.html                                      [39m[1m[2m  3.94 kB[22m[1m[22m[2m Ôöé gzip:   1.63 kB[22m
[2m../dist/public/[22m[35massets/OrgSettings-Bx3OTr2t.css                 [39m[1m[2m 29.89 kB[22m[1m[22m[2m Ôöé gzip:   5.84 kB[22m
[2m../dist/public/[22m[35massets/index-CY8zV1SM.css                       [39m[1m[2m401.34 kB[22m[1m[22m[2m Ôöé gzip:  49.40 kB[22m
[2m../dist/public/[22m[36massets/trpc-Crr7eInz.js                         [39m[1m[2m  0.07 kB[22m[1m[22m[2m Ôöé gzip:   0.09 kB[22m
[2m../dist/public/[22m[36massets/tableSort-B6IToDRb.js                    [39m[1m[2m  0.14 kB[22m[1m[22m[2m Ôöé gzip:   0.12 kB[22m
[2m../dist/public/[22m[36massets/AreaChart-Dvf_s0jW.js                    [39m[1m[2m  0.23 kB[22m[1m[22m[2m Ôöé gzip:   0.19 kB[22m
[2m../dist/public/[22m[36massets/LineChart-B5CIBwRP.js                    [39m[1m[2m  0.23 kB[22m[1m[22m[2m Ôöé gzip:   0.19 kB[22m
[2m../dist/public/[22m[36massets/use-toast-DLU48dmw.js                    [39m[1m[2m  0.24 kB[22m[1m[22m[2m Ôöé gzip:   0.20 kB[22m
[2m../dist/public/[22m[36massets/communications-DPNzK-66.js               [39m[1m[2m  0.27 kB[22m[1m[22m[2m Ôöé gzip:   0.21 kB[22m
[2m../dist/public/[22m[36massets/skeleton-CaSBBS2b.js                     [39m[1m[2m  0.30 kB[22m[1m[22m[2m Ôöé gzip:   0.23 kB[22m
[2m../dist/public/[22m[36massets/BarChart-BMhg2xrI.js                     [39m[1m[2m  0.30 kB[22m[1m[22m[2m Ôöé gzip:   0.22 kB[22m
[2m../dist/public/[22m[36massets/paymentMethods-r32LliAe.js               [39m[1m[2m  0.31 kB[22m[1m[22m[2m Ôöé gzip:   0.24 kB[22m
[2m../dist/public/[22m[36massets/spinner-XSv_sn_B.js                      [39m[1m[2m  0.33 kB[22m[1m[22m[2m Ôöé gzip:   0.25 kB[22m
[2m../dist/public/[22m[36massets/label-BoCk8-WW.js                        [39m[1m[2m  0.40 kB[22m[1m[22m[2m Ôöé gzip:   0.29 kB[22m
[2m../dist/public/[22m[36massets/useUserLookup-hH5EyAxm.js                [39m[1m[2m  0.40 kB[22m[1m[22m[2m Ôöé gzip:   0.31 kB[22m
[2m../dist/public/[22m[36massets/exportCsv-CNzVNdz4.js                    [39m[1m[2m  0.44 kB[22m[1m[22m[2m Ôöé gzip:   0.33 kB[22m
[2m../dist/public/[22m[36massets/useRequireFeature-Cc1RIoL9.js            [39m[1m[2m  0.44 kB[22m[1m[22m[2m Ôöé gzip:   0.31 kB[22m
[2m../dist/public/[22m[36massets/csvGenerator-BbTLt5yV.js                 [39m[1m[2m  0.45 kB[22m[1m[22m[2m Ôöé gzip:   0.29 kB[22m
[2m../dist/public/[22m[36massets/collapsible-Cpr1tLAM.js                  [39m[1m[2m  0.51 kB[22m[1m[22m[2m Ôöé gzip:   0.24 kB[22m
[2m../dist/public/[22m[36massets/useCompanyInfo-DE9YXHqJ.js               [39m[1m[2m  0.52 kB[22m[1m[22m[2m Ôöé gzip:   0.36 kB[22m
[2m../dist/public/[22m[36massets/textarea-CRj4oqlM.js                     [39m[1m[2m  0.56 kB[22m[1m[22m[2m Ôöé gzip:   0.38 kB[22m
[2m../dist/public/[22m[36massets/export-utils-BU8PEdDn.js                 [39m[1m[2m  0.57 kB[22m[1m[22m[2m Ôöé gzip:   0.40 kB[22m
[2m../dist/public/[22m[36massets/useOrgPermission-DbhFER2T.js             [39m[1m[2m  0.59 kB[22m[1m[22m[2m Ôöé gzip:   0.40 kB[22m
[2m../dist/public/[22m[36massets/useFavorite-B3KRzvCa.js                  [39m[1m[2m  0.59 kB[22m[1m[22m[2m Ôöé gzip:   0.35 kB[22m
[2m../dist/public/[22m[36massets/documentTemplateHelpers-CduNLrpb.js      [39m[1m[2m  0.59 kB[22m[1m[22m[2m Ôöé gzip:   0.33 kB[22m
[2m../dist/public/[22m[36massets/payslipPdf-B39-QGGk.js                   [39m[1m[2m  0.63 kB[22m[1m[22m[2m Ôöé gzip:   0.44 kB[22m
[2m../dist/public/[22m[36massets/activityLog-B-yh0W2G.js                  [39m[1m[2m  0.75 kB[22m[1m[22m[2m Ôöé gzip:   0.36 kB[22m
[2m../dist/public/[22m[36massets/healthScore-hLzRzKdj.js                  [39m[1m[2m  0.89 kB[22m[1m[22m[2m Ôöé gzip:   0.52 kB[22m
[2m../dist/public/[22m[36massets/popover-JhPxpPnh.js                      [39m[1m[2m  0.94 kB[22m[1m[22m[2m Ôöé gzip:   0.49 kB[22m
[2m../dist/public/[22m[36massets/switch-BQQPPgRL.js                       [39m[1m[2m  1.02 kB[22m[1m[22m[2m Ôöé gzip:   0.51 kB[22m
[2m../dist/public/[22m[36massets/checkbox-DNXH4ZHL.js                     [39m[1m[2m  1.10 kB[22m[1m[22m[2m Ôöé gzip:   0.51 kB[22m
[2m../dist/public/[22m[36massets/format-XyXgtmZc.js                       [39m[1m[2m  1.15 kB[22m[1m[22m[2m Ôöé gzip:   0.55 kB[22m
[2m../dist/public/[22m[36massets/CustomPage-Bj2lMpN-.js                   [39m[1m[2m  1.40 kB[22m[1m[22m[2m Ôöé gzip:   0.66 kB[22m
[2m../dist/public/[22m[36massets/DeleteConfirmationModal-CRL4ebIP.js      [39m[1m[2m  1.54 kB[22m[1m[22m[2m Ôöé gzip:   0.57 kB[22m
[2m../dist/public/[22m[36massets/PermissionGuard-BB-rkdQb.js              [39m[1m[2m  1.54 kB[22m[1m[22m[2m Ôöé gzip:   0.65 kB[22m
[2m../dist/public/[22m[36massets/UserSelector-D3v19hjG.js                 [39m[1m[2m  1.55 kB[22m[1m[22m[2m Ôöé gzip:   0.62 kB[22m
[2m../dist/public/[22m[36massets/Messages-tt0Gn8aO.js                     [39m[1m[2m  1.62 kB[22m[1m[22m[2m Ôöé gzip:   0.70 kB[22m
[2m../dist/public/[22m[36massets/accordion-BKOQ9Ehy.js                    [39m[1m[2m  1.69 kB[22m[1m[22m[2m Ôöé gzip:   0.67 kB[22m
[2m../dist/public/[22m[36massets/ModuleLayout-KY2ddwND.js                 [39m[1m[2m  1.71 kB[22m[1m[22m[2m Ôöé gzip:   0.69 kB[22m
[2m../dist/public/[22m[36massets/designSystem-BjMWY9N5.js                 [39m[1m[2m  1.76 kB[22m[1m[22m[2m Ôöé gzip:   0.66 kB[22m
[2m../dist/public/[22m[36massets/EmployeeSelector-DbPsNuwU.js             [39m[1m[2m  1.79 kB[22m[1m[22m[2m Ôöé gzip:   0.69 kB[22m
[2m../dist/public/[22m[36massets/PhoneInput-6zqy1Ebj.js                   [39m[1m[2m  1.96 kB[22m[1m[22m[2m Ôöé gzip:   0.81 kB[22m
[2m../dist/public/[22m[36massets/OrgAssets-DNxB05os.js                    [39m[1m[2m  2.15 kB[22m[1m[22m[2m Ôöé gzip:   0.71 kB[22m
[2m../dist/public/[22m[36massets/useOrgAccess-CeZ7FQq8.js                 [39m[1m[2m  2.18 kB[22m[1m[22m[2m Ôöé gzip:   1.09 kB[22m
[2m../dist/public/[22m[36massets/OrgDocuments-CgF7eo2v.js                 [39m[1m[2m  2.22 kB[22m[1m[22m[2m Ôöé gzip:   0.71 kB[22m
[2m../dist/public/[22m[36massets/RoleBasedDashboard-BW8Z0Spq.js           [39m[1m[2m  2.22 kB[22m[1m[22m[2m Ôöé gzip:   0.81 kB[22m
[2m../dist/public/[22m[36massets/OrgPurchaseOrders-34nvvEPr.js            [39m[1m[2m  2.32 kB[22m[1m[22m[2m Ôöé gzip:   0.72 kB[22m
[2m../dist/public/[22m[36massets/SmsQueue-CFSr_2hQ.js                     [39m[1m[2m  2.52 kB[22m[1m[22m[2m Ôöé gzip:   1.00 kB[22m
[2m../dist/public/[22m[36massets/VerifyEmail-BlFazuw7.js                  [39m[1m[2m  2.57 kB[22m[1m[22m[2m Ôöé gzip:   1.16 kB[22m
[2m../dist/public/[22m[36massets/table-Cxs41KAe.js                        [39m[1m[2m  2.60 kB[22m[1m[22m[2m Ôöé gzip:   0.84 kB[22m
[2m../dist/public/[22m[36massets/alert-dialog-Uzaou89f.js                 [39m[1m[2m  2.66 kB[22m[1m[22m[2m Ôöé gzip:   0.83 kB[22m
[2m../dist/public/[22m[36massets/OrgBreadcrumb-CpUlmrXl.js                [39m[1m[2m  2.71 kB[22m[1m[22m[2m Ôöé gzip:   0.85 kB[22m
[2m../dist/public/[22m[36massets/SummaryStatCards-t0ZjDnyR.js             [39m[1m[2m  2.73 kB[22m[1m[22m[2m Ôöé gzip:   0.94 kB[22m
[2m../dist/public/[22m[36massets/ModuleAnalyticsStrip-DnsixuRy.js         [39m[1m[2m  2.77 kB[22m[1m[22m[2m Ôöé gzip:   0.99 kB[22m
[2m../dist/public/[22m[36massets/JobGroupPayrollItems-Iuqdg5dR.js         [39m[1m[2m  2.78 kB[22m[1m[22m[2m Ôöé gzip:   0.92 kB[22m
[2m../dist/public/[22m[36massets/NotFound-DYaovYli.js                     [39m[1m[2m  2.84 kB[22m[1m[22m[2m Ôöé gzip:   1.01 kB[22m
[2m../dist/public/[22m[36massets/actions-C8Zy5A15.js                      [39m[1m[2m  3.01 kB[22m[1m[22m[2m Ôöé gzip:   1.34 kB[22m
[2m../dist/public/[22m[36massets/TenantAdminDetails-B4LhzoN9.js           [39m[1m[2m  3.01 kB[22m[1m[22m[2m Ôöé gzip:   0.79 kB[22m
[2m../dist/public/[22m[36massets/CreateReceipt-BFO0tdhs.js                [39m[1m[2m  3.10 kB[22m[1m[22m[2m Ôöé gzip:   1.23 kB[22m
[2m../dist/public/[22m[36massets/PageHeader-Dk8yALyD.js                   [39m[1m[2m  3.15 kB[22m[1m[22m[2m Ôöé gzip:   1.04 kB[22m
[2m../dist/public/[22m[36massets/CreateImprest-C_exSQWa.js                [39m[1m[2m  3.16 kB[22m[1m[22m[2m Ôöé gzip:   1.13 kB[22m
[2m../dist/public/[22m[36massets/RowActionsMenu-C4aFVf0X.js               [39m[1m[2m  3.16 kB[22m[1m[22m[2m Ôöé gzip:   0.87 kB[22m
[2m../dist/public/[22m[36massets/privateChatUtils-Bv4qHQl7.js             [39m[1m[2m  3.20 kB[22m[1m[22m[2m Ôöé gzip:   1.23 kB[22m
[2m../dist/public/[22m[36massets/CreateClient-BqP3g5IH.js                 [39m[1m[2m  3.24 kB[22m[1m[22m[2m Ôöé gzip:   1.44 kB[22m
[2m../dist/public/[22m[36massets/TenantUserDetails-BGtY9DSH.js            [39m[1m[2m  3.25 kB[22m[1m[22m[2m Ôöé gzip:   0.83 kB[22m
[2m../dist/public/[22m[36massets/OrgModulePage-nD6QnWgR.js                [39m[1m[2m  3.25 kB[22m[1m[22m[2m Ôöé gzip:   1.12 kB[22m
[2m../dist/public/[22m[36massets/OrgCreateClient-B9OznhmM.js              [39m[1m[2m  3.32 kB[22m[1m[22m[2m Ôöé gzip:   1.45 kB[22m
[2m../dist/public/[22m[36massets/CreateProduct-BM4pq7Dh.js                [39m[1m[2m  3.39 kB[22m[1m[22m[2m Ôöé gzip:   1.36 kB[22m
[2m../dist/public/[22m[36massets/ServiceSearchFilter-l7nPL5hy.js          [39m[1m[2m  3.45 kB[22m[1m[22m[2m Ôöé gzip:   0.90 kB[22m
[2m../dist/public/[22m[36massets/OrgCreateProduct-BN4J11tq.js             [39m[1m[2m  3.47 kB[22m[1m[22m[2m Ôöé gzip:   1.37 kB[22m
[2m../dist/public/[22m[36massets/BiTools-CfAViTrt.js                      [39m[1m[2m  3.59 kB[22m[1m[22m[2m Ôöé gzip:   1.29 kB[22m
[2m../dist/public/[22m[36massets/data-table-controls-I6hLgBUq.js          [39m[1m[2m  3.61 kB[22m[1m[22m[2m Ôöé gzip:   1.10 kB[22m
[2m../dist/public/[22m[36massets/CustomFields-Ctxhe4As.js                 [39m[1m[2m  3.67 kB[22m[1m[22m[2m Ôöé gzip:   1.07 kB[22m
[2m../dist/public/[22m[36massets/OrgCreateReceipt-C9csGSUL.js             [39m[1m[2m  3.79 kB[22m[1m[22m[2m Ôöé gzip:   1.47 kB[22m
[2m../dist/public/[22m[36massets/CreateEstimate-CuSnpyBR.js               [39m[1m[2m  3.84 kB[22m[1m[22m[2m Ôöé gzip:   1.62 kB[22m
[2m../dist/public/[22m[36massets/LocationSelects-CHBiGQZk.js              [39m[1m[2m  4.04 kB[22m[1m[22m[2m Ôöé gzip:   0.76 kB[22m
[2m../dist/public/[22m[36massets/UnifiedModuleLayout-XZECDzGz.js          [39m[1m[2m  4.07 kB[22m[1m[22m[2m Ôöé gzip:   1.19 kB[22m
[2m../dist/public/[22m[36massets/ICTSystemSettings-DcbtF4kM.js            [39m[1m[2m  4.08 kB[22m[1m[22m[2m Ôöé gzip:   1.30 kB[22m
[2m../dist/public/[22m[36massets/CreateSupplier-LaaQwaBM.js               [39m[1m[2m  4.12 kB[22m[1m[22m[2m Ôöé gzip:   1.69 kB[22m
[2m../dist/public/[22m[36massets/OrgCreateSupplier-Muxl32Ba.js            [39m[1m[2m  4.20 kB[22m[1m[22m[2m Ôöé gzip:   1.70 kB[22m
[2m../dist/public/[22m[36massets/CreateBudget-1yhAbLg_.js                 [39m[1m[2m  4.35 kB[22m[1m[22m[2m Ôöé gzip:   1.47 kB[22m
[2m../dist/public/[22m[36massets/EnhancedBulkActions-BAhNRaTH.js          [39m[1m[2m  4.42 kB[22m[1m[22m[2m Ôöé gzip:   1.36 kB[22m
[2m../dist/public/[22m[36massets/Search-iucUh2_b.js                       [39m[1m[2m  4.43 kB[22m[1m[22m[2m Ôöé gzip:   1.60 kB[22m
[2m../dist/public/[22m[36massets/OrgSuperAdminDashboard-XhK0UApt.js       [39m[1m[2m  4.60 kB[22m[1m[22m[2m Ôöé gzip:   1.35 kB[22m
[2m../dist/public/[22m[36massets/MyPayslips-B7KhyvZ4.js                   [39m[1m[2m  4.68 kB[22m[1m[22m[2m Ôöé gzip:   1.38 kB[22m
[2m../dist/public/[22m[36massets/DashboardBuilderPro-BKEWbbzU.js          [39m[1m[2m  4.79 kB[22m[1m[22m[2m Ôöé gzip:   1.34 kB[22m
[2m../dist/public/[22m[36massets/EmployeeAccountSection-DnKaJS8a.js       [39m[1m[2m  4.99 kB[22m[1m[22m[2m Ôöé gzip:   1.14 kB[22m
[2m../dist/public/[22m[36massets/CreditNotes-b0KX0o53.js                  [39m[1m[2m  5.02 kB[22m[1m[22m[2m Ôöé gzip:   1.48 kB[22m
[2m../dist/public/[22m[36massets/TableColumnSettings-DPzx91eL.js          [39m[1m[2m  5.02 kB[22m[1m[22m[2m Ôöé gzip:   1.58 kB[22m
[2m../dist/public/[22m[36massets/Home-ke8Qqn7e.js                         [39m[1m[2m  5.04 kB[22m[1m[22m[2m Ôöé gzip:   1.61 kB[22m
[2m../dist/public/[22m[36massets/ListPageToolbar-DpV-Uvtw.js              [39m[1m[2m  5.08 kB[22m[1m[22m[2m Ôöé gzip:   1.15 kB[22m
[2m../dist/public/[22m[36massets/EditBudget-C1gY0Bn7.js                   [39m[1m[2m  5.14 kB[22m[1m[22m[2m Ôöé gzip:   1.68 kB[22m
[2m../dist/public/[22m[36massets/Sales-Dr6d4Hmx.js                        [39m[1m[2m  5.18 kB[22m[1m[22m[2m Ôöé gzip:   1.62 kB[22m
[2m../dist/public/[22m[36massets/CreateDepartment-DaTGoQI-.js             [39m[1m[2m  5.22 kB[22m[1m[22m[2m Ôöé gzip:   1.57 kB[22m
[2m../dist/public/[22m[36massets/ICTAnalytics-D20E8EO0.js                 [39m[1m[2m  5.22 kB[22m[1m[22m[2m Ôöé gzip:   1.41 kB[22m
[2m../dist/public/[22m[36massets/EditDepartment-Bdvmy4gc.js               [39m[1m[2m  5.27 kB[22m[1m[22m[2m Ôöé gzip:   1.56 kB[22m
[2m../dist/public/[22m[36massets/OrgCreditNotes-BkO4IIso.js               [39m[1m[2m  5.30 kB[22m[1m[22m[2m Ôöé gzip:   1.49 kB[22m
[2m../dist/public/[22m[36massets/FinancialReports-CiuTK3Rr.js             [39m[1m[2m  5.32 kB[22m[1m[22m[2m Ôöé gzip:   1.41 kB[22m
[2m../dist/public/[22m[36massets/ReportsDetails-DC2UCphM.js               [39m[1m[2m  5.32 kB[22m[1m[22m[2m Ôöé gzip:   1.40 kB[22m
[2m../dist/public/[22m[36massets/EditReceipt-19CmWqFx.js                  [39m[1m[2m  5.38 kB[22m[1m[22m[2m Ôöé gzip:   1.77 kB[22m
[2m../dist/public/[22m[36massets/OrgEditBudget-BigZs7ma.js                [39m[1m[2m  5.40 kB[22m[1m[22m[2m Ôöé gzip:   1.69 kB[22m
[2m../dist/public/[22m[36massets/OrgCreateDepartment-BzLlQ4O1.js          [39m[1m[2m  5.47 kB[22m[1m[22m[2m Ôöé gzip:   1.58 kB[22m
[2m../dist/public/[22m[36massets/OrgEditReceipt-C5uHLi6y.js               [39m[1m[2m  5.50 kB[22m[1m[22m[2m Ôöé gzip:   1.78 kB[22m
[2m../dist/public/[22m[36massets/OrgEditDepartment-HmDUYeRD.js            [39m[1m[2m  5.51 kB[22m[1m[22m[2m Ôöé gzip:   1.57 kB[22m
[2m../dist/public/[22m[36massets/FunnelAnalysis-BijnFIa5.js               [39m[1m[2m  5.64 kB[22m[1m[22m[2m Ôöé gzip:   1.45 kB[22m
[2m../dist/public/[22m[36massets/OrgCreateLPO-BuvOWKvH.js                 [39m[1m[2m  5.64 kB[22m[1m[22m[2m Ôöé gzip:   1.64 kB[22m
[2m../dist/public/[22m[36massets/EmailQueue-2ImaJsio.js                   [39m[1m[2m  5.65 kB[22m[1m[22m[2m Ôöé gzip:   1.76 kB[22m
[2m../dist/public/[22m[36massets/CreatePurchaseOrder-RmhYUUMN.js          [39m[1m[2m  5.66 kB[22m[1m[22m[2m Ôöé gzip:   1.44 kB[22m
[2m../dist/public/[22m[36massets/EditEstimate-Cx5FexY2.js                 [39m[1m[2m  5.76 kB[22m[1m[22m[2m Ôöé gzip:   1.84 kB[22m
[2m../dist/public/[22m[36massets/OrgEditEstimate-BbE2CQv0.js              [39m[1m[2m  5.86 kB[22m[1m[22m[2m Ôöé gzip:   1.84 kB[22m
[2m../dist/public/[22m[36massets/DepartmentForm-uPmooAW0.js               [39m[1m[2m  5.92 kB[22m[1m[22m[2m Ôöé gzip:   1.60 kB[22m
[2m../dist/public/[22m[36massets/ProductDetails-N62YjitU.js               [39m[1m[2m  5.92 kB[22m[1m[22m[2m Ôöé gzip:   1.57 kB[22m
[2m../dist/public/[22m[36massets/OrgCreatePurchaseOrder-CaOydIzc.js       [39m[1m[2m  5.95 kB[22m[1m[22m[2m Ôöé gzip:   1.45 kB[22m
[2m../dist/public/[22m[36massets/EditInvoice-BiuseZsh.js                  [39m[1m[2m  5.99 kB[22m[1m[22m[2m Ôöé gzip:   1.90 kB[22m
[2m../dist/public/[22m[36massets/OrgPurchaseOrderDetail-H6KXUMmO.js       [39m[1m[2m  6.00 kB[22m[1m[22m[2m Ôöé gzip:   1.42 kB[22m
[2m../dist/public/[22m[36massets/ProjectAnalytics-DkI7I-U-.js             [39m[1m[2m  6.01 kB[22m[1m[22m[2m Ôöé gzip:   1.65 kB[22m
[2m../dist/public/[22m[36massets/ChartOfAccountsDetails-DjStuaal.js       [39m[1m[2m  6.02 kB[22m[1m[22m[2m Ôöé gzip:   1.46 kB[22m
[2m../dist/public/[22m[36massets/CreateWarranty-BxKb5bH4.js               [39m[1m[2m  6.06 kB[22m[1m[22m[2m Ôöé gzip:   1.58 kB[22m
[2m../dist/public/[22m[36massets/HRDetails-CpMQg08a.js                    [39m[1m[2m  6.11 kB[22m[1m[22m[2m Ôöé gzip:   1.63 kB[22m
[2m../dist/public/[22m[36massets/OrgEditInvoice-Bqxfpqtr.js               [39m[1m[2m  6.11 kB[22m[1m[22m[2m Ôöé gzip:   1.91 kB[22m
[2m../dist/public/[22m[36massets/CreateTicket-B4Tme1HG.js                 [39m[1m[2m  6.11 kB[22m[1m[22m[2m Ôöé gzip:   1.68 kB[22m
[2m../dist/public/[22m[36massets/CohortAnalysis-B6zRV55D.js               [39m[1m[2m  6.18 kB[22m[1m[22m[2m Ôöé gzip:   1.46 kB[22m
[2m../dist/public/[22m[36massets/WarrantyDetails-BpQFddEc.js              [39m[1m[2m  6.24 kB[22m[1m[22m[2m Ôöé gzip:   1.43 kB[22m
[2m../dist/public/[22m[36massets/EditClient-DxBbt5ne.js                   [39m[1m[2m  6.29 kB[22m[1m[22m[2m Ôöé gzip:   2.09 kB[22m
[2m../dist/public/[22m[36massets/OrgLPODetail-DlEouPAK.js                 [39m[1m[2m  6.33 kB[22m[1m[22m[2m Ôöé gzip:   1.76 kB[22m
[2m../dist/public/[22m[36massets/EditSalaryStructure-IFY31Pv8.js          [39m[1m[2m  6.41 kB[22m[1m[22m[2m Ôöé gzip:   1.76 kB[22m
[2m../dist/public/[22m[36massets/OrgEditApproval-DzhGDzEf.js              [39m[1m[2m  6.42 kB[22m[1m[22m[2m Ôöé gzip:   1.61 kB[22m
[2m../dist/public/[22m[36massets/OrgAI-Bo7cdo_y.js                        [39m[1m[2m  6.42 kB[22m[1m[22m[2m Ôöé gzip:   2.07 kB[22m
[2m../dist/public/[22m[36massets/SalesManagerDashboard-B_oPT-hk.js        [39m[1m[2m  6.42 kB[22m[1m[22m[2m Ôöé gzip:   1.38 kB[22m
[2m../dist/public/[22m[36massets/OrgCreateTicket-DVUbNBg3.js              [39m[1m[2m  6.47 kB[22m[1m[22m[2m Ôöé gzip:   1.68 kB[22m
[2m../dist/public/[22m[36massets/CreateLeaveRequest-B5h_Q-Ps.js           [39m[1m[2m  6.54 kB[22m[1m[22m[2m Ôöé gzip:   1.68 kB[22m
[2m../dist/public/[22m[36massets/CreateAttendance-BWVOyWTS.js             [39m[1m[2m  6.55 kB[22m[1m[22m[2m Ôöé gzip:   1.69 kB[22m
[2m../dist/public/[22m[36massets/ProposalDetails-CAHNZ9vq.js              [39m[1m[2m  6.55 kB[22m[1m[22m[2m Ôöé gzip:   1.55 kB[22m
[2m../dist/public/[22m[36massets/EditProduct-DSbwFkve.js                  [39m[1m[2m  6.56 kB[22m[1m[22m[2m Ôöé gzip:   2.05 kB[22m
[2m../dist/public/[22m[36massets/EditAllowance-NE-g1i1l.js                [39m[1m[2m  6.58 kB[22m[1m[22m[2m Ôöé gzip:   1.88 kB[22m
[2m../dist/public/[22m[36massets/OrgReceiptDetail-CNE4tIvS.js             [39m[1m[2m  6.60 kB[22m[1m[22m[2m Ôöé gzip:   1.62 kB[22m
[2m../dist/public/[22m[36massets/OrgEditSalaryStructure-BlAWIY00.js       [39m[1m[2m  6.70 kB[22m[1m[22m[2m Ôöé gzip:   1.78 kB[22m
[2m../dist/public/[22m[36massets/AIAssistantModal-IokmG_z2.js             [39m[1m[2m  6.72 kB[22m[1m[22m[2m Ôöé gzip:   1.93 kB[22m
[2m../dist/public/[22m[36massets/OrgQuotationDetail-CcNYCaE7.js           [39m[1m[2m  6.72 kB[22m[1m[22m[2m Ôöé gzip:   1.62 kB[22m
[2m../dist/public/[22m[36massets/ConversionAnalytics-DjOwEXJJ.js          [39m[1m[2m  6.77 kB[22m[1m[22m[2m Ôöé gzip:   1.79 kB[22m
[2m../dist/public/[22m[36massets/OrgEditProduct-BdzC4XuS.js               [39m[1m[2m  6.77 kB[22m[1m[22m[2m Ôöé gzip:   2.05 kB[22m
[2m../dist/public/[22m[36massets/ProcurementManagerDashboard-BQqjh1Gb.js  [39m[1m[2m  6.80 kB[22m[1m[22m[2m Ôöé gzip:   1.37 kB[22m
[2m../dist/public/[22m[36massets/OrgEditPurchaseOrder-C0b3bQ_r.js         [39m[1m[2m  6.81 kB[22m[1m[22m[2m Ôöé gzip:   1.74 kB[22m
[2m../dist/public/[22m[36massets/ESignatures-ckTZrU4B.js                  [39m[1m[2m  6.82 kB[22m[1m[22m[2m Ôöé gzip:   1.99 kB[22m
[2m../dist/public/[22m[36massets/OrgProcurement-fIAlMzeK.js               [39m[1m[2m  6.86 kB[22m[1m[22m[2m Ôöé gzip:   1.99 kB[22m
[2m../dist/public/[22m[36massets/EditBenefit-C0E0aG_7.js                  [39m[1m[2m  6.87 kB[22m[1m[22m[2m Ôöé gzip:   1.98 kB[22m
[2m../dist/public/[22m[36massets/TenantAdmins-_r4sm_F1.js                 [39m[1m[2m  6.88 kB[22m[1m[22m[2m Ôöé gzip:   1.61 kB[22m
[2m../dist/public/[22m[36massets/Blog-BYbFQ1HX.js                         [39m[1m[2m  6.89 kB[22m[1m[22m[2m Ôöé gzip:   1.86 kB[22m
[2m../dist/public/[22m[36massets/OrgCreateAttendance-DIgmr3lU.js          [39m[1m[2m  6.90 kB[22m[1m[22m[2m Ôöé gzip:   1.70 kB[22m
[2m../dist/public/[22m[36massets/Services-1es9-yZU.js                     [39m[1m[2m  6.91 kB[22m[1m[22m[2m Ôöé gzip:   1.98 kB[22m
[2m../dist/public/[22m[36massets/CreateAllowance-o8yxOQPT.js              [39m[1m[2m  6.91 kB[22m[1m[22m[2m Ôöé gzip:   1.87 kB[22m
[2m../dist/public/[22m[36massets/Activity-BUetu-kJ.js                     [39m[1m[2m  6.94 kB[22m[1m[22m[2m Ôöé gzip:   2.32 kB[22m
[2m../dist/public/[22m[36massets/EditSupplier-DPJXkvz5.js                 [39m[1m[2m  6.95 kB[22m[1m[22m[2m Ôöé gzip:   2.31 kB[22m
[2m../dist/public/[22m[36massets/BudgetDetails-xmwvpcES.js                [39m[1m[2m  6.96 kB[22m[1m[22m[2m Ôöé gzip:   1.64 kB[22m
[2m../dist/public/[22m[36massets/EditDeduction-CvTQelWK.js                [39m[1m[2m  7.00 kB[22m[1m[22m[2m Ôöé gzip:   1.97 kB[22m
[2m../dist/public/[22m[36massets/OrgEditLead-BA_fuRVL.js                  [39m[1m[2m  7.04 kB[22m[1m[22m[2m Ôöé gzip:   1.73 kB[22m
[2m../dist/public/[22m[36massets/TenantUsers-CnQmr82M.js                  [39m[1m[2m  7.07 kB[22m[1m[22m[2m Ôöé gzip:   1.72 kB[22m
[2m../dist/public/[22m[36massets/OrgContactDetail-Lq-Vhs-A.js             [39m[1m[2m  7.12 kB[22m[1m[22m[2m Ôöé gzip:   1.50 kB[22m
[2m../dist/public/[22m[36massets/OrgEditSupplier-il17zhLa.js              [39m[1m[2m  7.15 kB[22m[1m[22m[2m Ôöé gzip:   2.33 kB[22m
[2m../dist/public/[22m[36massets/SalesReports-AzO7v7s1.js                 [39m[1m[2m  7.16 kB[22m[1m[22m[2m Ôöé gzip:   1.66 kB[22m
[2m../dist/public/[22m[36massets/ChangePassword--DKarb5J.js               [39m[1m[2m  7.16 kB[22m[1m[22m[2m Ôöé gzip:   2.00 kB[22m
[2m../dist/public/[22m[36massets/EditTicket-DURA-MVn.js                   [39m[1m[2m  7.18 kB[22m[1m[22m[2m Ôöé gzip:   1.87 kB[22m
[2m../dist/public/[22m[36massets/OrgServiceDetail-B-EtOVTu.js             [39m[1m[2m  7.22 kB[22m[1m[22m[2m Ôöé gzip:   1.50 kB[22m
[2m../dist/public/[22m[36massets/OrgActivity-BqCWDR6c.js                  [39m[1m[2m  7.24 kB[22m[1m[22m[2m Ôöé gzip:   2.33 kB[22m
[2m../dist/public/[22m[36massets/RevenueForecasting-B4EsOxEi.js           [39m[1m[2m  7.27 kB[22m[1m[22m[2m Ôöé gzip:   1.94 kB[22m
[2m../dist/public/[22m[36massets/OrgLeadDetail-vAsep1s6.js                [39m[1m[2m  7.30 kB[22m[1m[22m[2m Ôöé gzip:   1.70 kB[22m
[2m../dist/public/[22m[36massets/CreateLPO-eXxZ1wI0.js                    [39m[1m[2m  7.33 kB[22m[1m[22m[2m Ôöé gzip:   2.16 kB[22m
[2m../dist/public/[22m[36massets/OrgPaymentDetail-CZSry_lA.js             [39m[1m[2m  7.33 kB[22m[1m[22m[2m Ôöé gzip:   1.66 kB[22m
[2m../dist/public/[22m[36massets/OrgEstimateDetail-DLpWaXZs.js            [39m[1m[2m  7.45 kB[22m[1m[22m[2m Ôöé gzip:   1.69 kB[22m
[2m../dist/public/[22m[36massets/OrgProductDetail-B0dlKuB3.js             [39m[1m[2m  7.51 kB[22m[1m[22m[2m Ôöé gzip:   1.55 kB[22m
[2m../dist/public/[22m[36massets/OrgApprovalDetail-rV4tUe64.js            [39m[1m[2m  7.53 kB[22m[1m[22m[2m Ôöé gzip:   1.66 kB[22m
[2m../dist/public/[22m[36massets/AssetDetails-BF4_uFG6.js                 [39m[1m[2m  7.56 kB[22m[1m[22m[2m Ôöé gzip:   1.58 kB[22m
[2m../dist/public/[22m[36massets/ServiceTemplates-BFDbDlH6.js             [39m[1m[2m  7.57 kB[22m[1m[22m[2m Ôöé gzip:   2.37 kB[22m
[2m../dist/public/[22m[36massets/OrgProposalDetail-DGZZS99q.js            [39m[1m[2m  7.58 kB[22m[1m[22m[2m Ôöé gzip:   1.72 kB[22m
[2m../dist/public/[22m[36massets/EditAttendance-MbiAl-fE.js               [39m[1m[2m  7.61 kB[22m[1m[22m[2m Ôöé gzip:   1.90 kB[22m
[2m../dist/public/[22m[36massets/OrgEditTicket-BBg89W-r.js                [39m[1m[2m  7.62 kB[22m[1m[22m[2m Ôöé gzip:   1.87 kB[22m
[2m../dist/public/[22m[36massets/EditWarranty-CFbFMj3j.js                 [39m[1m[2m  7.63 kB[22m[1m[22m[2m Ôöé gzip:   1.93 kB[22m
[2m../dist/public/[22m[36massets/OrgEditProcurement-BmQBQTNB.js           [39m[1m[2m  7.65 kB[22m[1m[22m[2m Ôöé gzip:   1.80 kB[22m
[2m../dist/public/[22m[36massets/locations-CtzeVEdQ.js                    [39m[1m[2m  7.69 kB[22m[1m[22m[2m Ôöé gzip:   2.76 kB[22m
[2m../dist/public/[22m[36massets/OrgDebitNotes-BjR17tXT.js                [39m[1m[2m  7.73 kB[22m[1m[22m[2m Ôöé gzip:   2.53 kB[22m
[2m../dist/public/[22m[36massets/WarrantyManagement-CTk31RsB.js           [39m[1m[2m  7.79 kB[22m[1m[22m[2m Ôöé gzip:   2.05 kB[22m
[2m../dist/public/[22m[36massets/OrgAttendanceDetail-DwuFBRbq.js          [39m[1m[2m  7.82 kB[22m[1m[22m[2m Ôöé gzip:   1.70 kB[22m
[2m../dist/public/[22m[36massets/CreateInvoice-Btms8yZN.js                [39m[1m[2m  7.87 kB[22m[1m[22m[2m Ôöé gzip:   2.56 kB[22m
[2m../dist/public/[22m[36massets/OrgServiceTemplates-CyT8SskB.js          [39m[1m[2m  7.89 kB[22m[1m[22m[2m Ôöé gzip:   2.38 kB[22m
[2m../dist/public/[22m[36massets/ContractDetails-wK2dRpt3.js              [39m[1m[2m  7.93 kB[22m[1m[22m[2m Ôöé gzip:   1.65 kB[22m
[2m../dist/public/[22m[36massets/OrgEditAttendance-TnY8G1Vj.js            [39m[1m[2m  7.99 kB[22m[1m[22m[2m Ôöé gzip:   1.91 kB[22m
[2m../dist/public/[22m[36massets/QuotationDetails--RAZqW2a.js             [39m[1m[2m  8.01 kB[22m[1m[22m[2m Ôöé gzip:   2.06 kB[22m
[2m../dist/public/[22m[36massets/OrgProcurementDetail-BZuF3l7o.js         [39m[1m[2m  8.02 kB[22m[1m[22m[2m Ôöé gzip:   1.73 kB[22m
[2m../dist/public/[22m[36massets/OrgEditQuotation-D0e_BSeR.js             [39m[1m[2m  8.12 kB[22m[1m[22m[2m Ôöé gzip:   2.06 kB[22m
[2m../dist/public/[22m[36massets/OrgCreateInvoice-CZOoXf_N.js             [39m[1m[2m  8.12 kB[22m[1m[22m[2m Ôöé gzip:   2.56 kB[22m
[2m../dist/public/[22m[36massets/PaymentDetails-t7QQ7UEd.js               [39m[1m[2m  8.13 kB[22m[1m[22m[2m Ôöé gzip:   2.16 kB[22m
[2m../dist/public/[22m[36massets/DebitNotes-DudJxqzN.js                   [39m[1m[2m  8.13 kB[22m[1m[22m[2m Ôöé gzip:   2.62 kB[22m
[2m../dist/public/[22m[36massets/GRNDetails-CUvM-3su.js                   [39m[1m[2m  8.18 kB[22m[1m[22m[2m Ôöé gzip:   2.06 kB[22m
[2m../dist/public/[22m[36massets/OrgSubscriptions-CX9Q-d-5.js             [39m[1m[2m  8.18 kB[22m[1m[22m[2m Ôöé gzip:   2.04 kB[22m
[2m../dist/public/[22m[36massets/OrgAccounting-SeUGqQ4g.js                [39m[1m[2m  8.21 kB[22m[1m[22m[2m Ôöé gzip:   2.32 kB[22m
[2m../dist/public/[22m[36massets/EditLPO-CAaUgCi6.js                      [39m[1m[2m  8.22 kB[22m[1m[22m[2m Ôöé gzip:   2.19 kB[22m
[2m../dist/public/[22m[36massets/SalaryStructureDetails-DU1hfYoa.js       [39m[1m[2m  8.23 kB[22m[1m[22m[2m Ôöé gzip:   1.83 kB[22m
[2m../dist/public/[22m[36massets/OrgDebitNoteDetail-C04g3xre.js           [39m[1m[2m  8.25 kB[22m[1m[22m[2m Ôöé gzip:   1.76 kB[22m
[2m../dist/public/[22m[36massets/CreateWorkOrder-BF6I_Cgi.js              [39m[1m[2m  8.36 kB[22m[1m[22m[2m Ôöé gzip:   2.00 kB[22m
[2m../dist/public/[22m[36massets/OrgOrderDetail-DQjLbvHE.js               [39m[1m[2m  8.37 kB[22m[1m[22m[2m Ôöé gzip:   1.91 kB[22m
[2m../dist/public/[22m[36massets/TimesheetDetails-Di3a5oqH.js             [39m[1m[2m  8.42 kB[22m[1m[22m[2m Ôöé gzip:   1.72 kB[22m
[2m../dist/public/[22m[36massets/CreateDebitNote-DGFR58Br.js              [39m[1m[2m  8.45 kB[22m[1m[22m[2m Ôöé gzip:   2.17 kB[22m
[2m../dist/public/[22m[36massets/PayslipDetails-CBF2NaQF.js               [39m[1m[2m  8.47 kB[22m[1m[22m[2m Ôöé gzip:   2.27 kB[22m
[2m../dist/public/[22m[36massets/AdvancedAnalytics-CmYHOirM.js            [39m[1m[2m  8.47 kB[22m[1m[22m[2m Ôöé gzip:   1.68 kB[22m
[2m../dist/public/[22m[36massets/InvoiceSearchFilter-DIZgAnml.js          [39m[1m[2m  8.49 kB[22m[1m[22m[2m Ôöé gzip:   1.58 kB[22m
[2m../dist/public/[22m[36massets/TestPDFGeneration-IncY6ywV.js            [39m[1m[2m  8.49 kB[22m[1m[22m[2m Ôöé gzip:   2.13 kB[22m
[2m../dist/public/[22m[36massets/CustomerReports-DhR0s1UD.js              [39m[1m[2m  8.49 kB[22m[1m[22m[2m Ôöé gzip:   2.28 kB[22m
[2m../dist/public/[22m[36massets/BankReconciliation-Bnq8XKXA.js           [39m[1m[2m  8.50 kB[22m[1m[22m[2m Ôöé gzip:   2.25 kB[22m
[2m../dist/public/[22m[36massets/ImprestDetails-DU9JfkJP.js               [39m[1m[2m  8.50 kB[22m[1m[22m[2m Ôöé gzip:   1.86 kB[22m
[2m../dist/public/[22m[36massets/OrgServices-f3x_HJkP.js                  [39m[1m[2m  8.53 kB[22m[1m[22m[2m Ôöé gzip:   2.14 kB[22m
[2m../dist/public/[22m[36massets/Departments-DRQJSzyE.js                  [39m[1m[2m  8.56 kB[22m[1m[22m[2m Ôöé gzip:   2.30 kB[22m
[2m../dist/public/[22m[36massets/MFA-BXeG-1gO.js                          [39m[1m[2m  8.63 kB[22m[1m[22m[2m Ôöé gzip:   2.01 kB[22m
[2m../dist/public/[22m[36massets/OrgSalaryStructureDetails-BOD3dgMb.js    [39m[1m[2m  8.67 kB[22m[1m[22m[2m Ôöé gzip:   1.85 kB[22m
[2m../dist/public/[22m[36massets/OrgCreateQuotation-CwakQc9h.js           [39m[1m[2m  8.70 kB[22m[1m[22m[2m Ôöé gzip:   2.03 kB[22m
[2m../dist/public/[22m[36massets/OrgEditLPO-C4XNvj9P.js                   [39m[1m[2m  8.73 kB[22m[1m[22m[2m Ôöé gzip:   2.20 kB[22m
[2m../dist/public/[22m[36massets/ServiceInvoices-Dp4Qgb2J.js              [39m[1m[2m  8.79 kB[22m[1m[22m[2m Ôöé gzip:   2.80 kB[22m
[2m../dist/public/[22m[36massets/SystemHealthDashboard-Bvjxi9lP.js        [39m[1m[2m  8.79 kB[22m[1m[22m[2m Ôöé gzip:   2.00 kB[22m
[2m../dist/public/[22m[36massets/ChurnPrediction-CF7JHDlR.js              [39m[1m[2m  8.79 kB[22m[1m[22m[2m Ôöé gzip:   1.87 kB[22m
[2m../dist/public/[22m[36massets/DeliveryNoteDetails-CkfhtJrg.js          [39m[1m[2m  8.81 kB[22m[1m[22m[2m Ôöé gzip:   2.04 kB[22m
[2m../dist/public/[22m[36massets/Login-BEZ3eEsR.js                        [39m[1m[2m  8.82 kB[22m[1m[22m[2m Ôöé gzip:   2.48 kB[22m
[2m../dist/public/[22m[36massets/OrgCreateWorkOrder-DELdYPNe.js           [39m[1m[2m  8.83 kB[22m[1m[22m[2m Ôöé gzip:   2.01 kB[22m
[2m../dist/public/[22m[36massets/ProcurementMaster-BfdZZqZ1.js            [39m[1m[2m  8.84 kB[22m[1m[22m[2m Ôöé gzip:   1.99 kB[22m
[2m../dist/public/[22m[36massets/ForgotPassword-BHj3EeVP.js               [39m[1m[2m  8.84 kB[22m[1m[22m[2m Ôöé gzip:   2.07 kB[22m
[2m../dist/public/[22m[36massets/OrgStaff-BruDY8K4.js                     [39m[1m[2m  8.91 kB[22m[1m[22m[2m Ôöé gzip:   2.57 kB[22m
[2m../dist/public/[22m[36massets/OrgBankReconciliation-GKQD9aWq.js        [39m[1m[2m  8.95 kB[22m[1m[22m[2m Ôöé gzip:   2.26 kB[22m
[2m../dist/public/[22m[36massets/OrgCreateDebitNote-DWrA9h2K.js           [39m[1m[2m  8.95 kB[22m[1m[22m[2m Ôöé gzip:   2.18 kB[22m
[2m../dist/public/[22m[36massets/Documentation-Biw6bFXP.js                [39m[1m[2m  8.97 kB[22m[1m[22m[2m Ôöé gzip:   2.76 kB[22m
[2m../dist/public/[22m[36massets/HTMLEditor-gv3Qt3de.js                   [39m[1m[2m  8.99 kB[22m[1m[22m[2m Ôöé gzip:   2.70 kB[22m
[2m../dist/public/[22m[36massets/BankReconciliationDetails-CBW9hpvs.js    [39m[1m[2m  9.03 kB[22m[1m[22m[2m Ôöé gzip:   1.82 kB[22m
[2m../dist/public/[22m[36massets/ProjectsManagement-CA11z2Wa.js           [39m[1m[2m  9.06 kB[22m[1m[22m[2m Ôöé gzip:   2.37 kB[22m
[2m../dist/public/[22m[36massets/FinanceSettings-DWmHMg6U.js              [39m[1m[2m  9.06 kB[22m[1m[22m[2m Ôöé gzip:   2.06 kB[22m
[2m../dist/public/[22m[36massets/CreateDeduction-0baDNHzK.js              [39m[1m[2m  9.08 kB[22m[1m[22m[2m Ôöé gzip:   2.32 kB[22m
[2m../dist/public/[22m[36massets/OrgSupplierDetail-CeyTZQmq.js            [39m[1m[2m  9.08 kB[22m[1m[22m[2m Ôöé gzip:   1.88 kB[22m
[2m../dist/public/[22m[36massets/OrgServiceInvoices-CEwtSEYr.js           [39m[1m[2m  9.12 kB[22m[1m[22m[2m Ôöé gzip:   2.81 kB[22m
[2m../dist/public/[22m[36massets/EditWorkOrder-CIuA6yFq.js                [39m[1m[2m  9.16 kB[22m[1m[22m[2m Ôöé gzip:   2.16 kB[22m
[2m../dist/public/[22m[36massets/SessionManager-v2JVXld7.js               [39m[1m[2m  9.17 kB[22m[1m[22m[2m Ôöé gzip:   2.22 kB[22m
[2m../dist/public/[22m[36massets/DebitNoteDetails-odev0HXC.js             [39m[1m[2m  9.25 kB[22m[1m[22m[2m Ôöé gzip:   2.28 kB[22m
[2m../dist/public/[22m[36massets/OrderDetails-C2bL-_P8.js                 [39m[1m[2m  9.29 kB[22m[1m[22m[2m Ôöé gzip:   1.96 kB[22m
[2m../dist/public/[22m[36massets/OrgWarranty-CHLgldzm.js                  [39m[1m[2m  9.30 kB[22m[1m[22m[2m Ôöé gzip:   2.40 kB[22m
[2m../dist/public/[22m[36massets/EditLeave-BXW0GC2t.js                    [39m[1m[2m  9.31 kB[22m[1m[22m[2m Ôöé gzip:   2.21 kB[22m
[2m../dist/public/[22m[36massets/CreateSalaryStructure-DwpcDNxu.js        [39m[1m[2m  9.34 kB[22m[1m[22m[2m Ôöé gzip:   2.18 kB[22m
[2m../dist/public/[22m[36massets/EditBankReconciliation-Bg5_hL6P.js       [39m[1m[2m  9.36 kB[22m[1m[22m[2m Ôöé gzip:   2.03 kB[22m
[2m../dist/public/[22m[36massets/ContactDetails-BBgZUtAr.js               [39m[1m[2m  9.37 kB[22m[1m[22m[2m Ôöé gzip:   1.76 kB[22m
[2m../dist/public/[22m[36massets/OrgCreateProposal-Bt9uLRMo.js            [39m[1m[2m  9.39 kB[22m[1m[22m[2m Ôöé gzip:   2.21 kB[22m
[2m../dist/public/[22m[36massets/Profile-BUeG4ot3.js                      [39m[1m[2m  9.42 kB[22m[1m[22m[2m Ôöé gzip:   2.54 kB[22m
[2m../dist/public/[22m[36massets/OrgCreateLeave-enzu_4sl.js               [39m[1m[2m  9.44 kB[22m[1m[22m[2m Ôöé gzip:   2.24 kB[22m
[2m../dist/public/[22m[36massets/Attendance-CnghML8-.js                   [39m[1m[2m  9.48 kB[22m[1m[22m[2m Ôöé gzip:   2.30 kB[22m
[2m../dist/public/[22m[36massets/OrgCreditNoteDetail-BTTYiVKa.js          [39m[1m[2m  9.50 kB[22m[1m[22m[2m Ôöé gzip:   1.89 kB[22m
[2m../dist/public/[22m[36massets/Holidays-CPkOCJgK.js                     [39m[1m[2m  9.52 kB[22m[1m[22m[2m Ôöé gzip:   2.46 kB[22m
[2m../dist/public/[22m[36massets/EditChartOfAccounts-DKvvtftb.js          [39m[1m[2m  9.54 kB[22m[1m[22m[2m Ôöé gzip:   2.37 kB[22m
[2m../dist/public/[22m[36massets/Budgets-C_a5MV00.js                      [39m[1m[2m  9.66 kB[22m[1m[22m[2m Ôöé gzip:   2.58 kB[22m
[2m../dist/public/[22m[36massets/OrgEditWorkOrder-DqJQhIkE.js             [39m[1m[2m  9.67 kB[22m[1m[22m[2m Ôöé gzip:   2.17 kB[22m
[2m../dist/public/[22m[36massets/ServiceTemplateDetails-2WINljFL.js       [39m[1m[2m  9.69 kB[22m[1m[22m[2m Ôöé gzip:   2.11 kB[22m
[2m../dist/public/[22m[36massets/OrgCreateSalaryStructure-DhSvJ_Vc.js     [39m[1m[2m  9.72 kB[22m[1m[22m[2m Ôöé gzip:   2.16 kB[22m
[2m../dist/public/[22m[36massets/OpportunityDetails-DFGkRkRb.js           [39m[1m[2m  9.74 kB[22m[1m[22m[2m Ôöé gzip:   2.16 kB[22m
[2m../dist/public/[22m[36massets/ProductForm-CoOAmqy7.js                  [39m[1m[2m  9.77 kB[22m[1m[22m[2m Ôöé gzip:   1.96 kB[22m
[2m../dist/public/[22m[36massets/LeaveManagementDetails-CgsAWQKk.js       [39m[1m[2m  9.80 kB[22m[1m[22m[2m Ôöé gzip:   2.10 kB[22m
[2m../dist/public/[22m[36massets/Calendar-DEjai-eU.js                     [39m[1m[2m  9.80 kB[22m[1m[22m[2m Ôöé gzip:   2.67 kB[22m
[2m../dist/public/[22m[36massets/OrgEditLeave-BTsk5QxN.js                 [39m[1m[2m  9.82 kB[22m[1m[22m[2m Ôöé gzip:   2.22 kB[22m
[2m../dist/public/[22m[36massets/AuditLogs-DN2hocB0.js                    [39m[1m[2m  9.82 kB[22m[1m[22m[2m Ôöé gzip:   2.84 kB[22m
[2m../dist/public/[22m[36massets/OrgLeave-DaoWLdys.js                     [39m[1m[2m  9.87 kB[22m[1m[22m[2m Ôöé gzip:   2.66 kB[22m
[2m../dist/public/[22m[36massets/EnterpriseSettings-BUyVutEf.js           [39m[1m[2m  9.98 kB[22m[1m[22m[2m Ôöé gzip:   2.40 kB[22m
[2m../dist/public/[22m[36massets/CreateContact-C7YmRk-k.js                [39m[1m[2m 10.01 kB[22m[1m[22m[2m Ôöé gzip:   2.23 kB[22m
[2m../dist/public/[22m[36massets/HR-DDjvxZ4T.js                           [39m[1m[2m 10.03 kB[22m[1m[22m[2m Ôöé gzip:   2.76 kB[22m
[2m../dist/public/[22m[36massets/OrgAttendance-BLAFtPkf.js                [39m[1m[2m 10.07 kB[22m[1m[22m[2m Ôöé gzip:   2.32 kB[22m
[2m../dist/public/[22m[36massets/TaxComplianceReports-B4KWVa_k.js         [39m[1m[2m 10.08 kB[22m[1m[22m[2m Ôöé gzip:   1.87 kB[22m
[2m../dist/public/[22m[36massets/ProjectReports-BjIVvqx1.js               [39m[1m[2m 10.12 kB[22m[1m[22m[2m Ôöé gzip:   2.60 kB[22m
[2m../dist/public/[22m[36massets/OrgCreateProcurement-BuHzCl4U.js         [39m[1m[2m 10.12 kB[22m[1m[22m[2m Ôöé gzip:   2.20 kB[22m
[2m../dist/public/[22m[36massets/ClientPerformance-_E4sElfC.js            [39m[1m[2m 10.13 kB[22m[1m[22m[2m Ôöé gzip:   2.40 kB[22m
[2m../dist/public/[22m[36massets/AttendanceDetails-xSlgDvBx.js            [39m[1m[2m 10.15 kB[22m[1m[22m[2m Ôöé gzip:   2.27 kB[22m
[2m../dist/public/[22m[36massets/EditDebitNote-fVdupPVn.js                [39m[1m[2m 10.18 kB[22m[1m[22m[2m Ôöé gzip:   2.52 kB[22m
[2m../dist/public/[22m[36massets/OrgBudgets-dmRQP4fl.js                   [39m[1m[2m 10.21 kB[22m[1m[22m[2m Ôöé gzip:   2.59 kB[22m
[2m../dist/public/[22m[36massets/OrgDepartments-GQ2nIsV2.js               [39m[1m[2m 10.21 kB[22m[1m[22m[2m Ôöé gzip:   2.56 kB[22m
[2m../dist/public/[22m[36massets/OrgHR-DyLUBvhP.js                        [39m[1m[2m 10.26 kB[22m[1m[22m[2m Ôöé gzip:   2.66 kB[22m
[2m../dist/public/[22m[36massets/OrgCalendar-CYSWvJrx.js                  [39m[1m[2m 10.28 kB[22m[1m[22m[2m Ôöé gzip:   2.68 kB[22m
[2m../dist/public/[22m[36massets/LeaveBalances-BKGWGq6t.js                [39m[1m[2m 10.29 kB[22m[1m[22m[2m Ôöé gzip:   2.38 kB[22m
[2m../dist/public/[22m[36massets/LPODetails-CY9i5LbQ.js                   [39m[1m[2m 10.37 kB[22m[1m[22m[2m Ôöé gzip:   2.39 kB[22m
[2m../dist/public/[22m[36massets/Reminders-BFZ3bz7O.js                    [39m[1m[2m 10.39 kB[22m[1m[22m[2m Ôöé gzip:   2.33 kB[22m
[2m../dist/public/[22m[36massets/EditOpportunity-BTKX9xPx.js              [39m[1m[2m 10.41 kB[22m[1m[22m[2m Ôöé gzip:   2.40 kB[22m
[2m../dist/public/[22m[36massets/EditOrder-a0aHRzpp.js                    [39m[1m[2m 10.45 kB[22m[1m[22m[2m Ôöé gzip:   2.70 kB[22m
[2m../dist/public/[22m[36massets/Security-CJTIH747.js                     [39m[1m[2m 10.45 kB[22m[1m[22m[2m Ôöé gzip:   2.10 kB[22m
[2m../dist/public/[22m[36massets/CreditNoteDetails-Dq0NtoE3.js            [39m[1m[2m 10.47 kB[22m[1m[22m[2m Ôöé gzip:   2.40 kB[22m
[2m../dist/public/[22m[36massets/OrgContracts-DfjmGexk.js                 [39m[1m[2m 10.48 kB[22m[1m[22m[2m Ôöé gzip:   2.80 kB[22m
[2m../dist/public/[22m[36massets/Dashboard-Dde1-tHT.js                    [39m[1m[2m 10.53 kB[22m[1m[22m[2m Ôöé gzip:   1.87 kB[22m
[2m../dist/public/[22m[36massets/CreateOrder-wbbjDy0r.js                  [39m[1m[2m 10.54 kB[22m[1m[22m[2m Ôöé gzip:   2.56 kB[22m
[2m../dist/public/[22m[36massets/Signup-CnCO0v4R.js                       [39m[1m[2m 10.56 kB[22m[1m[22m[2m Ôöé gzip:   2.61 kB[22m
[2m../dist/public/[22m[36massets/CreateService-QOKOdQit.js                [39m[1m[2m 10.57 kB[22m[1m[22m[2m Ôöé gzip:   2.46 kB[22m
[2m../dist/public/[22m[36massets/CreateServiceInvoice-ofXKIYNs.js         [39m[1m[2m 10.59 kB[22m[1m[22m[2m Ôöé gzip:   2.57 kB[22m
[2m../dist/public/[22m[36massets/OrgEditDebitNote-Cev0F2vx.js             [39m[1m[2m 10.79 kB[22m[1m[22m[2m Ôöé gzip:   2.53 kB[22m
[2m../dist/public/[22m[36massets/CreateBenefit--0z0L0Xt.js                [39m[1m[2m 10.80 kB[22m[1m[22m[2m Ôöé gzip:   2.61 kB[22m
[2m../dist/public/[22m[36massets/Accounting-CPKDONCe.js                   [39m[1m[2m 10.85 kB[22m[1m[22m[2m Ôöé gzip:   2.83 kB[22m
[2m../dist/public/[22m[36massets/Products-BIKuaSiM.js                     [39m[1m[2m 10.87 kB[22m[1m[22m[2m Ôöé gzip:   2.92 kB[22m
[2m../dist/public/[22m[36massets/EditContact-C6D9UGNE.js                  [39m[1m[2m 10.91 kB[22m[1m[22m[2m Ôöé gzip:   2.48 kB[22m
[2m../dist/public/[22m[36massets/OrgTaxCompliance-BroK4LtN.js             [39m[1m[2m 10.98 kB[22m[1m[22m[2m Ôöé gzip:   2.00 kB[22m
[2m../dist/public/[22m[36massets/UserGuide-BCPDfJfH.js                    [39m[1m[2m 11.00 kB[22m[1m[22m[2m Ôöé gzip:   3.31 kB[22m
[2m../dist/public/[22m[36massets/WorkOrders-MfHDhv-w.js                   [39m[1m[2m 11.00 kB[22m[1m[22m[2m Ôöé gzip:   2.93 kB[22m
[2m../dist/public/[22m[36massets/OrgEditContract-Dq7NO8bC.js              [39m[1m[2m 11.01 kB[22m[1m[22m[2m Ôöé gzip:   2.45 kB[22m
[2m../dist/public/[22m[36massets/OrgEditOrder-DgF2PuQs.js                 [39m[1m[2m 11.05 kB[22m[1m[22m[2m Ôöé gzip:   2.71 kB[22m
[2m../dist/public/[22m[36massets/OrgCreateServiceInvoice-CdmMADoS.js      [39m[1m[2m 11.12 kB[22m[1m[22m[2m Ôöé gzip:   2.58 kB[22m
[2m../dist/public/[22m[36massets/TaxInformation-Dno3Yfx0.js               [39m[1m[2m 11.13 kB[22m[1m[22m[2m Ôöé gzip:   2.56 kB[22m
[2m../dist/public/[22m[36massets/OrgCreateService-CvXklCWB.js             [39m[1m[2m 11.14 kB[22m[1m[22m[2m Ôöé gzip:   2.48 kB[22m
[2m../dist/public/[22m[36massets/Benefits-DiYHW9Xa.js                     [39m[1m[2m 11.15 kB[22m[1m[22m[2m Ôöé gzip:   2.52 kB[22m
[2m../dist/public/[22m[36massets/Notifications-IKvWLKYm.js                [39m[1m[2m 11.18 kB[22m[1m[22m[2m Ôöé gzip:   2.35 kB[22m
[2m../dist/public/[22m[36massets/SalaryStructures-CEZT0qcR.js             [39m[1m[2m 11.18 kB[22m[1m[22m[2m Ôöé gzip:   2.57 kB[22m
[2m../dist/public/[22m[36massets/ResetPassword-C_wljCeC.js                [39m[1m[2m 11.20 kB[22m[1m[22m[2m Ôöé gzip:   2.39 kB[22m
[2m../dist/public/[22m[36massets/EditProposal-B_KmLF4R.js                 [39m[1m[2m 11.33 kB[22m[1m[22m[2m Ôöé gzip:   2.49 kB[22m
[2m../dist/public/[22m[36massets/HRReports-Bk3cw3IZ.js                    [39m[1m[2m 11.34 kB[22m[1m[22m[2m Ôöé gzip:   2.79 kB[22m
[2m../dist/public/[22m[36massets/ProjectManagerDashboard-C356Y5TO.js      [39m[1m[2m 11.39 kB[22m[1m[22m[2m Ôöé gzip:   2.43 kB[22m
[2m../dist/public/[22m[36massets/OrgProducts-BhAJwlak.js                  [39m[1m[2m 11.39 kB[22m[1m[22m[2m Ôöé gzip:   2.93 kB[22m
[2m../dist/public/[22m[36massets/EditServiceInvoice-CcoA_0c6.js           [39m[1m[2m 11.39 kB[22m[1m[22m[2m Ôöé gzip:   2.73 kB[22m
[2m../dist/public/[22m[36massets/UserDetails-DKzKVFRP.js                  [39m[1m[2m 11.45 kB[22m[1m[22m[2m Ôöé gzip:   2.09 kB[22m
[2m../dist/public/[22m[36massets/Contact-CSQxEze5.js                      [39m[1m[2m 11.47 kB[22m[1m[22m[2m Ôöé gzip:   2.98 kB[22m
[2m../dist/public/[22m[36massets/OrgLeaveDetail-bUVYMTl2.js               [39m[1m[2m 11.49 kB[22m[1m[22m[2m Ôöé gzip:   2.24 kB[22m
[2m../dist/public/[22m[36massets/EditService-Bvq2iMel.js                  [39m[1m[2m 11.56 kB[22m[1m[22m[2m Ôöé gzip:   2.90 kB[22m
[2m../dist/public/[22m[36massets/OrgEditContact-BqhW_LL2.js               [39m[1m[2m 11.56 kB[22m[1m[22m[2m Ôöé gzip:   2.49 kB[22m
[2m../dist/public/[22m[36massets/OrgWorkOrders-7oZlx9Cz.js                [39m[1m[2m 11.59 kB[22m[1m[22m[2m Ôöé gzip:   2.94 kB[22m
[2m../dist/public/[22m[36massets/OrgCreateContract-BPymNngy.js            [39m[1m[2m 11.66 kB[22m[1m[22m[2m Ôöé gzip:   2.46 kB[22m
[2m../dist/public/[22m[36massets/OrgSalaryStructures-BK2LxWDj.js          [39m[1m[2m 11.74 kB[22m[1m[22m[2m Ôöé gzip:   2.58 kB[22m
[2m../dist/public/[22m[36massets/SystemLogsViewer-KAql-pfS.js             [39m[1m[2m 11.76 kB[22m[1m[22m[2m Ôöé gzip:   2.56 kB[22m
[2m../dist/public/[22m[36massets/OrgCreateOrder-jalW0qU5.js               [39m[1m[2m 11.77 kB[22m[1m[22m[2m Ôöé gzip:   2.68 kB[22m
[2m../dist/public/[22m[36massets/DatabaseManagement-DXMBSkhX.js           [39m[1m[2m 11.79 kB[22m[1m[22m[2m Ôöé gzip:   2.14 kB[22m
[2m../dist/public/[22m[36massets/OrgCRM-A3eTzXMc.js                       [39m[1m[2m 11.84 kB[22m[1m[22m[2m Ôöé gzip:   2.82 kB[22m
[2m../dist/public/[22m[36massets/OrgEditServiceInvoice-p8kp80i-.js        [39m[1m[2m 11.95 kB[22m[1m[22m[2m Ôöé gzip:   2.74 kB[22m
[2m../dist/public/[22m[36massets/OrgEditProposal-D77y-8NR.js              [39m[1m[2m 11.98 kB[22m[1m[22m[2m Ôöé gzip:   2.50 kB[22m
[2m../dist/public/[22m[36massets/OrgProjects-DAfp7tFL.js                  [39m[1m[2m 12.01 kB[22m[1m[22m[2m Ôöé gzip:   3.01 kB[22m
[2m../dist/public/[22m[36massets/OrgEditService-C7xqM3-g.js               [39m[1m[2m 12.12 kB[22m[1m[22m[2m Ôöé gzip:   2.91 kB[22m
[2m../dist/public/[22m[36massets/TermsAndConditions-Dowm69Ih.js           [39m[1m[2m 12.15 kB[22m[1m[22m[2m Ôöé gzip:   3.01 kB[22m
[2m../dist/public/[22m[36massets/OrgContractDetail-DJaLcaqv.js            [39m[1m[2m 12.15 kB[22m[1m[22m[2m Ôöé gzip:   2.22 kB[22m
[2m../dist/public/[22m[36massets/SystemHealth-aw2qBJDq.js                 [39m[1m[2m 12.17 kB[22m[1m[22m[2m Ôöé gzip:   2.15 kB[22m
[2m../dist/public/[22m[36massets/OrgServiceInvoiceDetails-CnpidI6a.js     [39m[1m[2m 12.23 kB[22m[1m[22m[2m Ôöé gzip:   2.44 kB[22m
[2m../dist/public/[22m[36massets/ExpenseBudgetReport-BkuVIlVf.js          [39m[1m[2m 12.24 kB[22m[1m[22m[2m Ôöé gzip:   2.18 kB[22m
[2m../dist/public/[22m[36massets/Notes-BS21T2ei.js                        [39m[1m[2m 12.33 kB[22m[1m[22m[2m Ôöé gzip:   3.09 kB[22m
[2m../dist/public/[22m[36massets/AccountingManagement-DlmTrxo8.js         [39m[1m[2m 12.35 kB[22m[1m[22m[2m Ôöé gzip:   2.61 kB[22m
[2m../dist/public/[22m[36massets/IntegrationGuides-CFfht2wm.js            [39m[1m[2m 12.44 kB[22m[1m[22m[2m Ôöé gzip:   3.48 kB[22m
[2m../dist/public/[22m[36massets/Payments-eyyC8NK-.js                     [39m[1m[2m 12.45 kB[22m[1m[22m[2m Ôöé gzip:   3.62 kB[22m
[2m../dist/public/[22m[36massets/ProposalTemplates-DctKT8aM.js            [39m[1m[2m 12.57 kB[22m[1m[22m[2m Ôöé gzip:   2.85 kB[22m
[2m../dist/public/[22m[36massets/About-C6AlPh8l.js                        [39m[1m[2m 12.62 kB[22m[1m[22m[2m Ôöé gzip:   3.81 kB[22m
[2m../dist/public/[22m[36massets/Warehouses-CVARfEwN.js                   [39m[1m[2m 12.68 kB[22m[1m[22m[2m Ôöé gzip:   2.71 kB[22m
[2m../dist/public/[22m[36massets/AllowancesDeductions-B4oTtYaK.js         [39m[1m[2m 12.78 kB[22m[1m[22m[2m Ôöé gzip:   2.74 kB[22m
[2m../dist/public/[22m[36massets/EditProject-B2QjmI0q.js                  [39m[1m[2m 12.82 kB[22m[1m[22m[2m Ôöé gzip:   2.87 kB[22m
[2m../dist/public/[22m[36massets/ChartOfAccountsHierarchy--ostbI7t.js     [39m[1m[2m 12.86 kB[22m[1m[22m[2m Ôöé gzip:   2.39 kB[22m
[2m../dist/public/[22m[36massets/EditCreditNote-CMJTr9YF.js               [39m[1m[2m 12.87 kB[22m[1m[22m[2m Ôöé gzip:   2.99 kB[22m
[2m../dist/public/[22m[36massets/ContractTemplates-DVlhz6w9.js            [39m[1m[2m 12.88 kB[22m[1m[22m[2m Ôöé gzip:   2.94 kB[22m
[2m../dist/public/[22m[36massets/PayrollDetails-bzYNhXVL.js               [39m[1m[2m 12.91 kB[22m[1m[22m[2m Ôöé gzip:   2.48 kB[22m
[2m../dist/public/[22m[36massets/OrgPayments-DGgYXToF.js                  [39m[1m[2m 12.99 kB[22m[1m[22m[2m Ôöé gzip:   3.64 kB[22m
[2m../dist/public/[22m[36massets/ExpenseBudgetReport-CCWeEwqR.js          [39m[1m[2m 13.00 kB[22m[1m[22m[2m Ôöé gzip:   3.06 kB[22m
[2m../dist/public/[22m[36massets/Estimates-CUDL8Ag-.js                    [39m[1m[2m 13.04 kB[22m[1m[22m[2m Ôöé gzip:   3.93 kB[22m
[2m../dist/public/[22m[36massets/TaskDetails-CsVbh32I.js                  [39m[1m[2m 13.13 kB[22m[1m[22m[2m Ôöé gzip:   2.68 kB[22m
[2m../dist/public/[22m[36massets/OrgEditProject-B3Ltw3kh.js               [39m[1m[2m 13.17 kB[22m[1m[22m[2m Ôöé gzip:   2.78 kB[22m
[2m../dist/public/[22m[36massets/FinancialDashboard-BTwU6Ygv.js           [39m[1m[2m 13.19 kB[22m[1m[22m[2m Ôöé gzip:   2.95 kB[22m
[2m../dist/public/[22m[36massets/OrgInvoiceDetail-CGnmlvvl.js             [39m[1m[2m 13.20 kB[22m[1m[22m[2m Ôöé gzip:   2.44 kB[22m
[2m../dist/public/[22m[36massets/Quotes-Do6D5owW.js                       [39m[1m[2m 13.36 kB[22m[1m[22m[2m Ôöé gzip:   3.75 kB[22m
[2m../dist/public/[22m[36massets/ActivityTrail-CRfZ79XJ.js                [39m[1m[2m 13.39 kB[22m[1m[22m[2m Ôöé gzip:   3.04 kB[22m
[2m../dist/public/[22m[36massets/Opportunities-WWdwWULn.js                [39m[1m[2m 13.46 kB[22m[1m[22m[2m Ôöé gzip:   3.60 kB[22m
[2m../dist/public/[22m[36massets/OrgContractTemplates-FVGGI5p4.js         [39m[1m[2m 13.53 kB[22m[1m[22m[2m Ôöé gzip:   2.96 kB[22m
[2m../dist/public/[22m[36massets/OrgEditCreditNote-DPxVOluA.js            [39m[1m[2m 13.57 kB[22m[1m[22m[2m Ôöé gzip:   3.00 kB[22m
[2m../dist/public/[22m[36massets/OrgPayrollDetails-CDh0w7Sa.js            [39m[1m[2m 13.63 kB[22m[1m[22m[2m Ôöé gzip:   2.50 kB[22m
[2m../dist/public/[22m[36massets/LeaveManagement-C2pF-f-E.js              [39m[1m[2m 13.68 kB[22m[1m[22m[2m Ôöé gzip:   2.97 kB[22m
[2m../dist/public/[22m[36massets/DisciplinaryRecords-G_M_6X0-.js          [39m[1m[2m 13.83 kB[22m[1m[22m[2m Ôöé gzip:   2.85 kB[22m
[2m../dist/public/[22m[36massets/OrgPricing-BMGe4kVS.js                   [39m[1m[2m 13.83 kB[22m[1m[22m[2m Ôöé gzip:   3.78 kB[22m
[2m../dist/public/[22m[36massets/Expenses-BATrAfMP.js                     [39m[1m[2m 13.94 kB[22m[1m[22m[2m Ôöé gzip:   3.85 kB[22m
[2m../dist/public/[22m[36massets/OrgCreateProject-B3Qt3eWa.js             [39m[1m[2m 13.94 kB[22m[1m[22m[2m Ôöé gzip:   2.88 kB[22m
[2m../dist/public/[22m[36massets/PerformanceReviews-DmVBtYSC.js           [39m[1m[2m 14.03 kB[22m[1m[22m[2m Ôöé gzip:   3.06 kB[22m
[2m../dist/public/[22m[36massets/EstimateDetails-B2Eb8FIB.js              [39m[1m[2m 14.07 kB[22m[1m[22m[2m Ôöé gzip:   3.13 kB[22m
[2m../dist/public/[22m[36massets/EditPayroll-C08oCQgA.js                  [39m[1m[2m 14.08 kB[22m[1m[22m[2m Ôöé gzip:   3.48 kB[22m
[2m../dist/public/[22m[36massets/CreatePayment-C-YZRlRg.js                [39m[1m[2m 14.12 kB[22m[1m[22m[2m Ôöé gzip:   3.41 kB[22m
[2m../dist/public/[22m[36massets/FileManager-C7ItBhtX.js                  [39m[1m[2m 14.12 kB[22m[1m[22m[2m Ôöé gzip:   4.04 kB[22m
[2m../dist/public/[22m[36massets/OrgWorkOrderDetail-CCjhkfm1.js           [39m[1m[2m 14.14 kB[22m[1m[22m[2m Ôöé gzip:   2.42 kB[22m
[2m../dist/public/[22m[36massets/OrgFinancialDashboard-BSpbbLSx.js        [39m[1m[2m 14.23 kB[22m[1m[22m[2m Ôöé gzip:   2.96 kB[22m
[2m../dist/public/[22m[36massets/OrgEstimates-yrcyIvUa.js                 [39m[1m[2m 14.35 kB[22m[1m[22m[2m Ôöé gzip:   4.06 kB[22m
[2m../dist/public/[22m[36massets/CreateCreditNote-Bm8T0Cr5.js             [39m[1m[2m 14.41 kB[22m[1m[22m[2m Ôöé gzip:   3.20 kB[22m
[2m../dist/public/[22m[36massets/PrivacyPolicy-DJRTKPaM.js                [39m[1m[2m 14.42 kB[22m[1m[22m[2m Ôöé gzip:   3.28 kB[22m
[2m../dist/public/[22m[36massets/BillingDashboard-Bk9UFz7p.js             [39m[1m[2m 14.46 kB[22m[1m[22m[2m Ôöé gzip:   3.57 kB[22m
[2m../dist/public/[22m[36massets/HRAnalyticsPage-SdTIJRpX.js              [39m[1m[2m 14.49 kB[22m[1m[22m[2m Ôöé gzip:   2.60 kB[22m
[2m../dist/public/[22m[36massets/OrgExpenses-C3ZZnByI.js                  [39m[1m[2m 14.56 kB[22m[1m[22m[2m Ôöé gzip:   3.86 kB[22m
[2m../dist/public/[22m[36massets/OrgEditPayroll-B0CUmPQm.js               [39m[1m[2m 14.56 kB[22m[1m[22m[2m Ôöé gzip:   3.49 kB[22m
[2m../dist/public/[22m[36massets/HRAdminDashboard-SO4lOTC4.js             [39m[1m[2m 14.59 kB[22m[1m[22m[2m Ôöé gzip:   2.81 kB[22m
[2m../dist/public/[22m[36massets/EditPayment-C6l-sOoT.js                  [39m[1m[2m 14.60 kB[22m[1m[22m[2m Ôöé gzip:   3.58 kB[22m
[2m../dist/public/[22m[36massets/CSVImportExport-DnwAOBXO.js              [39m[1m[2m 14.67 kB[22m[1m[22m[2m Ôöé gzip:   3.47 kB[22m
[2m../dist/public/[22m[36massets/Receipts-DN-XJX1Q.js                     [39m[1m[2m 14.69 kB[22m[1m[22m[2m Ôöé gzip:   4.00 kB[22m
[2m../dist/public/[22m[36massets/EditUser-DlPgE08C.js                     [39m[1m[2m 14.79 kB[22m[1m[22m[2m Ôöé gzip:   3.44 kB[22m
[2m../dist/public/[22m[36massets/OrgPerformanceReviews-BsPts8YS.js        [39m[1m[2m 14.81 kB[22m[1m[22m[2m Ôöé gzip:   3.06 kB[22m
[2m../dist/public/[22m[36massets/DashboardHome-Dr3tEUR3.js                [39m[1m[2m 14.85 kB[22m[1m[22m[2m Ôöé gzip:   3.44 kB[22m
[2m../dist/public/[22m[36massets/OverduePayments-A_Rv3JJW.js              [39m[1m[2m 14.88 kB[22m[1m[22m[2m Ôöé gzip:   3.07 kB[22m
[2m../dist/public/[22m[36massets/UiElements-DvdQS6Mv.js                   [39m[1m[2m 14.92 kB[22m[1m[22m[2m Ôöé gzip:   3.12 kB[22m
[2m../dist/public/[22m[36massets/RecurringInvoices-Ag0fMJAD.js            [39m[1m[2m 14.97 kB[22m[1m[22m[2m Ôöé gzip:   3.21 kB[22m
[2m../dist/public/[22m[36massets/AssetManagement-C-o8Uv4l.js              [39m[1m[2m 15.10 kB[22m[1m[22m[2m Ôöé gzip:   3.21 kB[22m
[2m../dist/public/[22m[36massets/CreateUser-CJB7kyRb.js                   [39m[1m[2m 15.11 kB[22m[1m[22m[2m Ôöé gzip:   3.69 kB[22m
[2m../dist/public/[22m[36massets/OrgCreateCreditNote-l40LS4Gu.js          [39m[1m[2m 15.14 kB[22m[1m[22m[2m Ôöé gzip:   3.22 kB[22m
[2m../dist/public/[22m[36massets/OrgEditPayment-CqYs_5cX.js               [39m[1m[2m 15.18 kB[22m[1m[22m[2m Ôöé gzip:   3.59 kB[22m
[2m../dist/public/[22m[36massets/LPOs-uocVb8F0.js                         [39m[1m[2m 15.36 kB[22m[1m[22m[2m Ôöé gzip:   4.45 kB[22m
[2m../dist/public/[22m[36massets/Suppliers-NDsKpF6x.js                    [39m[1m[2m 15.37 kB[22m[1m[22m[2m Ôöé gzip:   4.53 kB[22m
[2m../dist/public/[22m[36massets/EnhancedReceiptManagement-DbES5huh.js    [39m[1m[2m 15.48 kB[22m[1m[22m[2m Ôöé gzip:   3.63 kB[22m
[2m../dist/public/[22m[36massets/ProjectMilestones-bPjzjibW.js            [39m[1m[2m 15.52 kB[22m[1m[22m[2m Ôöé gzip:   3.42 kB[22m
[2m../dist/public/[22m[36massets/LeadsDetails-D-LIjx12.js                 [39m[1m[2m 15.57 kB[22m[1m[22m[2m Ôöé gzip:   3.08 kB[22m
[2m../dist/public/[22m[36massets/DeliveryNotes-CExoLwQB.js                [39m[1m[2m 15.58 kB[22m[1m[22m[2m Ôöé gzip:   3.73 kB[22m
[2m../dist/public/[22m[36massets/OrgDashboardHome-DBNaI4-2.js             [39m[1m[2m 15.68 kB[22m[1m[22m[2m Ôöé gzip:   3.63 kB[22m
[2m../dist/public/[22m[36massets/AccountantDashboard-DOyHUI2R.js          [39m[1m[2m 15.73 kB[22m[1m[22m[2m Ôöé gzip:   3.47 kB[22m
[2m../dist/public/[22m[36massets/ReportBuilder-b0l_1VXD.js                [39m[1m[2m 15.74 kB[22m[1m[22m[2m Ôöé gzip:   3.20 kB[22m
[2m../dist/public/[22m[36massets/PayrollApprovals-CxavbLdE.js             [39m[1m[2m 15.77 kB[22m[1m[22m[2m Ôöé gzip:   3.22 kB[22m
[2m../dist/public/[22m[36massets/HRAnalytics-BKeSJZtr.js                  [39m[1m[2m 15.88 kB[22m[1m[22m[2m Ôöé gzip:   3.33 kB[22m
[2m../dist/public/[22m[36massets/CreateServiceTemplate-BLYRz32t.js        [39m[1m[2m 15.99 kB[22m[1m[22m[2m Ôöé gzip:   3.41 kB[22m
[2m../dist/public/[22m[36massets/AdminCronJobs-CPOGdj6r.js                [39m[1m[2m 16.03 kB[22m[1m[22m[2m Ôöé gzip:   3.63 kB[22m
[2m../dist/public/[22m[36massets/Features-CM7PZRVr.js                     [39m[1m[2m 16.03 kB[22m[1m[22m[2m Ôöé gzip:   4.74 kB[22m
[2m../dist/public/[22m[36massets/Inventory-BVzHsM8h.js                    [39m[1m[2m 16.15 kB[22m[1m[22m[2m Ôöé gzip:   3.77 kB[22m
[2m../dist/public/[22m[36massets/OrgReceipts-DtcEJ_LL.js                  [39m[1m[2m 16.25 kB[22m[1m[22m[2m Ôöé gzip:   4.14 kB[22m
[2m../dist/public/[22m[36massets/OrgDeliveryNotes-ChmealaF.js             [39m[1m[2m 16.33 kB[22m[1m[22m[2m Ôöé gzip:   3.73 kB[22m
[2m../dist/public/[22m[36massets/GRN-VQCUEMNz.js                          [39m[1m[2m 16.40 kB[22m[1m[22m[2m Ôöé gzip:   3.84 kB[22m
[2m../dist/public/[22m[36massets/OrgInventory-MHMLVz70.js                 [39m[1m[2m 16.55 kB[22m[1m[22m[2m Ôöé gzip:   3.59 kB[22m
[2m../dist/public/[22m[36massets/OrgLPOs-DeF4h49R.js                      [39m[1m[2m 16.56 kB[22m[1m[22m[2m Ôöé gzip:   4.53 kB[22m
[2m../dist/public/[22m[36massets/PaymentReconciliation-DOxqLQ6p.js        [39m[1m[2m 16.57 kB[22m[1m[22m[2m Ôöé gzip:   3.43 kB[22m
[2m../dist/public/[22m[36massets/Integrations-D-jTPy7N.js                 [39m[1m[2m 16.70 kB[22m[1m[22m[2m Ôöé gzip:   3.61 kB[22m
[2m../dist/public/[22m[36massets/MaintenanceAdmin-DtAP7PFn.js             [39m[1m[2m 16.81 kB[22m[1m[22m[2m Ôöé gzip:   3.83 kB[22m
[2m../dist/public/[22m[36massets/Onboarding-CXkrPNrW.js                   [39m[1m[2m 16.87 kB[22m[1m[22m[2m Ôöé gzip:   3.39 kB[22m
[2m../dist/public/[22m[36massets/UnifiedLanding-CRiFycUl.js               [39m[1m[2m 17.00 kB[22m[1m[22m[2m Ôöé gzip:   3.59 kB[22m
[2m../dist/public/[22m[36massets/CommunicationDetails-BQ0cS6D8.js         [39m[1m[2m 17.13 kB[22m[1m[22m[2m Ôöé gzip:   3.41 kB[22m
[2m../dist/public/[22m[36massets/GlobalSettings-C2yDp0c9.js               [39m[1m[2m 17.14 kB[22m[1m[22m[2m Ôöé gzip:   3.60 kB[22m
[2m../dist/public/[22m[36massets/OrgQuotations-pmasAIN9.js                [39m[1m[2m 17.16 kB[22m[1m[22m[2m Ôöé gzip:   4.04 kB[22m
[2m../dist/public/[22m[36massets/Quotations-fM2-rUMT.js                   [39m[1m[2m 17.20 kB[22m[1m[22m[2m Ôöé gzip:   4.23 kB[22m
[2m../dist/public/[22m[36massets/Projects-vWfdDaCL.js                     [39m[1m[2m 17.21 kB[22m[1m[22m[2m Ôöé gzip:   4.03 kB[22m
[2m../dist/public/[22m[36massets/DepartmentPayrollReports-CmQEGwvC.js     [39m[1m[2m 17.29 kB[22m[1m[22m[2m Ôöé gzip:   3.53 kB[22m
[2m../dist/public/[22m[36massets/CannedResponses-tLOupnZo.js              [39m[1m[2m 17.32 kB[22m[1m[22m[2m Ôöé gzip:   3.66 kB[22m
[2m../dist/public/[22m[36massets/documentTemplate-C1To6Bzg.js             [39m[1m[2m 17.35 kB[22m[1m[22m[2m Ôöé gzip:   4.20 kB[22m
[2m../dist/public/[22m[36massets/Contacts-cJ9ZBlQd.js                     [39m[1m[2m 17.41 kB[22m[1m[22m[2m Ôöé gzip:   4.21 kB[22m
[2m../dist/public/[22m[36massets/OrgGRN-_Q63FQ9J.js                       [39m[1m[2m 17.43 kB[22m[1m[22m[2m Ôöé gzip:   3.85 kB[22m
[2m../dist/public/[22m[36massets/ClientForm-C6GWfezU.js                   [39m[1m[2m 17.45 kB[22m[1m[22m[2m Ôöé gzip:   3.02 kB[22m
[2m../dist/public/[22m[36massets/CreateProject-CMuwSYNM.js                [39m[1m[2m 17.46 kB[22m[1m[22m[2m Ôöé gzip:   3.86 kB[22m
[2m../dist/public/[22m[36massets/OrgTicketDetail-33oXQl7x.js              [39m[1m[2m 17.46 kB[22m[1m[22m[2m Ôöé gzip:   2.89 kB[22m
[2m../dist/public/[22m[36massets/TimeTracking-BzUIHfSZ.js                 [39m[1m[2m 17.62 kB[22m[1m[22m[2m Ôöé gzip:   3.90 kB[22m
[2m../dist/public/[22m[36massets/SupplierForm-Buna0OGD.js                 [39m[1m[2m 17.67 kB[22m[1m[22m[2m Ôöé gzip:   3.33 kB[22m
[2m../dist/public/[22m[36massets/BudgetDetail-Bn03Zr1o.js                 [39m[1m[2m 17.69 kB[22m[1m[22m[2m Ôöé gzip:   3.92 kB[22m
[2m../dist/public/[22m[36massets/PaymentPlans-CjhYG-UF.js                 [39m[1m[2m 17.71 kB[22m[1m[22m[2m Ôöé gzip:   3.77 kB[22m
[2m../dist/public/[22m[36massets/OrgProjectDetail-ByvEUISD.js             [39m[1m[2m 17.80 kB[22m[1m[22m[2m Ôöé gzip:   4.09 kB[22m
[2m../dist/public/[22m[36massets/KPITracking-C1FbJlKN.js                  [39m[1m[2m 17.88 kB[22m[1m[22m[2m Ôöé gzip:   3.64 kB[22m
[2m../dist/public/[22m[36massets/QuoteDetails-23PNTVhJ.js                 [39m[1m[2m 17.92 kB[22m[1m[22m[2m Ôöé gzip:   3.69 kB[22m
[2m../dist/public/[22m[36massets/Payslips-DRnvvx2R.js                     [39m[1m[2m 17.97 kB[22m[1m[22m[2m Ôöé gzip:   3.81 kB[22m
[2m../dist/public/[22m[36massets/PaymentReports-DQz6sNIJ.js               [39m[1m[2m 18.24 kB[22m[1m[22m[2m Ôöé gzip:   3.56 kB[22m
[2m../dist/public/[22m[36massets/TroubleshootingGuide-uhXVs_X-.js         [39m[1m[2m 18.25 kB[22m[1m[22m[2m Ôöé gzip:   5.20 kB[22m
[2m../dist/public/[22m[36massets/OrgCannedResponses-DBV-aTvy.js           [39m[1m[2m 18.25 kB[22m[1m[22m[2m Ôöé gzip:   3.68 kB[22m
[2m../dist/public/[22m[36massets/OrgExpenseDetail-B9WHs3DH.js             [39m[1m[2m 18.26 kB[22m[1m[22m[2m Ôöé gzip:   3.41 kB[22m
[2m../dist/public/[22m[36massets/OrgContacts-D3OrfvZd.js                  [39m[1m[2m 18.29 kB[22m[1m[22m[2m Ôöé gzip:   4.20 kB[22m
[2m../dist/public/[22m[36massets/SystemSettings-BBFoqzYN.js               [39m[1m[2m 18.42 kB[22m[1m[22m[2m Ôöé gzip:   3.74 kB[22m
[2m../dist/public/[22m[36massets/OrgBudgetDetail-BbvxbtIH.js              [39m[1m[2m 18.73 kB[22m[1m[22m[2m Ôöé gzip:   3.94 kB[22m
[2m../dist/public/[22m[36massets/SalesPipeline-Dzp_loIa.js                [39m[1m[2m 18.82 kB[22m[1m[22m[2m Ôöé gzip:   4.18 kB[22m
[2m../dist/public/[22m[36massets/Pricing-Bioe0is_.js                      [39m[1m[2m 18.85 kB[22m[1m[22m[2m Ôöé gzip:   4.93 kB[22m
[2m../dist/public/[22m[36massets/CreateOpportunity-DNp2u-Id.js            [39m[1m[2m 19.01 kB[22m[1m[22m[2m Ôöé gzip:   3.95 kB[22m
[2m../dist/public/[22m[36massets/EmployeeContracts-Co-MiJ1T.js            [39m[1m[2m 19.03 kB[22m[1m[22m[2m Ôöé gzip:   3.23 kB[22m
[2m../dist/public/[22m[36massets/EnhancedChangePassword-DbNVeiqD.js       [39m[1m[2m 19.21 kB[22m[1m[22m[2m Ôöé gzip:   3.54 kB[22m
[2m../dist/public/[22m[36massets/Timesheets-BT_SdQ3t.js                   [39m[1m[2m 19.40 kB[22m[1m[22m[2m Ôöé gzip:   4.46 kB[22m
[2m../dist/public/[22m[36massets/Training-HOdtyQDL.js                     [39m[1m[2m 19.44 kB[22m[1m[22m[2m Ôöé gzip:   4.04 kB[22m
[2m../dist/public/[22m[36massets/Demo-DEPBcMdI.js                         [39m[1m[2m 19.49 kB[22m[1m[22m[2m Ôöé gzip:   4.45 kB[22m
[2m../dist/public/[22m[36massets/HRAutomation-CEFAjNas.js                 [39m[1m[2m 19.54 kB[22m[1m[22m[2m Ôöé gzip:   3.56 kB[22m
[2m../dist/public/[22m[36massets/Leads-D3vMl9Nu.js                        [39m[1m[2m 19.60 kB[22m[1m[22m[2m Ôöé gzip:   4.35 kB[22m
[2m../dist/public/[22m[36massets/CustomReportBuilder-Ct-5u153.js          [39m[1m[2m 19.75 kB[22m[1m[22m[2m Ôöé gzip:   3.98 kB[22m
[2m../dist/public/[22m[36massets/OrgSalesPipeline-GUbfzLoy.js             [39m[1m[2m 19.78 kB[22m[1m[22m[2m Ôöé gzip:   4.20 kB[22m
[2m../dist/public/[22m[36massets/RecurringExpenses-DOajr4AS.js            [39m[1m[2m 19.94 kB[22m[1m[22m[2m Ôöé gzip:   4.37 kB[22m
[2m../dist/public/[22m[36massets/NotificationCenter-DicIMYLq.js           [39m[1m[2m 20.10 kB[22m[1m[22m[2m Ôöé gzip:   3.91 kB[22m
[2m../dist/public/[22m[36massets/ExecutiveDashboard-B5ID3YEC.js           [39m[1m[2m 20.12 kB[22m[1m[22m[2m Ôöé gzip:   3.91 kB[22m
[2m../dist/public/[22m[36massets/BackupRestore-DCEAPcqn.js                [39m[1m[2m 20.19 kB[22m[1m[22m[2m Ôöé gzip:   3.80 kB[22m
[2m../dist/public/[22m[36massets/Proposals-CZmV8xNy.js                    [39m[1m[2m 20.25 kB[22m[1m[22m[2m Ôöé gzip:   4.66 kB[22m
[2m../dist/public/[22m[36massets/Clients-Bn1VubLX.js                      [39m[1m[2m 20.32 kB[22m[1m[22m[2m Ôöé gzip:   5.05 kB[22m
[2m../dist/public/[22m[36massets/ProcurementLPOs-DnUaJZaF.js              [39m[1m[2m 20.33 kB[22m[1m[22m[2m Ôöé gzip:   3.71 kB[22m
[2m../dist/public/[22m[36massets/OrgTimesheets-Bb27Igl6.js                [39m[1m[2m 20.41 kB[22m[1m[22m[2m Ôöé gzip:   4.47 kB[22m
[2m../dist/public/[22m[36massets/ContractManagement-iDwiwQJF.js           [39m[1m[2m 20.47 kB[22m[1m[22m[2m Ôöé gzip:   3.94 kB[22m
[2m../dist/public/[22m[36massets/WorkflowAutomation-Bvcbo4i1.js           [39m[1m[2m 20.48 kB[22m[1m[22m[2m Ôöé gzip:   4.03 kB[22m
[2m../dist/public/[22m[36massets/Tasks-FG89jBVZ.js                        [39m[1m[2m 20.49 kB[22m[1m[22m[2m Ôöé gzip:   4.48 kB[22m
[2m../dist/public/[22m[36massets/TenantCommunications-BtmB_eY3.js         [39m[1m[2m 20.56 kB[22m[1m[22m[2m Ôöé gzip:   3.73 kB[22m
[2m../dist/public/[22m[36massets/Account-BOEi0SwU.js                      [39m[1m[2m 20.61 kB[22m[1m[22m[2m Ôöé gzip:   4.10 kB[22m
[2m../dist/public/[22m[36massets/SubscriptionDetails-DUXWBwfy.js          [39m[1m[2m 20.63 kB[22m[1m[22m[2m Ôöé gzip:   3.58 kB[22m
[2m../dist/public/[22m[36massets/OrgLeads-CPhBCXAS.js                     [39m[1m[2m 20.65 kB[22m[1m[22m[2m Ôöé gzip:   4.37 kB[22m
[2m../dist/public/[22m[36massets/OrgSuppliers-CkxmaAZe.js                 [39m[1m[2m 20.93 kB[22m[1m[22m[2m Ôöé gzip:   5.01 kB[22m
[2m../dist/public/[22m[36massets/ReceiptDetails-CmCbtapP.js               [39m[1m[2m 20.95 kB[22m[1m[22m[2m Ôöé gzip:   4.11 kB[22m
[2m../dist/public/[22m[36massets/Tickets-BM7OEPqi.js                      [39m[1m[2m 21.00 kB[22m[1m[22m[2m Ôöé gzip:   4.84 kB[22m
[2m../dist/public/[22m[36massets/OrgJobGroups-DsJFz2qw.js                 [39m[1m[2m 21.27 kB[22m[1m[22m[2m Ôöé gzip:   4.12 kB[22m
[2m../dist/public/[22m[36massets/Imprests-DPByrsoa.js                     [39m[1m[2m 21.28 kB[22m[1m[22m[2m Ôöé gzip:   5.27 kB[22m
[2m../dist/public/[22m[36massets/HRAnalyticsDashboard-CvPFzUis.js         [39m[1m[2m 21.29 kB[22m[1m[22m[2m Ôöé gzip:   3.58 kB[22m
[2m../dist/public/[22m[36massets/OrgDashboard-CQIIY4EX.js                 [39m[1m[2m 21.34 kB[22m[1m[22m[2m Ôöé gzip:   4.54 kB[22m
[2m../dist/public/[22m[36massets/OrgProposals-Pt0ilXb-.js                 [39m[1m[2m 21.37 kB[22m[1m[22m[2m Ôöé gzip:   4.68 kB[22m
[2m../dist/public/[22m[36massets/ExpensesDetails-Dot3aiGy.js              [39m[1m[2m 21.51 kB[22m[1m[22m[2m Ôöé gzip:   4.61 kB[22m
[2m../dist/public/[22m[36massets/ChartOfAccounts-BiWVgm2o.js              [39m[1m[2m 21.63 kB[22m[1m[22m[2m Ôöé gzip:   4.73 kB[22m
[2m../dist/public/[22m[36massets/OrgTasks-DjXKXLjD.js                     [39m[1m[2m 21.68 kB[22m[1m[22m[2m Ôöé gzip:   4.49 kB[22m
[2m../dist/public/[22m[36massets/ServiceDetails-0itSZ_-3.js               [39m[1m[2m 21.74 kB[22m[1m[22m[2m Ôöé gzip:   3.96 kB[22m
[2m../dist/public/[22m[36massets/Invoices-DTQF1sbj.js                     [39m[1m[2m 21.75 kB[22m[1m[22m[2m Ôöé gzip:   5.58 kB[22m
[2m../dist/public/[22m[36massets/ProcurementImprests-xVKRsM6q.js          [39m[1m[2m 21.96 kB[22m[1m[22m[2m Ôöé gzip:   3.58 kB[22m
[2m../dist/public/[22m[36massets/CreatePayroll-BptYCLUQ.js                [39m[1m[2m 22.00 kB[22m[1m[22m[2m Ôöé gzip:   3.82 kB[22m
[2m../dist/public/[22m[36massets/OrgTickets-DsucnSXS.js                   [39m[1m[2m 22.20 kB[22m[1m[22m[2m Ôöé gzip:   4.86 kB[22m
[2m../dist/public/[22m[36massets/CustomerPortal-CnFaCQpA.js               [39m[1m[2m 22.30 kB[22m[1m[22m[2m Ôöé gzip:   3.76 kB[22m
[2m../dist/public/[22m[36massets/OrganizationUsersManagement-CdNuxgdJ.js  [39m[1m[2m 22.31 kB[22m[1m[22m[2m Ôöé gzip:   4.12 kB[22m
[2m../dist/public/[22m[36massets/OrgBilling-D7Zuum0-.js                   [39m[1m[2m 22.55 kB[22m[1m[22m[2m Ôöé gzip:   4.76 kB[22m
[2m../dist/public/[22m[36massets/OrgInvoices-ClGUnf43.js                  [39m[1m[2m 22.60 kB[22m[1m[22m[2m Ôöé gzip:   5.55 kB[22m
[2m../dist/public/[22m[36massets/OrgChartOfAccounts-G4N_BaOs.js           [39m[1m[2m 22.75 kB[22m[1m[22m[2m Ôöé gzip:   4.75 kB[22m
[2m../dist/public/[22m[36massets/Recruitment-D132slQD.js                  [39m[1m[2m 22.84 kB[22m[1m[22m[2m Ôöé gzip:   3.97 kB[22m
[2m../dist/public/[22m[36massets/OrgImprests-ICKQWPEv.js                  [39m[1m[2m 22.87 kB[22m[1m[22m[2m Ôöé gzip:   5.36 kB[22m
[2m../dist/public/[22m[36massets/Payroll-JrFWdqvz.js                      [39m[1m[2m 22.88 kB[22m[1m[22m[2m Ôöé gzip:   4.91 kB[22m
[2m../dist/public/[22m[36massets/OrgCreatePayroll-DdSqRP7c.js             [39m[1m[2m 23.21 kB[22m[1m[22m[2m Ôöé gzip:   3.83 kB[22m
[2m../dist/public/[22m[36massets/Roles-DpTodPDP.js                        [39m[1m[2m 23.51 kB[22m[1m[22m[2m Ôöé gzip:   4.45 kB[22m
[2m../dist/public/[22m[36massets/EnterpriseTenantsManagement-DU7RnqIq.js  [39m[1m[2m 23.84 kB[22m[1m[22m[2m Ôöé gzip:   4.11 kB[22m
[2m../dist/public/[22m[36massets/ThemeCustomization-DAGaiWJ6.js           [39m[1m[2m 24.13 kB[22m[1m[22m[2m Ôöé gzip:   4.53 kB[22m
[2m../dist/public/[22m[36massets/OrgPayroll-DiHxycFd.js                   [39m[1m[2m 24.18 kB[22m[1m[22m[2m Ôöé gzip:   4.94 kB[22m
[2m../dist/public/[22m[36massets/Forecasting-BkOiUXy7.js                  [39m[1m[2m 24.21 kB[22m[1m[22m[2m Ôöé gzip:   4.35 kB[22m
[2m../dist/public/[22m[36massets/WebsiteFooter-BEOH4tEc.js                [39m[1m[2m 24.25 kB[22m[1m[22m[2m Ôöé gzip:   5.21 kB[22m
[2m../dist/public/[22m[36massets/JobGroups-TPUu6uiV.js                    [39m[1m[2m 24.42 kB[22m[1m[22m[2m Ôöé gzip:   4.67 kB[22m
[2m../dist/public/[22m[36massets/ProcurementOrders-BCKNHn0B.js            [39m[1m[2m 24.58 kB[22m[1m[22m[2m Ôöé gzip:   4.13 kB[22m
[2m../dist/public/[22m[36massets/BecomeAPartner-D9SyeYF8.js               [39m[1m[2m 24.63 kB[22m[1m[22m[2m Ôöé gzip:   5.96 kB[22m
[2m../dist/public/[22m[36massets/ProfessionalBudgeting-BewJlRza.js        [39m[1m[2m 24.71 kB[22m[1m[22m[2m Ôöé gzip:   4.78 kB[22m
[2m../dist/public/[22m[36massets/Orders-vhNn_-Hk.js                       [39m[1m[2m 24.90 kB[22m[1m[22m[2m Ôöé gzip:   5.75 kB[22m
[2m../dist/public/[22m[36massets/date-utils-COA5zMcC.js                   [39m[1m[2m 25.29 kB[22m[1m[22m[2m Ôöé gzip:   7.51 kB[22m
[2m../dist/public/[22m[36massets/KenyanPayrollCalculator-hzqAujQJ.js      [39m[1m[2m 25.45 kB[22m[1m[22m[2m Ôöé gzip:   4.56 kB[22m
[2m../dist/public/[22m[36massets/SuperAdminDashboard-3T7JJCnW.js          [39m[1m[2m 25.50 kB[22m[1m[22m[2m Ôöé gzip:   5.07 kB[22m
[2m../dist/public/[22m[36massets/OrgForecasting-CDEhfqR5.js               [39m[1m[2m 25.54 kB[22m[1m[22m[2m Ôöé gzip:   4.37 kB[22m
[2m../dist/public/[22m[36massets/Communications-BVoisOKm.js               [39m[1m[2m 25.55 kB[22m[1m[22m[2m Ôöé gzip:   5.15 kB[22m
[2m../dist/public/[22m[36massets/OrgCommunications-CrtPezBP.js            [39m[1m[2m 25.66 kB[22m[1m[22m[2m Ôöé gzip:   4.42 kB[22m
[2m../dist/public/[22m[36massets/JobGroupDetails-BFaBUMmi.js              [39m[1m[2m 25.70 kB[22m[1m[22m[2m Ôöé gzip:   4.98 kB[22m
[2m../dist/public/[22m[36massets/OrgOrders-DnFScU6n.js                    [39m[1m[2m 26.26 kB[22m[1m[22m[2m Ôöé gzip:   5.77 kB[22m
[2m../dist/public/[22m[36massets/KnowledgeBase-Bc8vDFvJ.js                [39m[1m[2m 26.40 kB[22m[1m[22m[2m Ôöé gzip:   5.10 kB[22m
[2m../dist/public/[22m[36massets/DepartmentDetails-C-2OzkvI.js            [39m[1m[2m 26.60 kB[22m[1m[22m[2m Ôöé gzip:   5.04 kB[22m
[2m../dist/public/[22m[36massets/ClientPortal-CBOrdb0U.js                 [39m[1m[2m 26.61 kB[22m[1m[22m[2m Ôöé gzip:   5.00 kB[22m
[2m../dist/public/[22m[36massets/SupplierDetails-BWkfTYuB.js              [39m[1m[2m 26.66 kB[22m[1m[22m[2m Ôöé gzip:   4.18 kB[22m
[2m../dist/public/[22m[36massets/BookADemo-Bu1LC_8P.js                    [39m[1m[2m 26.96 kB[22m[1m[22m[2m Ôöé gzip:   5.86 kB[22m
[2m../dist/public/[22m[36massets/OrgClientDetail-CSF10hnF.js              [39m[1m[2m 27.40 kB[22m[1m[22m[2m Ôöé gzip:   5.19 kB[22m
[2m../dist/public/[22m[36massets/EditExpense-Ca5B8Za0.js                  [39m[1m[2m 27.46 kB[22m[1m[22m[2m Ôöé gzip:   5.95 kB[22m
[2m../dist/public/[22m[36massets/OrgKnowledgeBase-CyjbdSw7.js             [39m[1m[2m 27.86 kB[22m[1m[22m[2m Ôöé gzip:   5.12 kB[22m
[2m../dist/public/[22m[36massets/OrgDepartmentDetails-DO3S50vv.js         [39m[1m[2m 27.98 kB[22m[1m[22m[2m Ôöé gzip:   5.07 kB[22m
[2m../dist/public/[22m[36massets/AdminDashboard-DxJwKmwg.js               [39m[1m[2m 28.19 kB[22m[1m[22m[2m Ôöé gzip:   4.80 kB[22m
[2m../dist/public/[22m[36massets/CustomHomepageBuilder-Dvn8mKXQ.js        [39m[1m[2m 28.31 kB[22m[1m[22m[2m Ôöé gzip:   5.72 kB[22m
[2m../dist/public/[22m[36massets/Subscriptions-BHxz_Iib.js                [39m[1m[2m 28.63 kB[22m[1m[22m[2m Ôöé gzip:   5.28 kB[22m
[2m../dist/public/[22m[36massets/OrgEditExpense-Cxc1v32U.js               [39m[1m[2m 28.68 kB[22m[1m[22m[2m Ôöé gzip:   5.98 kB[22m
[2m../dist/public/[22m[36massets/purify.es-4eNOHKSq.js                    [39m[1m[2m 28.74 kB[22m[1m[22m[2m Ôöé gzip:  11.02 kB[22m
[2m../dist/public/[22m[36massets/DocumentManagement-BejZvqqg.js           [39m[1m[2m 29.40 kB[22m[1m[22m[2m Ôöé gzip:   5.81 kB[22m
[2m../dist/public/[22m[36massets/StaffDashboard-ByW9aALE.js               [39m[1m[2m 29.72 kB[22m[1m[22m[2m Ôöé gzip:   5.25 kB[22m
[2m../dist/public/[22m[36massets/Approvals-Db_gJ0uJ.js                    [39m[1m[2m 29.81 kB[22m[1m[22m[2m Ôöé gzip:   5.75 kB[22m
[2m../dist/public/[22m[36massets/PayslipManagement-C-hBKWgc.js            [39m[1m[2m 30.69 kB[22m[1m[22m[2m Ôöé gzip:   7.64 kB[22m
[2m../dist/public/[22m[36massets/BackupManagement-C-XfDloD.js             [39m[1m[2m 30.70 kB[22m[1m[22m[2m Ôöé gzip:   5.89 kB[22m
[2m../dist/public/[22m[36massets/Checkout-Doskme7L.js                     [39m[1m[2m 30.77 kB[22m[1m[22m[2m Ôöé gzip:   8.62 kB[22m
[2m../dist/public/[22m[36massets/OrgReports-DrAKlM-h.js                   [39m[1m[2m 30.86 kB[22m[1m[22m[2m Ôöé gzip:   6.05 kB[22m
[2m../dist/public/[22m[36massets/OrgStaffChat-Brz70TlS.js                 [39m[1m[2m 30.86 kB[22m[1m[22m[2m Ôöé gzip:   7.28 kB[22m
[2m../dist/public/[22m[36massets/BrandCustomization-CQK6FThJ.js           [39m[1m[2m 31.12 kB[22m[1m[22m[2m Ôöé gzip:   5.25 kB[22m
[2m../dist/public/[22m[36massets/OrgApprovals-BpbzlWPR.js                 [39m[1m[2m 31.34 kB[22m[1m[22m[2m Ôöé gzip:   5.77 kB[22m
[2m../dist/public/[22m[36massets/AccountSettings-BGpGKLhM.js              [39m[1m[2m 31.70 kB[22m[1m[22m[2m Ôöé gzip:   5.65 kB[22m
[2m../dist/public/[22m[36massets/EditEmployee-V5NixX4P.js                 [39m[1m[2m 32.13 kB[22m[1m[22m[2m Ôöé gzip:   5.94 kB[22m
[2m../dist/public/[22m[36massets/CreateExpense-k_jk900w.js                [39m[1m[2m 32.26 kB[22m[1m[22m[2m Ôöé gzip:   6.98 kB[22m
[2m../dist/public/[22m[36massets/AIHub-B1uSjz_E.js                        [39m[1m[2m 32.65 kB[22m[1m[22m[2m Ôöé gzip:   5.85 kB[22m
[2m../dist/public/[22m[36massets/DocumentForm-DWS3_Gi2.js                 [39m[1m[2m 32.95 kB[22m[1m[22m[2m Ôöé gzip:   6.71 kB[22m
[2m../dist/public/[22m[36massets/FeatureDetail-jrU078yW.js                [39m[1m[2m 33.05 kB[22m[1m[22m[2m Ôöé gzip:   8.13 kB[22m
[2m../dist/public/[22m[36massets/ICTDashboard-5zNBVdBZ.js                 [39m[1m[2m 33.26 kB[22m[1m[22m[2m Ôöé gzip:   6.09 kB[22m
[2m../dist/public/[22m[36massets/OrgCreateExpense-CjitoyQW.js             [39m[1m[2m 33.75 kB[22m[1m[22m[2m Ôöé gzip:   6.99 kB[22m
[2m../dist/public/[22m[36massets/StaffChat-CvIqraiq.js                    [39m[1m[2m 33.96 kB[22m[1m[22m[2m Ôöé gzip:   7.97 kB[22m
[2m../dist/public/[22m[36massets/Employees-BPvg58GJ.js                    [39m[1m[2m 34.67 kB[22m[1m[22m[2m Ôöé gzip:   6.95 kB[22m
[2m../dist/public/[22m[36massets/CreateEmployee-CucA88zb.js               [39m[1m[2m 35.48 kB[22m[1m[22m[2m Ôöé gzip:   6.29 kB[22m
[2m../dist/public/[22m[36massets/OrgEmployees-DVXN7z7-.js                 [39m[1m[2m 36.65 kB[22m[1m[22m[2m Ôöé gzip:   6.96 kB[22m
[2m../dist/public/[22m[36massets/CreateCommunication-_7CYYAyQ.js          [39m[1m[2m 37.29 kB[22m[1m[22m[2m Ôöé gzip:  10.72 kB[22m
[2m../dist/public/[22m[36massets/Reports-Cg-G4ikY.js                      [39m[1m[2m 37.45 kB[22m[1m[22m[2m Ôöé gzip:   7.52 kB[22m
[2m../dist/public/[22m[36massets/pdfGenerator-Bc01lfy4.js                 [39m[1m[2m 37.65 kB[22m[1m[22m[2m Ôöé gzip:  11.12 kB[22m
[2m../dist/public/[22m[36massets/SuperAdminPricingTiers-CKsc5dCO.js       [39m[1m[2m 37.75 kB[22m[1m[22m[2m Ôöé gzip:   6.35 kB[22m
[2m../dist/public/[22m[36massets/InvoiceDetails-DqXHox8E.js               [39m[1m[2m 38.03 kB[22m[1m[22m[2m Ôöé gzip:   7.25 kB[22m
[2m../dist/public/[22m[36massets/HRPayrollManagement-Drbyak-u.js          [39m[1m[2m 38.41 kB[22m[1m[22m[2m Ôöé gzip:   6.38 kB[22m
[2m../dist/public/[22m[36massets/DocumentTemplates-CFrxXQa-.js            [39m[1m[2m 38.68 kB[22m[1m[22m[2m Ôöé gzip:   7.18 kB[22m
[2m../dist/public/[22m[36massets/RichTextEditor-C3-c_UVD.js               [39m[1m[2m 51.18 kB[22m[1m[22m[2m Ôöé gzip:   9.61 kB[22m
[2m../dist/public/[22m[36massets/LandingPage-DhVGbt79.js                  [39m[1m[2m 52.89 kB[22m[1m[22m[2m Ôöé gzip:  11.40 kB[22m
[2m../dist/public/[22m[36massets/HRDashboard-juUowoOq.js                  [39m[1m[2m 53.18 kB[22m[1m[22m[2m Ôöé gzip:   8.24 kB[22m
[2m../dist/public/[22m[36massets/ClientDetails-Bu8KJaxt.js                [39m[1m[2m 56.87 kB[22m[1m[22m[2m Ôöé gzip:   8.88 kB[22m
[2m../dist/public/[22m[36massets/lucide-react-BFIjfoL5.js                 [39m[1m[2m 61.58 kB[22m[1m[22m[2m Ôöé gzip:  18.04 kB[22m
[2m../dist/public/[22m[36massets/OrgLayout-BYEARvUW.js                    [39m[1m[2m 64.12 kB[22m[1m[22m[2m Ôöé gzip:  12.93 kB[22m
[2m../dist/public/[22m[36massets/AdminManagement-CP3gO9eX.js              [39m[1m[2m 67.80 kB[22m[1m[22m[2m Ôöé gzip:  12.17 kB[22m
[2m../dist/public/[22m[36massets/CreateQuote-Dv-zi5jY.js                  [39m[1m[2m 76.37 kB[22m[1m[22m[2m Ôöé gzip:  19.98 kB[22m
[2m../dist/public/[22m[36massets/AdminEmailTemplates-z_gboins.js          [39m[1m[2m 77.24 kB[22m[1m[22m[2m Ôöé gzip:  14.40 kB[22m
[2m../dist/public/[22m[36massets/EmployeeDetails-aRrNeBWy.js              [39m[1m[2m 80.42 kB[22m[1m[22m[2m Ôöé gzip:  11.14 kB[22m
[2m../dist/public/[22m[36massets/ProjectDetails-_WmF2o7h.js               [39m[1m[2m 80.80 kB[22m[1m[22m[2m Ôöé gzip:  12.47 kB[22m
[2m../dist/public/[22m[36massets/api-client-CJheSGCH.js                   [39m[1m[2m 83.20 kB[22m[1m[22m[2m Ôöé gzip:  22.93 kB[22m
[2m../dist/public/[22m[36massets/OrgEmployeeDetails-L1-q_hvG.js           [39m[1m[2m 85.83 kB[22m[1m[22m[2m Ôöé gzip:  11.26 kB[22m
[2m../dist/public/[22m[36massets/DocumentBlockEditor-CnSgmbp5.js          [39m[1m[2m102.01 kB[22m[1m[22m[2m Ôöé gzip:  18.33 kB[22m
[2m../dist/public/[22m[36massets/MultiTenancy-Bg-MM4CM.js                 [39m[1m[2m114.36 kB[22m[1m[22m[2m Ôöé gzip:  18.18 kB[22m
[2m../dist/public/[22m[36massets/WebsiteAdmin-DF_97VKU.js                 [39m[1m[2m135.76 kB[22m[1m[22m[2m Ôöé gzip:  19.46 kB[22m
[2m../dist/public/[22m[36massets/index.es-bv3frRYe.js                     [39m[1m[2m158.79 kB[22m[1m[22m[2m Ôöé gzip:  53.05 kB[22m
[2m../dist/public/[22m[36massets/html2canvas-DXEQVQnt.js                  [39m[1m[2m201.04 kB[22m[1m[22m[2m Ôöé gzip:  47.43 kB[22m
[2m../dist/public/[22m[36massets/vendor-react-ui-BcLy8Tpi.js              [39m[1m[2m314.57 kB[22m[1m[22m[2m Ôöé gzip: 100.19 kB[22m
[2m../dist/public/[22m[36massets/jspdf.es.min-BdMaq4Y2.js                 [39m[1m[2m384.80 kB[22m[1m[22m[2m Ôöé gzip: 125.62 kB[22m
[2m../dist/public/[22m[36massets/rich-editor-DQKc7IGv.js                  [39m[1m[2m414.84 kB[22m[1m[22m[2m Ôöé gzip: 130.90 kB[22m
[2m../dist/public/[22m[36massets/Settings-DYDj-oId.js                     [39m[1m[2m422.12 kB[22m[1m[22m[2m Ôöé gzip:  68.72 kB[22m
[2m../dist/public/[22m[36massets/xlsx-BojT3SgY.js                         [39m[1m[2m424.38 kB[22m[1m[22m[2m Ôöé gzip: 141.60 kB[22m
[2m../dist/public/[22m[36massets/OrgSettings-BbrIk19T.js                  [39m[1m[2m506.49 kB[22m[1m[22m[2m Ôöé gzip:  82.86 kB[22m
[2m../dist/public/[22m[36massets/index-Hli8yjf2.js                        [39m[1m[2m945.46 kB[22m[1m[22m[2m Ôöé gzip: 230.72 kB[22m
[32mÔ£ô built in 16.19s[39m

  dist\index.js  3.6mb

Done in 69ms
